OpenROAD 41a51eaf4ca2171c92ff38afb91eb37bbd3f36da 
This program is licensed under the BSD-3 license. See the LICENSE file for details.
Components of this program may be licensed under more restrictive licenses which must be honored.
[INFO]: Reading ODB at '/home/ugunt/projects/ai-accelerator-verification/rung4-gear-quantizer/openlane/runs/RUN_2026.07.04_18.24.21/tmp/routing/22-fill.odb'…
define_corners Typical
read_liberty -corner Typical /home/ugunt/.ciel/sky130A/libs.ref/sky130_fd_sc_hd/lib/sky130_fd_sc_hd__tt_025C_1v80.lib
Using 1e-12 for capacitance...
Using 1e+03 for resistance...
Using 1e-09 for time...
Using 1e+00 for voltage...
Using 1e-03 for current...
Using 1e-09 for power...
Using 1e-06 for distance...
Reading design constraints file at '/home/ugunt/projects/ai-accelerator-verification/rung4-gear-quantizer/openlane/runs/RUN_2026.07.04_18.24.21/tmp/17-gear_quantizer.sdc'…
[INFO ORD-0030] Using 2 thread(s).
[INFO DRT-0149] Reading tech and libs.

Units:                1000
Number of layers:     13
Number of macros:     441
Number of vias:       25
Number of viarulegen: 25

[INFO DRT-0150] Reading design.

Design:                   gear_quantizer
Die area:                 ( 0 0 ) ( 91215 101935 )
Number of track patterns: 12
Number of DEF vias:       0
Number of components:     890
Number of terminals:      40
Number of snets:          2
Number of nets:           331

[INFO DRT-0167] List of default vias:
  Layer mcon
    default via: L1M1_PR
  Layer via
    default via: M1M2_PR
  Layer via2
    default via: M2M3_PR
  Layer via3
    default via: M3M4_PR
  Layer via4
    default via: M4M5_PR
[INFO DRT-0162] Library cell analysis.
[INFO DRT-0163] Instance analysis.
[INFO DRT-0164] Number of unique instances = 153.
[INFO DRT-0168] Init region query.
[INFO DRT-0024]   Complete FR_MASTERSLICE.
[INFO DRT-0024]   Complete licon.
[INFO DRT-0024]   Complete li1.
[INFO DRT-0024]   Complete mcon.
[INFO DRT-0024]   Complete met1.
[INFO DRT-0024]   Complete via.
[INFO DRT-0024]   Complete met2.
[INFO DRT-0024]   Complete via2.
[INFO DRT-0024]   Complete met3.
[INFO DRT-0024]   Complete via3.
[INFO DRT-0024]   Complete met4.
[INFO DRT-0024]   Complete via4.
[INFO DRT-0024]   Complete met5.
[INFO DRT-0033] FR_MASTERSLICE shape region query size = 0.
[INFO DRT-0033] licon shape region query size = 0.
[INFO DRT-0033] li1 shape region query size = 10704.
[INFO DRT-0033] mcon shape region query size = 3360.
[INFO DRT-0033] met1 shape region query size = 2240.
[INFO DRT-0033] via shape region query size = 600.
[INFO DRT-0033] met2 shape region query size = 380.
[INFO DRT-0033] via2 shape region query size = 480.
[INFO DRT-0033] met3 shape region query size = 378.
[INFO DRT-0033] via3 shape region query size = 480.
[INFO DRT-0033] met4 shape region query size = 168.
[INFO DRT-0033] via4 shape region query size = 32.
[INFO DRT-0033] met5 shape region query size = 48.
[INFO DRT-0165] Start pin access.
[INFO DRT-0076]   Complete 100 pins.
[INFO DRT-0076]   Complete 200 pins.
[INFO DRT-0076]   Complete 300 pins.
[INFO DRT-0076]   Complete 400 pins.
[INFO DRT-0078]   Complete 498 pins.
[INFO DRT-0079]   Complete 100 unique inst patterns.
[INFO DRT-0081]   Complete 135 unique inst patterns.
[INFO DRT-0084]   Complete 191 groups.
#scanned instances     = 890
#unique  instances     = 153
#stdCellGenAp          = 3849
#stdCellValidPlanarAp  = 23
#stdCellValidViaAp     = 3045
#stdCellPinNoAp        = 0
#stdCellPinCnt         = 1073
#instTermValidViaApCnt = 0
#macroGenAp            = 0
#macroValidPlanarAp    = 0
#macroValidViaAp       = 0
#macroNoAp             = 0
[INFO DRT-0166] Complete pin access.
[INFO DRT-0267] cpu time = 00:00:13, elapsed time = 00:00:06, memory = 115.26 (MB), peak = 115.14 (MB)

Number of guides:     2181

[INFO DRT-0169] Post process guides.
[INFO DRT-0176] GCELLGRID X 0 DO 13 STEP 6900 ;
[INFO DRT-0177] GCELLGRID Y 0 DO 14 STEP 6900 ;
[INFO DRT-0028]   Complete FR_MASTERSLICE.
[INFO DRT-0028]   Complete licon.
[INFO DRT-0028]   Complete li1.
[INFO DRT-0028]   Complete mcon.
[INFO DRT-0028]   Complete met1.
[INFO DRT-0028]   Complete via.
[INFO DRT-0028]   Complete met2.
[INFO DRT-0028]   Complete via2.
[INFO DRT-0028]   Complete met3.
[INFO DRT-0028]   Complete via3.
[INFO DRT-0028]   Complete met4.
[INFO DRT-0028]   Complete via4.
[INFO DRT-0028]   Complete met5.
[INFO DRT-0178] Init guide query.
[INFO DRT-0035]   Complete FR_MASTERSLICE (guide).
[INFO DRT-0035]   Complete licon (guide).
[INFO DRT-0035]   Complete li1 (guide).
[INFO DRT-0035]   Complete mcon (guide).
[INFO DRT-0035]   Complete met1 (guide).
[INFO DRT-0035]   Complete via (guide).
[INFO DRT-0035]   Complete met2 (guide).
[INFO DRT-0035]   Complete via2 (guide).
[INFO DRT-0035]   Complete met3 (guide).
[INFO DRT-0035]   Complete via3 (guide).
[INFO DRT-0035]   Complete met4 (guide).
[INFO DRT-0035]   Complete via4 (guide).
[INFO DRT-0035]   Complete met5 (guide).
[INFO DRT-0036] FR_MASTERSLICE guide region query size = 0.
[INFO DRT-0036] licon guide region query size = 0.
[INFO DRT-0036] li1 guide region query size = 785.
[INFO DRT-0036] mcon guide region query size = 0.
[INFO DRT-0036] met1 guide region query size = 583.
[INFO DRT-0036] via guide region query size = 0.
[INFO DRT-0036] met2 guide region query size = 307.
[INFO DRT-0036] via2 guide region query size = 0.
[INFO DRT-0036] met3 guide region query size = 22.
[INFO DRT-0036] via3 guide region query size = 0.
[INFO DRT-0036] met4 guide region query size = 1.
[INFO DRT-0036] via4 guide region query size = 0.
[INFO DRT-0036] met5 guide region query size = 0.
[INFO DRT-0179] Init gr pin query.
[INFO DRT-0245] skipped writing guide updates to database.
[INFO DRT-0185] Post process initialize RPin region query.
[INFO DRT-0181] Start track assignment.
[INFO DRT-0184] Done with 1093 vertical wires in 1 frboxes and 605 horizontal wires in 1 frboxes.
[INFO DRT-0186] Done with 127 vertical wires in 1 frboxes and 178 horizontal wires in 1 frboxes.
[INFO DRT-0182] Complete track assignment.
[INFO DRT-0267] cpu time = 00:00:00, elapsed time = 00:00:00, memory = 119.09 (MB), peak = 120.01 (MB)
[INFO DRT-0187] Start routing data preparation.
[INFO DRT-0267] cpu time = 00:00:00, elapsed time = 00:00:00, memory = 119.09 (MB), peak = 120.01 (MB)
[INFO DRT-0194] Start detail routing.
[INFO DRT-0195] Start 0th optimization iteration.
    Completing 10% with 0 violations.
    elapsed time = 00:00:01, memory = 134.38 (MB).
    Completing 20% with 63 violations.
    elapsed time = 00:00:03, memory = 142.95 (MB).
    Completing 30% with 126 violations.
    elapsed time = 00:00:04, memory = 144.45 (MB).
    Completing 40% with 155 violations.
    elapsed time = 00:00:04, memory = 145.95 (MB).
[INFO DRT-0199]   Number of violations = 220.
Viol/Layer        met1   met2   met3
Metal Spacing       25      7      6
Recheck             26     17      0
Short              119     20      0
[INFO DRT-0267] cpu time = 00:00:05, elapsed time = 00:00:05, memory = 481.45 (MB), peak = 481.45 (MB)
Total wire length = 6741 um.
Total wire length on LAYER li1 = 0 um.
Total wire length on LAYER met1 = 3408 um.
Total wire length on LAYER met2 = 3235 um.
Total wire length on LAYER met3 = 97 um.
Total wire length on LAYER met4 = 0 um.
Total wire length on LAYER met5 = 0 um.
Total number of vias = 2110.
Up-via summary (total 2110):.

-----------------------
 FR_MASTERSLICE       0
            li1    1059
           met1    1022
           met2      29
           met3       0
           met4       0
-----------------------
                   2110


[INFO DRT-0195] Start 1st optimization iteration.
    Completing 10% with 220 violations.
    elapsed time = 00:00:00, memory = 483.57 (MB).
    Completing 20% with 220 violations.
    elapsed time = 00:00:00, memory = 484.20 (MB).
    Completing 30% with 220 violations.
    elapsed time = 00:00:00, memory = 484.32 (MB).
    Completing 40% with 220 violations.
    elapsed time = 00:00:00, memory = 484.32 (MB).
    Completing 50% with 212 violations.
    elapsed time = 00:00:00, memory = 484.32 (MB).
    Completing 60% with 212 violations.
    elapsed time = 00:00:02, memory = 484.32 (MB).
    Completing 70% with 176 violations.
    elapsed time = 00:00:02, memory = 487.20 (MB).
    Completing 80% with 176 violations.
    elapsed time = 00:00:03, memory = 487.20 (MB).
    Completing 90% with 161 violations.
    elapsed time = 00:00:06, memory = 487.20 (MB).
    Completing 100% with 135 violations.
    elapsed time = 00:00:06, memory = 487.20 (MB).
[INFO DRT-0199]   Number of violations = 135.
Viol/Layer        met1   met2
Metal Spacing       19      4
Short              105      7
[INFO DRT-0267] cpu time = 00:00:07, elapsed time = 00:00:06, memory = 490.20 (MB), peak = 490.20 (MB)
Total wire length = 6728 um.
Total wire length on LAYER li1 = 0 um.
Total wire length on LAYER met1 = 3409 um.
Total wire length on LAYER met2 = 3231 um.
Total wire length on LAYER met3 = 87 um.
Total wire length on LAYER met4 = 0 um.
Total wire length on LAYER met5 = 0 um.
Total number of vias = 2121.
Up-via summary (total 2121):.

-----------------------
 FR_MASTERSLICE       0
            li1    1058
           met1    1039
           met2      24
           met3       0
           met4       0
-----------------------
                   2121


[INFO DRT-0195] Start 2nd optimization iteration.
    Completing 10% with 135 violations.
    elapsed time = 00:00:00, memory = 490.20 (MB).
    Completing 20% with 135 violations.
    elapsed time = 00:00:00, memory = 490.20 (MB).
    Completing 30% with 135 violations.
    elapsed time = 00:00:00, memory = 490.20 (MB).
    Completing 40% with 135 violations.
    elapsed time = 00:00:00, memory = 490.20 (MB).
    Completing 50% with 134 violations.
    elapsed time = 00:00:00, memory = 490.20 (MB).
    Completing 60% with 134 violations.
    elapsed time = 00:00:00, memory = 490.20 (MB).
    Completing 70% with 134 violations.
    elapsed time = 00:00:00, memory = 490.20 (MB).
    Completing 80% with 134 violations.
    elapsed time = 00:00:01, memory = 490.20 (MB).
    Completing 90% with 140 violations.
    elapsed time = 00:00:06, memory = 490.20 (MB).
    Completing 100% with 146 violations.
    elapsed time = 00:00:06, memory = 490.20 (MB).
[INFO DRT-0199]   Number of violations = 146.
Viol/Layer        met1   met2
Metal Spacing       26      1
Short              116      3
[INFO DRT-0267] cpu time = 00:00:06, elapsed time = 00:00:06, memory = 490.20 (MB), peak = 490.20 (MB)
Total wire length = 6666 um.
Total wire length on LAYER li1 = 0 um.
Total wire length on LAYER met1 = 3386 um.
Total wire length on LAYER met2 = 3210 um.
Total wire length on LAYER met3 = 69 um.
Total wire length on LAYER met4 = 0 um.
Total wire length on LAYER met5 = 0 um.
Total number of vias = 2086.
Up-via summary (total 2086):.

-----------------------
 FR_MASTERSLICE       0
            li1    1058
           met1    1008
           met2      20
           met3       0
           met4       0
-----------------------
                   2086


[INFO DRT-0195] Start 3rd optimization iteration.
    Completing 10% with 146 violations.
    elapsed time = 00:00:01, memory = 490.20 (MB).
    Completing 20% with 109 violations.
    elapsed time = 00:00:02, memory = 490.20 (MB).
    Completing 30% with 57 violations.
    elapsed time = 00:00:03, memory = 490.20 (MB).
    Completing 40% with 26 violations.
    elapsed time = 00:00:04, memory = 490.20 (MB).
[INFO DRT-0199]   Number of violations = 8.
Viol/Layer        met1
Metal Spacing        8
[INFO DRT-0267] cpu time = 00:00:04, elapsed time = 00:00:04, memory = 490.20 (MB), peak = 490.20 (MB)
Total wire length = 6682 um.
Total wire length on LAYER li1 = 0 um.
Total wire length on LAYER met1 = 3223 um.
Total wire length on LAYER met2 = 3281 um.
Total wire length on LAYER met3 = 177 um.
Total wire length on LAYER met4 = 0 um.
Total wire length on LAYER met5 = 0 um.
Total number of vias = 2152.
Up-via summary (total 2152):.

-----------------------
 FR_MASTERSLICE       0
            li1    1058
           met1    1054
           met2      40
           met3       0
           met4       0
-----------------------
                   2152


[INFO DRT-0195] Start 4th optimization iteration.
    Completing 10% with 8 violations.
    elapsed time = 00:00:00, memory = 490.20 (MB).
    Completing 20% with 8 violations.
    elapsed time = 00:00:00, memory = 490.20 (MB).
    Completing 30% with 8 violations.
    elapsed time = 00:00:00, memory = 490.20 (MB).
    Completing 40% with 8 violations.
    elapsed time = 00:00:00, memory = 490.20 (MB).
    Completing 50% with 8 violations.
    elapsed time = 00:00:00, memory = 490.20 (MB).
    Completing 60% with 8 violations.
    elapsed time = 00:00:00, memory = 490.20 (MB).
[INFO DRT-0199]   Number of violations = 0.
[INFO DRT-0267] cpu time = 00:00:00, elapsed time = 00:00:00, memory = 490.20 (MB), peak = 490.20 (MB)
Total wire length = 6688 um.
Total wire length on LAYER li1 = 0 um.
Total wire length on LAYER met1 = 3229 um.
Total wire length on LAYER met2 = 3281 um.
Total wire length on LAYER met3 = 177 um.
Total wire length on LAYER met4 = 0 um.
Total wire length on LAYER met5 = 0 um.
Total number of vias = 2151.
Up-via summary (total 2151):.

-----------------------
 FR_MASTERSLICE       0
            li1    1058
           met1    1053
           met2      40
           met3       0
           met4       0
-----------------------
                   2151


[INFO DRT-0198] Complete detail routing.
Total wire length = 6688 um.
Total wire length on LAYER li1 = 0 um.
Total wire length on LAYER met1 = 3229 um.
Total wire length on LAYER met2 = 3281 um.
Total wire length on LAYER met3 = 177 um.
Total wire length on LAYER met4 = 0 um.
Total wire length on LAYER met5 = 0 um.
Total number of vias = 2151.
Up-via summary (total 2151):.

-----------------------
 FR_MASTERSLICE       0
            li1    1058
           met1    1053
           met2      40
           met3       0
           met4       0
-----------------------
                   2151


[INFO DRT-0267] cpu time = 00:00:23, elapsed time = 00:00:23, memory = 490.20 (MB), peak = 490.20 (MB)

[INFO DRT-0180] Post processing.
Setting global connections for newly added cells…
Writing OpenROAD database to '/home/ugunt/projects/ai-accelerator-verification/rung4-gear-quantizer/openlane/runs/RUN_2026.07.04_18.24.21/results/routing/gear_quantizer.odb'…
Writing netlist to '/home/ugunt/projects/ai-accelerator-verification/rung4-gear-quantizer/openlane/runs/RUN_2026.07.04_18.24.21/results/routing/gear_quantizer.nl.v'…
Writing powered netlist to '/home/ugunt/projects/ai-accelerator-verification/rung4-gear-quantizer/openlane/runs/RUN_2026.07.04_18.24.21/results/routing/gear_quantizer.pnl.v'…
Writing layout to '/home/ugunt/projects/ai-accelerator-verification/rung4-gear-quantizer/openlane/runs/RUN_2026.07.04_18.24.21/results/routing/gear_quantizer.def'…
