Partial/Required:  2.72, Required:    400.0, Partial:  1088.11, Net: _15713_, Pin: _56828_/A1, Layer: met1
Partial/Required:  2.59, Required:    400.0, Partial:  1035.44, Net: _14963_, Pin: _55792_/A0, Layer: met1
Partial/Required:  2.17, Required:    400.0, Partial:   867.67, Net: _14959_, Pin: _55827_/A0, Layer: met1
Partial/Required:  2.04, Required:    400.0, Partial:   816.63, Net: _36763_, Pin: _81022_/A0, Layer: met3
Partial/Required:  2.02, Required:    400.0, Partial:   806.89, Net: _10016_, Pin: _52081_/A1, Layer: met1
Partial/Required:  1.92, Required:    400.0, Partial:   768.78, Net: _14677_, Pin: _56846_/B, Layer: met1
Partial/Required:  1.90, Required:    400.0, Partial:   759.96, Net: net647, Pin: wire646/A, Layer: met1
Partial/Required:  1.78, Required:    400.0, Partial:   713.11, Net: _10039_, Pin: _51291_/A1, Layer: met1
Partial/Required:  1.78, Required:    400.0, Partial:   710.56, Net: _14953_, Pin: _55328_/A1, Layer: met1
Partial/Required:  1.73, Required:    400.0, Partial:   693.78, Net: _14947_, Pin: _55815_/A0, Layer: met1
Partial/Required:  1.73, Required:    400.0, Partial:   691.22, Net: _39143_, Pin: _86230_/B, Layer: met1
Partial/Required:  1.72, Required:    400.0, Partial:   687.23, Net: _31020_, Pin: _75202_/A, Layer: met1
Partial/Required:  1.70, Required:    400.0, Partial:   679.89, Net: _14939_, Pin: _55767_/B, Layer: met1
Partial/Required:  1.67, Required:    400.0, Partial:   668.33, Net: _15729_, Pin: _56767_/A1, Layer: met1
Partial/Required:  1.57, Required:    400.0, Partial:   628.11, Net: _11772_, Pin: _51770_/A1, Layer: met1
Partial/Required:  1.52, Required:    400.0, Partial:   609.56, Net: _14949_, Pin: _55700_/A0, Layer: met1
Partial/Required:  1.43, Required:    400.0, Partial:   570.56, Net: _39104_, Pin: _86097_/C, Layer: met1
Partial/Required:  1.38, Required:    400.0, Partial:   553.04, Net: net644, Pin: _73482_/A, Layer: met1
Partial/Required:  1.36, Required:    400.0, Partial:   543.67, Net: _18419_, Pin: _61799_/A1, Layer: met1
Partial/Required:  1.36, Required:    400.0, Partial:   543.11, Net: _15479_, Pin: _56373_/A1, Layer: met1
Partial/Required:  1.34, Required:    400.0, Partial:   536.67, Net: _11835_, Pin: _51322_/A1, Layer: met1
Partial/Required:  1.22, Required:    400.0, Partial:   487.89, Net: _14943_, Pin: _55811_/A0, Layer: met1
Partial/Required:  1.19, Required:    400.0, Partial:   477.56, Net: _14937_, Pin: _55809_/A0, Layer: met1
Partial/Required:  1.15, Required:    400.0, Partial:   459.22, Net: _39784_, Pin: _84031_/B, Layer: met1
Partial/Required:  1.14, Required:    400.0, Partial:   455.78, Net: _18725_, Pin: _62294_/A1, Layer: met1
Partial/Required:  1.12, Required:    400.0, Partial:    447.0, Net: _11856_, Pin: _52438_/A1, Layer: met1
Partial/Required:  1.10, Required:    400.0, Partial:    441.0, Net: _09056_, Pin: _45923_/A1, Layer: met1
Partial/Required:  1.09, Required:    400.0, Partial:   437.67, Net: _17900_, Pin: _60852_/A1, Layer: met1
Partial/Required:  1.07, Required:    400.0, Partial:   427.78, Net: scaled_scores\[34\]\[13\], Pin: hold2681/A, Layer: met1
Partial/Required:  1.06, Required:    400.0, Partial:   423.56, Net: _14955_, Pin: _55823_/A0, Layer: met1
Partial/Required:  1.06, Required:    400.0, Partial:   422.11, Net: _15719_, Pin: _56950_/A1, Layer: met1
Partial/Required:  1.05, Required:    400.0, Partial:   418.56, Net: _18717_, Pin: _62391_/A1, Layer: met1
Partial/Required:  1.04, Required:    400.0, Partial:   417.22, Net: _11798_, Pin: _52072_/A1, Layer: met1
Partial/Required:  1.04, Required:    400.0, Partial:   415.11, Net: _13542_, Pin: _54873_/A0, Layer: met1
Partial/Required:  1.03, Required:    400.0, Partial:    412.7, Net: _31071_, Pin: _75305_/A2, Layer: met1
Partial/Required:  1.02, Required:    400.0, Partial:   409.42, Net: net574, Pin: wire573/A, Layer: met1
Partial/Required:  1.02, Required:    400.0, Partial:   407.22, Net: v\[33\]\[6\], Pin: _51706_/A0, Layer: met1
Partial/Required:  1.01, Required:    400.0, Partial:   402.24, Net: _17855_, Pin: _73997_/B1, Layer: met1
