OpenROAD 41a51eaf4ca2171c92ff38afb91eb37bbd3f36da 
This program is licensed under the BSD-3 license. See the LICENSE file for details.
Components of this program may be licensed under more restrictive licenses which must be honored.
[INFO]: Reading ODB at '/home/ugunt/projects/ai-accelerator-verification/rung4-gear-quantizer/openlane/runs/RUN_2026.07.01_17.32.37/results/cts/gear_quantizer.odb'…
define_corners Slowest Typical Fastest
read_liberty -corner Slowest /home/ugunt/.ciel/sky130A/libs.ref/sky130_fd_sc_hd/lib/sky130_fd_sc_hd__ss_100C_1v60.lib
read_liberty -corner Typical /home/ugunt/.ciel/sky130A/libs.ref/sky130_fd_sc_hd/lib/sky130_fd_sc_hd__tt_025C_1v80.lib
read_liberty -corner Fastest /home/ugunt/.ciel/sky130A/libs.ref/sky130_fd_sc_hd/lib/sky130_fd_sc_hd__ff_n40C_1v95.lib
Using 1e-12 for capacitance...
Using 1e+03 for resistance...
Using 1e-09 for time...
Using 1e+00 for voltage...
Using 1e-03 for current...
Using 1e-09 for power...
Using 1e-06 for distance...
Reading design constraints file at '/home/ugunt/projects/ai-accelerator-verification/rung4-gear-quantizer/openlane/runs/RUN_2026.07.01_17.32.37/results/cts/gear_quantizer.sdc'…
[INFO]: Setting RC values...
[INFO RSZ-0046] Found 13 endpoints with hold violations.
[INFO RSZ-0032] Inserted 13 hold buffers.
Placement Analysis
---------------------------------
total displacement         80.9 u
average displacement        0.2 u
max displacement            7.3 u
original HPWL            5180.7 u
legalized HPWL           5429.3 u
delta HPWL                    5 %

[INFO DPL-0020] Mirrored 122 instances
[INFO DPL-0021] HPWL before            5429.3 u
[INFO DPL-0022] HPWL after             5199.0 u
[INFO DPL-0023] HPWL delta               -4.2 %
Setting global connections for newly added cells…
Writing OpenROAD database to '/home/ugunt/projects/ai-accelerator-verification/rung4-gear-quantizer/openlane/runs/RUN_2026.07.01_17.32.37/tmp/cts/14-gear_quantizer.resized.odb'…
Writing netlist to '/home/ugunt/projects/ai-accelerator-verification/rung4-gear-quantizer/openlane/runs/RUN_2026.07.01_17.32.37/tmp/cts/14-gear_quantizer.resized.nl.v'…
Writing powered netlist to '/home/ugunt/projects/ai-accelerator-verification/rung4-gear-quantizer/openlane/runs/RUN_2026.07.01_17.32.37/tmp/cts/14-gear_quantizer.resized.pnl.v'…
Writing layout to '/home/ugunt/projects/ai-accelerator-verification/rung4-gear-quantizer/openlane/runs/RUN_2026.07.01_17.32.37/tmp/cts/14-gear_quantizer.resized.def'…
Writing timing constraints to '/home/ugunt/projects/ai-accelerator-verification/rung4-gear-quantizer/openlane/runs/RUN_2026.07.01_17.32.37/tmp/cts/14-gear_quantizer.resized.sdc'…
area_report

===========================================================================
report_design_area
============================================================================
Design area 2392 u^2 41% utilization.
area_report_end
