
===========================================================================
 report_power
============================================================================
======================= Fastest Corner ===================================

Group                  Internal  Switching    Leakage      Total
                          Power      Power      Power      Power (Watts)
----------------------------------------------------------------
Sequential             2.90e-05   1.83e-06   6.61e-08   3.08e-05  22.8%
Combinational          5.52e-05   4.94e-05   2.76e-09   1.05e-04  77.2%
Macro                  0.00e+00   0.00e+00   0.00e+00   0.00e+00   0.0%
Pad                    0.00e+00   0.00e+00   0.00e+00   0.00e+00   0.0%
----------------------------------------------------------------
Total                  8.42e-05   5.13e-05   6.89e-08   1.36e-04 100.0%
                          62.1%      37.8%       0.1%

======================= Slowest Corner ===================================

Group                  Internal  Switching    Leakage      Total
                          Power      Power      Power      Power (Watts)
----------------------------------------------------------------
Sequential             1.93e-05   1.19e-06   2.64e-07   2.08e-05  21.9%
Combinational          4.02e-05   3.26e-05   1.27e-06   7.40e-05  78.1%
Macro                  0.00e+00   0.00e+00   0.00e+00   0.00e+00   0.0%
Pad                    0.00e+00   0.00e+00   0.00e+00   0.00e+00   0.0%
----------------------------------------------------------------
Total                  5.95e-05   3.37e-05   1.53e-06   9.48e-05 100.0%
                          62.8%      35.6%       1.6%

======================= Typical Corner ===================================

Group                  Internal  Switching    Leakage      Total
                          Power      Power      Power      Power (Watts)
----------------------------------------------------------------
Sequential             2.49e-05   1.52e-06   6.61e-08   2.65e-05  22.6%
Combinational          4.94e-05   4.17e-05   1.62e-09   9.10e-05  77.4%
Macro                  0.00e+00   0.00e+00   0.00e+00   0.00e+00   0.0%
Pad                    0.00e+00   0.00e+00   0.00e+00   0.00e+00   0.0%
----------------------------------------------------------------
Total                  7.43e-05   4.32e-05   6.77e-08   1.18e-04 100.0%
                          63.2%      36.7%       0.1%

