
Magic 8.3 revision 413 - Compiled on Wed Jul 12 10:04:40 UTC 2023.
Starting magic under Tcl interpreter
Using the terminal as the console.
Using NULL graphics device.
Processing system .magicrc file
Sourcing design .magicrc for technology sky130A ...
2 Magic internal units = 1 Lambda
Input style sky130(): scaleFactor=2, multiplier=2
The following types are not handled by extraction and will be treated as non-electrical types:
    ubm 
Scaled tech values by 2 / 1 to match internal grid scaling
Loading sky130A Device Generator Menu ...
Using technology "sky130A", version 1.0.493-0-g0fe599b
Reading LEF data from file /home/ugunt/.ciel/sky130A/libs.ref/sky130_fd_sc_hd/techlef/sky130_fd_sc_hd__nom.tlef.
This action cannot be undone.
LEF read, Line 82 (Message): Unknown keyword "ANTENNAMODEL" in LEF file; ignoring.
LEF read, Line 83 (Message): Unknown keyword "ANTENNADIFFSIDEAREARATIO" in LEF file; ignoring.
LEF read, Line 116 (Message): Unknown keyword "MINENCLOSEDAREA" in LEF file; ignoring.
LEF read, Line 118 (Message): Unknown keyword "ANTENNAMODEL" in LEF file; ignoring.
LEF read, Line 119 (Message): Unknown keyword "ANTENNADIFFSIDEAREARATIO" in LEF file; ignoring.
LEF read, Line 125 (Message): Unknown keyword "MAXIMUMDENSITY" in LEF file; ignoring.
LEF read, Line 126 (Message): Unknown keyword "DENSITYCHECKWINDOW" in LEF file; ignoring.
LEF read, Line 127 (Message): Unknown keyword "DENSITYCHECKSTEP" in LEF file; ignoring.
LEF read, Line 160 (Message): Unknown keyword "MINENCLOSEDAREA" in LEF file; ignoring.
LEF read, Line 168 (Message): Unknown keyword "ANTENNAMODEL" in LEF file; ignoring.
LEF read, Line 169 (Message): Unknown keyword "ANTENNADIFFSIDEAREARATIO" in LEF file; ignoring.
LEF read, Line 171 (Message): Unknown keyword "MAXIMUMDENSITY" in LEF file; ignoring.
LEF read, Line 172 (Message): Unknown keyword "DENSITYCHECKWINDOW" in LEF file; ignoring.
LEF read, Line 173 (Message): Unknown keyword "DENSITYCHECKSTEP" in LEF file; ignoring.
LEF read, Line 210 (Message): Unknown keyword "ANTENNAMODEL" in LEF file; ignoring.
LEF read, Line 211 (Message): Unknown keyword "ANTENNADIFFSIDEAREARATIO" in LEF file; ignoring.
LEF read, Line 213 (Message): Unknown keyword "MAXIMUMDENSITY" in LEF file; ignoring.
LEF read, Line 214 (Message): Unknown keyword "DENSITYCHECKWINDOW" in LEF file; ignoring.
LEF read, Line 215 (Message): Unknown keyword "DENSITYCHECKSTEP" in LEF file; ignoring.
LEF read, Line 252 (Message): Unknown keyword "ANTENNAMODEL" in LEF file; ignoring.
LEF read, Line 253 (Message): Unknown keyword "ANTENNADIFFSIDEAREARATIO" in LEF file; ignoring.
LEF read, Line 255 (Message): Unknown keyword "MAXIMUMDENSITY" in LEF file; ignoring.
LEF read, Line 256 (Message): Unknown keyword "DENSITYCHECKWINDOW" in LEF file; ignoring.
LEF read, Line 257 (Message): Unknown keyword "DENSITYCHECKSTEP" in LEF file; ignoring.
LEF read, Line 294 (Message): Unknown keyword "ANTENNAMODEL" in LEF file; ignoring.
LEF read, Line 295 (Message): Unknown keyword "ANTENNADIFFSIDEAREARATIO" in LEF file; ignoring.
LEF read: Processed 801 lines.
Reading DEF data from file /home/ugunt/projects/ai-accelerator-verification/rung4-gear-quantizer/openlane/runs/RUN_2026.07.01_17.22.17/results/routing/gear_quantizer.def.
This action cannot be undone.
  Processed 4 vias total.
Warning: cell <sky130_fd_sc_hd__decap_3> from file /home/ugunt/.ciel/sky130A/libs.ref/sky130_fd_sc_hd/mag/sky130_fd_sc_hd__decap_3.mag is not writeable
Cell sky130_fd_sc_hd__decap_3 read from path /home/ugunt/.ciel/sky130A/libs.ref/sky130_fd_sc_hd/mag
Warning: cell <sky130_fd_sc_hd__decap_6> from file /home/ugunt/.ciel/sky130A/libs.ref/sky130_fd_sc_hd/mag/sky130_fd_sc_hd__decap_6.mag is not writeable
Cell sky130_fd_sc_hd__decap_6 read from path /home/ugunt/.ciel/sky130A/libs.ref/sky130_fd_sc_hd/mag
Warning: cell <sky130_fd_sc_hd__fill_1> from file /home/ugunt/.ciel/sky130A/libs.ref/sky130_fd_sc_hd/mag/sky130_fd_sc_hd__fill_1.mag is not writeable
Cell sky130_fd_sc_hd__fill_1 read from path /home/ugunt/.ciel/sky130A/libs.ref/sky130_fd_sc_hd/mag
Warning: cell <sky130_ef_sc_hd__decap_12> from file /home/ugunt/.ciel/sky130A/libs.ref/sky130_fd_sc_hd/mag/sky130_ef_sc_hd__decap_12.mag is not writeable
Cell sky130_ef_sc_hd__decap_12 read from path /home/ugunt/.ciel/sky130A/libs.ref/sky130_fd_sc_hd/mag
Warning: cell <sky130_fd_sc_hd__fill_2> from file /home/ugunt/.ciel/sky130A/libs.ref/sky130_fd_sc_hd/mag/sky130_fd_sc_hd__fill_2.mag is not writeable
Cell sky130_fd_sc_hd__fill_2 read from path /home/ugunt/.ciel/sky130A/libs.ref/sky130_fd_sc_hd/mag
Warning: cell <sky130_fd_sc_hd__decap_8> from file /home/ugunt/.ciel/sky130A/libs.ref/sky130_fd_sc_hd/mag/sky130_fd_sc_hd__decap_8.mag is not writeable
Cell sky130_fd_sc_hd__decap_8 read from path /home/ugunt/.ciel/sky130A/libs.ref/sky130_fd_sc_hd/mag
Warning: cell <sky130_fd_sc_hd__decap_4> from file /home/ugunt/.ciel/sky130A/libs.ref/sky130_fd_sc_hd/mag/sky130_fd_sc_hd__decap_4.mag is not writeable
Cell sky130_fd_sc_hd__decap_4 read from path /home/ugunt/.ciel/sky130A/libs.ref/sky130_fd_sc_hd/mag
Warning: cell <sky130_fd_sc_hd__tapvpwrvgnd_1> from file /home/ugunt/.ciel/sky130A/libs.ref/sky130_fd_sc_hd/mag/sky130_fd_sc_hd__tapvpwrvgnd_1.mag is not writeable
Cell sky130_fd_sc_hd__tapvpwrvgnd_1 read from path /home/ugunt/.ciel/sky130A/libs.ref/sky130_fd_sc_hd/mag
Warning: cell <sky130_fd_sc_hd__clkbuf_4> from file /home/ugunt/.ciel/sky130A/libs.ref/sky130_fd_sc_hd/mag/sky130_fd_sc_hd__clkbuf_4.mag is not writeable
Cell sky130_fd_sc_hd__clkbuf_4 read from path /home/ugunt/.ciel/sky130A/libs.ref/sky130_fd_sc_hd/mag
Warning: cell <sky130_fd_sc_hd__inv_2> from file /home/ugunt/.ciel/sky130A/libs.ref/sky130_fd_sc_hd/mag/sky130_fd_sc_hd__inv_2.mag is not writeable
Cell sky130_fd_sc_hd__inv_2 read from path /home/ugunt/.ciel/sky130A/libs.ref/sky130_fd_sc_hd/mag
Warning: cell <sky130_fd_sc_hd__buf_2> from file /home/ugunt/.ciel/sky130A/libs.ref/sky130_fd_sc_hd/mag/sky130_fd_sc_hd__buf_2.mag is not writeable
Cell sky130_fd_sc_hd__buf_2 read from path /home/ugunt/.ciel/sky130A/libs.ref/sky130_fd_sc_hd/mag
Warning: cell <sky130_fd_sc_hd__or4_1> from file /home/ugunt/.ciel/sky130A/libs.ref/sky130_fd_sc_hd/mag/sky130_fd_sc_hd__or4_1.mag is not writeable
Cell sky130_fd_sc_hd__or4_1 read from path /home/ugunt/.ciel/sky130A/libs.ref/sky130_fd_sc_hd/mag
Warning: cell <sky130_fd_sc_hd__or3_1> from file /home/ugunt/.ciel/sky130A/libs.ref/sky130_fd_sc_hd/mag/sky130_fd_sc_hd__or3_1.mag is not writeable
Cell sky130_fd_sc_hd__or3_1 read from path /home/ugunt/.ciel/sky130A/libs.ref/sky130_fd_sc_hd/mag
Warning: cell <sky130_fd_sc_hd__or3b_2> from file /home/ugunt/.ciel/sky130A/libs.ref/sky130_fd_sc_hd/mag/sky130_fd_sc_hd__or3b_2.mag is not writeable
Cell sky130_fd_sc_hd__or3b_2 read from path /home/ugunt/.ciel/sky130A/libs.ref/sky130_fd_sc_hd/mag
Warning: cell <sky130_fd_sc_hd__nand2_1> from file /home/ugunt/.ciel/sky130A/libs.ref/sky130_fd_sc_hd/mag/sky130_fd_sc_hd__nand2_1.mag is not writeable
Cell sky130_fd_sc_hd__nand2_1 read from path /home/ugunt/.ciel/sky130A/libs.ref/sky130_fd_sc_hd/mag
Warning: cell <sky130_fd_sc_hd__xor2_1> from file /home/ugunt/.ciel/sky130A/libs.ref/sky130_fd_sc_hd/mag/sky130_fd_sc_hd__xor2_1.mag is not writeable
Cell sky130_fd_sc_hd__xor2_1 read from path /home/ugunt/.ciel/sky130A/libs.ref/sky130_fd_sc_hd/mag
Warning: cell <sky130_fd_sc_hd__and2_1> from file /home/ugunt/.ciel/sky130A/libs.ref/sky130_fd_sc_hd/mag/sky130_fd_sc_hd__and2_1.mag is not writeable
Cell sky130_fd_sc_hd__and2_1 read from path /home/ugunt/.ciel/sky130A/libs.ref/sky130_fd_sc_hd/mag
Warning: cell <sky130_fd_sc_hd__o21a_1> from file /home/ugunt/.ciel/sky130A/libs.ref/sky130_fd_sc_hd/mag/sky130_fd_sc_hd__o21a_1.mag is not writeable
Cell sky130_fd_sc_hd__o21a_1 read from path /home/ugunt/.ciel/sky130A/libs.ref/sky130_fd_sc_hd/mag
Warning: cell <sky130_fd_sc_hd__xnor2_1> from file /home/ugunt/.ciel/sky130A/libs.ref/sky130_fd_sc_hd/mag/sky130_fd_sc_hd__xnor2_1.mag is not writeable
Cell sky130_fd_sc_hd__xnor2_1 read from path /home/ugunt/.ciel/sky130A/libs.ref/sky130_fd_sc_hd/mag
Warning: cell <sky130_fd_sc_hd__or2_1> from file /home/ugunt/.ciel/sky130A/libs.ref/sky130_fd_sc_hd/mag/sky130_fd_sc_hd__or2_1.mag is not writeable
Cell sky130_fd_sc_hd__or2_1 read from path /home/ugunt/.ciel/sky130A/libs.ref/sky130_fd_sc_hd/mag
Warning: cell <sky130_fd_sc_hd__o31a_1> from file /home/ugunt/.ciel/sky130A/libs.ref/sky130_fd_sc_hd/mag/sky130_fd_sc_hd__o31a_1.mag is not writeable
Cell sky130_fd_sc_hd__o31a_1 read from path /home/ugunt/.ciel/sky130A/libs.ref/sky130_fd_sc_hd/mag
Warning: cell <sky130_fd_sc_hd__a21oi_1> from file /home/ugunt/.ciel/sky130A/libs.ref/sky130_fd_sc_hd/mag/sky130_fd_sc_hd__a21oi_1.mag is not writeable
Cell sky130_fd_sc_hd__a21oi_1 read from path /home/ugunt/.ciel/sky130A/libs.ref/sky130_fd_sc_hd/mag
Warning: cell <sky130_fd_sc_hd__o2bb2a_1> from file /home/ugunt/.ciel/sky130A/libs.ref/sky130_fd_sc_hd/mag/sky130_fd_sc_hd__o2bb2a_1.mag is not writeable
Cell sky130_fd_sc_hd__o2bb2a_1 read from path /home/ugunt/.ciel/sky130A/libs.ref/sky130_fd_sc_hd/mag
Warning: cell <sky130_fd_sc_hd__a21o_1> from file /home/ugunt/.ciel/sky130A/libs.ref/sky130_fd_sc_hd/mag/sky130_fd_sc_hd__a21o_1.mag is not writeable
Cell sky130_fd_sc_hd__a21o_1 read from path /home/ugunt/.ciel/sky130A/libs.ref/sky130_fd_sc_hd/mag
Warning: cell <sky130_fd_sc_hd__a22o_1> from file /home/ugunt/.ciel/sky130A/libs.ref/sky130_fd_sc_hd/mag/sky130_fd_sc_hd__a22o_1.mag is not writeable
Cell sky130_fd_sc_hd__a22o_1 read from path /home/ugunt/.ciel/sky130A/libs.ref/sky130_fd_sc_hd/mag
Warning: cell <sky130_fd_sc_hd__o221a_1> from file /home/ugunt/.ciel/sky130A/libs.ref/sky130_fd_sc_hd/mag/sky130_fd_sc_hd__o221a_1.mag is not writeable
Cell sky130_fd_sc_hd__o221a_1 read from path /home/ugunt/.ciel/sky130A/libs.ref/sky130_fd_sc_hd/mag
Warning: cell <sky130_fd_sc_hd__o22a_1> from file /home/ugunt/.ciel/sky130A/libs.ref/sky130_fd_sc_hd/mag/sky130_fd_sc_hd__o22a_1.mag is not writeable
Cell sky130_fd_sc_hd__o22a_1 read from path /home/ugunt/.ciel/sky130A/libs.ref/sky130_fd_sc_hd/mag
Warning: cell <sky130_fd_sc_hd__a21oi_4> from file /home/ugunt/.ciel/sky130A/libs.ref/sky130_fd_sc_hd/mag/sky130_fd_sc_hd__a21oi_4.mag is not writeable
Cell sky130_fd_sc_hd__a21oi_4 read from path /home/ugunt/.ciel/sky130A/libs.ref/sky130_fd_sc_hd/mag
Warning: cell <sky130_fd_sc_hd__nor2_1> from file /home/ugunt/.ciel/sky130A/libs.ref/sky130_fd_sc_hd/mag/sky130_fd_sc_hd__nor2_1.mag is not writeable
Cell sky130_fd_sc_hd__nor2_1 read from path /home/ugunt/.ciel/sky130A/libs.ref/sky130_fd_sc_hd/mag
Warning: cell <sky130_fd_sc_hd__o21ba_1> from file /home/ugunt/.ciel/sky130A/libs.ref/sky130_fd_sc_hd/mag/sky130_fd_sc_hd__o21ba_1.mag is not writeable
Cell sky130_fd_sc_hd__o21ba_1 read from path /home/ugunt/.ciel/sky130A/libs.ref/sky130_fd_sc_hd/mag
Warning: cell <sky130_fd_sc_hd__nand4_1> from file /home/ugunt/.ciel/sky130A/libs.ref/sky130_fd_sc_hd/mag/sky130_fd_sc_hd__nand4_1.mag is not writeable
Cell sky130_fd_sc_hd__nand4_1 read from path /home/ugunt/.ciel/sky130A/libs.ref/sky130_fd_sc_hd/mag
Warning: cell <sky130_fd_sc_hd__and4_1> from file /home/ugunt/.ciel/sky130A/libs.ref/sky130_fd_sc_hd/mag/sky130_fd_sc_hd__and4_1.mag is not writeable
Cell sky130_fd_sc_hd__and4_1 read from path /home/ugunt/.ciel/sky130A/libs.ref/sky130_fd_sc_hd/mag
Warning: cell <sky130_fd_sc_hd__and2b_1> from file /home/ugunt/.ciel/sky130A/libs.ref/sky130_fd_sc_hd/mag/sky130_fd_sc_hd__and2b_1.mag is not writeable
Cell sky130_fd_sc_hd__and2b_1 read from path /home/ugunt/.ciel/sky130A/libs.ref/sky130_fd_sc_hd/mag
Warning: cell <sky130_fd_sc_hd__and3_1> from file /home/ugunt/.ciel/sky130A/libs.ref/sky130_fd_sc_hd/mag/sky130_fd_sc_hd__and3_1.mag is not writeable
Cell sky130_fd_sc_hd__and3_1 read from path /home/ugunt/.ciel/sky130A/libs.ref/sky130_fd_sc_hd/mag
Warning: cell <sky130_fd_sc_hd__nand2_2> from file /home/ugunt/.ciel/sky130A/libs.ref/sky130_fd_sc_hd/mag/sky130_fd_sc_hd__nand2_2.mag is not writeable
Cell sky130_fd_sc_hd__nand2_2 read from path /home/ugunt/.ciel/sky130A/libs.ref/sky130_fd_sc_hd/mag
Warning: cell <sky130_fd_sc_hd__a31o_1> from file /home/ugunt/.ciel/sky130A/libs.ref/sky130_fd_sc_hd/mag/sky130_fd_sc_hd__a31o_1.mag is not writeable
Cell sky130_fd_sc_hd__a31o_1 read from path /home/ugunt/.ciel/sky130A/libs.ref/sky130_fd_sc_hd/mag
Warning: cell <sky130_fd_sc_hd__o21ai_1> from file /home/ugunt/.ciel/sky130A/libs.ref/sky130_fd_sc_hd/mag/sky130_fd_sc_hd__o21ai_1.mag is not writeable
Cell sky130_fd_sc_hd__o21ai_1 read from path /home/ugunt/.ciel/sky130A/libs.ref/sky130_fd_sc_hd/mag
Warning: cell <sky130_fd_sc_hd__a21bo_1> from file /home/ugunt/.ciel/sky130A/libs.ref/sky130_fd_sc_hd/mag/sky130_fd_sc_hd__a21bo_1.mag is not writeable
Cell sky130_fd_sc_hd__a21bo_1 read from path /home/ugunt/.ciel/sky130A/libs.ref/sky130_fd_sc_hd/mag
Warning: cell <sky130_fd_sc_hd__nand3_1> from file /home/ugunt/.ciel/sky130A/libs.ref/sky130_fd_sc_hd/mag/sky130_fd_sc_hd__nand3_1.mag is not writeable
Cell sky130_fd_sc_hd__nand3_1 read from path /home/ugunt/.ciel/sky130A/libs.ref/sky130_fd_sc_hd/mag
Warning: cell <sky130_fd_sc_hd__nand3b_1> from file /home/ugunt/.ciel/sky130A/libs.ref/sky130_fd_sc_hd/mag/sky130_fd_sc_hd__nand3b_1.mag is not writeable
Cell sky130_fd_sc_hd__nand3b_1 read from path /home/ugunt/.ciel/sky130A/libs.ref/sky130_fd_sc_hd/mag
Warning: cell <sky130_fd_sc_hd__or2b_1> from file /home/ugunt/.ciel/sky130A/libs.ref/sky130_fd_sc_hd/mag/sky130_fd_sc_hd__or2b_1.mag is not writeable
Cell sky130_fd_sc_hd__or2b_1 read from path /home/ugunt/.ciel/sky130A/libs.ref/sky130_fd_sc_hd/mag
Warning: cell <sky130_fd_sc_hd__nand4_2> from file /home/ugunt/.ciel/sky130A/libs.ref/sky130_fd_sc_hd/mag/sky130_fd_sc_hd__nand4_2.mag is not writeable
Cell sky130_fd_sc_hd__nand4_2 read from path /home/ugunt/.ciel/sky130A/libs.ref/sky130_fd_sc_hd/mag
Warning: cell <sky130_fd_sc_hd__and3_2> from file /home/ugunt/.ciel/sky130A/libs.ref/sky130_fd_sc_hd/mag/sky130_fd_sc_hd__and3_2.mag is not writeable
Cell sky130_fd_sc_hd__and3_2 read from path /home/ugunt/.ciel/sky130A/libs.ref/sky130_fd_sc_hd/mag
Warning: cell <sky130_fd_sc_hd__nor3b_1> from file /home/ugunt/.ciel/sky130A/libs.ref/sky130_fd_sc_hd/mag/sky130_fd_sc_hd__nor3b_1.mag is not writeable
Cell sky130_fd_sc_hd__nor3b_1 read from path /home/ugunt/.ciel/sky130A/libs.ref/sky130_fd_sc_hd/mag
Warning: cell <sky130_fd_sc_hd__xor2_2> from file /home/ugunt/.ciel/sky130A/libs.ref/sky130_fd_sc_hd/mag/sky130_fd_sc_hd__xor2_2.mag is not writeable
Cell sky130_fd_sc_hd__xor2_2 read from path /home/ugunt/.ciel/sky130A/libs.ref/sky130_fd_sc_hd/mag
Warning: cell <sky130_fd_sc_hd__and4_2> from file /home/ugunt/.ciel/sky130A/libs.ref/sky130_fd_sc_hd/mag/sky130_fd_sc_hd__and4_2.mag is not writeable
Cell sky130_fd_sc_hd__and4_2 read from path /home/ugunt/.ciel/sky130A/libs.ref/sky130_fd_sc_hd/mag
Warning: cell <sky130_fd_sc_hd__xnor2_2> from file /home/ugunt/.ciel/sky130A/libs.ref/sky130_fd_sc_hd/mag/sky130_fd_sc_hd__xnor2_2.mag is not writeable
Cell sky130_fd_sc_hd__xnor2_2 read from path /home/ugunt/.ciel/sky130A/libs.ref/sky130_fd_sc_hd/mag
Warning: cell <sky130_fd_sc_hd__and4bb_1> from file /home/ugunt/.ciel/sky130A/libs.ref/sky130_fd_sc_hd/mag/sky130_fd_sc_hd__and4bb_1.mag is not writeable
Cell sky130_fd_sc_hd__and4bb_1 read from path /home/ugunt/.ciel/sky130A/libs.ref/sky130_fd_sc_hd/mag
Warning: cell <sky130_fd_sc_hd__mux2_1> from file /home/ugunt/.ciel/sky130A/libs.ref/sky130_fd_sc_hd/mag/sky130_fd_sc_hd__mux2_1.mag is not writeable
Cell sky130_fd_sc_hd__mux2_1 read from path /home/ugunt/.ciel/sky130A/libs.ref/sky130_fd_sc_hd/mag
Warning: cell <sky130_fd_sc_hd__o211ai_1> from file /home/ugunt/.ciel/sky130A/libs.ref/sky130_fd_sc_hd/mag/sky130_fd_sc_hd__o211ai_1.mag is not writeable
Cell sky130_fd_sc_hd__o211ai_1 read from path /home/ugunt/.ciel/sky130A/libs.ref/sky130_fd_sc_hd/mag
Warning: cell <sky130_fd_sc_hd__o211a_1> from file /home/ugunt/.ciel/sky130A/libs.ref/sky130_fd_sc_hd/mag/sky130_fd_sc_hd__o211a_1.mag is not writeable
Cell sky130_fd_sc_hd__o211a_1 read from path /home/ugunt/.ciel/sky130A/libs.ref/sky130_fd_sc_hd/mag
Warning: cell <sky130_fd_sc_hd__or4b_1> from file /home/ugunt/.ciel/sky130A/libs.ref/sky130_fd_sc_hd/mag/sky130_fd_sc_hd__or4b_1.mag is not writeable
Cell sky130_fd_sc_hd__or4b_1 read from path /home/ugunt/.ciel/sky130A/libs.ref/sky130_fd_sc_hd/mag
Warning: cell <sky130_fd_sc_hd__dfrtp_1> from file /home/ugunt/.ciel/sky130A/libs.ref/sky130_fd_sc_hd/mag/sky130_fd_sc_hd__dfrtp_1.mag is not writeable
Cell sky130_fd_sc_hd__dfrtp_1 read from path /home/ugunt/.ciel/sky130A/libs.ref/sky130_fd_sc_hd/mag
Warning: cell <sky130_fd_sc_hd__dfrtp_2> from file /home/ugunt/.ciel/sky130A/libs.ref/sky130_fd_sc_hd/mag/sky130_fd_sc_hd__dfrtp_2.mag is not writeable
Cell sky130_fd_sc_hd__dfrtp_2 read from path /home/ugunt/.ciel/sky130A/libs.ref/sky130_fd_sc_hd/mag
Warning: cell <sky130_fd_sc_hd__clkbuf_16> from file /home/ugunt/.ciel/sky130A/libs.ref/sky130_fd_sc_hd/mag/sky130_fd_sc_hd__clkbuf_16.mag is not writeable
Cell sky130_fd_sc_hd__clkbuf_16 read from path /home/ugunt/.ciel/sky130A/libs.ref/sky130_fd_sc_hd/mag
Warning: cell <sky130_fd_sc_hd__dlygate4sd3_1> from file /home/ugunt/.ciel/sky130A/libs.ref/sky130_fd_sc_hd/mag/sky130_fd_sc_hd__dlygate4sd3_1.mag is not writeable
Cell sky130_fd_sc_hd__dlygate4sd3_1 read from path /home/ugunt/.ciel/sky130A/libs.ref/sky130_fd_sc_hd/mag
Warning: cell <sky130_fd_sc_hd__clkbuf_2> from file /home/ugunt/.ciel/sky130A/libs.ref/sky130_fd_sc_hd/mag/sky130_fd_sc_hd__clkbuf_2.mag is not writeable
Cell sky130_fd_sc_hd__clkbuf_2 read from path /home/ugunt/.ciel/sky130A/libs.ref/sky130_fd_sc_hd/mag
Warning: cell <sky130_fd_sc_hd__buf_1> from file /home/ugunt/.ciel/sky130A/libs.ref/sky130_fd_sc_hd/mag/sky130_fd_sc_hd__buf_1.mag is not writeable
Cell sky130_fd_sc_hd__buf_1 read from path /home/ugunt/.ciel/sky130A/libs.ref/sky130_fd_sc_hd/mag
Warning: cell <sky130_fd_sc_hd__dlymetal6s2s_1> from file /home/ugunt/.ciel/sky130A/libs.ref/sky130_fd_sc_hd/mag/sky130_fd_sc_hd__dlymetal6s2s_1.mag is not writeable
Cell sky130_fd_sc_hd__dlymetal6s2s_1 read from path /home/ugunt/.ciel/sky130A/libs.ref/sky130_fd_sc_hd/mag
Warning: cell <sky130_fd_sc_hd__buf_4> from file /home/ugunt/.ciel/sky130A/libs.ref/sky130_fd_sc_hd/mag/sky130_fd_sc_hd__buf_4.mag is not writeable
Cell sky130_fd_sc_hd__buf_4 read from path /home/ugunt/.ciel/sky130A/libs.ref/sky130_fd_sc_hd/mag
  Processed 3628 subcell instances total.
  Processed 40 pins total.
  Processed 2 special nets total.
  Processed 302 nets total.
DEF read: Processed 8868 lines.
Moving label "_013_" from metal2 to via1 in cell gear_quantizer.
Moving label "_042_" from metal2 to via1 in cell gear_quantizer.
Moving label "_054_" from metal1 to via1 in cell gear_quantizer.
Moving label "_078_" from metal2 to via1 in cell gear_quantizer.
Moving label "_080_" from metal1 to via1 in cell gear_quantizer.
Moving label "_088_" from metal2 to via2 in cell gear_quantizer.
Moving label "_092_" from metal2 to via2 in cell gear_quantizer.
Moving label "_113_" from metal1 to viali in cell gear_quantizer.
Moving label "_177_" from metal1 to via1 in cell gear_quantizer.
Moving label "_204_" from metal1 to via1 in cell gear_quantizer.
Moving label "clknet_1_1__leaf_clk" from metal2 to via2 in cell gear_quantizer.
[INFO]: Writing abstract LEF
Generating LEF output /home/ugunt/projects/ai-accelerator-verification/rung4-gear-quantizer/openlane/runs/RUN_2026.07.01_17.22.17/results/signoff/gear_quantizer.lef for cell gear_quantizer:
Diagnostic:  Write LEF header for cell gear_quantizer
Diagnostic:  Writing LEF output for cell gear_quantizer
Diagnostic:  Scale value is 0.005000
[INFO]: LEF Write Complete
