
64. Printing statistics.

=== attention ===

   Number of wires:              51710
   Number of wire bits:          51967
   Number of public wires:        7416
   Number of public wire bits:    7673
   Number of memories:               0
   Number of memory bits:            0
   Number of processes:              0
   Number of cells:              51830
     sky130_fd_sc_hd__a2111o_2      32
     sky130_fd_sc_hd__a2111oi_2     11
     sky130_fd_sc_hd__a211o_2      564
     sky130_fd_sc_hd__a211oi_2     188
     sky130_fd_sc_hd__a21bo_2      321
     sky130_fd_sc_hd__a21boi_2     141
     sky130_fd_sc_hd__a21o_2      1497
     sky130_fd_sc_hd__a21oi_2      996
     sky130_fd_sc_hd__a221o_2     1312
     sky130_fd_sc_hd__a221oi_2     307
     sky130_fd_sc_hd__a22o_2      2303
     sky130_fd_sc_hd__a22oi_2       29
     sky130_fd_sc_hd__a2bb2o_2     337
     sky130_fd_sc_hd__a311o_2      120
     sky130_fd_sc_hd__a311oi_2       6
     sky130_fd_sc_hd__a31o_2       304
     sky130_fd_sc_hd__a31oi_2       26
     sky130_fd_sc_hd__a32o_2       359
     sky130_fd_sc_hd__a32oi_2       13
     sky130_fd_sc_hd__a41o_2        11
     sky130_fd_sc_hd__and2_2      1712
     sky130_fd_sc_hd__and2b_2      545
     sky130_fd_sc_hd__and3_2       688
     sky130_fd_sc_hd__and3b_2       71
     sky130_fd_sc_hd__and4_2        83
     sky130_fd_sc_hd__and4b_2       10
     sky130_fd_sc_hd__and4bb_2      24
     sky130_fd_sc_hd__buf_1       9171
     sky130_fd_sc_hd__dfrtp_2      493
     sky130_fd_sc_hd__dfstp_2        2
     sky130_fd_sc_hd__dfxtp_2     7040
     sky130_fd_sc_hd__inv_2        472
     sky130_fd_sc_hd__mux2_2      6223
     sky130_fd_sc_hd__mux4_2        54
     sky130_fd_sc_hd__nand2_2     3245
     sky130_fd_sc_hd__nand2b_2       2
     sky130_fd_sc_hd__nand3_2      707
     sky130_fd_sc_hd__nand3b_2      21
     sky130_fd_sc_hd__nand4_2       13
     sky130_fd_sc_hd__nor2_2      2596
     sky130_fd_sc_hd__nor2b_2        5
     sky130_fd_sc_hd__nor3_2       199
     sky130_fd_sc_hd__nor3b_2       31
     sky130_fd_sc_hd__nor4_2        33
     sky130_fd_sc_hd__nor4b_2        8
     sky130_fd_sc_hd__o2111a_2      27
     sky130_fd_sc_hd__o2111ai_2     11
     sky130_fd_sc_hd__o211a_2      247
     sky130_fd_sc_hd__o211ai_2     149
     sky130_fd_sc_hd__o21a_2       470
     sky130_fd_sc_hd__o21ai_2      636
     sky130_fd_sc_hd__o21ba_2      155
     sky130_fd_sc_hd__o21bai_2     113
     sky130_fd_sc_hd__o221a_2       57
     sky130_fd_sc_hd__o221ai_2       6
     sky130_fd_sc_hd__o22a_2       385
     sky130_fd_sc_hd__o22ai_2      195
     sky130_fd_sc_hd__o2bb2a_2     101
     sky130_fd_sc_hd__o2bb2ai_2     28
     sky130_fd_sc_hd__o311a_2       63
     sky130_fd_sc_hd__o311ai_2       4
     sky130_fd_sc_hd__o31a_2       105
     sky130_fd_sc_hd__o31ai_2      113
     sky130_fd_sc_hd__o32a_2        57
     sky130_fd_sc_hd__o32ai_2        4
     sky130_fd_sc_hd__o41a_2         3
     sky130_fd_sc_hd__o41ai_2       10
     sky130_fd_sc_hd__or2_2       1803
     sky130_fd_sc_hd__or2b_2       487
     sky130_fd_sc_hd__or3_2        514
     sky130_fd_sc_hd__or3b_2       197
     sky130_fd_sc_hd__or4_2        381
     sky130_fd_sc_hd__or4b_2        77
     sky130_fd_sc_hd__or4bb_2       12
     sky130_fd_sc_hd__xnor2_2     2130
     sky130_fd_sc_hd__xor2_2       965

   Chip area for module '\attention': 538382.601600

