
===========================================================================
 report_power
============================================================================
======================= Fastest Corner ===================================

Group                  Internal  Switching    Leakage      Total
                          Power      Power      Power      Power (Watts)
----------------------------------------------------------------
Sequential             9.73e-03   1.62e-03   2.64e-06   1.14e-02   2.2%
Combinational          1.24e-01   3.79e-01   6.17e-07   5.02e-01  97.8%
Macro                  0.00e+00   0.00e+00   0.00e+00   0.00e+00   0.0%
Pad                    0.00e+00   0.00e+00   0.00e+00   0.00e+00   0.0%
----------------------------------------------------------------
Total                  1.33e-01   3.80e-01   3.25e-06   5.14e-01 100.0%
                          26.0%      74.0%       0.0%

======================= Slowest Corner ===================================

Group                  Internal  Switching    Leakage      Total
                          Power      Power      Power      Power (Watts)
----------------------------------------------------------------
Sequential             6.55e-03   1.09e-03   1.14e-04   7.75e-03   2.2%
Combinational          9.08e-02   2.56e-01   2.71e-04   3.47e-01  97.8%
Macro                  0.00e+00   0.00e+00   0.00e+00   0.00e+00   0.0%
Pad                    0.00e+00   0.00e+00   0.00e+00   0.00e+00   0.0%
----------------------------------------------------------------
Total                  9.74e-02   2.57e-01   3.84e-04   3.55e-01 100.0%
                          27.5%      72.4%       0.1%

======================= Typical Corner ===================================

Group                  Internal  Switching    Leakage      Total
                          Power      Power      Power      Power (Watts)
----------------------------------------------------------------
Sequential             8.39e-03   1.38e-03   2.59e-06   9.77e-03   2.2%
Combinational          1.12e-01   3.23e-01   2.90e-07   4.35e-01  97.8%
Macro                  0.00e+00   0.00e+00   0.00e+00   0.00e+00   0.0%
Pad                    0.00e+00   0.00e+00   0.00e+00   0.00e+00   0.0%
----------------------------------------------------------------
Total                  1.20e-01   3.24e-01   2.88e-06   4.44e-01 100.0%
                          27.1%      72.9%       0.0%

