OpenROAD 41a51eaf4ca2171c92ff38afb91eb37bbd3f36da 
This program is licensed under the BSD-3 license. See the LICENSE file for details.
Components of this program may be licensed under more restrictive licenses which must be honored.
[INFO]: Reading ODB at '/home/ugunt/projects/ai-accelerator-verification/rung5-attention/openlane/runs/RUN_2026.08.07_18.35.37/results/cts/attention.odb'…
define_corners Slowest Typical Fastest
read_liberty -corner Slowest /home/ugunt/.ciel/sky130A/libs.ref/sky130_fd_sc_hd/lib/sky130_fd_sc_hd__ss_100C_1v60.lib
read_liberty -corner Typical /home/ugunt/.ciel/sky130A/libs.ref/sky130_fd_sc_hd/lib/sky130_fd_sc_hd__tt_025C_1v80.lib
read_liberty -corner Fastest /home/ugunt/.ciel/sky130A/libs.ref/sky130_fd_sc_hd/lib/sky130_fd_sc_hd__ff_n40C_1v95.lib
Using 1e-12 for capacitance...
Using 1e+03 for resistance...
Using 1e-09 for time...
Using 1e+00 for voltage...
Using 1e-03 for current...
Using 1e-09 for power...
Using 1e-06 for distance...
Reading design constraints file at '/home/ugunt/projects/ai-accelerator-verification/rung5-attention/openlane/runs/RUN_2026.08.07_18.35.37/results/cts/attention.sdc'…
[INFO]: Setting RC values...
[INFO RSZ-0045] Inserted 54 buffers, 1 to split loads.
[INFO RSZ-0041] Resized 565 instances.
[WARNING RSZ-0062] Unable to repair all setup violations.
[INFO RSZ-0046] Found 6932 endpoints with hold violations.
[INFO RSZ-0032] Inserted 7038 hold buffers.
Placement Analysis
---------------------------------
total displacement      39190.1 u
average displacement        0.5 u
max displacement           13.4 u
original HPWL         2213026.2 u
legalized HPWL        2288843.1 u
delta HPWL                    3 %

[INFO DPL-0020] Mirrored 26103 instances
[INFO DPL-0021] HPWL before          2288843.1 u
[INFO DPL-0022] HPWL after           2240488.5 u
[INFO DPL-0023] HPWL delta               -2.1 %
Setting global connections for newly added cells…
Writing OpenROAD database to '/home/ugunt/projects/ai-accelerator-verification/rung5-attention/openlane/runs/RUN_2026.08.07_18.35.37/tmp/cts/14-attention.resized.odb'…
Writing netlist to '/home/ugunt/projects/ai-accelerator-verification/rung5-attention/openlane/runs/RUN_2026.08.07_18.35.37/tmp/cts/14-attention.resized.nl.v'…
Writing powered netlist to '/home/ugunt/projects/ai-accelerator-verification/rung5-attention/openlane/runs/RUN_2026.08.07_18.35.37/tmp/cts/14-attention.resized.pnl.v'…
Writing layout to '/home/ugunt/projects/ai-accelerator-verification/rung5-attention/openlane/runs/RUN_2026.08.07_18.35.37/tmp/cts/14-attention.resized.def'…
Writing timing constraints to '/home/ugunt/projects/ai-accelerator-verification/rung5-attention/openlane/runs/RUN_2026.08.07_18.35.37/tmp/cts/14-attention.resized.sdc'…
area_report

===========================================================================
report_design_area
============================================================================
Design area 624343 u^2 46% utilization.
area_report_end
