
===========================================================================
report_checks -unconstrained
===========================================================================
======================= Fastest Corner ===================================

Startpoint: rst_n (input port clocked by clk)
Endpoint: _441_ (recovery check against rising-edge clock clk)
Path Group: asynchronous
Path Type: max
Corner: Fastest

Fanout     Cap    Slew   Delay    Time   Description
-----------------------------------------------------------------------------
                          0.00    0.00   clock clk (rise edge)
                          0.00    0.00   clock network delay (propagated)
                          5.00    5.00 ^ input external delay
                  0.01    0.01    5.01 ^ rst_n (in)
     1    0.00                           rst_n (net)
                  0.01    0.00    5.01 ^ input9/A (sky130_fd_sc_hd__buf_2)
                  0.12    0.13    5.14 ^ input9/X (sky130_fd_sc_hd__buf_2)
     5    0.03                           net9 (net)
                  0.12    0.00    5.14 ^ fanout37/A (sky130_fd_sc_hd__clkbuf_4)
                  0.12    0.18    5.32 ^ fanout37/X (sky130_fd_sc_hd__clkbuf_4)
    10    0.05                           net37 (net)
                  0.12    0.00    5.32 ^ _441_/RESET_B (sky130_fd_sc_hd__dfrtp_2)
                                  5.32   data arrival time

                         25.00   25.00   clock clk (rise edge)
                          0.00   25.00   clock source latency
                  0.07    0.05   25.05 ^ clk (in)
     1    0.02                           clk (net)
                  0.07    0.00   25.05 ^ clkbuf_0_clk/A (sky130_fd_sc_hd__clkbuf_16)
                  0.03    0.09   25.14 ^ clkbuf_0_clk/X (sky130_fd_sc_hd__clkbuf_16)
     2    0.02                           clknet_0_clk (net)
                  0.03    0.00   25.14 ^ clkbuf_1_0__f_clk/A (sky130_fd_sc_hd__clkbuf_16)
                  0.03    0.08   25.22 ^ clkbuf_1_0__f_clk/X (sky130_fd_sc_hd__clkbuf_16)
     8    0.02                           clknet_1_0__leaf_clk (net)
                  0.03    0.00   25.22 ^ _441_/CLK (sky130_fd_sc_hd__dfrtp_2)
                         -0.25   24.97   clock uncertainty
                          0.00   24.97   clock reconvergence pessimism
                          0.11   25.08   library recovery time
                                 25.08   data required time
-----------------------------------------------------------------------------
                                 25.08   data required time
                                 -5.32   data arrival time
-----------------------------------------------------------------------------
                                 19.76   slack (MET)


Startpoint: scale[2] (input port clocked by clk)
Endpoint: _442_ (rising edge-triggered flip-flop clocked by clk)
Path Group: clk
Path Type: max
Corner: Fastest

Fanout     Cap    Slew   Delay    Time   Description
-----------------------------------------------------------------------------
                          0.00    0.00   clock clk (rise edge)
                          0.00    0.00   clock network delay (propagated)
                          5.00    5.00 ^ input external delay
                  0.01    0.01    5.01 ^ scale[2] (in)
     1    0.00                           scale[2] (net)
                  0.01    0.00    5.01 ^ input12/A (sky130_fd_sc_hd__buf_2)
                  0.15    0.15    5.16 ^ input12/X (sky130_fd_sc_hd__buf_2)
     7    0.04                           net12 (net)
                  0.15    0.00    5.17 ^ _258_/A (sky130_fd_sc_hd__buf_2)
                  0.14    0.18    5.35 ^ _258_/X (sky130_fd_sc_hd__buf_2)
    10    0.04                           _206_ (net)
                  0.14    0.00    5.35 ^ _304_/B (sky130_fd_sc_hd__nand4_1)
                  0.09    0.10    5.45 v _304_/Y (sky130_fd_sc_hd__nand4_1)
     3    0.01                           _046_ (net)
                  0.09    0.00    5.45 v _316_/A1 (sky130_fd_sc_hd__a21o_1)
                  0.03    0.13    5.58 v _316_/X (sky130_fd_sc_hd__a21o_1)
     2    0.01                           _058_ (net)
                  0.03    0.00    5.58 v _321_/A2 (sky130_fd_sc_hd__a21o_1)
                  0.04    0.14    5.72 v _321_/X (sky130_fd_sc_hd__a21o_1)
     3    0.01                           _063_ (net)
                  0.04    0.00    5.72 v _323_/A2 (sky130_fd_sc_hd__a21bo_1)
                  0.03    0.14    5.86 v _323_/X (sky130_fd_sc_hd__a21bo_1)
     2    0.00                           _065_ (net)
                  0.03    0.00    5.86 v _325_/B (sky130_fd_sc_hd__and3_2)
                  0.05    0.16    6.01 v _325_/X (sky130_fd_sc_hd__and3_2)
     4    0.02                           _067_ (net)
                  0.05    0.00    6.01 v _340_/A (sky130_fd_sc_hd__nor3b_1)
                  0.21    0.22    6.23 ^ _340_/Y (sky130_fd_sc_hd__nor3b_1)
     3    0.01                           _082_ (net)
                  0.21    0.00    6.23 ^ _342_/A (sky130_fd_sc_hd__nor2_1)
                  0.07    0.07    6.30 v _342_/Y (sky130_fd_sc_hd__nor2_1)
     3    0.01                           _084_ (net)
                  0.07    0.00    6.30 v _368_/A (sky130_fd_sc_hd__and4_1)
                  0.04    0.12    6.42 v _368_/X (sky130_fd_sc_hd__and4_1)
     2    0.01                           _110_ (net)
                  0.04    0.00    6.42 v _377_/A1 (sky130_fd_sc_hd__a21o_1)
                  0.04    0.12    6.54 v _377_/X (sky130_fd_sc_hd__a21o_1)
     2    0.01                           _119_ (net)
                  0.04    0.00    6.54 v _379_/A2 (sky130_fd_sc_hd__a21oi_1)
                  0.16    0.17    6.71 ^ _379_/Y (sky130_fd_sc_hd__a21oi_1)
     2    0.01                           _121_ (net)
                  0.16    0.00    6.71 ^ _380_/S (sky130_fd_sc_hd__mux2_1)
                  0.05    0.22    6.93 v _380_/X (sky130_fd_sc_hd__mux2_1)
     2    0.01                           _122_ (net)
                  0.05    0.00    6.93 v _409_/A1 (sky130_fd_sc_hd__o31a_1)
                  0.05    0.22    7.15 v _409_/X (sky130_fd_sc_hd__o31a_1)
     3    0.01                           _151_ (net)
                  0.05    0.00    7.15 v _418_/B1 (sky130_fd_sc_hd__a31o_1)
                  0.03    0.09    7.24 v _418_/X (sky130_fd_sc_hd__a31o_1)
     1    0.00                           _158_ (net)
                  0.03    0.00    7.24 v _419_/B2 (sky130_fd_sc_hd__a22o_1)
                  0.03    0.10    7.33 v _419_/X (sky130_fd_sc_hd__a22o_1)
     1    0.00                           _003_ (net)
                  0.03    0.00    7.33 v _442_/D (sky130_fd_sc_hd__dfrtp_1)
                                  7.33   data arrival time

                         25.00   25.00   clock clk (rise edge)
                          0.00   25.00   clock source latency
                  0.07    0.05   25.05 ^ clk (in)
     1    0.02                           clk (net)
                  0.07    0.00   25.05 ^ clkbuf_0_clk/A (sky130_fd_sc_hd__clkbuf_16)
                  0.03    0.09   25.14 ^ clkbuf_0_clk/X (sky130_fd_sc_hd__clkbuf_16)
     2    0.02                           clknet_0_clk (net)
                  0.03    0.00   25.14 ^ clkbuf_1_0__f_clk/A (sky130_fd_sc_hd__clkbuf_16)
                  0.03    0.08   25.22 ^ clkbuf_1_0__f_clk/X (sky130_fd_sc_hd__clkbuf_16)
     8    0.02                           clknet_1_0__leaf_clk (net)
                  0.03    0.00   25.22 ^ _442_/CLK (sky130_fd_sc_hd__dfrtp_1)
                         -0.25   24.97   clock uncertainty
                          0.00   24.97   clock reconvergence pessimism
                         -0.07   24.90   library setup time
                                 24.90   data required time
-----------------------------------------------------------------------------
                                 24.90   data required time
                                 -7.33   data arrival time
-----------------------------------------------------------------------------
                                 17.57   slack (MET)



======================= Slowest Corner ===================================

Startpoint: rst_n (input port clocked by clk)
Endpoint: _441_ (recovery check against rising-edge clock clk)
Path Group: asynchronous
Path Type: max
Corner: Slowest

Fanout     Cap    Slew   Delay    Time   Description
-----------------------------------------------------------------------------
                          0.00    0.00   clock clk (rise edge)
                          0.00    0.00   clock network delay (propagated)
                          5.00    5.00 ^ input external delay
                  0.03    0.01    5.01 ^ rst_n (in)
     1    0.00                           rst_n (net)
                  0.03    0.00    5.01 ^ input9/A (sky130_fd_sc_hd__buf_2)
                  0.24    0.32    5.33 ^ input9/X (sky130_fd_sc_hd__buf_2)
     5    0.03                           net9 (net)
                  0.24    0.00    5.33 ^ fanout37/A (sky130_fd_sc_hd__clkbuf_4)
                  0.23    0.47    5.80 ^ fanout37/X (sky130_fd_sc_hd__clkbuf_4)
    10    0.05                           net37 (net)
                  0.23    0.00    5.80 ^ _441_/RESET_B (sky130_fd_sc_hd__dfrtp_2)
                                  5.80   data arrival time

                         25.00   25.00   clock clk (rise edge)
                          0.00   25.00   clock source latency
                  0.15    0.10   25.10 ^ clk (in)
     1    0.02                           clk (net)
                  0.15    0.00   25.10 ^ clkbuf_0_clk/A (sky130_fd_sc_hd__clkbuf_16)
                  0.07    0.25   25.34 ^ clkbuf_0_clk/X (sky130_fd_sc_hd__clkbuf_16)
     2    0.02                           clknet_0_clk (net)
                  0.07    0.00   25.34 ^ clkbuf_1_0__f_clk/A (sky130_fd_sc_hd__clkbuf_16)
                  0.07    0.21   25.56 ^ clkbuf_1_0__f_clk/X (sky130_fd_sc_hd__clkbuf_16)
     8    0.02                           clknet_1_0__leaf_clk (net)
                  0.07    0.00   25.56 ^ _441_/CLK (sky130_fd_sc_hd__dfrtp_2)
                         -0.25   25.31   clock uncertainty
                          0.00   25.31   clock reconvergence pessimism
                          0.37   25.68   library recovery time
                                 25.68   data required time
-----------------------------------------------------------------------------
                                 25.68   data required time
                                 -5.80   data arrival time
-----------------------------------------------------------------------------
                                 19.88   slack (MET)


Startpoint: scale[2] (input port clocked by clk)
Endpoint: _442_ (rising edge-triggered flip-flop clocked by clk)
Path Group: clk
Path Type: max
Corner: Slowest

Fanout     Cap    Slew   Delay    Time   Description
-----------------------------------------------------------------------------
                          0.00    0.00   clock clk (rise edge)
                          0.00    0.00   clock network delay (propagated)
                          5.00    5.00 ^ input external delay
                  0.03    0.02    5.02 ^ scale[2] (in)
     1    0.00                           scale[2] (net)
                  0.03    0.00    5.02 ^ input12/A (sky130_fd_sc_hd__buf_2)
                  0.32    0.37    5.39 ^ input12/X (sky130_fd_sc_hd__buf_2)
     7    0.04                           net12 (net)
                  0.32    0.00    5.39 ^ _258_/A (sky130_fd_sc_hd__buf_2)
                  0.30    0.49    5.89 ^ _258_/X (sky130_fd_sc_hd__buf_2)
    10    0.04                           _206_ (net)
                  0.30    0.00    5.89 ^ _304_/B (sky130_fd_sc_hd__nand4_1)
                  0.35    0.44    6.33 v _304_/Y (sky130_fd_sc_hd__nand4_1)
     3    0.01                           _046_ (net)
                  0.35    0.00    6.33 v _316_/A1 (sky130_fd_sc_hd__a21o_1)
                  0.09    0.45    6.78 v _316_/X (sky130_fd_sc_hd__a21o_1)
     2    0.01                           _058_ (net)
                  0.09    0.00    6.78 v _321_/A2 (sky130_fd_sc_hd__a21o_1)
                  0.11    0.39    7.18 v _321_/X (sky130_fd_sc_hd__a21o_1)
     3    0.01                           _063_ (net)
                  0.11    0.00    7.18 v _323_/A2 (sky130_fd_sc_hd__a21bo_1)
                  0.08    0.39    7.57 v _323_/X (sky130_fd_sc_hd__a21bo_1)
     2    0.00                           _065_ (net)
                  0.08    0.00    7.57 v _325_/B (sky130_fd_sc_hd__and3_2)
                  0.14    0.52    8.09 v _325_/X (sky130_fd_sc_hd__and3_2)
     4    0.02                           _067_ (net)
                  0.14    0.00    8.09 v _340_/A (sky130_fd_sc_hd__nor3b_1)
                  0.52    0.57    8.65 ^ _340_/Y (sky130_fd_sc_hd__nor3b_1)
     3    0.01                           _082_ (net)
                  0.52    0.00    8.65 ^ _342_/A (sky130_fd_sc_hd__nor2_1)
                  0.16    0.33    8.98 v _342_/Y (sky130_fd_sc_hd__nor2_1)
     3    0.01                           _084_ (net)
                  0.16    0.00    8.98 v _368_/A (sky130_fd_sc_hd__and4_1)
                  0.09    0.39    9.37 v _368_/X (sky130_fd_sc_hd__and4_1)
     2    0.01                           _110_ (net)
                  0.09    0.00    9.37 v _377_/A1 (sky130_fd_sc_hd__a21o_1)
                  0.10    0.35    9.72 v _377_/X (sky130_fd_sc_hd__a21o_1)
     2    0.01                           _119_ (net)
                  0.10    0.00    9.72 v _392_/B (sky130_fd_sc_hd__xnor2_1)
                  0.11    0.24    9.96 v _392_/Y (sky130_fd_sc_hd__xnor2_1)
     2    0.00                           _134_ (net)
                  0.11    0.00    9.96 v _408_/A (sky130_fd_sc_hd__or4b_1)
                  0.18    1.28   11.24 v _408_/X (sky130_fd_sc_hd__or4b_1)
     1    0.00                           _150_ (net)
                  0.18    0.00   11.24 v _409_/A3 (sky130_fd_sc_hd__o31a_1)
                  0.14    0.59   11.83 v _409_/X (sky130_fd_sc_hd__o31a_1)
     3    0.01                           _151_ (net)
                  0.14    0.00   11.83 v _418_/B1 (sky130_fd_sc_hd__a31o_1)
                  0.08    0.39   12.22 v _418_/X (sky130_fd_sc_hd__a31o_1)
     1    0.00                           _158_ (net)
                  0.08    0.00   12.22 v _419_/B2 (sky130_fd_sc_hd__a22o_1)
                  0.07    0.37   12.59 v _419_/X (sky130_fd_sc_hd__a22o_1)
     1    0.00                           _003_ (net)
                  0.07    0.00   12.59 v _442_/D (sky130_fd_sc_hd__dfrtp_1)
                                 12.59   data arrival time

                         25.00   25.00   clock clk (rise edge)
                          0.00   25.00   clock source latency
                  0.15    0.10   25.10 ^ clk (in)
     1    0.02                           clk (net)
                  0.15    0.00   25.10 ^ clkbuf_0_clk/A (sky130_fd_sc_hd__clkbuf_16)
                  0.07    0.25   25.34 ^ clkbuf_0_clk/X (sky130_fd_sc_hd__clkbuf_16)
     2    0.02                           clknet_0_clk (net)
                  0.07    0.00   25.34 ^ clkbuf_1_0__f_clk/A (sky130_fd_sc_hd__clkbuf_16)
                  0.07    0.21   25.56 ^ clkbuf_1_0__f_clk/X (sky130_fd_sc_hd__clkbuf_16)
     8    0.02                           clknet_1_0__leaf_clk (net)
                  0.07    0.00   25.56 ^ _442_/CLK (sky130_fd_sc_hd__dfrtp_1)
                         -0.25   25.31   clock uncertainty
                          0.00   25.31   clock reconvergence pessimism
                         -0.28   25.03   library setup time
                                 25.03   data required time
-----------------------------------------------------------------------------
                                 25.03   data required time
                                -12.59   data arrival time
-----------------------------------------------------------------------------
                                 12.44   slack (MET)



======================= Typical Corner ===================================

Startpoint: rst_n (input port clocked by clk)
Endpoint: _441_ (recovery check against rising-edge clock clk)
Path Group: asynchronous
Path Type: max
Corner: Typical

Fanout     Cap    Slew   Delay    Time   Description
-----------------------------------------------------------------------------
                          0.00    0.00   clock clk (rise edge)
                          0.00    0.00   clock network delay (propagated)
                          5.00    5.00 ^ input external delay
                  0.02    0.01    5.01 ^ rst_n (in)
     1    0.00                           rst_n (net)
                  0.02    0.00    5.01 ^ input9/A (sky130_fd_sc_hd__buf_2)
                  0.16    0.19    5.19 ^ input9/X (sky130_fd_sc_hd__buf_2)
     5    0.03                           net9 (net)
                  0.16    0.00    5.20 ^ fanout37/A (sky130_fd_sc_hd__clkbuf_4)
                  0.16    0.27    5.47 ^ fanout37/X (sky130_fd_sc_hd__clkbuf_4)
    10    0.05                           net37 (net)
                  0.16    0.00    5.47 ^ _441_/RESET_B (sky130_fd_sc_hd__dfrtp_2)
                                  5.47   data arrival time

                         25.00   25.00   clock clk (rise edge)
                          0.00   25.00   clock source latency
                  0.10    0.06   25.06 ^ clk (in)
     1    0.02                           clk (net)
                  0.10    0.00   25.06 ^ clkbuf_0_clk/A (sky130_fd_sc_hd__clkbuf_16)
                  0.04    0.14   25.20 ^ clkbuf_0_clk/X (sky130_fd_sc_hd__clkbuf_16)
     2    0.02                           clknet_0_clk (net)
                  0.04    0.00   25.20 ^ clkbuf_1_0__f_clk/A (sky130_fd_sc_hd__clkbuf_16)
                  0.04    0.12   25.32 ^ clkbuf_1_0__f_clk/X (sky130_fd_sc_hd__clkbuf_16)
     8    0.02                           clknet_1_0__leaf_clk (net)
                  0.04    0.00   25.32 ^ _441_/CLK (sky130_fd_sc_hd__dfrtp_2)
                         -0.25   25.07   clock uncertainty
                          0.00   25.07   clock reconvergence pessimism
                          0.19   25.26   library recovery time
                                 25.26   data required time
-----------------------------------------------------------------------------
                                 25.26   data required time
                                 -5.47   data arrival time
-----------------------------------------------------------------------------
                                 19.79   slack (MET)


Startpoint: scale[2] (input port clocked by clk)
Endpoint: _442_ (rising edge-triggered flip-flop clocked by clk)
Path Group: clk
Path Type: max
Corner: Typical

Fanout     Cap    Slew   Delay    Time   Description
-----------------------------------------------------------------------------
                          0.00    0.00   clock clk (rise edge)
                          0.00    0.00   clock network delay (propagated)
                          5.00    5.00 ^ input external delay
                  0.02    0.01    5.01 ^ scale[2] (in)
     1    0.00                           scale[2] (net)
                  0.02    0.00    5.01 ^ input12/A (sky130_fd_sc_hd__buf_2)
                  0.20    0.22    5.23 ^ input12/X (sky130_fd_sc_hd__buf_2)
     7    0.04                           net12 (net)
                  0.20    0.00    5.23 ^ _258_/A (sky130_fd_sc_hd__buf_2)
                  0.19    0.27    5.50 ^ _258_/X (sky130_fd_sc_hd__buf_2)
    10    0.04                           _206_ (net)
                  0.19    0.00    5.50 ^ _304_/B (sky130_fd_sc_hd__nand4_1)
                  0.15    0.18    5.69 v _304_/Y (sky130_fd_sc_hd__nand4_1)
     3    0.01                           _046_ (net)
                  0.15    0.00    5.69 v _316_/A1 (sky130_fd_sc_hd__a21o_1)
                  0.05    0.22    5.90 v _316_/X (sky130_fd_sc_hd__a21o_1)
     2    0.01                           _058_ (net)
                  0.05    0.00    5.90 v _321_/A2 (sky130_fd_sc_hd__a21o_1)
                  0.06    0.21    6.12 v _321_/X (sky130_fd_sc_hd__a21o_1)
     3    0.01                           _063_ (net)
                  0.06    0.00    6.12 v _323_/A2 (sky130_fd_sc_hd__a21bo_1)
                  0.04    0.21    6.33 v _323_/X (sky130_fd_sc_hd__a21bo_1)
     2    0.00                           _065_ (net)
                  0.04    0.00    6.33 v _325_/B (sky130_fd_sc_hd__and3_2)
                  0.07    0.24    6.57 v _325_/X (sky130_fd_sc_hd__and3_2)
     4    0.02                           _067_ (net)
                  0.07    0.00    6.57 v _340_/A (sky130_fd_sc_hd__nor3b_1)
                  0.30    0.32    6.90 ^ _340_/Y (sky130_fd_sc_hd__nor3b_1)
     3    0.01                           _082_ (net)
                  0.30    0.00    6.90 ^ _342_/A (sky130_fd_sc_hd__nor2_1)
                  0.10    0.14    7.04 v _342_/Y (sky130_fd_sc_hd__nor2_1)
     3    0.01                           _084_ (net)
                  0.10    0.00    7.04 v _376_/A1 (sky130_fd_sc_hd__a31o_1)
                  0.04    0.20    7.24 v _376_/X (sky130_fd_sc_hd__a31o_1)
     1    0.00                           _118_ (net)
                  0.04    0.00    7.24 v _377_/B1 (sky130_fd_sc_hd__a21o_1)
                  0.05    0.18    7.41 v _377_/X (sky130_fd_sc_hd__a21o_1)
     2    0.01                           _119_ (net)
                  0.05    0.00    7.41 v _379_/A2 (sky130_fd_sc_hd__a21oi_1)
                  0.22    0.24    7.65 ^ _379_/Y (sky130_fd_sc_hd__a21oi_1)
     2    0.01                           _121_ (net)
                  0.22    0.00    7.65 ^ _380_/S (sky130_fd_sc_hd__mux2_1)
                  0.07    0.39    8.04 v _380_/X (sky130_fd_sc_hd__mux2_1)
     2    0.01                           _122_ (net)
                  0.07    0.00    8.04 v _409_/A1 (sky130_fd_sc_hd__o31a_1)
                  0.08    0.35    8.39 v _409_/X (sky130_fd_sc_hd__o31a_1)
     3    0.01                           _151_ (net)
                  0.08    0.00    8.39 v _418_/B1 (sky130_fd_sc_hd__a31o_1)
                  0.04    0.21    8.60 v _418_/X (sky130_fd_sc_hd__a31o_1)
     1    0.00                           _158_ (net)
                  0.04    0.00    8.60 v _419_/B2 (sky130_fd_sc_hd__a22o_1)
                  0.04    0.20    8.80 v _419_/X (sky130_fd_sc_hd__a22o_1)
     1    0.00                           _003_ (net)
                  0.04    0.00    8.80 v _442_/D (sky130_fd_sc_hd__dfrtp_1)
                                  8.80   data arrival time

                         25.00   25.00   clock clk (rise edge)
                          0.00   25.00   clock source latency
                  0.10    0.06   25.06 ^ clk (in)
     1    0.02                           clk (net)
                  0.10    0.00   25.06 ^ clkbuf_0_clk/A (sky130_fd_sc_hd__clkbuf_16)
                  0.04    0.14   25.20 ^ clkbuf_0_clk/X (sky130_fd_sc_hd__clkbuf_16)
     2    0.02                           clknet_0_clk (net)
                  0.04    0.00   25.20 ^ clkbuf_1_0__f_clk/A (sky130_fd_sc_hd__clkbuf_16)
                  0.04    0.12   25.32 ^ clkbuf_1_0__f_clk/X (sky130_fd_sc_hd__clkbuf_16)
     8    0.02                           clknet_1_0__leaf_clk (net)
                  0.04    0.00   25.32 ^ _442_/CLK (sky130_fd_sc_hd__dfrtp_1)
                         -0.25   25.07   clock uncertainty
                          0.00   25.07   clock reconvergence pessimism
                         -0.11   24.96   library setup time
                                 24.96   data required time
-----------------------------------------------------------------------------
                                 24.96   data required time
                                 -8.80   data arrival time
-----------------------------------------------------------------------------
                                 16.16   slack (MET)




===========================================================================
report_checks --slack_max -0.01
============================================================================
======================= Fastest Corner ===================================

No paths found.

======================= Slowest Corner ===================================

No paths found.

======================= Typical Corner ===================================

No paths found.


===========================================================================
 report_check_types -max_slew -max_cap -max_fanout -violators
============================================================================
======================= Fastest Corner ===================================


======================= Slowest Corner ===================================


======================= Typical Corner ===================================



===========================================================================
report_parasitic_annotation -report_unannotated
============================================================================
Found 1 unannotated drivers.
 round_mode
Found 0 partially unannotated drivers.

===========================================================================
max slew violation count 0
max fanout violation count 0
max cap violation count 0
============================================================================

===========================================================================
check_setup -verbose -unconstrained_endpoints -multiple_clock -no_clock -no_input_delay -loops -generated_clocks
===========================================================================
