
===========================================================================
 report_power
============================================================================
======================= Fastest Corner ===================================

Group                  Internal  Switching    Leakage      Total
                          Power      Power      Power      Power (Watts)
----------------------------------------------------------------
Sequential             2.88e-05   3.92e-06   6.64e-08   3.28e-05  24.1%
Combinational          5.34e-05   4.96e-05   4.08e-09   1.03e-04  75.9%
Macro                  0.00e+00   0.00e+00   0.00e+00   0.00e+00   0.0%
Pad                    0.00e+00   0.00e+00   0.00e+00   0.00e+00   0.0%
----------------------------------------------------------------
Total                  8.21e-05   5.35e-05   7.05e-08   1.36e-04 100.0%
                          60.5%      39.4%       0.1%

======================= Slowest Corner ===================================

Group                  Internal  Switching    Leakage      Total
                          Power      Power      Power      Power (Watts)
----------------------------------------------------------------
Sequential             1.92e-05   2.60e-06   2.65e-07   2.20e-05  23.2%
Combinational          3.89e-05   3.26e-05   1.22e-06   7.28e-05  76.8%
Macro                  0.00e+00   0.00e+00   0.00e+00   0.00e+00   0.0%
Pad                    0.00e+00   0.00e+00   0.00e+00   0.00e+00   0.0%
----------------------------------------------------------------
Total                  5.81e-05   3.52e-05   1.48e-06   9.48e-05 100.0%
                          61.3%      37.2%       1.6%

======================= Typical Corner ===================================

Group                  Internal  Switching    Leakage      Total
                          Power      Power      Power      Power (Watts)
----------------------------------------------------------------
Sequential             2.48e-05   3.31e-06   6.64e-08   2.81e-05  23.9%
Combinational          4.77e-05   4.18e-05   3.06e-09   8.95e-05  76.1%
Macro                  0.00e+00   0.00e+00   0.00e+00   0.00e+00   0.0%
Pad                    0.00e+00   0.00e+00   0.00e+00   0.00e+00   0.0%
----------------------------------------------------------------
Total                  7.25e-05   4.51e-05   6.95e-08   1.18e-04 100.0%
                          61.6%      38.3%       0.1%

