
===========================================================================
 report_power
============================================================================
======================= Fastest Corner ===================================

Group                  Internal  Switching    Leakage      Total
                          Power      Power      Power      Power (Watts)
----------------------------------------------------------------
Sequential             2.89e-05   1.92e-06   6.61e-08   3.09e-05  22.6%
Combinational          5.53e-05   5.09e-05   2.76e-09   1.06e-04  77.4%
Macro                  0.00e+00   0.00e+00   0.00e+00   0.00e+00   0.0%
Pad                    0.00e+00   0.00e+00   0.00e+00   0.00e+00   0.0%
----------------------------------------------------------------
Total                  8.42e-05   5.28e-05   6.89e-08   1.37e-04 100.0%
                          61.4%      38.5%       0.1%

======================= Slowest Corner ===================================

Group                  Internal  Switching    Leakage      Total
                          Power      Power      Power      Power (Watts)
----------------------------------------------------------------
Sequential             1.93e-05   1.25e-06   2.64e-07   2.08e-05  21.7%
Combinational          4.02e-05   3.35e-05   1.27e-06   7.50e-05  78.3%
Macro                  0.00e+00   0.00e+00   0.00e+00   0.00e+00   0.0%
Pad                    0.00e+00   0.00e+00   0.00e+00   0.00e+00   0.0%
----------------------------------------------------------------
Total                  5.95e-05   3.48e-05   1.53e-06   9.58e-05 100.0%
                          62.1%      36.3%       1.6%

======================= Typical Corner ===================================

Group                  Internal  Switching    Leakage      Total
                          Power      Power      Power      Power (Watts)
----------------------------------------------------------------
Sequential             2.49e-05   1.61e-06   6.61e-08   2.66e-05  22.4%
Combinational          4.94e-05   4.29e-05   1.62e-09   9.23e-05  77.6%
Macro                  0.00e+00   0.00e+00   0.00e+00   0.00e+00   0.0%
Pad                    0.00e+00   0.00e+00   0.00e+00   0.00e+00   0.0%
----------------------------------------------------------------
Total                  7.43e-05   4.45e-05   6.77e-08   1.19e-04 100.0%
                          62.5%      37.4%       0.1%

