
===========================================================================
report_checks -unconstrained
===========================================================================
======================= Fastest Corner ===================================

Startpoint: rst_n (input port clocked by clk)
Endpoint: _444_ (recovery check against rising-edge clock clk)
Path Group: asynchronous
Path Type: max
Corner: Fastest

Fanout     Cap    Slew   Delay    Time   Description
-----------------------------------------------------------------------------
                          0.00    0.00   clock clk (rise edge)
                          0.00    0.00   clock network delay (propagated)
                          5.00    5.00 ^ input external delay
                  0.01    0.01    5.01 ^ rst_n (in)
     1    0.00                           rst_n (net)
                  0.01    0.00    5.01 ^ input9/A (sky130_fd_sc_hd__clkbuf_2)
                  0.10    0.12    5.13 ^ input9/X (sky130_fd_sc_hd__clkbuf_2)
     5    0.02                           net9 (net)
                  0.10    0.00    5.13 ^ fanout37/A (sky130_fd_sc_hd__buf_4)
                  0.12    0.16    5.28 ^ fanout37/X (sky130_fd_sc_hd__buf_4)
    10    0.06                           net37 (net)
                  0.13    0.01    5.30 ^ _444_/RESET_B (sky130_fd_sc_hd__dfrtp_1)
                                  5.30   data arrival time

                         25.00   25.00   clock clk (rise edge)
                          0.00   25.00   clock source latency
                  0.05    0.03   25.03 ^ clk (in)
     1    0.01                           clk (net)
                  0.05    0.00   25.03 ^ clkbuf_0_clk/A (sky130_fd_sc_hd__clkbuf_16)
                  0.03    0.09   25.12 ^ clkbuf_0_clk/X (sky130_fd_sc_hd__clkbuf_16)
     2    0.02                           clknet_0_clk (net)
                  0.03    0.00   25.12 ^ clkbuf_1_0__f_clk/A (sky130_fd_sc_hd__clkbuf_16)
                  0.04    0.09   25.21 ^ clkbuf_1_0__f_clk/X (sky130_fd_sc_hd__clkbuf_16)
     8    0.03                           clknet_1_0__leaf_clk (net)
                  0.04    0.00   25.21 ^ _444_/CLK (sky130_fd_sc_hd__dfrtp_1)
                         -0.25   24.96   clock uncertainty
                          0.00   24.96   clock reconvergence pessimism
                          0.13   25.08   library recovery time
                                 25.08   data required time
-----------------------------------------------------------------------------
                                 25.08   data required time
                                 -5.30   data arrival time
-----------------------------------------------------------------------------
                                 19.79   slack (MET)


Startpoint: scale[2] (input port clocked by clk)
Endpoint: _440_ (rising edge-triggered flip-flop clocked by clk)
Path Group: clk
Path Type: max
Corner: Fastest

Fanout     Cap    Slew   Delay    Time   Description
-----------------------------------------------------------------------------
                          0.00    0.00   clock clk (rise edge)
                          0.00    0.00   clock network delay (propagated)
                          5.00    5.00 ^ input external delay
                  0.02    0.01    5.01 ^ scale[2] (in)
     1    0.00                           scale[2] (net)
                  0.02    0.00    5.01 ^ input12/A (sky130_fd_sc_hd__clkbuf_2)
                  0.14    0.14    5.15 ^ input12/X (sky130_fd_sc_hd__clkbuf_2)
     7    0.03                           net12 (net)
                  0.14    0.00    5.16 ^ _258_/A (sky130_fd_sc_hd__buf_2)
                  0.15    0.18    5.34 ^ _258_/X (sky130_fd_sc_hd__buf_2)
    10    0.04                           _206_ (net)
                  0.15    0.00    5.34 ^ _304_/B (sky130_fd_sc_hd__nand4_1)
                  0.08    0.10    5.44 v _304_/Y (sky130_fd_sc_hd__nand4_1)
     3    0.01                           _046_ (net)
                  0.08    0.00    5.44 v _316_/A1 (sky130_fd_sc_hd__a21o_1)
                  0.03    0.13    5.57 v _316_/X (sky130_fd_sc_hd__a21o_1)
     2    0.01                           _058_ (net)
                  0.03    0.00    5.57 v _321_/A2 (sky130_fd_sc_hd__a21o_1)
                  0.04    0.14    5.71 v _321_/X (sky130_fd_sc_hd__a21o_1)
     3    0.01                           _063_ (net)
                  0.04    0.00    5.71 v _323_/A2 (sky130_fd_sc_hd__a21bo_1)
                  0.03    0.14    5.85 v _323_/X (sky130_fd_sc_hd__a21bo_1)
     2    0.01                           _065_ (net)
                  0.03    0.00    5.85 v _325_/B (sky130_fd_sc_hd__and3_2)
                  0.05    0.16    6.01 v _325_/X (sky130_fd_sc_hd__and3_2)
     4    0.02                           _067_ (net)
                  0.05    0.00    6.01 v _340_/A (sky130_fd_sc_hd__nor3b_1)
                  0.24    0.24    6.24 ^ _340_/Y (sky130_fd_sc_hd__nor3b_1)
     3    0.01                           _082_ (net)
                  0.24    0.00    6.24 ^ _342_/A (sky130_fd_sc_hd__nor2_1)
                  0.08    0.07    6.32 v _342_/Y (sky130_fd_sc_hd__nor2_1)
     3    0.01                           _084_ (net)
                  0.08    0.00    6.32 v _368_/A (sky130_fd_sc_hd__and4_1)
                  0.04    0.12    6.44 v _368_/X (sky130_fd_sc_hd__and4_1)
     2    0.01                           _110_ (net)
                  0.04    0.00    6.44 v _377_/A1 (sky130_fd_sc_hd__a21o_1)
                  0.04    0.12    6.56 v _377_/X (sky130_fd_sc_hd__a21o_1)
     2    0.01                           _119_ (net)
                  0.04    0.00    6.56 v _379_/A2 (sky130_fd_sc_hd__a21oi_1)
                  0.19    0.19    6.75 ^ _379_/Y (sky130_fd_sc_hd__a21oi_1)
     2    0.01                           _121_ (net)
                  0.19    0.00    6.76 ^ _380_/S (sky130_fd_sc_hd__mux2_1)
                  0.06    0.22    6.98 v _380_/X (sky130_fd_sc_hd__mux2_1)
     2    0.01                           _122_ (net)
                  0.06    0.00    6.98 v _409_/A1 (sky130_fd_sc_hd__o31a_1)
                  0.05    0.22    7.20 v _409_/X (sky130_fd_sc_hd__o31a_1)
     3    0.01                           _151_ (net)
                  0.05    0.00    7.20 v _410_/B1 (sky130_fd_sc_hd__a31o_1)
                  0.05    0.10    7.30 v _410_/X (sky130_fd_sc_hd__a31o_1)
     1    0.01                           _152_ (net)
                  0.05    0.00    7.30 v _411_/B2 (sky130_fd_sc_hd__a22o_1)
                  0.03    0.11    7.41 v _411_/X (sky130_fd_sc_hd__a22o_1)
     1    0.00                           _001_ (net)
                  0.03    0.00    7.41 v _440_/D (sky130_fd_sc_hd__dfrtp_1)
                                  7.41   data arrival time

                         25.00   25.00   clock clk (rise edge)
                          0.00   25.00   clock source latency
                  0.05    0.03   25.03 ^ clk (in)
     1    0.01                           clk (net)
                  0.05    0.00   25.03 ^ clkbuf_0_clk/A (sky130_fd_sc_hd__clkbuf_16)
                  0.03    0.09   25.12 ^ clkbuf_0_clk/X (sky130_fd_sc_hd__clkbuf_16)
     2    0.02                           clknet_0_clk (net)
                  0.03    0.00   25.12 ^ clkbuf_1_0__f_clk/A (sky130_fd_sc_hd__clkbuf_16)
                  0.04    0.09   25.21 ^ clkbuf_1_0__f_clk/X (sky130_fd_sc_hd__clkbuf_16)
     8    0.03                           clknet_1_0__leaf_clk (net)
                  0.04    0.00   25.21 ^ _440_/CLK (sky130_fd_sc_hd__dfrtp_1)
                         -0.25   24.96   clock uncertainty
                          0.00   24.96   clock reconvergence pessimism
                         -0.07   24.89   library setup time
                                 24.89   data required time
-----------------------------------------------------------------------------
                                 24.89   data required time
                                 -7.41   data arrival time
-----------------------------------------------------------------------------
                                 17.48   slack (MET)



======================= Slowest Corner ===================================

Startpoint: rst_n (input port clocked by clk)
Endpoint: _441_ (recovery check against rising-edge clock clk)
Path Group: asynchronous
Path Type: max
Corner: Slowest

Fanout     Cap    Slew   Delay    Time   Description
-----------------------------------------------------------------------------
                          0.00    0.00   clock clk (rise edge)
                          0.00    0.00   clock network delay (propagated)
                          5.00    5.00 ^ input external delay
                  0.03    0.02    5.02 ^ rst_n (in)
     1    0.00                           rst_n (net)
                  0.03    0.00    5.02 ^ input9/A (sky130_fd_sc_hd__clkbuf_2)
                  0.20    0.28    5.30 ^ input9/X (sky130_fd_sc_hd__clkbuf_2)
     5    0.02                           net9 (net)
                  0.20    0.00    5.30 ^ fanout37/A (sky130_fd_sc_hd__buf_4)
                  0.25    0.41    5.71 ^ fanout37/X (sky130_fd_sc_hd__buf_4)
    10    0.05                           net37 (net)
                  0.25    0.00    5.72 ^ _441_/RESET_B (sky130_fd_sc_hd__dfrtp_1)
                                  5.72   data arrival time

                         25.00   25.00   clock clk (rise edge)
                          0.00   25.00   clock source latency
                  0.11    0.07   25.07 ^ clk (in)
     1    0.01                           clk (net)
                  0.11    0.00   25.07 ^ clkbuf_0_clk/A (sky130_fd_sc_hd__clkbuf_16)
                  0.07    0.23   25.29 ^ clkbuf_0_clk/X (sky130_fd_sc_hd__clkbuf_16)
     2    0.02                           clknet_0_clk (net)
                  0.07    0.00   25.29 ^ clkbuf_1_1__f_clk/A (sky130_fd_sc_hd__clkbuf_16)
                  0.07    0.21   25.50 ^ clkbuf_1_1__f_clk/X (sky130_fd_sc_hd__clkbuf_16)
     6    0.02                           clknet_1_1__leaf_clk (net)
                  0.07    0.00   25.50 ^ _441_/CLK (sky130_fd_sc_hd__dfrtp_1)
                         -0.25   25.25   clock uncertainty
                          0.00   25.25   clock reconvergence pessimism
                          0.40   25.65   library recovery time
                                 25.65   data required time
-----------------------------------------------------------------------------
                                 25.65   data required time
                                 -5.72   data arrival time
-----------------------------------------------------------------------------
                                 19.93   slack (MET)


Startpoint: scale[2] (input port clocked by clk)
Endpoint: _440_ (rising edge-triggered flip-flop clocked by clk)
Path Group: clk
Path Type: max
Corner: Slowest

Fanout     Cap    Slew   Delay    Time   Description
-----------------------------------------------------------------------------
                          0.00    0.00   clock clk (rise edge)
                          0.00    0.00   clock network delay (propagated)
                          5.00    5.00 ^ input external delay
                  0.04    0.02    5.02 ^ scale[2] (in)
     1    0.00                           scale[2] (net)
                  0.04    0.00    5.02 ^ input12/A (sky130_fd_sc_hd__clkbuf_2)
                  0.28    0.34    5.36 ^ input12/X (sky130_fd_sc_hd__clkbuf_2)
     7    0.03                           net12 (net)
                  0.28    0.00    5.37 ^ _258_/A (sky130_fd_sc_hd__buf_2)
                  0.32    0.49    5.86 ^ _258_/X (sky130_fd_sc_hd__buf_2)
    10    0.04                           _206_ (net)
                  0.32    0.00    5.86 ^ _319_/B (sky130_fd_sc_hd__nand4_2)
                  0.26    0.37    6.24 v _319_/Y (sky130_fd_sc_hd__nand4_2)
     3    0.01                           _061_ (net)
                  0.26    0.00    6.24 v _330_/A1 (sky130_fd_sc_hd__a21o_1)
                  0.08    0.41    6.65 v _330_/X (sky130_fd_sc_hd__a21o_1)
     2    0.01                           _072_ (net)
                  0.08    0.00    6.65 v _335_/A2 (sky130_fd_sc_hd__a21o_1)
                  0.12    0.40    7.05 v _335_/X (sky130_fd_sc_hd__a21o_1)
     3    0.01                           _077_ (net)
                  0.12    0.00    7.05 v _353_/A2 (sky130_fd_sc_hd__a21o_1)
                  0.09    0.39    7.44 v _353_/X (sky130_fd_sc_hd__a21o_1)
     2    0.01                           _095_ (net)
                  0.09    0.00    7.44 v _354_/C (sky130_fd_sc_hd__and3_1)
                  0.18    0.51    7.95 v _354_/X (sky130_fd_sc_hd__and3_1)
     4    0.02                           _096_ (net)
                  0.18    0.00    7.95 v _363_/B1 (sky130_fd_sc_hd__o2bb2a_1)
                  0.14    0.76    8.71 v _363_/X (sky130_fd_sc_hd__o2bb2a_1)
     2    0.01                           _105_ (net)
                  0.14    0.00    8.71 v _364_/B (sky130_fd_sc_hd__nor2_1)
                  0.31    0.33    9.04 ^ _364_/Y (sky130_fd_sc_hd__nor2_1)
     3    0.01                           _106_ (net)
                  0.31    0.00    9.04 ^ _368_/C (sky130_fd_sc_hd__and4_1)
                  0.14    0.52    9.56 ^ _368_/X (sky130_fd_sc_hd__and4_1)
     2    0.01                           _110_ (net)
                  0.14    0.00    9.56 ^ _377_/A1 (sky130_fd_sc_hd__a21o_1)
                  0.14    0.30    9.87 ^ _377_/X (sky130_fd_sc_hd__a21o_1)
     2    0.01                           _119_ (net)
                  0.14    0.00    9.87 ^ _392_/B (sky130_fd_sc_hd__xnor2_1)
                  0.11    0.16   10.03 v _392_/Y (sky130_fd_sc_hd__xnor2_1)
     2    0.00                           _134_ (net)
                  0.11    0.00   10.03 v _408_/A (sky130_fd_sc_hd__or4b_1)
                  0.18    1.28   11.31 v _408_/X (sky130_fd_sc_hd__or4b_1)
     1    0.00                           _150_ (net)
                  0.18    0.00   11.31 v _409_/A3 (sky130_fd_sc_hd__o31a_1)
                  0.14    0.58   11.90 v _409_/X (sky130_fd_sc_hd__o31a_1)
     3    0.01                           _151_ (net)
                  0.14    0.00   11.90 v _410_/B1 (sky130_fd_sc_hd__a31o_1)
                  0.12    0.43   12.33 v _410_/X (sky130_fd_sc_hd__a31o_1)
     1    0.01                           _152_ (net)
                  0.12    0.00   12.33 v _411_/B2 (sky130_fd_sc_hd__a22o_1)
                  0.08    0.40   12.73 v _411_/X (sky130_fd_sc_hd__a22o_1)
     1    0.00                           _001_ (net)
                  0.08    0.00   12.73 v _440_/D (sky130_fd_sc_hd__dfrtp_1)
                                 12.73   data arrival time

                         25.00   25.00   clock clk (rise edge)
                          0.00   25.00   clock source latency
                  0.11    0.07   25.07 ^ clk (in)
     1    0.01                           clk (net)
                  0.11    0.00   25.07 ^ clkbuf_0_clk/A (sky130_fd_sc_hd__clkbuf_16)
                  0.07    0.23   25.29 ^ clkbuf_0_clk/X (sky130_fd_sc_hd__clkbuf_16)
     2    0.02                           clknet_0_clk (net)
                  0.07    0.00   25.29 ^ clkbuf_1_0__f_clk/A (sky130_fd_sc_hd__clkbuf_16)
                  0.08    0.22   25.51 ^ clkbuf_1_0__f_clk/X (sky130_fd_sc_hd__clkbuf_16)
     8    0.03                           clknet_1_0__leaf_clk (net)
                  0.08    0.00   25.52 ^ _440_/CLK (sky130_fd_sc_hd__dfrtp_1)
                         -0.25   25.27   clock uncertainty
                          0.00   25.27   clock reconvergence pessimism
                         -0.28   24.99   library setup time
                                 24.99   data required time
-----------------------------------------------------------------------------
                                 24.99   data required time
                                -12.73   data arrival time
-----------------------------------------------------------------------------
                                 12.26   slack (MET)



======================= Typical Corner ===================================

Startpoint: rst_n (input port clocked by clk)
Endpoint: _441_ (recovery check against rising-edge clock clk)
Path Group: asynchronous
Path Type: max
Corner: Typical

Fanout     Cap    Slew   Delay    Time   Description
-----------------------------------------------------------------------------
                          0.00    0.00   clock clk (rise edge)
                          0.00    0.00   clock network delay (propagated)
                          5.00    5.00 ^ input external delay
                  0.02    0.01    5.01 ^ rst_n (in)
     1    0.00                           rst_n (net)
                  0.02    0.00    5.01 ^ input9/A (sky130_fd_sc_hd__clkbuf_2)
                  0.13    0.17    5.18 ^ input9/X (sky130_fd_sc_hd__clkbuf_2)
     5    0.02                           net9 (net)
                  0.13    0.00    5.18 ^ fanout37/A (sky130_fd_sc_hd__buf_4)
                  0.16    0.24    5.42 ^ fanout37/X (sky130_fd_sc_hd__buf_4)
    10    0.06                           net37 (net)
                  0.16    0.00    5.42 ^ _441_/RESET_B (sky130_fd_sc_hd__dfrtp_1)
                                  5.42   data arrival time

                         25.00   25.00   clock clk (rise edge)
                          0.00   25.00   clock source latency
                  0.07    0.04   25.04 ^ clk (in)
     1    0.01                           clk (net)
                  0.07    0.00   25.04 ^ clkbuf_0_clk/A (sky130_fd_sc_hd__clkbuf_16)
                  0.04    0.13   25.17 ^ clkbuf_0_clk/X (sky130_fd_sc_hd__clkbuf_16)
     2    0.02                           clknet_0_clk (net)
                  0.04    0.00   25.17 ^ clkbuf_1_1__f_clk/A (sky130_fd_sc_hd__clkbuf_16)
                  0.04    0.12   25.29 ^ clkbuf_1_1__f_clk/X (sky130_fd_sc_hd__clkbuf_16)
     6    0.02                           clknet_1_1__leaf_clk (net)
                  0.04    0.00   25.29 ^ _441_/CLK (sky130_fd_sc_hd__dfrtp_1)
                         -0.25   25.04   clock uncertainty
                          0.00   25.04   clock reconvergence pessimism
                          0.20   25.24   library recovery time
                                 25.24   data required time
-----------------------------------------------------------------------------
                                 25.24   data required time
                                 -5.42   data arrival time
-----------------------------------------------------------------------------
                                 19.82   slack (MET)


Startpoint: scale[2] (input port clocked by clk)
Endpoint: _440_ (rising edge-triggered flip-flop clocked by clk)
Path Group: clk
Path Type: max
Corner: Typical

Fanout     Cap    Slew   Delay    Time   Description
-----------------------------------------------------------------------------
                          0.00    0.00   clock clk (rise edge)
                          0.00    0.00   clock network delay (propagated)
                          5.00    5.00 v input external delay
                  0.01    0.01    5.01 v scale[2] (in)
     1    0.00                           scale[2] (net)
                  0.01    0.00    5.01 v input12/A (sky130_fd_sc_hd__clkbuf_2)
                  0.12    0.17    5.18 v input12/X (sky130_fd_sc_hd__clkbuf_2)
     7    0.03                           net12 (net)
                  0.12    0.00    5.18 v _258_/A (sky130_fd_sc_hd__buf_2)
                  0.10    0.23    5.41 v _258_/X (sky130_fd_sc_hd__buf_2)
    10    0.04                           _206_ (net)
                  0.10    0.00    5.41 v _287_/A1 (sky130_fd_sc_hd__a22o_1)
                  0.07    0.27    5.68 v _287_/X (sky130_fd_sc_hd__a22o_1)
     3    0.01                           _029_ (net)
                  0.07    0.00    5.68 v _301_/A2 (sky130_fd_sc_hd__a21o_1)
                  0.05    0.21    5.89 v _301_/X (sky130_fd_sc_hd__a21o_1)
     2    0.01                           _043_ (net)
                  0.05    0.00    5.89 v _306_/A2 (sky130_fd_sc_hd__a21o_1)
                  0.06    0.21    6.10 v _306_/X (sky130_fd_sc_hd__a21o_1)
     3    0.01                           _048_ (net)
                  0.06    0.00    6.10 v _324_/A2 (sky130_fd_sc_hd__a21o_1)
                  0.04    0.20    6.30 v _324_/X (sky130_fd_sc_hd__a21o_1)
     2    0.01                           _066_ (net)
                  0.04    0.00    6.30 v _325_/C (sky130_fd_sc_hd__and3_2)
                  0.07    0.26    6.56 v _325_/X (sky130_fd_sc_hd__and3_2)
     4    0.02                           _067_ (net)
                  0.07    0.00    6.56 v _340_/A (sky130_fd_sc_hd__nor3b_1)
                  0.34    0.35    6.91 ^ _340_/Y (sky130_fd_sc_hd__nor3b_1)
     3    0.01                           _082_ (net)
                  0.34    0.00    6.91 ^ _342_/A (sky130_fd_sc_hd__nor2_1)
                  0.10    0.15    7.06 v _342_/Y (sky130_fd_sc_hd__nor2_1)
     3    0.01                           _084_ (net)
                  0.10    0.00    7.06 v _376_/A1 (sky130_fd_sc_hd__a31o_1)
                  0.04    0.21    7.27 v _376_/X (sky130_fd_sc_hd__a31o_1)
     1    0.00                           _118_ (net)
                  0.04    0.00    7.27 v _377_/B1 (sky130_fd_sc_hd__a21o_1)
                  0.06    0.18    7.45 v _377_/X (sky130_fd_sc_hd__a21o_1)
     2    0.01                           _119_ (net)
                  0.06    0.00    7.45 v _379_/A2 (sky130_fd_sc_hd__a21oi_1)
                  0.26    0.27    7.73 ^ _379_/Y (sky130_fd_sc_hd__a21oi_1)
     2    0.01                           _121_ (net)
                  0.26    0.00    7.73 ^ _380_/S (sky130_fd_sc_hd__mux2_1)
                  0.08    0.40    8.13 v _380_/X (sky130_fd_sc_hd__mux2_1)
     2    0.01                           _122_ (net)
                  0.08    0.00    8.13 v _409_/A1 (sky130_fd_sc_hd__o31a_1)
                  0.07    0.35    8.48 v _409_/X (sky130_fd_sc_hd__o31a_1)
     3    0.01                           _151_ (net)
                  0.07    0.00    8.48 v _410_/B1 (sky130_fd_sc_hd__a31o_1)
                  0.06    0.23    8.71 v _410_/X (sky130_fd_sc_hd__a31o_1)
     1    0.01                           _152_ (net)
                  0.06    0.00    8.71 v _411_/B2 (sky130_fd_sc_hd__a22o_1)
                  0.04    0.21    8.93 v _411_/X (sky130_fd_sc_hd__a22o_1)
     1    0.00                           _001_ (net)
                  0.04    0.00    8.93 v _440_/D (sky130_fd_sc_hd__dfrtp_1)
                                  8.93   data arrival time

                         25.00   25.00   clock clk (rise edge)
                          0.00   25.00   clock source latency
                  0.07    0.04   25.04 ^ clk (in)
     1    0.01                           clk (net)
                  0.07    0.00   25.04 ^ clkbuf_0_clk/A (sky130_fd_sc_hd__clkbuf_16)
                  0.04    0.13   25.17 ^ clkbuf_0_clk/X (sky130_fd_sc_hd__clkbuf_16)
     2    0.02                           clknet_0_clk (net)
                  0.04    0.00   25.17 ^ clkbuf_1_0__f_clk/A (sky130_fd_sc_hd__clkbuf_16)
                  0.05    0.13   25.30 ^ clkbuf_1_0__f_clk/X (sky130_fd_sc_hd__clkbuf_16)
     8    0.03                           clknet_1_0__leaf_clk (net)
                  0.05    0.00   25.30 ^ _440_/CLK (sky130_fd_sc_hd__dfrtp_1)
                         -0.25   25.05   clock uncertainty
                          0.00   25.05   clock reconvergence pessimism
                         -0.11   24.94   library setup time
                                 24.94   data required time
-----------------------------------------------------------------------------
                                 24.94   data required time
                                 -8.93   data arrival time
-----------------------------------------------------------------------------
                                 16.01   slack (MET)




===========================================================================
report_checks --slack_max -0.01
============================================================================
======================= Fastest Corner ===================================

No paths found.

======================= Slowest Corner ===================================

No paths found.

======================= Typical Corner ===================================

No paths found.


===========================================================================
 report_check_types -max_slew -max_cap -max_fanout -violators
============================================================================
======================= Fastest Corner ===================================


======================= Slowest Corner ===================================


======================= Typical Corner ===================================



===========================================================================
report_parasitic_annotation -report_unannotated
============================================================================
Found 1 unannotated drivers.
 round_mode
Found 0 partially unannotated drivers.

===========================================================================
max slew violation count 0
max fanout violation count 0
max cap violation count 0
============================================================================

===========================================================================
check_setup -verbose -unconstrained_endpoints -multiple_clock -no_clock -no_input_delay -loops -generated_clocks
===========================================================================
