OpenROAD 41a51eaf4ca2171c92ff38afb91eb37bbd3f36da 
This program is licensed under the BSD-3 license. See the LICENSE file for details.
Components of this program may be licensed under more restrictive licenses which must be honored.
[INFO]: Reading ODB at '/home/ugunt/projects/ai-accelerator-verification/rung5-attention/openlane/runs/RUN_2026.08.07_18.35.37/tmp/routing/17-diodes.odb'…
define_corners Typical
read_liberty -corner Typical /home/ugunt/.ciel/sky130A/libs.ref/sky130_fd_sc_hd/lib/sky130_fd_sc_hd__tt_025C_1v80.lib
Using 1e-12 for capacitance...
Using 1e+03 for resistance...
Using 1e-09 for time...
Using 1e+00 for voltage...
Using 1e-03 for current...
Using 1e-09 for power...
Using 1e-06 for distance...
Reading design constraints file at '/home/ugunt/projects/ai-accelerator-verification/rung5-attention/openlane/runs/RUN_2026.08.07_18.35.37/tmp/15-attention.sdc'…
Placement Analysis
---------------------------------
total displacement     161741.1 u
average displacement        1.4 u
max displacement           30.4 u
original HPWL         2246189.3 u
legalized HPWL        2313979.3 u
delta HPWL                    3 %

[INFO DPL-0020] Mirrored 34423 instances
[INFO DPL-0021] HPWL before          2313979.3 u
[INFO DPL-0022] HPWL after           2265665.8 u
[INFO DPL-0023] HPWL delta               -2.1 %
Setting global connections for newly added cells…
Writing OpenROAD database to '/home/ugunt/projects/ai-accelerator-verification/rung5-attention/openlane/runs/RUN_2026.08.07_18.35.37/tmp/routing/./17-diodes_legalized.odb'…
Writing netlist to '/home/ugunt/projects/ai-accelerator-verification/rung5-attention/openlane/runs/RUN_2026.08.07_18.35.37/tmp/routing/./17-diodes_legalized.nl.v'…
Writing powered netlist to '/home/ugunt/projects/ai-accelerator-verification/rung5-attention/openlane/runs/RUN_2026.08.07_18.35.37/tmp/routing/./17-diodes_legalized.pnl.v'…
Writing layout to '/home/ugunt/projects/ai-accelerator-verification/rung5-attention/openlane/runs/RUN_2026.08.07_18.35.37/tmp/routing/./17-diodes_legalized.def'…
