OpenROAD 41a51eaf4ca2171c92ff38afb91eb37bbd3f36da 
This program is licensed under the BSD-3 license. See the LICENSE file for details.
Components of this program may be licensed under more restrictive licenses which must be honored.
[INFO]: Reading ODB at '/home/ugunt/projects/ai-accelerator-verification/rung5-attention/openlane/runs/RUN_2026.08.07_18.35.37/tmp/routing/22-fill.odb'…
define_corners Typical
read_liberty -corner Typical /home/ugunt/.ciel/sky130A/libs.ref/sky130_fd_sc_hd/lib/sky130_fd_sc_hd__tt_025C_1v80.lib
Using 1e-12 for capacitance...
Using 1e+03 for resistance...
Using 1e-09 for time...
Using 1e+00 for voltage...
Using 1e-03 for current...
Using 1e-09 for power...
Using 1e-06 for distance...
Reading design constraints file at '/home/ugunt/projects/ai-accelerator-verification/rung5-attention/openlane/runs/RUN_2026.08.07_18.35.37/tmp/15-attention.sdc'…
[INFO ORD-0030] Using 8 thread(s).
[INFO DRT-0149] Reading tech and libs.

Units:                1000
Number of layers:     13
Number of macros:     441
Number of vias:       25
Number of viarulegen: 25

[INFO DRT-0150] Reading design.

Design:                   attention
Die area:                 ( 0 0 ) ( 1171195 1181915 )
Number of track patterns: 12
Number of DEF vias:       0
Number of components:     224947
Number of terminals:      269
Number of snets:          2
Number of nets:           60967

[INFO DRT-0167] List of default vias:
  Layer mcon
    default via: L1M1_PR
  Layer via
    default via: M1M2_PR
  Layer via2
    default via: M2M3_PR
  Layer via3
    default via: M3M4_PR
  Layer via4
    default via: M4M5_PR
[INFO DRT-0162] Library cell analysis.
[INFO DRT-0163] Instance analysis.
  Complete 10000 instances.
  Complete 20000 instances.
  Complete 30000 instances.
  Complete 40000 instances.
  Complete 50000 instances.
  Complete 60000 instances.
  Complete 70000 instances.
  Complete 80000 instances.
  Complete 90000 instances.
  Complete 100000 instances.
  Complete 200000 instances.
[INFO DRT-0164] Number of unique instances = 425.
[INFO DRT-0168] Init region query.
[INFO DRT-0018]   Complete 10000 insts.
[INFO DRT-0018]   Complete 20000 insts.
[INFO DRT-0018]   Complete 30000 insts.
[INFO DRT-0018]   Complete 40000 insts.
[INFO DRT-0018]   Complete 50000 insts.
[INFO DRT-0018]   Complete 60000 insts.
[INFO DRT-0018]   Complete 70000 insts.
[INFO DRT-0018]   Complete 80000 insts.
[INFO DRT-0018]   Complete 90000 insts.
[INFO DRT-0019]   Complete 100000 insts.
[INFO DRT-0019]   Complete 200000 insts.
[INFO DRT-0024]   Complete FR_MASTERSLICE.
[INFO DRT-0024]   Complete licon.
[INFO DRT-0024]   Complete li1.
[INFO DRT-0024]   Complete mcon.
[INFO DRT-0024]   Complete met1.
[INFO DRT-0024]   Complete via.
[INFO DRT-0024]   Complete met2.
[INFO DRT-0024]   Complete via2.
[INFO DRT-0024]   Complete met3.
[INFO DRT-0024]   Complete via3.
[INFO DRT-0024]   Complete met4.
[INFO DRT-0024]   Complete via4.
[INFO DRT-0024]   Complete met5.
[INFO DRT-0033] FR_MASTERSLICE shape region query size = 0.
[INFO DRT-0033] licon shape region query size = 0.
[INFO DRT-0033] li1 shape region query size = 2383800.
[INFO DRT-0033] mcon shape region query size = 491352.
[INFO DRT-0033] met1 shape region query size = 567407.
[INFO DRT-0033] via shape region query size = 17080.
[INFO DRT-0033] met2 shape region query size = 10385.
[INFO DRT-0033] via2 shape region query size = 13664.
[INFO DRT-0033] met3 shape region query size = 10378.
[INFO DRT-0033] via3 shape region query size = 13664.
[INFO DRT-0033] met4 shape region query size = 3576.
[INFO DRT-0033] via4 shape region query size = 128.
[INFO DRT-0033] met5 shape region query size = 160.
[INFO DRT-0165] Start pin access.
[INFO DRT-0076]   Complete 100 pins.
[INFO DRT-0076]   Complete 200 pins.
[INFO DRT-0076]   Complete 300 pins.
[INFO DRT-0076]   Complete 400 pins.
[INFO DRT-0076]   Complete 500 pins.
[INFO DRT-0076]   Complete 600 pins.
[INFO DRT-0076]   Complete 700 pins.
[INFO DRT-0076]   Complete 800 pins.
[INFO DRT-0076]   Complete 900 pins.
[INFO DRT-0077]   Complete 1000 pins.
[INFO DRT-0078]   Complete 1777 pins.
[INFO DRT-0079]   Complete 100 unique inst patterns.
[INFO DRT-0079]   Complete 200 unique inst patterns.
[INFO DRT-0079]   Complete 300 unique inst patterns.
[INFO DRT-0079]   Complete 400 unique inst patterns.
[INFO DRT-0081]   Complete 407 unique inst patterns.
[INFO DRT-0082]   Complete 1000 groups.
[INFO DRT-0082]   Complete 2000 groups.
[INFO DRT-0082]   Complete 3000 groups.
[INFO DRT-0082]   Complete 4000 groups.
[INFO DRT-0082]   Complete 5000 groups.
[INFO DRT-0082]   Complete 6000 groups.
[INFO DRT-0082]   Complete 7000 groups.
[INFO DRT-0082]   Complete 8000 groups.
[INFO DRT-0082]   Complete 9000 groups.
[INFO DRT-0083]   Complete 10000 groups.
[INFO DRT-0083]   Complete 20000 groups.
[INFO DRT-0083]   Complete 30000 groups.
[INFO DRT-0083]   Complete 40000 groups.
[INFO DRT-0083]   Complete 50000 groups.
[INFO DRT-0083]   Complete 60000 groups.
[INFO DRT-0084]   Complete 67848 groups.
#scanned instances     = 224947
#unique  instances     = 425
#stdCellGenAp          = 13020
#stdCellValidPlanarAp  = 102
#stdCellValidViaAp     = 9971
#stdCellPinNoAp        = 0
#stdCellPinCnt         = 196207
#instTermValidViaApCnt = 0
#macroGenAp            = 0
#macroValidPlanarAp    = 0
#macroValidViaAp       = 0
#macroNoAp             = 0
[INFO DRT-0166] Complete pin access.
[INFO DRT-0267] cpu time = 00:14:54, elapsed time = 00:01:52, memory = 997.57 (MB), peak = 1039.92 (MB)
[INFO DRT-0156] guideIn read 100000 guides.
[INFO DRT-0156] guideIn read 200000 guides.
[INFO DRT-0156] guideIn read 300000 guides.
[INFO DRT-0156] guideIn read 400000 guides.
[INFO DRT-0156] guideIn read 500000 guides.

Number of guides:     518787

[INFO DRT-0169] Post process guides.
[INFO DRT-0176] GCELLGRID X 0 DO 169 STEP 6900 ;
[INFO DRT-0177] GCELLGRID Y 0 DO 171 STEP 6900 ;
[INFO DRT-0026]   Complete 10000 origin guides.
[INFO DRT-0026]   Complete 20000 origin guides.
[INFO DRT-0026]   Complete 30000 origin guides.
[INFO DRT-0026]   Complete 40000 origin guides.
[INFO DRT-0026]   Complete 50000 origin guides.
[INFO DRT-0026]   Complete 60000 origin guides.
[INFO DRT-0026]   Complete 70000 origin guides.
[INFO DRT-0026]   Complete 80000 origin guides.
[INFO DRT-0026]   Complete 90000 origin guides.
[INFO DRT-0027]   Complete 100000 origin guides.
[INFO DRT-0027]   Complete 200000 origin guides.
[INFO DRT-0027]   Complete 300000 origin guides.
[INFO DRT-0027]   Complete 400000 origin guides.
[INFO DRT-0027]   Complete 500000 origin guides.
[INFO DRT-0028]   Complete FR_MASTERSLICE.
[INFO DRT-0028]   Complete licon.
[INFO DRT-0028]   Complete li1.
[INFO DRT-0028]   Complete mcon.
[INFO DRT-0028]   Complete met1.
[INFO DRT-0028]   Complete via.
[INFO DRT-0028]   Complete met2.
[INFO DRT-0028]   Complete via2.
[INFO DRT-0028]   Complete met3.
[INFO DRT-0028]   Complete via3.
[INFO DRT-0028]   Complete met4.
[INFO DRT-0028]   Complete via4.
[INFO DRT-0028]   Complete met5.
  complete 10000 nets.
  complete 20000 nets.
  complete 30000 nets.
  complete 40000 nets.
  complete 50000 nets.
  complete 60000 nets.
[INFO DRT-0178] Init guide query.
[INFO DRT-0029]   Complete 10000 nets (guide).
[INFO DRT-0029]   Complete 20000 nets (guide).
[INFO DRT-0029]   Complete 30000 nets (guide).
[INFO DRT-0029]   Complete 40000 nets (guide).
[INFO DRT-0029]   Complete 50000 nets (guide).
[INFO DRT-0029]   Complete 60000 nets (guide).
[INFO DRT-0035]   Complete FR_MASTERSLICE (guide).
[INFO DRT-0035]   Complete licon (guide).
[INFO DRT-0035]   Complete li1 (guide).
[INFO DRT-0035]   Complete mcon (guide).
[INFO DRT-0035]   Complete met1 (guide).
[INFO DRT-0035]   Complete via (guide).
[INFO DRT-0035]   Complete met2 (guide).
[INFO DRT-0035]   Complete via2 (guide).
[INFO DRT-0035]   Complete met3 (guide).
[INFO DRT-0035]   Complete via3 (guide).
[INFO DRT-0035]   Complete met4 (guide).
[INFO DRT-0035]   Complete via4 (guide).
[INFO DRT-0035]   Complete met5 (guide).
[INFO DRT-0036] FR_MASTERSLICE guide region query size = 0.
[INFO DRT-0036] licon guide region query size = 0.
[INFO DRT-0036] li1 guide region query size = 179219.
[INFO DRT-0036] mcon guide region query size = 0.
[INFO DRT-0036] met1 guide region query size = 139936.
[INFO DRT-0036] via guide region query size = 0.
[INFO DRT-0036] met2 guide region query size = 73765.
[INFO DRT-0036] via2 guide region query size = 0.
[INFO DRT-0036] met3 guide region query size = 6624.
[INFO DRT-0036] via3 guide region query size = 0.
[INFO DRT-0036] met4 guide region query size = 2560.
[INFO DRT-0036] via4 guide region query size = 0.
[INFO DRT-0036] met5 guide region query size = 95.
[INFO DRT-0179] Init gr pin query.
[INFO DRT-0245] skipped writing guide updates to database.
[INFO DRT-0185] Post process initialize RPin region query.
[INFO DRT-0181] Start track assignment.
[INFO DRT-0184] Done with 255544 vertical wires in 4 frboxes and 146655 horizontal wires in 4 frboxes.
[INFO DRT-0186] Done with 28836 vertical wires in 4 frboxes and 51828 horizontal wires in 4 frboxes.
[INFO DRT-0182] Complete track assignment.
[INFO DRT-0267] cpu time = 00:00:47, elapsed time = 00:00:16, memory = 1154.42 (MB), peak = 1892.29 (MB)
[INFO DRT-0187] Start routing data preparation.
[INFO DRT-0267] cpu time = 00:00:00, elapsed time = 00:00:00, memory = 1245.67 (MB), peak = 1892.29 (MB)
[INFO DRT-0194] Start detail routing.
[INFO DRT-0195] Start 0th optimization iteration.
    Completing 10% with 0 violations.
    elapsed time = 00:00:41, memory = 2822.09 (MB).
    Completing 20% with 0 violations.
    elapsed time = 00:01:16, memory = 4346.07 (MB).
    Completing 30% with 13605 violations.
    elapsed time = 00:01:49, memory = 2699.71 (MB).
    Completing 40% with 13605 violations.
    elapsed time = 00:02:37, memory = 3836.43 (MB).
    Completing 50% with 13605 violations.
    elapsed time = 00:03:29, memory = 5067.59 (MB).
    Completing 60% with 29299 violations.
    elapsed time = 00:04:31, memory = 3104.47 (MB).
    Completing 70% with 29299 violations.
    elapsed time = 00:05:21, memory = 4461.53 (MB).
    Completing 80% with 43659 violations.
    elapsed time = 00:06:14, memory = 2599.00 (MB).
    Completing 90% with 43659 violations.
    elapsed time = 00:07:21, memory = 4179.29 (MB).
    Completing 100% with 59674 violations.
    elapsed time = 00:08:19, memory = 2375.55 (MB).
[INFO DRT-0199]   Number of violations = 76004.
Viol/Layer         li1   mcon   met1    via   met2   met3   via3   met4   via4   met5
Cut Spacing          0     40      0      1      0      0      0      0      0      0
Metal Spacing      930      0   7907      0   1380    101      0     27      0      0
Min Hole             0      0     40      0      2      0      0      0      0      0
NS Metal            16      0      7      0      0      0      0      0      0      0
Recheck             16      0   9359      0   5151   1559      0    240      0      5
Short                0      3  41616     19   7385    175      2     22      1      0
[INFO DRT-0267] cpu time = 01:04:03, elapsed time = 00:08:21, memory = 2685.30 (MB), peak = 5378.77 (MB)
Total wire length = 2957090 um.
Total wire length on LAYER li1 = 0 um.
Total wire length on LAYER met1 = 1287506 um.
Total wire length on LAYER met2 = 1215006 um.
Total wire length on LAYER met3 = 289799 um.
Total wire length on LAYER met4 = 156385 um.
Total wire length on LAYER met5 = 8393 um.
Total number of vias = 505884.
Up-via summary (total 505884):.

-------------------------
 FR_MASTERSLICE         0
            li1    234633
           met1    253853
           met2     12908
           met3      4339
           met4       151
-------------------------
                   505884


[INFO DRT-0195] Start 1st optimization iteration.
    Completing 10% with 76004 violations.
    elapsed time = 00:00:41, memory = 3508.79 (MB).
    Completing 20% with 76004 violations.
    elapsed time = 00:01:27, memory = 4705.74 (MB).
    Completing 30% with 68347 violations.
    elapsed time = 00:02:09, memory = 2437.09 (MB).
    Completing 40% with 68347 violations.
    elapsed time = 00:03:13, memory = 3818.82 (MB).
    Completing 50% with 68347 violations.
    elapsed time = 00:04:01, memory = 5202.59 (MB).
    Completing 60% with 59304 violations.
    elapsed time = 00:04:53, memory = 3198.47 (MB).
    Completing 70% with 59304 violations.
    elapsed time = 00:05:34, memory = 4575.57 (MB).
    Completing 80% with 51573 violations.
    elapsed time = 00:06:13, memory = 2829.56 (MB).
    Completing 90% with 51573 violations.
    elapsed time = 00:07:00, memory = 4048.30 (MB).
    Completing 100% with 43565 violations.
    elapsed time = 00:07:43, memory = 2425.08 (MB).
[INFO DRT-0199]   Number of violations = 48843.
Viol/Layer         li1   mcon   met1    via   met2   via2   met3   met4
Cut Spacing          0     69      0      0      0      2      0      0
Metal Spacing        2      0   4972      0    926      0     73      9
Min Hole             0      0     12      0      0      0      0      0
Recheck              0      0    447      0      6      0   3645   1180
Short                0      0  33625      2   3699      0    154     20
[INFO DRT-0267] cpu time = 00:58:34, elapsed time = 00:07:45, memory = 2715.58 (MB), peak = 5378.77 (MB)
Total wire length = 2938860 um.
Total wire length on LAYER li1 = 0 um.
Total wire length on LAYER met1 = 1277647 um.
Total wire length on LAYER met2 = 1205339 um.
Total wire length on LAYER met3 = 292288 um.
Total wire length on LAYER met4 = 155419 um.
Total wire length on LAYER met5 = 8165 um.
Total number of vias = 505561.
Up-via summary (total 505561):.

-------------------------
 FR_MASTERSLICE         0
            li1    234530
           met1    252996
           met2     13683
           met3      4217
           met4       135
-------------------------
                   505561


[INFO DRT-0195] Start 2nd optimization iteration.
    Completing 10% with 48843 violations.
    elapsed time = 00:00:40, memory = 3573.56 (MB).
    Completing 20% with 48843 violations.
    elapsed time = 00:01:16, memory = 4752.11 (MB).
    Completing 30% with 47098 violations.
    elapsed time = 00:01:44, memory = 2463.40 (MB).
    Completing 40% with 47098 violations.
    elapsed time = 00:02:22, memory = 3818.81 (MB).
    Completing 50% with 47098 violations.
    elapsed time = 00:02:57, memory = 5190.79 (MB).
    Completing 60% with 45691 violations.
    elapsed time = 00:03:42, memory = 3351.43 (MB).
    Completing 70% with 45691 violations.
    elapsed time = 00:04:16, memory = 4702.70 (MB).
    Completing 80% with 43576 violations.
    elapsed time = 00:04:55, memory = 2751.71 (MB).
    Completing 90% with 43576 violations.
    elapsed time = 00:05:36, memory = 4141.90 (MB).
    Completing 100% with 40727 violations.
    elapsed time = 00:06:15, memory = 1977.07 (MB).
[INFO DRT-0199]   Number of violations = 45540.
Viol/Layer        mcon   met1   met2   met3   met4   met5
Cut Spacing         60      0      0      0      0      0
Metal Spacing        0   4771    865     55      7      1
Min Hole             0     12      1      0      0      0
Recheck              0    447      2   3766    598      0
Short                0  31317   3499    126     13      0
[INFO DRT-0267] cpu time = 00:47:40, elapsed time = 00:06:17, memory = 2340.70 (MB), peak = 5408.59 (MB)
Total wire length = 2931965 um.
Total wire length on LAYER li1 = 0 um.
Total wire length on LAYER met1 = 1274897 um.
Total wire length on LAYER met2 = 1202865 um.
Total wire length on LAYER met3 = 291317 um.
Total wire length on LAYER met4 = 154875 um.
Total wire length on LAYER met5 = 8009 um.
Total number of vias = 504562.
Up-via summary (total 504562):.

-------------------------
 FR_MASTERSLICE         0
            li1    234529
           met1    252313
           met2     13459
           met3      4135
           met4       126
-------------------------
                   504562


[INFO DRT-0195] Start 3rd optimization iteration.
    Completing 10% with 45540 violations.
    elapsed time = 00:00:40, memory = 3482.39 (MB).
    Completing 20% with 45540 violations.
    elapsed time = 00:01:16, memory = 4821.05 (MB).
    Completing 30% with 37205 violations.
    elapsed time = 00:01:43, memory = 2581.16 (MB).
    Completing 40% with 37205 violations.
    elapsed time = 00:02:38, memory = 4083.56 (MB).
    Completing 50% with 37205 violations.
    elapsed time = 00:03:33, memory = 5431.38 (MB).
    Completing 60% with 28345 violations.
    elapsed time = 00:04:35, memory = 3259.57 (MB).
    Completing 70% with 28345 violations.
    elapsed time = 00:05:20, memory = 4506.30 (MB).
    Completing 80% with 18433 violations.
    elapsed time = 00:06:06, memory = 2692.83 (MB).
    Completing 90% with 18433 violations.
    elapsed time = 00:07:27, memory = 4008.94 (MB).
    Completing 100% with 9443 violations.
    elapsed time = 00:08:21, memory = 2001.82 (MB).
[INFO DRT-0199]   Number of violations = 9454.
Viol/Layer        mcon   met1    via   met2   met3   met4
Cut Spacing         15      0     11      0      0      0
Metal Spacing        0   2007      0    418     28      5
Min Hole             0      6      0      2      0      0
Recheck              0      6      0      4      1      0
Short                0   6087      3    844     15      2
[INFO DRT-0267] cpu time = 01:03:52, elapsed time = 00:08:24, memory = 2204.57 (MB), peak = 5436.25 (MB)
Total wire length = 2928339 um.
Total wire length on LAYER li1 = 0 um.
Total wire length on LAYER met1 = 1181926 um.
Total wire length on LAYER met2 = 1196565 um.
Total wire length on LAYER met3 = 377019 um.
Total wire length on LAYER met4 = 164867 um.
Total wire length on LAYER met5 = 7960 um.
Total number of vias = 522273.
Up-via summary (total 522273):.

-------------------------
 FR_MASTERSLICE         0
            li1    234529
           met1    258626
           met2     23946
           met3      5048
           met4       124
-------------------------
                   522273


[INFO DRT-0195] Start 4th optimization iteration.
    Completing 10% with 9454 violations.
    elapsed time = 00:00:11, memory = 2830.62 (MB).
    Completing 20% with 9454 violations.
    elapsed time = 00:00:31, memory = 3776.07 (MB).
    Completing 30% with 7794 violations.
    elapsed time = 00:00:44, memory = 2288.32 (MB).
    Completing 40% with 7794 violations.
    elapsed time = 00:01:08, memory = 3342.33 (MB).
    Completing 50% with 7794 violations.
    elapsed time = 00:01:21, memory = 4265.68 (MB).
    Completing 60% with 6173 violations.
    elapsed time = 00:01:41, memory = 2992.84 (MB).
    Completing 70% with 6173 violations.
    elapsed time = 00:02:00, memory = 3739.27 (MB).
    Completing 80% with 4954 violations.
    elapsed time = 00:02:16, memory = 2399.16 (MB).
    Completing 90% with 4954 violations.
    elapsed time = 00:02:55, memory = 3580.09 (MB).
    Completing 100% with 3009 violations.
    elapsed time = 00:03:18, memory = 2037.40 (MB).
[INFO DRT-0199]   Number of violations = 3016.
Viol/Layer        mcon   met1   met2   met3   met4
Cut Spacing          6      0      0      0      0
Metal Spacing        0    609    149      7      0
Recheck              0      7      0      0      0
Short                0   1975    256      6      1
[INFO DRT-0267] cpu time = 00:23:28, elapsed time = 00:03:19, memory = 2096.65 (MB), peak = 5436.25 (MB)
Total wire length = 2928023 um.
Total wire length on LAYER li1 = 0 um.
Total wire length on LAYER met1 = 1176453 um.
Total wire length on LAYER met2 = 1195251 um.
Total wire length on LAYER met3 = 381944 um.
Total wire length on LAYER met4 = 166399 um.
Total wire length on LAYER met5 = 7975 um.
Total number of vias = 523049.
Up-via summary (total 523049):.

-------------------------
 FR_MASTERSLICE         0
            li1    234529
           met1    258862
           met2     24385
           met3      5149
           met4       124
-------------------------
                   523049


[INFO DRT-0195] Start 5th optimization iteration.
    Completing 10% with 3016 violations.
    elapsed time = 00:00:03, memory = 2512.65 (MB).
    Completing 20% with 3016 violations.
    elapsed time = 00:00:10, memory = 2641.28 (MB).
    Completing 30% with 2599 violations.
    elapsed time = 00:00:26, memory = 2042.05 (MB).
    Completing 40% with 2599 violations.
    elapsed time = 00:00:31, memory = 2559.05 (MB).
    Completing 50% with 2599 violations.
    elapsed time = 00:00:34, memory = 2717.34 (MB).
    Completing 60% with 2433 violations.
    elapsed time = 00:00:57, memory = 2574.02 (MB).
    Completing 70% with 2433 violations.
    elapsed time = 00:01:02, memory = 2744.40 (MB).
    Completing 80% with 2161 violations.
    elapsed time = 00:01:18, memory = 2069.42 (MB).
    Completing 90% with 2161 violations.
    elapsed time = 00:01:39, memory = 2725.67 (MB).
    Completing 100% with 1796 violations.
    elapsed time = 00:01:51, memory = 2042.13 (MB).
[INFO DRT-0199]   Number of violations = 1796.
Viol/Layer        mcon   met1   met2   met3
Cut Spacing          1      0      0      0
Metal Spacing        0    303    103      4
Short                0   1218    167      0
[INFO DRT-0267] cpu time = 00:09:53, elapsed time = 00:01:51, memory = 2065.38 (MB), peak = 5436.25 (MB)
Total wire length = 2927962 um.
Total wire length on LAYER li1 = 0 um.
Total wire length on LAYER met1 = 1175445 um.
Total wire length on LAYER met2 = 1194705 um.
Total wire length on LAYER met3 = 382836 um.
Total wire length on LAYER met4 = 166977 um.
Total wire length on LAYER met5 = 7997 um.
Total number of vias = 523053.
Up-via summary (total 523053):.

-------------------------
 FR_MASTERSLICE         0
            li1    234529
           met1    258820
           met2     24426
           met3      5154
           met4       124
-------------------------
                   523053


[INFO DRT-0195] Start 6th optimization iteration.
    Completing 10% with 1796 violations.
    elapsed time = 00:00:00, memory = 2065.38 (MB).
    Completing 20% with 1796 violations.
    elapsed time = 00:00:05, memory = 2483.88 (MB).
    Completing 30% with 1647 violations.
    elapsed time = 00:00:23, memory = 2044.84 (MB).
    Completing 40% with 1647 violations.
    elapsed time = 00:00:26, memory = 2387.47 (MB).
    Completing 50% with 1647 violations.
    elapsed time = 00:00:26, memory = 2387.47 (MB).
    Completing 60% with 1561 violations.
    elapsed time = 00:00:51, memory = 2321.28 (MB).
    Completing 70% with 1561 violations.
    elapsed time = 00:00:52, memory = 2321.28 (MB).
    Completing 80% with 1455 violations.
    elapsed time = 00:01:08, memory = 2151.34 (MB).
    Completing 90% with 1455 violations.
    elapsed time = 00:01:12, memory = 2424.34 (MB).
    Completing 100% with 1261 violations.
    elapsed time = 00:01:25, memory = 2056.39 (MB).
[INFO DRT-0199]   Number of violations = 1261.
Viol/Layer        mcon   met1   met2   met3   met4
Cut Spacing          1      0      0      0      0
Metal Spacing        0    200     55      0      0
Short                0    813    180      7      5
[INFO DRT-0267] cpu time = 00:05:03, elapsed time = 00:01:25, memory = 2066.77 (MB), peak = 5436.25 (MB)
Total wire length = 2928157 um.
Total wire length on LAYER li1 = 0 um.
Total wire length on LAYER met1 = 1175151 um.
Total wire length on LAYER met2 = 1194493 um.
Total wire length on LAYER met3 = 383070 um.
Total wire length on LAYER met4 = 167454 um.
Total wire length on LAYER met5 = 7988 um.
Total number of vias = 523152.
Up-via summary (total 523152):.

-------------------------
 FR_MASTERSLICE         0
            li1    234529
           met1    258865
           met2     24450
           met3      5184
           met4       124
-------------------------
                   523152


[INFO DRT-0195] Start 7th optimization iteration.
    Completing 10% with 1261 violations.
    elapsed time = 00:00:00, memory = 2066.77 (MB).
    Completing 20% with 1261 violations.
    elapsed time = 00:00:00, memory = 2066.77 (MB).
    Completing 30% with 1085 violations.
    elapsed time = 00:00:15, memory = 2215.75 (MB).
    Completing 40% with 1085 violations.
    elapsed time = 00:00:16, memory = 2349.63 (MB).
    Completing 50% with 1085 violations.
    elapsed time = 00:00:16, memory = 2349.63 (MB).
    Completing 60% with 842 violations.
    elapsed time = 00:00:42, memory = 2175.43 (MB).
    Completing 70% with 842 violations.
    elapsed time = 00:00:42, memory = 2175.43 (MB).
    Completing 80% with 810 violations.
    elapsed time = 00:00:53, memory = 2123.53 (MB).
    Completing 90% with 810 violations.
    elapsed time = 00:00:53, memory = 2171.91 (MB).
    Completing 100% with 763 violations.
    elapsed time = 00:01:10, memory = 2124.02 (MB).
[INFO DRT-0199]   Number of violations = 763.
Viol/Layer        met1    via   met2
Cut Spacing          0      1      0
Metal Spacing      141      0     30
Short              498      0     93
[INFO DRT-0267] cpu time = 00:03:00, elapsed time = 00:01:10, memory = 2127.89 (MB), peak = 5436.25 (MB)
Total wire length = 2928030 um.
Total wire length on LAYER li1 = 0 um.
Total wire length on LAYER met1 = 1175050 um.
Total wire length on LAYER met2 = 1194031 um.
Total wire length on LAYER met3 = 383119 um.
Total wire length on LAYER met4 = 167866 um.
Total wire length on LAYER met5 = 7961 um.
Total number of vias = 523207.
Up-via summary (total 523207):.

-------------------------
 FR_MASTERSLICE         0
            li1    234529
           met1    258883
           met2     24452
           met3      5221
           met4       122
-------------------------
                   523207


[INFO DRT-0195] Start 8th optimization iteration.
    Completing 10% with 763 violations.
    elapsed time = 00:00:00, memory = 2127.89 (MB).
    Completing 20% with 763 violations.
    elapsed time = 00:00:00, memory = 2127.89 (MB).
    Completing 30% with 721 violations.
    elapsed time = 00:00:13, memory = 2129.49 (MB).
    Completing 40% with 721 violations.
    elapsed time = 00:00:13, memory = 2129.49 (MB).
    Completing 50% with 721 violations.
    elapsed time = 00:00:37, memory = 2355.30 (MB).
    Completing 60% with 711 violations.
    elapsed time = 00:00:38, memory = 2047.13 (MB).
    Completing 70% with 711 violations.
    elapsed time = 00:00:38, memory = 2047.25 (MB).
    Completing 80% with 605 violations.
    elapsed time = 00:01:04, memory = 2049.02 (MB).
    Completing 90% with 605 violations.
    elapsed time = 00:01:04, memory = 2049.02 (MB).
    Completing 100% with 555 violations.
    elapsed time = 00:01:27, memory = 2049.23 (MB).
[INFO DRT-0199]   Number of violations = 555.
Viol/Layer        met1   met2
Metal Spacing       85     12
Short              408     50
[INFO DRT-0267] cpu time = 00:03:13, elapsed time = 00:01:28, memory = 2051.73 (MB), peak = 5436.25 (MB)
Total wire length = 2927918 um.
Total wire length on LAYER li1 = 0 um.
Total wire length on LAYER met1 = 1174979 um.
Total wire length on LAYER met2 = 1193783 um.
Total wire length on LAYER met3 = 383072 um.
Total wire length on LAYER met4 = 168077 um.
Total wire length on LAYER met5 = 8006 um.
Total number of vias = 523189.
Up-via summary (total 523189):.

-------------------------
 FR_MASTERSLICE         0
            li1    234529
           met1    258878
           met2     24436
           met3      5222
           met4       124
-------------------------
                   523189


[INFO DRT-0195] Start 9th optimization iteration.
    Completing 10% with 555 violations.
    elapsed time = 00:00:00, memory = 2051.73 (MB).
    Completing 20% with 555 violations.
    elapsed time = 00:00:00, memory = 2051.73 (MB).
    Completing 30% with 511 violations.
    elapsed time = 00:01:06, memory = 2048.30 (MB).
    Completing 40% with 511 violations.
    elapsed time = 00:01:06, memory = 2048.30 (MB).
    Completing 50% with 511 violations.
    elapsed time = 00:01:45, memory = 2247.94 (MB).
    Completing 60% with 496 violations.
    elapsed time = 00:01:45, memory = 2050.23 (MB).
    Completing 70% with 496 violations.
    elapsed time = 00:01:45, memory = 2050.23 (MB).
    Completing 80% with 484 violations.
    elapsed time = 00:02:15, memory = 2051.64 (MB).
    Completing 90% with 484 violations.
    elapsed time = 00:02:15, memory = 2051.64 (MB).
    Completing 100% with 421 violations.
    elapsed time = 00:02:47, memory = 2050.88 (MB).
[INFO DRT-0199]   Number of violations = 421.
Viol/Layer        met1   met2
Metal Spacing       75     11
Short              287     48
[INFO DRT-0267] cpu time = 00:03:41, elapsed time = 00:02:47, memory = 2054.63 (MB), peak = 5436.25 (MB)
Total wire length = 2927854 um.
Total wire length on LAYER li1 = 0 um.
Total wire length on LAYER met1 = 1174996 um.
Total wire length on LAYER met2 = 1193752 um.
Total wire length on LAYER met3 = 383011 um.
Total wire length on LAYER met4 = 168088 um.
Total wire length on LAYER met5 = 8006 um.
Total number of vias = 523155.
Up-via summary (total 523155):.

-------------------------
 FR_MASTERSLICE         0
            li1    234529
           met1    258865
           met2     24436
           met3      5201
           met4       124
-------------------------
                   523155


[INFO DRT-0195] Start 10th optimization iteration.
    Completing 10% with 421 violations.
    elapsed time = 00:00:00, memory = 2054.63 (MB).
    Completing 20% with 421 violations.
    elapsed time = 00:00:00, memory = 2054.63 (MB).
    Completing 30% with 418 violations.
    elapsed time = 00:00:25, memory = 2057.57 (MB).
    Completing 40% with 418 violations.
    elapsed time = 00:00:25, memory = 2057.57 (MB).
    Completing 50% with 418 violations.
    elapsed time = 00:00:25, memory = 2057.57 (MB).
    Completing 60% with 323 violations.
    elapsed time = 00:00:43, memory = 2057.62 (MB).
    Completing 70% with 323 violations.
    elapsed time = 00:00:43, memory = 2057.62 (MB).
    Completing 80% with 282 violations.
    elapsed time = 00:00:56, memory = 2059.05 (MB).
    Completing 90% with 282 violations.
    elapsed time = 00:00:56, memory = 2059.05 (MB).
    Completing 100% with 241 violations.
    elapsed time = 00:01:39, memory = 2060.38 (MB).
[INFO DRT-0199]   Number of violations = 241.
Viol/Layer        met1   met2
Metal Spacing       51      8
Short              165     17
[INFO DRT-0267] cpu time = 00:02:09, elapsed time = 00:01:40, memory = 2060.38 (MB), peak = 5436.25 (MB)
Total wire length = 2927804 um.
Total wire length on LAYER li1 = 0 um.
Total wire length on LAYER met1 = 1174914 um.
Total wire length on LAYER met2 = 1193672 um.
Total wire length on LAYER met3 = 382992 um.
Total wire length on LAYER met4 = 168162 um.
Total wire length on LAYER met5 = 8062 um.
Total number of vias = 523160.
Up-via summary (total 523160):.

-------------------------
 FR_MASTERSLICE         0
            li1    234529
           met1    258864
           met2     24438
           met3      5203
           met4       126
-------------------------
                   523160


[INFO DRT-0195] Start 11th optimization iteration.
    Completing 10% with 241 violations.
    elapsed time = 00:00:00, memory = 2060.38 (MB).
    Completing 20% with 241 violations.
    elapsed time = 00:00:00, memory = 2060.38 (MB).
    Completing 30% with 216 violations.
    elapsed time = 00:00:07, memory = 2056.59 (MB).
    Completing 40% with 216 violations.
    elapsed time = 00:00:07, memory = 2056.59 (MB).
    Completing 50% with 216 violations.
    elapsed time = 00:00:17, memory = 2174.06 (MB).
    Completing 60% with 209 violations.
    elapsed time = 00:00:17, memory = 2052.78 (MB).
    Completing 70% with 209 violations.
    elapsed time = 00:00:17, memory = 2052.78 (MB).
    Completing 80% with 158 violations.
    elapsed time = 00:01:04, memory = 2051.13 (MB).
    Completing 90% with 158 violations.
    elapsed time = 00:01:04, memory = 2051.13 (MB).
    Completing 100% with 136 violations.
    elapsed time = 00:01:30, memory = 2047.07 (MB).
[INFO DRT-0199]   Number of violations = 136.
Viol/Layer        mcon   met1   met2
Cut Spacing          2      0      0
Metal Spacing        0     50      4
Short                0     78      2
[INFO DRT-0267] cpu time = 00:01:40, elapsed time = 00:01:30, memory = 2047.69 (MB), peak = 5436.25 (MB)
Total wire length = 2927812 um.
Total wire length on LAYER li1 = 0 um.
Total wire length on LAYER met1 = 1174935 um.
Total wire length on LAYER met2 = 1193647 um.
Total wire length on LAYER met3 = 382940 um.
Total wire length on LAYER met4 = 168226 um.
Total wire length on LAYER met5 = 8062 um.
Total number of vias = 523205.
Up-via summary (total 523205):.

-------------------------
 FR_MASTERSLICE         0
            li1    234529
           met1    258914
           met2     24434
           met3      5202
           met4       126
-------------------------
                   523205


[INFO DRT-0195] Start 12th optimization iteration.
    Completing 10% with 136 violations.
    elapsed time = 00:00:00, memory = 2047.69 (MB).
    Completing 20% with 136 violations.
    elapsed time = 00:00:00, memory = 2047.69 (MB).
    Completing 30% with 126 violations.
    elapsed time = 00:00:08, memory = 2043.94 (MB).
    Completing 40% with 126 violations.
    elapsed time = 00:00:08, memory = 2043.94 (MB).
    Completing 50% with 126 violations.
    elapsed time = 00:00:08, memory = 2043.94 (MB).
    Completing 60% with 126 violations.
    elapsed time = 00:00:08, memory = 2043.94 (MB).
    Completing 70% with 126 violations.
    elapsed time = 00:00:08, memory = 2043.94 (MB).
    Completing 80% with 29 violations.
    elapsed time = 00:00:38, memory = 2043.45 (MB).
    Completing 90% with 29 violations.
    elapsed time = 00:00:38, memory = 2043.45 (MB).
    Completing 100% with 22 violations.
    elapsed time = 00:00:51, memory = 2043.43 (MB).
[INFO DRT-0199]   Number of violations = 22.
Viol/Layer        met1
Metal Spacing       12
Short               10
[INFO DRT-0267] cpu time = 00:00:51, elapsed time = 00:00:51, memory = 2043.43 (MB), peak = 5436.25 (MB)
Total wire length = 2927777 um.
Total wire length on LAYER li1 = 0 um.
Total wire length on LAYER met1 = 1174878 um.
Total wire length on LAYER met2 = 1193632 um.
Total wire length on LAYER met3 = 382958 um.
Total wire length on LAYER met4 = 168245 um.
Total wire length on LAYER met5 = 8062 um.
Total number of vias = 523202.
Up-via summary (total 523202):.

-------------------------
 FR_MASTERSLICE         0
            li1    234529
           met1    258908
           met2     24438
           met3      5201
           met4       126
-------------------------
                   523202


[INFO DRT-0195] Start 13th optimization iteration.
    Completing 10% with 22 violations.
    elapsed time = 00:00:00, memory = 2043.43 (MB).
    Completing 20% with 22 violations.
    elapsed time = 00:00:00, memory = 2043.43 (MB).
    Completing 30% with 22 violations.
    elapsed time = 00:00:00, memory = 2043.43 (MB).
    Completing 40% with 22 violations.
    elapsed time = 00:00:00, memory = 2043.43 (MB).
    Completing 50% with 22 violations.
    elapsed time = 00:00:00, memory = 2043.43 (MB).
    Completing 60% with 22 violations.
    elapsed time = 00:00:00, memory = 2043.43 (MB).
    Completing 70% with 22 violations.
    elapsed time = 00:00:00, memory = 2043.43 (MB).
    Completing 80% with 4 violations.
    elapsed time = 00:00:08, memory = 2043.30 (MB).
    Completing 90% with 4 violations.
    elapsed time = 00:00:08, memory = 2043.30 (MB).
    Completing 100% with 0 violations.
    elapsed time = 00:00:13, memory = 2041.31 (MB).
[INFO DRT-0199]   Number of violations = 0.
[INFO DRT-0267] cpu time = 00:00:13, elapsed time = 00:00:13, memory = 2041.31 (MB), peak = 5436.25 (MB)
Total wire length = 2927764 um.
Total wire length on LAYER li1 = 0 um.
Total wire length on LAYER met1 = 1174884 um.
Total wire length on LAYER met2 = 1193629 um.
Total wire length on LAYER met3 = 382942 um.
Total wire length on LAYER met4 = 168245 um.
Total wire length on LAYER met5 = 8062 um.
Total number of vias = 523198.
Up-via summary (total 523198):.

-------------------------
 FR_MASTERSLICE         0
            li1    234529
           met1    258904
           met2     24438
           met3      5201
           met4       126
-------------------------
                   523198


[INFO DRT-0198] Complete detail routing.
Total wire length = 2927764 um.
Total wire length on LAYER li1 = 0 um.
Total wire length on LAYER met1 = 1174884 um.
Total wire length on LAYER met2 = 1193629 um.
Total wire length on LAYER met3 = 382942 um.
Total wire length on LAYER met4 = 168245 um.
Total wire length on LAYER met5 = 8062 um.
Total number of vias = 523198.
Up-via summary (total 523198):.

-------------------------
 FR_MASTERSLICE         0
            li1    234529
           met1    258904
           met2     24438
           met3      5201
           met4       126
-------------------------
                   523198


[INFO DRT-0267] cpu time = 04:47:31, elapsed time = 00:47:14, memory = 2041.31 (MB), peak = 5436.25 (MB)

[INFO DRT-0180] Post processing.
Setting global connections for newly added cells…
Writing OpenROAD database to '/home/ugunt/projects/ai-accelerator-verification/rung5-attention/openlane/runs/RUN_2026.08.07_18.35.37/results/routing/attention.odb'…
Writing netlist to '/home/ugunt/projects/ai-accelerator-verification/rung5-attention/openlane/runs/RUN_2026.08.07_18.35.37/results/routing/attention.nl.v'…
Writing powered netlist to '/home/ugunt/projects/ai-accelerator-verification/rung5-attention/openlane/runs/RUN_2026.08.07_18.35.37/results/routing/attention.pnl.v'…
Writing layout to '/home/ugunt/projects/ai-accelerator-verification/rung5-attention/openlane/runs/RUN_2026.08.07_18.35.37/results/routing/attention.def'…
