Instance name,  X location,  Y location,  Voltage 
input3, 75.555, 89.76, 1.79997
input18, 75.555, 84.32, 1.79997
output32, 75.555, 84.32, 1.79997
FILLER_0_27_156, 75.555, 84.32, 1.79997
input11, 75.555, 78.88, 1.79997
FILLER_0_23_158, 75.555, 73.44, 1.79997
output25, 75.555, 68, 1.79996
FILLER_0_21_159, 75.555, 68, 1.79996
FILLER_0_19_163, 75.555, 62.56, 1.79997
FILLER_0_17_161, 75.555, 57.12, 1.79997
FILLER_0_15_161, 75.555, 51.68, 1.79997
FILLER_0_9_157, 75.555, 35.36, 1.79996
FILLER_0_7_163, 75.555, 29.92, 1.79996
FILLER_0_3_162, 75.555, 19.04, 1.79996
input8, 75.555, 13.6, 1.79996
input9, 75.555, 13.6, 1.79996
FILLER_0_0_147, 75.555, 13.6, 1.79996
FILLER_0_1_161, 75.555, 13.6, 1.79996
input4, 55.545, 89.76, 1.79997
FILLER_0_28_107, 55.545, 89.76, 1.79997
_443_, 55.545, 84.32, 1.79996
_444_, 55.545, 84.32, 1.79996
_457_, 55.545, 84.32, 1.79996
FILLER_0_28_113, 55.545, 84.32, 1.79996
_429_, 55.545, 78.88, 1.79996
_445_, 55.545, 78.88, 1.79996
_447_, 55.545, 78.88, 1.79996
max_cap38, 55.545, 78.88, 1.79996
_435_, 55.545, 73.44, 1.79996
_437_, 55.545, 73.44, 1.79996
_448_, 55.545, 73.44, 1.79996
FILLER_0_22_99, 55.545, 73.44, 1.79996
FILLER_0_22_107, 55.545, 73.44, 1.79996
_428_, 55.545, 68, 1.79996
_431_, 55.545, 68, 1.79996
_446_, 55.545, 68, 1.79996
_451_, 55.545, 68, 1.79996
FILLER_0_20_101, 55.545, 68, 1.79996
FILLER_0_21_103, 55.545, 68, 1.79996
_244_, 55.545, 62.56, 1.79997
_319_, 55.545, 62.56, 1.79997
_321_, 55.545, 62.56, 1.79997
_454_, 55.545, 62.56, 1.79997
FILLER_0_18_105, 55.545, 62.56, 1.79997
FILLER_0_19_104, 55.545, 62.56, 1.79997
FILLER_0_19_113, 55.545, 62.56, 1.79997
_291_, 55.545, 57.12, 1.79997
_295_, 55.545, 57.12, 1.79997
_323_, 55.545, 57.12, 1.79997
_324_, 55.545, 57.12, 1.79997
_325_, 55.545, 57.12, 1.79997
FILLER_0_17_104, 55.545, 57.12, 1.79997
_288_, 55.545, 51.68, 1.79996
_289_, 55.545, 51.68, 1.79996
_290_, 55.545, 51.68, 1.79996
_294_, 55.545, 51.68, 1.79996
_469_, 55.545, 51.68, 1.79996
_487_, 55.545, 51.68, 1.79996
FILLER_0_14_106, 55.545, 51.68, 1.79996
FILLER_0_15_113, 55.545, 51.68, 1.79996
FILLER_0_16_110, 55.545, 51.68, 1.79996
_389_, 55.545, 46.24, 1.79996
_422_, 55.545, 46.24, 1.79996
_450_, 55.545, 46.24, 1.79996
FILLER_0_12_107, 55.545, 46.24, 1.79996
FILLER_0_13_103, 55.545, 46.24, 1.79996
FILLER_0_14_114, 55.545, 46.24, 1.79996
_394_, 55.545, 40.8, 1.79996
_398_, 55.545, 40.8, 1.79996
_424_, 55.545, 40.8, 1.79996
_425_, 55.545, 40.8, 1.79996
FILLER_0_11_108, 55.545, 40.8, 1.79996
FILLER_0_12_115, 55.545, 40.8, 1.79996
_261_, 55.545, 35.36, 1.79996
_396_, 55.545, 35.36, 1.79996
_423_, 55.545, 35.36, 1.79996
_485_, 55.545, 35.36, 1.79996
FILLER_0_9_107, 55.545, 35.36, 1.79996
FILLER_0_9_113, 55.545, 35.36, 1.79996
_262_, 55.545, 29.92, 1.79996
_265_, 55.545, 29.92, 1.79996
_271_, 55.545, 29.92, 1.79996
_272_, 55.545, 29.92, 1.79996
_465_, 55.545, 29.92, 1.79996
FILLER_0_7_98, 55.545, 29.92, 1.79996
FILLER_0_7_118, 55.545, 29.92, 1.79996
FILLER_0_8_109, 55.545, 29.92, 1.79996
_268_, 55.545, 24.48, 1.79995
_270_, 55.545, 24.48, 1.79995
_467_, 55.545, 24.48, 1.79995
_486_, 55.545, 24.48, 1.79995
FILLER_0_5_113, 55.545, 24.48, 1.79995
FILLER_0_6_112, 55.545, 24.48, 1.79995
_488_, 55.545, 19.04, 1.79996
FILLER_0_3_113, 55.545, 19.04, 1.79996
FILLER_0_4_109, 55.545, 19.04, 1.79996
input21, 55.545, 13.6, 1.79996
FILLER_0_0_109, 55.545, 13.6, 1.79996
FILLER_0_1_105, 55.545, 13.6, 1.79996
_407_, 35.535, 89.76, 1.79996
input19, 35.535, 89.76, 1.79996
FILLER_0_28_62, 35.535, 89.76, 1.79996
_408_, 35.535, 84.32, 1.79996
_411_, 35.535, 84.32, 1.79996
_419_, 35.535, 84.32, 1.79996
FILLER_0_27_57, 35.535, 84.32, 1.79996
FILLER_0_28_72, 35.535, 84.32, 1.79996
_354_, 35.535, 78.88, 1.79996
_409_, 35.535, 78.88, 1.79996
_410_, 35.535, 78.88, 1.79996
_412_, 35.535, 78.88, 1.79996
_413_, 35.535, 78.88, 1.79996
_337_, 35.535, 73.44, 1.79996
_342_, 35.535, 73.44, 1.79996
_343_, 35.535, 73.44, 1.79996
_353_, 35.535, 73.44, 1.79996
_355_, 35.535, 73.44, 1.79996
_415_, 35.535, 73.44, 1.79996
FILLER_0_23_60, 35.535, 73.44, 1.79996
FILLER_0_24_67, 35.535, 73.44, 1.79996
_332_, 35.535, 68, 1.79996
_333_, 35.535, 68, 1.79996
_335_, 35.535, 68, 1.79996
_336_, 35.535, 68, 1.79996
_341_, 35.535, 68, 1.79996
_300_, 35.535, 62.56, 1.79996
_306_, 35.535, 62.56, 1.79996
_307_, 35.535, 62.56, 1.79996
_308_, 35.535, 62.56, 1.79996
FILLER_0_18_64, 35.535, 62.56, 1.79996
FILLER_0_19_76, 35.535, 62.56, 1.79996
FILLER_0_20_76, 35.535, 62.56, 1.79996
_309_, 35.535, 57.12, 1.79996
_314_, 35.535, 57.12, 1.79996
_375_, 35.535, 57.12, 1.79996
_376_, 35.535, 57.12, 1.79996
_377_, 35.535, 57.12, 1.79996
FILLER_0_17_57, 35.535, 57.12, 1.79996
FILLER_0_17_68, 35.535, 57.12, 1.79996
FILLER_0_17_76, 35.535, 57.12, 1.79996
_284_, 35.535, 51.68, 1.79996
_303_, 35.535, 51.68, 1.79996
_304_, 35.535, 51.68, 1.79996
_305_, 35.535, 51.68, 1.79996
_311_, 35.535, 51.68, 1.79996
_312_, 35.535, 51.68, 1.79996
FILLER_0_14_65, 35.535, 51.68, 1.79996
FILLER_0_15_73, 35.535, 51.68, 1.79996
_281_, 35.535, 46.24, 1.79993
_285_, 35.535, 46.24, 1.79993
_367_, 35.535, 46.24, 1.79993
clkbuf_0_clk, 35.535, 46.24, 1.79993
FILLER_0_13_61, 35.535, 46.24, 1.79993
_286_, 35.535, 40.8, 1.79996
_380_, 35.535, 40.8, 1.79996
_383_, 35.535, 40.8, 1.79996
_387_, 35.535, 40.8, 1.79996
_388_, 35.535, 40.8, 1.79996
FILLER_0_11_65, 35.535, 40.8, 1.79996
FILLER_0_11_75, 35.535, 40.8, 1.79996
_259_, 35.535, 35.36, 1.79996
_293_, 35.535, 35.36, 1.79996
_378_, 35.535, 35.36, 1.79996
_379_, 35.535, 35.36, 1.79996
_381_, 35.535, 35.36, 1.79996
FILLER_0_9_67, 35.535, 35.36, 1.79996
_257_, 35.535, 29.92, 1.79995
_273_, 35.535, 29.92, 1.79995
_274_, 35.535, 29.92, 1.79995
_276_, 35.535, 29.92, 1.79995
_251_, 35.535, 24.48, 1.79994
_252_, 35.535, 24.48, 1.79994
_275_, 35.535, 24.48, 1.79994
_277_, 35.535, 24.48, 1.79994
hold7, 35.535, 24.48, 1.79994
FILLER_0_5_57, 35.535, 24.48, 1.79994
_242_, 35.535, 19.04, 1.79995
_253_, 35.535, 19.04, 1.79995
FILLER_0_4_74, 35.535, 19.04, 1.79995
input16, 35.535, 13.6, 1.79996
FILLER_0_0_69, 35.535, 13.6, 1.79996
FILLER_0_0_76, 35.535, 13.6, 1.79996
input6, 15.525, 89.76, 1.79996
FILLER_0_28_20, 15.525, 89.76, 1.79996
FILLER_0_26_21, 15.525, 84.32, 1.79996
FILLER_0_28_29, 15.525, 84.32, 1.79996
_461_, 15.525, 78.88, 1.79996
FILLER_0_24_20, 15.525, 78.88, 1.79996
_482_, 15.525, 73.44, 1.79996
FILLER_0_23_18, 15.525, 73.44, 1.79996
FILLER_0_24_29, 15.525, 73.44, 1.79996
_344_, 15.525, 68, 1.79996
_459_, 15.525, 68, 1.79996
_460_, 15.525, 68, 1.79996
FILLER_0_21_25, 15.525, 68, 1.79996
_243_, 15.525, 62.56, 1.79995
_327_, 15.525, 62.56, 1.79995
_329_, 15.525, 62.56, 1.79995
_452_, 15.525, 62.56, 1.79995
hold1, 15.525, 62.56, 1.79995
_347_, 15.525, 57.12, 1.79996
_349_, 15.525, 57.12, 1.79996
_368_, 15.525, 57.12, 1.79996
FILLER_0_16_15, 15.525, 57.12, 1.79996
_239_, 15.525, 51.68, 1.79996
_346_, 15.525, 51.68, 1.79996
_370_, 15.525, 51.68, 1.79996
_372_, 15.525, 51.68, 1.79996
FILLER_0_15_25, 15.525, 51.68, 1.79996
FILLER_0_16_29, 15.525, 51.68, 1.79996
_278_, 15.525, 46.24, 1.79994
_279_, 15.525, 46.24, 1.79994
_348_, 15.525, 46.24, 1.79994
_360_, 15.525, 46.24, 1.79994
FILLER_0_12_15, 15.525, 46.24, 1.79994
FILLER_0_14_25, 15.525, 46.24, 1.79994
_356_, 15.525, 40.8, 1.79996
_358_, 15.525, 40.8, 1.79996
_359_, 15.525, 40.8, 1.79996
FILLER_0_11_25, 15.525, 40.8, 1.79996
_246_, 15.525, 35.36, 1.79996
_241_, 15.525, 29.92, 1.79995
_489_, 15.525, 29.92, 1.79995
hold6, 15.525, 29.92, 1.79995
hold12, 15.525, 29.92, 1.79995
_240_, 15.525, 24.48, 1.79994
_473_, 15.525, 24.48, 1.79994
_475_, 15.525, 24.48, 1.79994
_477_, 15.525, 24.48, 1.79994
_476_, 15.525, 19.04, 1.79995
_490_, 15.525, 19.04, 1.79995
FILLER_0_3_15, 15.525, 19.04, 1.79995
output35, 15.525, 13.6, 1.79995
PHY_56, 5.52, 89.76, 1.79996
PHY_57, 85.56, 89.76, 1.79997
output26, 25.53, 89.76, 1.79996
_441_, 45.54, 89.76, 1.79996
_456_, 45.54, 89.76, 1.79996
input20, 45.54, 89.76, 1.79996
input5, 65.55, 89.76, 1.79997
PHY_52, 5.52, 84.32, 1.79996
PHY_54, 5.52, 84.32, 1.79996
input13, 5.52, 84.32, 1.79996
input23, 5.52, 84.32, 1.79996
FILLER_0_28_9, 5.52, 84.32, 1.79996
PHY_53, 85.56, 84.32, 1.79997
PHY_55, 85.56, 84.32, 1.79997
input17, 85.56, 84.32, 1.79997
FILLER_0_26_165, 85.56, 84.32, 1.79997
FILLER_0_26_41, 25.53, 84.32, 1.79996
FILLER_0_27_51, 25.53, 84.32, 1.79996
_414_, 45.54, 84.32, 1.79996
_439_, 45.54, 84.32, 1.79996
_440_, 45.54, 84.32, 1.79996
_442_, 45.54, 84.32, 1.79996
FILLER_0_26_78, 45.54, 84.32, 1.79996
FILLER_0_28_93, 45.54, 84.32, 1.79996
FILLER_0_28_137, 65.55, 84.32, 1.79996
PHY_48, 5.52, 78.88, 1.79996
PHY_50, 5.52, 78.88, 1.79996
output27, 5.52, 78.88, 1.79996
PHY_49, 85.56, 78.88, 1.79997
PHY_51, 85.56, 78.88, 1.79997
FILLER_0_24_165, 85.56, 78.88, 1.79997
_352_, 25.53, 78.88, 1.79996
_404_, 25.53, 78.88, 1.79996
_405_, 25.53, 78.88, 1.79996
_406_, 25.53, 78.88, 1.79996
FILLER_0_25_39, 25.53, 78.88, 1.79996
FILLER_0_25_47, 25.53, 78.88, 1.79996
FILLER_0_26_51, 25.53, 78.88, 1.79996
_416_, 45.54, 78.88, 1.79996
_418_, 45.54, 78.88, 1.79996
_420_, 45.54, 78.88, 1.79996
_438_, 45.54, 78.88, 1.79996
_436_, 65.55, 78.88, 1.79996
PHY_44, 5.52, 73.44, 1.79995
PHY_46, 5.52, 73.44, 1.79995
hold3, 5.52, 73.44, 1.79995
FILLER_0_23_3, 5.52, 73.44, 1.79995
FILLER_0_24_3, 5.52, 73.44, 1.79995
PHY_45, 85.56, 73.44, 1.79997
PHY_47, 85.56, 73.44, 1.79997
FILLER_0_22_165, 85.56, 73.44, 1.79997
_350_, 25.53, 73.44, 1.79996
_351_, 25.53, 73.44, 1.79996
_401_, 25.53, 73.44, 1.79996
hold5, 25.53, 73.44, 1.79996
FILLER_0_24_54, 25.53, 73.44, 1.79996
_340_, 45.54, 73.44, 1.79996
_417_, 45.54, 73.44, 1.79996
_433_, 45.54, 73.44, 1.79996
FILLER_0_22_81, 45.54, 73.44, 1.79996
FILLER_0_23_81, 45.54, 73.44, 1.79996
_458_, 65.55, 73.44, 1.79996
_483_, 5.52, 68, 1.79995
PHY_40, 5.52, 68, 1.79995
PHY_42, 5.52, 68, 1.79995
input2, 5.52, 68, 1.79995
PHY_41, 85.56, 68, 1.79996
PHY_43, 85.56, 68, 1.79996
FILLER_0_20_165, 85.56, 68, 1.79996
_328_, 25.53, 68, 1.79996
_330_, 25.53, 68, 1.79996
_334_, 25.53, 68, 1.79996
_345_, 25.53, 68, 1.79996
_339_, 45.54, 68, 1.79996
_430_, 45.54, 68, 1.79996
_432_, 45.54, 68, 1.79996
_434_, 45.54, 68, 1.79996
_455_, 65.55, 68, 1.79996
_481_, 65.55, 68, 1.79996
fanout39, 65.55, 68, 1.79996
hold4, 65.55, 68, 1.79996
FILLER_0_21_128, 65.55, 68, 1.79996
_480_, 5.52, 62.56, 1.79994
PHY_36, 5.52, 62.56, 1.79994
PHY_38, 5.52, 62.56, 1.79994
output24, 5.52, 62.56, 1.79994
FILLER_0_20_3, 5.52, 62.56, 1.79994
PHY_37, 85.56, 62.56, 1.79997
PHY_39, 85.56, 62.56, 1.79997
FILLER_0_18_165, 85.56, 62.56, 1.79997
_282_, 25.53, 62.56, 1.79996
_297_, 25.53, 62.56, 1.79996
_298_, 25.53, 62.56, 1.79996
_331_, 25.53, 62.56, 1.79996
FILLER_0_18_42, 25.53, 62.56, 1.79996
_315_, 45.54, 62.56, 1.79997
_322_, 45.54, 62.56, 1.79997
_338_, 45.54, 62.56, 1.79997
_427_, 45.54, 62.56, 1.79997
FILLER_0_18_81, 45.54, 62.56, 1.79997
FILLER_0_18_85, 45.54, 62.56, 1.79997
FILLER_0_19_91, 45.54, 62.56, 1.79997
FILLER_0_20_90, 45.54, 62.56, 1.79997
_326_, 65.55, 62.56, 1.79997
_453_, 65.55, 62.56, 1.79997
PHY_32, 5.52, 57.12, 1.79996
PHY_34, 5.52, 57.12, 1.79996
PHY_33, 85.56, 57.12, 1.79997
PHY_35, 85.56, 57.12, 1.79997
input10, 85.56, 57.12, 1.79997
FILLER_0_16_165, 85.56, 57.12, 1.79997
_296_, 25.53, 57.12, 1.79996
_299_, 25.53, 57.12, 1.79996
_402_, 25.53, 57.12, 1.79996
_403_, 25.53, 57.12, 1.79996
FILLER_0_17_35, 25.53, 57.12, 1.79996
FILLER_0_17_43, 25.53, 57.12, 1.79996
_313_, 45.54, 57.12, 1.79997
_316_, 45.54, 57.12, 1.79997
_317_, 45.54, 57.12, 1.79997
_318_, 45.54, 57.12, 1.79997
_320_, 45.54, 57.12, 1.79997
FILLER_0_17_86, 45.54, 57.12, 1.79997
_280_, 65.55, 57.12, 1.79997
_468_, 65.55, 57.12, 1.79997
FILLER_0_16_130, 65.55, 57.12, 1.79997
FILLER_0_18_136, 65.55, 57.12, 1.79997
PHY_28, 5.52, 51.68, 1.79995
PHY_30, 5.52, 51.68, 1.79995
output28, 5.52, 51.68, 1.79995
FILLER_0_15_9, 5.52, 51.68, 1.79995
PHY_29, 85.56, 51.68, 1.79997
PHY_31, 85.56, 51.68, 1.79997
output37, 85.56, 51.68, 1.79997
_371_, 25.53, 51.68, 1.79996
_373_, 25.53, 51.68, 1.79996
_374_, 25.53, 51.68, 1.79996
FILLER_0_14_34, 25.53, 51.68, 1.79996
FILLER_0_14_42, 25.53, 51.68, 1.79996
FILLER_0_15_38, 25.53, 51.68, 1.79996
FILLER_0_15_50, 25.53, 51.68, 1.79996
_283_, 45.54, 51.68, 1.79996
_287_, 45.54, 51.68, 1.79996
_292_, 45.54, 51.68, 1.79996
_310_, 45.54, 51.68, 1.79996
FILLER_0_15_84, 45.54, 51.68, 1.79996
FILLER_0_16_88, 45.54, 51.68, 1.79996
_479_, 65.55, 51.68, 1.79996
_478_, 5.52, 46.24, 1.79993
PHY_24, 5.52, 46.24, 1.79993
PHY_26, 5.52, 46.24, 1.79993
hold2, 5.52, 46.24, 1.79993
FILLER_0_13_3, 5.52, 46.24, 1.79993
PHY_25, 85.56, 46.24, 1.79997
PHY_27, 85.56, 46.24, 1.79997
FILLER_0_12_165, 85.56, 46.24, 1.79997
FILLER_0_13_165, 85.56, 46.24, 1.79997
_301_, 25.53, 46.24, 1.79992
_302_, 25.53, 46.24, 1.79992
_369_, 25.53, 46.24, 1.79992
clkbuf_1_1__f_clk, 25.53, 46.24, 1.79992
FILLER_0_12_41, 25.53, 46.24, 1.79992
_386_, 45.54, 46.24, 1.79995
_400_, 45.54, 46.24, 1.79995
FILLER_0_12_85, 45.54, 46.24, 1.79995
FILLER_0_13_91, 45.54, 46.24, 1.79995
FILLER_0_14_90, 45.54, 46.24, 1.79995
_426_, 65.55, 46.24, 1.79996
_449_, 65.55, 46.24, 1.79996
PHY_20, 5.52, 40.8, 1.79996
PHY_22, 5.52, 40.8, 1.79996
input22, 5.52, 40.8, 1.79996
PHY_21, 85.56, 40.8, 1.79996
PHY_23, 85.56, 40.8, 1.79996
output30, 85.56, 40.8, 1.79996
_362_, 25.53, 40.8, 1.79996
_363_, 25.53, 40.8, 1.79996
_365_, 25.53, 40.8, 1.79996
_366_, 25.53, 40.8, 1.79996
_382_, 45.54, 40.8, 1.79996
_390_, 45.54, 40.8, 1.79996
_391_, 45.54, 40.8, 1.79996
_392_, 45.54, 40.8, 1.79996
_397_, 45.54, 40.8, 1.79996
_399_, 45.54, 40.8, 1.79996
_421_, 45.54, 40.8, 1.79996
_245_, 65.55, 40.8, 1.79996
FILLER_0_12_133, 65.55, 40.8, 1.79996
PHY_16, 5.52, 35.36, 1.79996
PHY_18, 5.52, 35.36, 1.79996
PHY_17, 85.56, 35.36, 1.79996
PHY_19, 85.56, 35.36, 1.79996
FILLER_0_8_165, 85.56, 35.36, 1.79996
FILLER_0_9_165, 85.56, 35.36, 1.79996
_247_, 25.53, 35.36, 1.79996
_255_, 25.53, 35.36, 1.79996
_357_, 25.53, 35.36, 1.79996
_361_, 25.53, 35.36, 1.79996
_364_, 25.53, 35.36, 1.79996
FILLER_0_9_45, 25.53, 35.36, 1.79996
FILLER_0_9_53, 25.53, 35.36, 1.79996
_384_, 45.54, 35.36, 1.79996
_385_, 45.54, 35.36, 1.79996
_393_, 45.54, 35.36, 1.79996
_395_, 45.54, 35.36, 1.79996
FILLER_0_8_80, 45.54, 35.36, 1.79996
FILLER_0_8_85, 45.54, 35.36, 1.79996
FILLER_0_9_78, 45.54, 35.36, 1.79996
_464_, 65.55, 35.36, 1.79996
hold9, 65.55, 35.36, 1.79996
FILLER_0_8_130, 65.55, 35.36, 1.79996
FILLER_0_10_131, 65.55, 35.36, 1.79996
PHY_12, 5.52, 29.92, 1.79995
PHY_14, 5.52, 29.92, 1.79995
input1, 5.52, 29.92, 1.79995
FILLER_0_7_6, 5.52, 29.92, 1.79995
PHY_13, 85.56, 29.92, 1.79996
PHY_15, 85.56, 29.92, 1.79996
input15, 85.56, 29.92, 1.79996
FILLER_0_6_165, 85.56, 29.92, 1.79996
_248_, 25.53, 29.92, 1.79995
_256_, 25.53, 29.92, 1.79995
_258_, 25.53, 29.92, 1.79995
_472_, 25.53, 29.92, 1.79995
FILLER_0_6_36, 25.53, 29.92, 1.79995
_250_, 45.54, 29.92, 1.79996
_254_, 45.54, 29.92, 1.79996
_260_, 45.54, 29.92, 1.79996
_263_, 45.54, 29.92, 1.79996
FILLER_0_7_82, 45.54, 29.92, 1.79996
_466_, 65.55, 29.92, 1.79996
hold10, 65.55, 29.92, 1.79996
_491_, 5.52, 24.48, 1.79993
PHY_8, 5.52, 24.48, 1.79993
PHY_10, 5.52, 24.48, 1.79993
FILLER_0_5_3, 5.52, 24.48, 1.79993
FILLER_0_6_3, 5.52, 24.48, 1.79993
PHY_9, 85.56, 24.48, 1.79996
PHY_11, 85.56, 24.48, 1.79996
FILLER_0_4_165, 85.56, 24.48, 1.79996
_249_, 25.53, 24.48, 1.79992
_463_, 25.53, 24.48, 1.79992
_474_, 25.53, 24.48, 1.79992
_484_, 25.53, 24.48, 1.79992
clkbuf_1_0__f_clk, 25.53, 24.48, 1.79992
hold8, 25.53, 24.48, 1.79992
_264_, 45.54, 24.48, 1.79995
_266_, 45.54, 24.48, 1.79995
_267_, 45.54, 24.48, 1.79995
_269_, 45.54, 24.48, 1.79995
FILLER_0_5_80, 45.54, 24.48, 1.79995
FILLER_0_5_93, 45.54, 24.48, 1.79995
FILLER_0_6_97, 45.54, 24.48, 1.79995
_471_, 65.55, 24.48, 1.79996
FILLER_0_6_135, 65.55, 24.48, 1.79996
PHY_4, 5.52, 19.04, 1.79995
PHY_6, 5.52, 19.04, 1.79995
output36, 5.52, 19.04, 1.79995
PHY_5, 85.56, 19.04, 1.79996
PHY_7, 85.56, 19.04, 1.79996
output33, 85.56, 19.04, 1.79996
_462_, 25.53, 19.04, 1.79995
FILLER_0_3_43, 25.53, 19.04, 1.79995
FILLER_0_2_77, 45.54, 19.04, 1.79996
_470_, 65.55, 19.04, 1.79996
hold11, 65.55, 19.04, 1.79996
FILLER_0_3_121, 65.55, 19.04, 1.79996
FILLER_0_4_134, 65.55, 19.04, 1.79996
PHY_0, 5.52, 13.6, 1.79995
PHY_2, 5.52, 13.6, 1.79995
input12, 5.52, 13.6, 1.79995
input14, 5.52, 13.6, 1.79995
output34, 5.52, 13.6, 1.79995
PHY_1, 85.56, 13.6, 1.79996
PHY_3, 85.56, 13.6, 1.79996
input7, 85.56, 13.6, 1.79996
output29, 25.53, 13.6, 1.79995
FILLER_0_0_47, 25.53, 13.6, 1.79995
output31, 65.55, 13.6, 1.79996
FILLER_0_0_130, 65.55, 13.6, 1.79996
FILLER_0_2_133, 65.55, 13.6, 1.79996

