Instance name,  X location,  Y location,  Voltage 
input18, 78.855, 87.04, 4.11996e-05
output32, 78.855, 87.04, 4.11996e-05
FILLER_0_27_156, 78.855, 87.04, 4.11996e-05
input11, 78.855, 81.6, 4.11602e-05
input17, 78.855, 81.6, 4.11602e-05
FILLER_0_26_165, 78.855, 81.6, 4.11602e-05
FILLER_0_23_158, 78.855, 76.16, 4.04426e-05
FILLER_0_24_165, 78.855, 76.16, 4.04426e-05
FILLER_0_21_159, 78.855, 70.72, 4.04352e-05
FILLER_0_22_165, 78.855, 70.72, 4.04352e-05
output25, 78.855, 65.28, 4.27159e-05
FILLER_0_20_165, 78.855, 65.28, 4.27159e-05
FILLER_0_18_165, 78.855, 59.84, 3.57095e-05
FILLER_0_19_163, 78.855, 59.84, 3.57095e-05
input10, 78.855, 54.4, 3.33634e-05
FILLER_0_16_165, 78.855, 54.4, 3.33634e-05
FILLER_0_17_161, 78.855, 54.4, 3.33634e-05
output37, 78.855, 48.96, 3.55568e-05
FILLER_0_15_161, 78.855, 48.96, 3.55568e-05
FILLER_0_12_165, 78.855, 43.52, 2.87385e-05
FILLER_0_13_165, 78.855, 43.52, 2.87385e-05
FILLER_0_9_157, 78.855, 38.08, 3.05077e-05
FILLER_0_8_165, 78.855, 32.64, 3.096e-05
FILLER_0_9_165, 78.855, 32.64, 3.096e-05
FILLER_0_6_165, 78.855, 27.2, 3.28916e-05
FILLER_0_7_163, 78.855, 27.2, 3.28916e-05
FILLER_0_4_165, 78.855, 21.76, 3.20192e-05
FILLER_0_3_162, 78.855, 16.32, 3.14317e-05
input7, 78.855, 10.88, 3.24666e-05
input8, 78.855, 10.88, 3.24666e-05
input9, 78.855, 10.88, 3.24666e-05
FILLER_0_1_161, 78.855, 10.88, 3.24666e-05
_457_, 58.845, 87.04, 4.32608e-05
input5, 58.845, 87.04, 4.32608e-05
FILLER_0_28_107, 58.845, 87.04, 4.32608e-05
FILLER_0_28_113, 58.845, 87.04, 4.32608e-05
_429_, 58.845, 81.6, 4.54043e-05
_447_, 58.845, 81.6, 4.54043e-05
_435_, 58.845, 76.16, 4.65889e-05
_436_, 58.845, 76.16, 4.65889e-05
_445_, 58.845, 76.16, 4.65889e-05
_448_, 58.845, 76.16, 4.65889e-05
_446_, 58.845, 70.72, 4.62224e-05
_451_, 58.845, 70.72, 4.62224e-05
_458_, 58.845, 70.72, 4.62224e-05
FILLER_0_22_107, 58.845, 70.72, 4.62224e-05
_428_, 58.845, 65.28, 4.5645e-05
_454_, 58.845, 65.28, 4.5645e-05
_455_, 58.845, 65.28, 4.5645e-05
_481_, 58.845, 65.28, 4.5645e-05
FILLER_0_19_113, 58.845, 65.28, 4.5645e-05
_244_, 58.845, 59.84, 3.92296e-05
_323_, 58.845, 59.84, 3.92296e-05
_324_, 58.845, 59.84, 3.92296e-05
_325_, 58.845, 59.84, 3.92296e-05
_326_, 58.845, 59.84, 3.92296e-05
_453_, 58.845, 59.84, 3.92296e-05
_280_, 58.845, 54.4, 3.44573e-05
_289_, 58.845, 54.4, 3.44573e-05
_468_, 58.845, 54.4, 3.44573e-05
_469_, 58.845, 54.4, 3.44573e-05
FILLER_0_15_113, 58.845, 54.4, 3.44573e-05
FILLER_0_16_110, 58.845, 54.4, 3.44573e-05
_422_, 58.845, 48.96, 4.40411e-05
_450_, 58.845, 48.96, 4.40411e-05
_479_, 58.845, 48.96, 4.40411e-05
_487_, 58.845, 48.96, 4.40411e-05
FILLER_0_14_106, 58.845, 48.96, 4.40411e-05
FILLER_0_14_114, 58.845, 48.96, 4.40411e-05
_398_, 58.845, 43.52, 2.91382e-05
_424_, 58.845, 43.52, 2.91382e-05
_426_, 58.845, 43.52, 2.91382e-05
_449_, 58.845, 43.52, 2.91382e-05
FILLER_0_11_108, 58.845, 43.52, 2.91382e-05
FILLER_0_12_107, 58.845, 43.52, 2.91382e-05
FILLER_0_12_115, 58.845, 43.52, 2.91382e-05
_245_, 58.845, 38.08, 3.04876e-05
_396_, 58.845, 38.08, 3.04876e-05
_423_, 58.845, 38.08, 3.04876e-05
_425_, 58.845, 38.08, 3.04876e-05
FILLER_0_9_107, 58.845, 38.08, 3.04876e-05
FILLER_0_9_113, 58.845, 38.08, 3.04876e-05
_262_, 58.845, 32.64, 3.30947e-05
_464_, 58.845, 32.64, 3.30947e-05
_465_, 58.845, 32.64, 3.30947e-05
_485_, 58.845, 32.64, 3.30947e-05
FILLER_0_8_109, 58.845, 32.64, 3.30947e-05
_265_, 58.845, 27.2, 3.80275e-05
_268_, 58.845, 27.2, 3.80275e-05
_466_, 58.845, 27.2, 3.80275e-05
_486_, 58.845, 27.2, 3.80275e-05
FILLER_0_5_113, 58.845, 27.2, 3.80275e-05
FILLER_0_6_112, 58.845, 27.2, 3.80275e-05
FILLER_0_7_118, 58.845, 27.2, 3.80275e-05
_467_, 58.845, 21.76, 3.48575e-05
_471_, 58.845, 21.76, 3.48575e-05
_488_, 58.845, 21.76, 3.48575e-05
FILLER_0_3_113, 58.845, 21.76, 3.48575e-05
FILLER_0_4_109, 58.845, 21.76, 3.48575e-05
_470_, 58.845, 16.32, 3.09413e-05
FILLER_0_3_121, 58.845, 16.32, 3.09413e-05
input21, 58.845, 10.88, 3.1947e-05
FILLER_0_0_109, 58.845, 10.88, 3.1947e-05
_407_, 38.835, 87.04, 4.4333e-05
_441_, 38.835, 87.04, 4.4333e-05
input20, 38.835, 87.04, 4.4333e-05
FILLER_0_28_62, 38.835, 87.04, 4.4333e-05
FILLER_0_28_72, 38.835, 87.04, 4.4333e-05
_408_, 38.835, 81.6, 4.77057e-05
_412_, 38.835, 81.6, 4.77057e-05
_413_, 38.835, 81.6, 4.77057e-05
_440_, 38.835, 81.6, 4.77057e-05
FILLER_0_26_78, 38.835, 81.6, 4.77057e-05
_342_, 38.835, 76.16, 4.78291e-05
_355_, 38.835, 76.16, 4.78291e-05
_409_, 38.835, 76.16, 4.78291e-05
FILLER_0_24_67, 38.835, 76.16, 4.78291e-05
_336_, 38.835, 70.72, 4.5315e-05
_337_, 38.835, 70.72, 4.5315e-05
_341_, 38.835, 70.72, 4.5315e-05
_415_, 38.835, 70.72, 4.5315e-05
FILLER_0_22_81, 38.835, 70.72, 4.5315e-05
FILLER_0_23_81, 38.835, 70.72, 4.5315e-05
_306_, 38.835, 65.28, 4.24545e-05
_308_, 38.835, 65.28, 4.24545e-05
FILLER_0_20_76, 38.835, 65.28, 4.24545e-05
_309_, 38.835, 59.84, 3.93437e-05
_314_, 38.835, 59.84, 3.93437e-05
_338_, 38.835, 59.84, 3.93437e-05
_377_, 38.835, 59.84, 3.93437e-05
FILLER_0_17_68, 38.835, 59.84, 3.93437e-05
FILLER_0_18_64, 38.835, 59.84, 3.93437e-05
FILLER_0_18_81, 38.835, 59.84, 3.93437e-05
FILLER_0_19_76, 38.835, 59.84, 3.93437e-05
_284_, 38.835, 54.4, 3.48341e-05
_304_, 38.835, 54.4, 3.48341e-05
_305_, 38.835, 54.4, 3.48341e-05
_311_, 38.835, 54.4, 3.48341e-05
_316_, 38.835, 54.4, 3.48341e-05
_376_, 38.835, 54.4, 3.48341e-05
FILLER_0_17_76, 38.835, 54.4, 3.48341e-05
_285_, 38.835, 48.96, 5.80602e-05
_310_, 38.835, 48.96, 5.80602e-05
_312_, 38.835, 48.96, 5.80602e-05
clkbuf_0_clk, 38.835, 48.96, 5.80602e-05
FILLER_0_14_65, 38.835, 48.96, 5.80602e-05
FILLER_0_15_73, 38.835, 48.96, 5.80602e-05
_286_, 38.835, 43.52, 2.70033e-05
_383_, 38.835, 43.52, 2.70033e-05
_386_, 38.835, 43.52, 2.70033e-05
_388_, 38.835, 43.52, 2.70033e-05
FILLER_0_11_65, 38.835, 43.52, 2.70033e-05
_293_, 38.835, 38.08, 2.87621e-05
_379_, 38.835, 38.08, 2.87621e-05
_390_, 38.835, 38.08, 2.87621e-05
_391_, 38.835, 38.08, 2.87621e-05
FILLER_0_9_67, 38.835, 38.08, 2.87621e-05
FILLER_0_11_75, 38.835, 38.08, 2.87621e-05
_259_, 38.835, 32.64, 3.03724e-05
_274_, 38.835, 32.64, 3.03724e-05
_381_, 38.835, 32.64, 3.03724e-05
FILLER_0_8_80, 38.835, 32.64, 3.03724e-05
FILLER_0_9_78, 38.835, 32.64, 3.03724e-05
_250_, 38.835, 27.2, 4.68384e-05
_252_, 38.835, 27.2, 4.68384e-05
_275_, 38.835, 27.2, 4.68384e-05
_276_, 38.835, 27.2, 4.68384e-05
_277_, 38.835, 27.2, 4.68384e-05
FILLER_0_7_82, 38.835, 27.2, 4.68384e-05
_253_, 38.835, 21.76, 3.50789e-05
_267_, 38.835, 21.76, 3.50789e-05
FILLER_0_4_74, 38.835, 21.76, 3.50789e-05
FILLER_0_5_80, 38.835, 21.76, 3.50789e-05
FILLER_0_2_77, 38.835, 16.32, 3.09064e-05
input16, 38.835, 10.88, 3.22533e-05
FILLER_0_0_69, 38.835, 10.88, 3.22533e-05
FILLER_0_0_76, 38.835, 10.88, 3.22533e-05
input6, 18.825, 87.04, 4.62642e-05
output26, 18.825, 87.04, 4.62642e-05
FILLER_0_28_20, 18.825, 87.04, 4.62642e-05
FILLER_0_28_29, 18.825, 87.04, 4.62642e-05
FILLER_0_26_21, 18.825, 81.6, 4.69351e-05
_404_, 18.825, 76.16, 4.92515e-05
_482_, 18.825, 76.16, 4.92515e-05
FILLER_0_23_18, 18.825, 76.16, 4.92515e-05
FILLER_0_24_20, 18.825, 76.16, 4.92515e-05
FILLER_0_24_29, 18.825, 76.16, 4.92515e-05
FILLER_0_25_39, 18.825, 76.16, 4.92515e-05
_350_, 18.825, 70.72, 4.77054e-05
_459_, 18.825, 70.72, 4.77054e-05
_460_, 18.825, 70.72, 4.77054e-05
FILLER_0_21_25, 18.825, 70.72, 4.77054e-05
_243_, 18.825, 65.28, 4.64365e-05
_327_, 18.825, 65.28, 4.64365e-05
_328_, 18.825, 65.28, 4.64365e-05
_330_, 18.825, 65.28, 4.64365e-05
_344_, 18.825, 65.28, 4.64365e-05
_452_, 18.825, 65.28, 4.64365e-05
_282_, 18.825, 59.84, 4.38389e-05
_297_, 18.825, 59.84, 4.38389e-05
_329_, 18.825, 59.84, 4.38389e-05
_347_, 18.825, 59.84, 4.38389e-05
_349_, 18.825, 59.84, 4.38389e-05
_239_, 18.825, 54.4, 3.6563e-05
_346_, 18.825, 54.4, 3.6563e-05
_368_, 18.825, 54.4, 3.6563e-05
_370_, 18.825, 54.4, 3.6563e-05
_372_, 18.825, 54.4, 3.6563e-05
_402_, 18.825, 54.4, 3.6563e-05
FILLER_0_15_25, 18.825, 54.4, 3.6563e-05
FILLER_0_16_15, 18.825, 54.4, 3.6563e-05
FILLER_0_16_29, 18.825, 54.4, 3.6563e-05
FILLER_0_17_35, 18.825, 54.4, 3.6563e-05
_278_, 18.825, 48.96, 5.56352e-05
_279_, 18.825, 48.96, 5.56352e-05
_348_, 18.825, 48.96, 5.56352e-05
_371_, 18.825, 48.96, 5.56352e-05
FILLER_0_14_25, 18.825, 48.96, 5.56352e-05
FILLER_0_14_34, 18.825, 48.96, 5.56352e-05
FILLER_0_15_38, 18.825, 48.96, 5.56352e-05
_302_, 18.825, 43.52, 2.96343e-05
_358_, 18.825, 43.52, 2.96343e-05
_359_, 18.825, 43.52, 2.96343e-05
_360_, 18.825, 43.52, 2.96343e-05
_369_, 18.825, 43.52, 2.96343e-05
FILLER_0_11_25, 18.825, 43.52, 2.96343e-05
FILLER_0_12_15, 18.825, 43.52, 2.96343e-05
_246_, 18.825, 38.08, 3.10442e-05
_356_, 18.825, 38.08, 3.10442e-05
_362_, 18.825, 38.08, 3.10442e-05
_363_, 18.825, 38.08, 3.10442e-05
_247_, 18.825, 32.64, 3.18046e-05
hold12, 18.825, 32.64, 3.18046e-05
_240_, 18.825, 27.2, 5.16834e-05
_248_, 18.825, 27.2, 5.16834e-05
_472_, 18.825, 27.2, 5.16834e-05
_473_, 18.825, 27.2, 5.16834e-05
_475_, 18.825, 27.2, 5.16834e-05
hold6, 18.825, 27.2, 5.16834e-05
FILLER_0_6_36, 18.825, 27.2, 5.16834e-05
_463_, 18.825, 21.76, 4.46173e-05
_474_, 18.825, 21.76, 4.46173e-05
_476_, 18.825, 21.76, 4.46173e-05
_477_, 18.825, 21.76, 4.46173e-05
_484_, 18.825, 21.76, 4.46173e-05
_490_, 18.825, 21.76, 4.46173e-05
FILLER_0_3_15, 18.825, 21.76, 4.46173e-05
output35, 18.825, 10.88, 3.59899e-05
PHY_54, 5.52, 87.04, 4.72111e-05
PHY_56, 5.52, 87.04, 4.72111e-05
input13, 5.52, 87.04, 4.72111e-05
input23, 5.52, 87.04, 4.72111e-05
FILLER_0_28_9, 5.52, 87.04, 4.72111e-05
PHY_55, 85.56, 87.04, 4.11996e-05
PHY_57, 85.56, 87.04, 4.11996e-05
input19, 28.83, 87.04, 4.54492e-05
_439_, 48.84, 87.04, 4.57752e-05
_442_, 48.84, 87.04, 4.57752e-05
_456_, 48.84, 87.04, 4.57752e-05
input4, 48.84, 87.04, 4.57752e-05
FILLER_0_28_93, 48.84, 87.04, 4.57752e-05
input3, 68.85, 87.04, 4.25425e-05
FILLER_0_28_137, 68.85, 87.04, 4.25425e-05
PHY_50, 5.52, 81.6, 5.13841e-05
PHY_52, 5.52, 81.6, 5.13841e-05
output27, 5.52, 81.6, 5.13841e-05
PHY_51, 85.56, 81.6, 4.11602e-05
PHY_53, 85.56, 81.6, 4.11602e-05
_405_, 28.83, 81.6, 4.98573e-05
_406_, 28.83, 81.6, 4.98573e-05
_411_, 28.83, 81.6, 4.98573e-05
_419_, 28.83, 81.6, 4.98573e-05
FILLER_0_25_47, 28.83, 81.6, 4.98573e-05
FILLER_0_26_41, 28.83, 81.6, 4.98573e-05
FILLER_0_26_51, 28.83, 81.6, 4.98573e-05
FILLER_0_27_51, 28.83, 81.6, 4.98573e-05
FILLER_0_27_57, 28.83, 81.6, 4.98573e-05
_414_, 48.84, 81.6, 5.09446e-05
_420_, 48.84, 81.6, 5.09446e-05
_438_, 48.84, 81.6, 5.09446e-05
_443_, 48.84, 81.6, 5.09446e-05
_444_, 48.84, 81.6, 5.09446e-05
_461_, 5.52, 76.16, 5.03672e-05
PHY_46, 5.52, 76.16, 5.03672e-05
PHY_48, 5.52, 76.16, 5.03672e-05
FILLER_0_24_3, 5.52, 76.16, 5.03672e-05
PHY_47, 85.56, 76.16, 4.04427e-05
PHY_49, 85.56, 76.16, 4.04427e-05
_351_, 28.83, 76.16, 5.10615e-05
_352_, 28.83, 76.16, 5.10615e-05
_354_, 28.83, 76.16, 5.10615e-05
_401_, 28.83, 76.16, 5.10615e-05
_410_, 28.83, 76.16, 5.10615e-05
hold5, 28.83, 76.16, 5.10615e-05
FILLER_0_24_54, 28.83, 76.16, 5.10615e-05
_416_, 48.84, 76.16, 4.99101e-05
_417_, 48.84, 76.16, 4.99101e-05
_418_, 48.84, 76.16, 4.99101e-05
_433_, 48.84, 76.16, 4.99101e-05
max_cap38, 48.84, 76.16, 4.99101e-05
_483_, 5.52, 70.72, 5.64831e-05
PHY_42, 5.52, 70.72, 5.64831e-05
PHY_44, 5.52, 70.72, 5.64831e-05
hold3, 5.52, 70.72, 5.64831e-05
FILLER_0_23_3, 5.52, 70.72, 5.64831e-05
PHY_43, 85.56, 70.72, 4.04352e-05
PHY_45, 85.56, 70.72, 4.04352e-05
_334_, 28.83, 70.72, 4.74093e-05
_343_, 28.83, 70.72, 4.74093e-05
_345_, 28.83, 70.72, 4.74093e-05
_353_, 28.83, 70.72, 4.74093e-05
FILLER_0_23_60, 28.83, 70.72, 4.74093e-05
_340_, 48.84, 70.72, 4.90438e-05
_432_, 48.84, 70.72, 4.90438e-05
_434_, 48.84, 70.72, 4.90438e-05
_437_, 48.84, 70.72, 4.90438e-05
FILLER_0_22_99, 48.84, 70.72, 4.90438e-05
hold4, 68.85, 70.72, 4.43143e-05
FILLER_0_21_128, 68.85, 70.72, 4.43143e-05
_480_, 5.52, 65.28, 5.48924e-05
PHY_38, 5.52, 65.28, 5.48924e-05
PHY_40, 5.52, 65.28, 5.48924e-05
input2, 5.52, 65.28, 5.48924e-05
FILLER_0_20_3, 5.52, 65.28, 5.48924e-05
PHY_39, 85.56, 65.28, 4.27159e-05
PHY_41, 85.56, 65.28, 4.27159e-05
_298_, 28.83, 65.28, 4.54446e-05
_331_, 28.83, 65.28, 4.54446e-05
_332_, 28.83, 65.28, 4.54446e-05
_333_, 28.83, 65.28, 4.54446e-05
_335_, 28.83, 65.28, 4.54446e-05
_315_, 48.84, 65.28, 4.57103e-05
_339_, 48.84, 65.28, 4.57103e-05
_427_, 48.84, 65.28, 4.57103e-05
_430_, 48.84, 65.28, 4.57103e-05
_431_, 48.84, 65.28, 4.57103e-05
FILLER_0_19_91, 48.84, 65.28, 4.57103e-05
FILLER_0_20_90, 48.84, 65.28, 4.57103e-05
FILLER_0_20_101, 48.84, 65.28, 4.57103e-05
FILLER_0_21_103, 48.84, 65.28, 4.57103e-05
fanout39, 68.85, 65.28, 4.48169e-05
PHY_34, 5.52, 59.84, 5.30828e-05
PHY_36, 5.52, 59.84, 5.30828e-05
output24, 5.52, 59.84, 5.30828e-05
hold1, 5.52, 59.84, 5.30828e-05
PHY_35, 85.56, 59.84, 3.57095e-05
PHY_37, 85.56, 59.84, 3.57095e-05
_296_, 28.83, 59.84, 4.23169e-05
_299_, 28.83, 59.84, 4.23169e-05
_300_, 28.83, 59.84, 4.23169e-05
_307_, 28.83, 59.84, 4.23169e-05
FILLER_0_17_43, 28.83, 59.84, 4.23169e-05
FILLER_0_18_42, 28.83, 59.84, 4.23169e-05
_318_, 48.84, 59.84, 4.04597e-05
_319_, 48.84, 59.84, 4.04597e-05
_320_, 48.84, 59.84, 4.04597e-05
_321_, 48.84, 59.84, 4.04597e-05
_322_, 48.84, 59.84, 4.04597e-05
FILLER_0_17_86, 48.84, 59.84, 4.04597e-05
FILLER_0_18_85, 48.84, 59.84, 4.04597e-05
FILLER_0_18_105, 48.84, 59.84, 4.04597e-05
FILLER_0_19_104, 48.84, 59.84, 4.04597e-05
FILLER_0_18_136, 68.85, 59.84, 3.74696e-05
PHY_30, 5.52, 54.4, 3.6563e-05
PHY_32, 5.52, 54.4, 3.6563e-05
PHY_31, 85.56, 54.4, 3.33634e-05
PHY_33, 85.56, 54.4, 3.33634e-05
_373_, 28.83, 54.4, 3.68478e-05
_374_, 28.83, 54.4, 3.68478e-05
_375_, 28.83, 54.4, 3.68478e-05
_403_, 28.83, 54.4, 3.68478e-05
FILLER_0_15_50, 28.83, 54.4, 3.68478e-05
FILLER_0_17_57, 28.83, 54.4, 3.68478e-05
_283_, 48.84, 54.4, 3.58935e-05
_291_, 48.84, 54.4, 3.58935e-05
_292_, 48.84, 54.4, 3.58935e-05
_295_, 48.84, 54.4, 3.58935e-05
_313_, 48.84, 54.4, 3.58935e-05
_317_, 48.84, 54.4, 3.58935e-05
FILLER_0_15_84, 48.84, 54.4, 3.58935e-05
FILLER_0_16_88, 48.84, 54.4, 3.58935e-05
FILLER_0_17_104, 48.84, 54.4, 3.58935e-05
FILLER_0_16_130, 68.85, 54.4, 3.39104e-05
_478_, 5.52, 48.96, 6.55012e-05
PHY_26, 5.52, 48.96, 6.55012e-05
PHY_28, 5.52, 48.96, 6.55012e-05
output28, 5.52, 48.96, 6.55012e-05
FILLER_0_15_9, 5.52, 48.96, 6.55012e-05
PHY_27, 85.56, 48.96, 3.55568e-05
PHY_29, 85.56, 48.96, 3.55568e-05
_301_, 28.83, 48.96, 7.0848e-05
_303_, 28.83, 48.96, 7.0848e-05
clkbuf_1_1__f_clk, 28.83, 48.96, 7.0848e-05
FILLER_0_14_42, 28.83, 48.96, 7.0848e-05
_287_, 48.84, 48.96, 5.14458e-05
_288_, 48.84, 48.96, 5.14458e-05
_290_, 48.84, 48.96, 5.14458e-05
_294_, 48.84, 48.96, 5.14458e-05
FILLER_0_13_91, 48.84, 48.96, 5.14458e-05
FILLER_0_14_90, 48.84, 48.96, 5.14458e-05
PHY_22, 5.52, 43.52, 3.08384e-05
PHY_24, 5.52, 43.52, 3.08384e-05
hold2, 5.52, 43.52, 3.08384e-05
FILLER_0_13_3, 5.52, 43.52, 3.08384e-05
PHY_23, 85.56, 43.52, 2.87385e-05
PHY_25, 85.56, 43.52, 2.87385e-05
_281_, 28.83, 43.52, 2.94085e-05
_365_, 28.83, 43.52, 2.94085e-05
_366_, 28.83, 43.52, 2.94085e-05
_367_, 28.83, 43.52, 2.94085e-05
FILLER_0_12_41, 28.83, 43.52, 2.94085e-05
FILLER_0_13_61, 28.83, 43.52, 2.94085e-05
_382_, 48.84, 43.52, 2.93026e-05
_389_, 48.84, 43.52, 2.93026e-05
_397_, 48.84, 43.52, 2.93026e-05
_399_, 48.84, 43.52, 2.93026e-05
_400_, 48.84, 43.52, 2.93026e-05
_421_, 48.84, 43.52, 2.93026e-05
FILLER_0_12_85, 48.84, 43.52, 2.93026e-05
FILLER_0_13_103, 48.84, 43.52, 2.93026e-05
FILLER_0_12_133, 68.85, 43.52, 2.89384e-05
PHY_18, 5.52, 38.08, 3.18698e-05
PHY_20, 5.52, 38.08, 3.18698e-05
input22, 5.52, 38.08, 3.18698e-05
PHY_19, 85.56, 38.08, 3.127e-05
PHY_21, 85.56, 38.08, 3.127e-05
output30, 85.56, 38.08, 3.127e-05
_357_, 28.83, 38.08, 3.06407e-05
_361_, 28.83, 38.08, 3.06407e-05
_364_, 28.83, 38.08, 3.06407e-05
_380_, 28.83, 38.08, 3.06407e-05
_387_, 28.83, 38.08, 3.06407e-05
FILLER_0_9_45, 28.83, 38.08, 3.06407e-05
_384_, 48.84, 38.08, 3.04803e-05
_385_, 48.84, 38.08, 3.04803e-05
_392_, 48.84, 38.08, 3.04803e-05
_393_, 48.84, 38.08, 3.04803e-05
_394_, 48.84, 38.08, 3.04803e-05
_395_, 48.84, 38.08, 3.04803e-05
hold9, 68.85, 38.08, 3.07364e-05
FILLER_0_10_131, 68.85, 38.08, 3.07364e-05
PHY_14, 5.52, 32.64, 3.18046e-05
PHY_16, 5.52, 32.64, 3.18046e-05
PHY_15, 85.56, 32.64, 3.096e-05
PHY_17, 85.56, 32.64, 3.096e-05
_255_, 28.83, 32.64, 3.17248e-05
_256_, 28.83, 32.64, 3.17248e-05
_258_, 28.83, 32.64, 3.17248e-05
_378_, 28.83, 32.64, 3.17248e-05
FILLER_0_9_53, 28.83, 32.64, 3.17248e-05
_260_, 48.84, 32.64, 3.23123e-05
_261_, 48.84, 32.64, 3.23123e-05
_263_, 48.84, 32.64, 3.23123e-05
FILLER_0_8_85, 48.84, 32.64, 3.23123e-05
hold10, 68.85, 32.64, 3.22592e-05
FILLER_0_8_130, 68.85, 32.64, 3.22592e-05
_241_, 5.52, 27.2, 5.97407e-05
_489_, 5.52, 27.2, 5.97407e-05
PHY_10, 5.52, 27.2, 5.97407e-05
PHY_12, 5.52, 27.2, 5.97407e-05
input1, 5.52, 27.2, 5.97407e-05
FILLER_0_6_3, 5.52, 27.2, 5.97407e-05
FILLER_0_7_6, 5.52, 27.2, 5.97407e-05
PHY_11, 85.56, 27.2, 3.30413e-05
PHY_13, 85.56, 27.2, 3.30413e-05
input15, 85.56, 27.2, 3.30413e-05
_257_, 28.83, 27.2, 6.34534e-05
_273_, 28.83, 27.2, 6.34534e-05
clkbuf_1_0__f_clk, 28.83, 27.2, 6.34534e-05
hold8, 28.83, 27.2, 6.34534e-05
_254_, 48.84, 27.2, 4.33744e-05
_264_, 48.84, 27.2, 4.33744e-05
_266_, 48.84, 27.2, 4.33744e-05
_271_, 48.84, 27.2, 4.33744e-05
_272_, 48.84, 27.2, 4.33744e-05
FILLER_0_5_93, 48.84, 27.2, 4.33744e-05
FILLER_0_6_97, 48.84, 27.2, 4.33744e-05
FILLER_0_7_98, 48.84, 27.2, 4.33744e-05
FILLER_0_6_135, 68.85, 27.2, 3.54596e-05
_491_, 5.52, 21.76, 5.25191e-05
PHY_6, 5.52, 21.76, 5.25191e-05
PHY_8, 5.52, 21.76, 5.25191e-05
output36, 5.52, 21.76, 5.25191e-05
FILLER_0_5_3, 5.52, 21.76, 5.25191e-05
PHY_7, 85.56, 21.76, 3.20192e-05
PHY_9, 85.56, 21.76, 3.20192e-05
_249_, 28.83, 21.76, 4.02267e-05
_251_, 28.83, 21.76, 4.02267e-05
_462_, 28.83, 21.76, 4.02267e-05
hold7, 28.83, 21.76, 4.02267e-05
FILLER_0_3_43, 28.83, 21.76, 4.02267e-05
FILLER_0_5_57, 28.83, 21.76, 4.02267e-05
_269_, 48.84, 21.76, 3.51841e-05
_270_, 48.84, 21.76, 3.51841e-05
hold11, 68.85, 21.76, 3.36698e-05
FILLER_0_4_134, 68.85, 21.76, 3.36698e-05
PHY_2, 5.52, 16.32, 3.26406e-05
PHY_4, 5.52, 16.32, 3.26406e-05
PHY_3, 85.56, 16.32, 3.21966e-05
PHY_5, 85.56, 16.32, 3.21966e-05
output33, 85.56, 16.32, 3.21966e-05
_242_, 28.83, 16.32, 3.22924e-05
FILLER_0_2_133, 68.85, 16.32, 3.11865e-05
PHY_0, 5.52, 10.88, 3.96427e-05
input12, 5.52, 10.88, 3.96427e-05
input14, 5.52, 10.88, 3.96427e-05
output34, 5.52, 10.88, 3.96427e-05
PHY_1, 85.56, 10.88, 3.24666e-05
output29, 28.83, 10.88, 3.47702e-05
FILLER_0_0_47, 28.83, 10.88, 3.47702e-05
FILLER_0_1_105, 48.84, 10.88, 3.21002e-05
output31, 68.85, 10.88, 3.28632e-05
FILLER_0_0_130, 68.85, 10.88, 3.28632e-05
FILLER_0_0_147, 68.85, 10.88, 3.28632e-05

