
===========================================================================
 report_power
============================================================================
======================= Fastest Corner ===================================

Group                  Internal  Switching    Leakage      Total
                          Power      Power      Power      Power (Watts)
----------------------------------------------------------------
Sequential             2.95e-05   1.80e-06   6.61e-08   3.13e-05  19.9%
Combinational          6.36e-05   6.23e-05   2.96e-09   1.26e-04  80.1%
Macro                  0.00e+00   0.00e+00   0.00e+00   0.00e+00   0.0%
Pad                    0.00e+00   0.00e+00   0.00e+00   0.00e+00   0.0%
----------------------------------------------------------------
Total                  9.30e-05   6.41e-05   6.91e-08   1.57e-04 100.0%
                          59.2%      40.8%       0.0%

======================= Slowest Corner ===================================

Group                  Internal  Switching    Leakage      Total
                          Power      Power      Power      Power (Watts)
----------------------------------------------------------------
Sequential             1.96e-05   1.16e-06   2.64e-07   2.11e-05  19.1%
Combinational          4.64e-05   4.12e-05   1.35e-06   8.89e-05  80.9%
Macro                  0.00e+00   0.00e+00   0.00e+00   0.00e+00   0.0%
Pad                    0.00e+00   0.00e+00   0.00e+00   0.00e+00   0.0%
----------------------------------------------------------------
Total                  6.60e-05   4.24e-05   1.61e-06   1.10e-04 100.0%
                          60.0%      38.5%       1.5%

======================= Typical Corner ===================================

Group                  Internal  Switching    Leakage      Total
                          Power      Power      Power      Power (Watts)
----------------------------------------------------------------
Sequential             2.54e-05   1.50e-06   6.61e-08   2.69e-05  19.7%
Combinational          5.69e-05   5.26e-05   1.70e-09   1.10e-04  80.3%
Macro                  0.00e+00   0.00e+00   0.00e+00   0.00e+00   0.0%
Pad                    0.00e+00   0.00e+00   0.00e+00   0.00e+00   0.0%
----------------------------------------------------------------
Total                  8.23e-05   5.41e-05   6.78e-08   1.37e-04 100.0%
                          60.3%      39.7%       0.0%

