
===========================================================================
report_checks -unconstrained
===========================================================================
======================= Fastest Corner ===================================

Startpoint: rst_n (input port clocked by clk)
Endpoint: _484_ (recovery check against rising-edge clock clk)
Path Group: asynchronous
Path Type: max
Corner: Fastest

Fanout     Cap    Slew   Delay    Time   Description
-----------------------------------------------------------------------------
                          0.00    0.00   clock clk (rise edge)
                          0.00    0.00   clock network delay (propagated)
                          5.00    5.00 ^ input external delay
                  0.01    0.01    5.01 ^ rst_n (in)
     1    0.00                           rst_n (net)
                  0.01    0.00    5.01 ^ input10/A (sky130_fd_sc_hd__clkbuf_2)
                  0.11    0.12    5.13 ^ input10/X (sky130_fd_sc_hd__clkbuf_2)
     5    0.02                           net10 (net)
                  0.11    0.00    5.13 ^ fanout39/A (sky130_fd_sc_hd__buf_4)
                  0.13    0.16    5.29 ^ fanout39/X (sky130_fd_sc_hd__buf_4)
    10    0.06                           net39 (net)
                  0.13    0.01    5.30 ^ _484_/RESET_B (sky130_fd_sc_hd__dfrtp_1)
                                  5.30   data arrival time

                         25.00   25.00   clock clk (rise edge)
                          0.00   25.00   clock source latency
                  0.05    0.03   25.03 ^ clk (in)
     1    0.01                           clk (net)
                  0.05    0.00   25.03 ^ clkbuf_0_clk/A (sky130_fd_sc_hd__clkbuf_16)
                  0.03    0.09   25.12 ^ clkbuf_0_clk/X (sky130_fd_sc_hd__clkbuf_16)
     2    0.02                           clknet_0_clk (net)
                  0.03    0.00   25.12 ^ clkbuf_1_0__f_clk/A (sky130_fd_sc_hd__clkbuf_16)
                  0.04    0.08   25.20 ^ clkbuf_1_0__f_clk/X (sky130_fd_sc_hd__clkbuf_16)
     7    0.03                           clknet_1_0__leaf_clk (net)
                  0.04    0.00   25.20 ^ _484_/CLK (sky130_fd_sc_hd__dfrtp_1)
                         -0.25   24.95   clock uncertainty
                          0.00   24.95   clock reconvergence pessimism
                          0.13   25.08   library recovery time
                                 25.08   data required time
-----------------------------------------------------------------------------
                                 25.08   data required time
                                 -5.30   data arrival time
-----------------------------------------------------------------------------
                                 19.78   slack (MET)


Startpoint: scale[3] (input port clocked by clk)
Endpoint: _480_ (rising edge-triggered flip-flop clocked by clk)
Path Group: clk
Path Type: max
Corner: Fastest

Fanout     Cap    Slew   Delay    Time   Description
-----------------------------------------------------------------------------
                          0.00    0.00   clock clk (rise edge)
                          0.00    0.00   clock network delay (propagated)
                          5.00    5.00 ^ input external delay
                  0.01    0.01    5.01 ^ scale[3] (in)
     1    0.00                           scale[3] (net)
                  0.01    0.00    5.01 ^ input14/A (sky130_fd_sc_hd__buf_2)
                  0.14    0.14    5.15 ^ input14/X (sky130_fd_sc_hd__buf_2)
     9    0.04                           net14 (net)
                  0.14    0.00    5.15 ^ _281_/A (sky130_fd_sc_hd__buf_2)
                  0.15    0.18    5.34 ^ _281_/X (sky130_fd_sc_hd__buf_2)
    10    0.04                           _230_ (net)
                  0.15    0.00    5.34 ^ _296_/A (sky130_fd_sc_hd__nand4_2)
                  0.08    0.08    5.42 v _296_/Y (sky130_fd_sc_hd__nand4_2)
     3    0.01                           _019_ (net)
                  0.08    0.00    5.42 v _331_/B1 (sky130_fd_sc_hd__a22o_1)
                  0.05    0.13    5.54 v _331_/X (sky130_fd_sc_hd__a22o_1)
     3    0.01                           _054_ (net)
                  0.05    0.00    5.54 v _333_/C (sky130_fd_sc_hd__and3_1)
                  0.04    0.13    5.68 v _333_/X (sky130_fd_sc_hd__and3_1)
     2    0.01                           _056_ (net)
                  0.04    0.00    5.68 v _335_/B (sky130_fd_sc_hd__or3b_2)
                  0.07    0.30    5.97 v _335_/X (sky130_fd_sc_hd__or3b_2)
     4    0.01                           _058_ (net)
                  0.07    0.00    5.97 v _354_/A (sky130_fd_sc_hd__and3_2)
                  0.05    0.16    6.13 v _354_/X (sky130_fd_sc_hd__and3_2)
     3    0.02                           _077_ (net)
                  0.05    0.00    6.13 v _410_/A (sky130_fd_sc_hd__nor2_2)
                  0.14    0.15    6.28 ^ _410_/Y (sky130_fd_sc_hd__nor2_2)
     3    0.02                           _133_ (net)
                  0.14    0.00    6.28 ^ _411_/B (sky130_fd_sc_hd__xor2_1)
                  0.05    0.05    6.33 v _411_/X (sky130_fd_sc_hd__xor2_1)
     1    0.00                           _134_ (net)
                  0.05    0.00    6.33 v _414_/A4 (sky130_fd_sc_hd__a41o_1)
                  0.05    0.20    6.53 v _414_/X (sky130_fd_sc_hd__a41o_1)
     3    0.01                           _137_ (net)
                  0.05    0.00    6.53 v _416_/A2 (sky130_fd_sc_hd__a21oi_1)
                  0.16    0.18    6.71 ^ _416_/Y (sky130_fd_sc_hd__a21oi_1)
     1    0.01                           _139_ (net)
                  0.16    0.00    6.71 ^ _417_/B (sky130_fd_sc_hd__xnor2_2)
                  0.19    0.11    6.82 ^ _417_/Y (sky130_fd_sc_hd__xnor2_2)
     4    0.02                           _140_ (net)
                  0.19    0.00    6.82 ^ _447_/C_N (sky130_fd_sc_hd__or3b_2)
                  0.06    0.29    7.11 v _447_/X (sky130_fd_sc_hd__or3b_2)
     1    0.01                           _170_ (net)
                  0.06    0.00    7.11 v _448_/A3 (sky130_fd_sc_hd__o311ai_4)
                  0.20    0.19    7.30 ^ _448_/Y (sky130_fd_sc_hd__o311ai_4)
     3    0.01                           _171_ (net)
                  0.20    0.00    7.30 ^ _451_/B1 (sky130_fd_sc_hd__a22o_1)
                  0.08    0.12    7.43 ^ _451_/X (sky130_fd_sc_hd__a22o_1)
     1    0.01                           _174_ (net)
                  0.08    0.00    7.43 ^ _452_/B2 (sky130_fd_sc_hd__a22o_1)
                  0.03    0.08    7.51 ^ _452_/X (sky130_fd_sc_hd__a22o_1)
     1    0.00                           _001_ (net)
                  0.03    0.00    7.51 ^ _480_/D (sky130_fd_sc_hd__dfrtp_1)
                                  7.51   data arrival time

                         25.00   25.00   clock clk (rise edge)
                          0.00   25.00   clock source latency
                  0.05    0.03   25.03 ^ clk (in)
     1    0.01                           clk (net)
                  0.05    0.00   25.03 ^ clkbuf_0_clk/A (sky130_fd_sc_hd__clkbuf_16)
                  0.03    0.09   25.12 ^ clkbuf_0_clk/X (sky130_fd_sc_hd__clkbuf_16)
     2    0.02                           clknet_0_clk (net)
                  0.03    0.00   25.12 ^ clkbuf_1_1__f_clk/A (sky130_fd_sc_hd__clkbuf_16)
                  0.04    0.09   25.20 ^ clkbuf_1_1__f_clk/X (sky130_fd_sc_hd__clkbuf_16)
     7    0.03                           clknet_1_1__leaf_clk (net)
                  0.04    0.00   25.21 ^ _480_/CLK (sky130_fd_sc_hd__dfrtp_1)
                         -0.25   24.96   clock uncertainty
                          0.00   24.96   clock reconvergence pessimism
                         -0.03   24.92   library setup time
                                 24.92   data required time
-----------------------------------------------------------------------------
                                 24.92   data required time
                                 -7.51   data arrival time
-----------------------------------------------------------------------------
                                 17.41   slack (MET)



======================= Slowest Corner ===================================

Startpoint: rst_n (input port clocked by clk)
Endpoint: _484_ (recovery check against rising-edge clock clk)
Path Group: asynchronous
Path Type: max
Corner: Slowest

Fanout     Cap    Slew   Delay    Time   Description
-----------------------------------------------------------------------------
                          0.00    0.00   clock clk (rise edge)
                          0.00    0.00   clock network delay (propagated)
                          5.00    5.00 ^ input external delay
                  0.03    0.02    5.02 ^ rst_n (in)
     1    0.00                           rst_n (net)
                  0.03    0.00    5.02 ^ input10/A (sky130_fd_sc_hd__clkbuf_2)
                  0.21    0.29    5.30 ^ input10/X (sky130_fd_sc_hd__clkbuf_2)
     5    0.02                           net10 (net)
                  0.21    0.00    5.31 ^ fanout39/A (sky130_fd_sc_hd__buf_4)
                  0.25    0.43    5.73 ^ fanout39/X (sky130_fd_sc_hd__buf_4)
    10    0.06                           net39 (net)
                  0.25    0.01    5.74 ^ _484_/RESET_B (sky130_fd_sc_hd__dfrtp_1)
                                  5.74   data arrival time

                         25.00   25.00   clock clk (rise edge)
                          0.00   25.00   clock source latency
                  0.11    0.07   25.07 ^ clk (in)
     1    0.01                           clk (net)
                  0.11    0.00   25.07 ^ clkbuf_0_clk/A (sky130_fd_sc_hd__clkbuf_16)
                  0.07    0.23   25.29 ^ clkbuf_0_clk/X (sky130_fd_sc_hd__clkbuf_16)
     2    0.02                           clknet_0_clk (net)
                  0.07    0.00   25.29 ^ clkbuf_1_0__f_clk/A (sky130_fd_sc_hd__clkbuf_16)
                  0.07    0.22   25.51 ^ clkbuf_1_0__f_clk/X (sky130_fd_sc_hd__clkbuf_16)
     7    0.03                           clknet_1_0__leaf_clk (net)
                  0.07    0.00   25.51 ^ _484_/CLK (sky130_fd_sc_hd__dfrtp_1)
                         -0.25   25.26   clock uncertainty
                          0.00   25.26   clock reconvergence pessimism
                          0.40   25.66   library recovery time
                                 25.66   data required time
-----------------------------------------------------------------------------
                                 25.66   data required time
                                 -5.74   data arrival time
-----------------------------------------------------------------------------
                                 19.92   slack (MET)


Startpoint: data_in[4] (input port clocked by clk)
Endpoint: _480_ (rising edge-triggered flip-flop clocked by clk)
Path Group: clk
Path Type: max
Corner: Slowest

Fanout     Cap    Slew   Delay    Time   Description
-----------------------------------------------------------------------------
                          0.00    0.00   clock clk (rise edge)
                          0.00    0.00   clock network delay (propagated)
                          5.00    5.00 ^ input external delay
                  0.04    0.02    5.02 ^ data_in[4] (in)
     1    0.00                           data_in[4] (net)
                  0.04    0.00    5.02 ^ input5/A (sky130_fd_sc_hd__buf_1)
                  0.29    0.31    5.33 ^ input5/X (sky130_fd_sc_hd__buf_1)
     2    0.01                           net5 (net)
                  0.29    0.00    5.33 ^ _244_/A (sky130_fd_sc_hd__clkbuf_4)
                  0.26    0.51    5.84 ^ _244_/X (sky130_fd_sc_hd__clkbuf_4)
    10    0.05                           _194_ (net)
                  0.26    0.00    5.84 ^ _296_/D (sky130_fd_sc_hd__nand4_2)
                  0.24    0.37    6.21 v _296_/Y (sky130_fd_sc_hd__nand4_2)
     3    0.01                           _019_ (net)
                  0.24    0.00    6.21 v _331_/B1 (sky130_fd_sc_hd__a22o_1)
                  0.12    0.47    6.68 v _331_/X (sky130_fd_sc_hd__a22o_1)
     3    0.01                           _054_ (net)
                  0.12    0.00    6.68 v _333_/C (sky130_fd_sc_hd__and3_1)
                  0.10    0.43    7.11 v _333_/X (sky130_fd_sc_hd__and3_1)
     2    0.01                           _056_ (net)
                  0.10    0.00    7.11 v _335_/B (sky130_fd_sc_hd__or3b_2)
                  0.22    1.20    8.31 v _335_/X (sky130_fd_sc_hd__or3b_2)
     4    0.01                           _058_ (net)
                  0.22    0.00    8.31 v _354_/A (sky130_fd_sc_hd__and3_2)
                  0.13    0.54    8.85 v _354_/X (sky130_fd_sc_hd__and3_2)
     3    0.02                           _077_ (net)
                  0.13    0.00    8.85 v _410_/A (sky130_fd_sc_hd__nor2_2)
                  0.32    0.37    9.21 ^ _410_/Y (sky130_fd_sc_hd__nor2_2)
     3    0.02                           _133_ (net)
                  0.32    0.00    9.21 ^ _411_/B (sky130_fd_sc_hd__xor2_1)
                  0.22    0.37    9.59 ^ _411_/X (sky130_fd_sc_hd__xor2_1)
     1    0.00                           _134_ (net)
                  0.22    0.00    9.59 ^ _414_/A4 (sky130_fd_sc_hd__a41o_1)
                  0.20    0.55   10.14 ^ _414_/X (sky130_fd_sc_hd__a41o_1)
     3    0.01                           _137_ (net)
                  0.20    0.00   10.14 ^ _416_/A2 (sky130_fd_sc_hd__a21oi_1)
                  0.19    0.27   10.40 v _416_/Y (sky130_fd_sc_hd__a21oi_1)
     1    0.01                           _139_ (net)
                  0.19    0.00   10.40 v _417_/B (sky130_fd_sc_hd__xnor2_2)
                  0.38    0.42   10.83 ^ _417_/Y (sky130_fd_sc_hd__xnor2_2)
     4    0.02                           _140_ (net)
                  0.38    0.00   10.83 ^ _447_/C_N (sky130_fd_sc_hd__or3b_2)
                  0.20    1.25   12.08 v _447_/X (sky130_fd_sc_hd__or3b_2)
     1    0.01                           _170_ (net)
                  0.20    0.00   12.08 v _448_/A3 (sky130_fd_sc_hd__o311ai_4)
                  0.40    0.47   12.56 ^ _448_/Y (sky130_fd_sc_hd__o311ai_4)
     3    0.01                           _171_ (net)
                  0.40    0.00   12.56 ^ _451_/B1 (sky130_fd_sc_hd__a22o_1)
                  0.19    0.47   13.03 ^ _451_/X (sky130_fd_sc_hd__a22o_1)
     1    0.01                           _174_ (net)
                  0.19    0.00   13.03 ^ _452_/B2 (sky130_fd_sc_hd__a22o_1)
                  0.08    0.29   13.32 ^ _452_/X (sky130_fd_sc_hd__a22o_1)
     1    0.00                           _001_ (net)
                  0.08    0.00   13.32 ^ _480_/D (sky130_fd_sc_hd__dfrtp_1)
                                 13.32   data arrival time

                         25.00   25.00   clock clk (rise edge)
                          0.00   25.00   clock source latency
                  0.11    0.07   25.07 ^ clk (in)
     1    0.01                           clk (net)
                  0.11    0.00   25.07 ^ clkbuf_0_clk/A (sky130_fd_sc_hd__clkbuf_16)
                  0.07    0.23   25.29 ^ clkbuf_0_clk/X (sky130_fd_sc_hd__clkbuf_16)
     2    0.02                           clknet_0_clk (net)
                  0.07    0.00   25.29 ^ clkbuf_1_1__f_clk/A (sky130_fd_sc_hd__clkbuf_16)
                  0.08    0.22   25.51 ^ clkbuf_1_1__f_clk/X (sky130_fd_sc_hd__clkbuf_16)
     7    0.03                           clknet_1_1__leaf_clk (net)
                  0.08    0.00   25.51 ^ _480_/CLK (sky130_fd_sc_hd__dfrtp_1)
                         -0.25   25.26   clock uncertainty
                          0.00   25.26   clock reconvergence pessimism
                         -0.14   25.13   library setup time
                                 25.13   data required time
-----------------------------------------------------------------------------
                                 25.13   data required time
                                -13.32   data arrival time
-----------------------------------------------------------------------------
                                 11.81   slack (MET)



======================= Typical Corner ===================================

Startpoint: rst_n (input port clocked by clk)
Endpoint: _484_ (recovery check against rising-edge clock clk)
Path Group: asynchronous
Path Type: max
Corner: Typical

Fanout     Cap    Slew   Delay    Time   Description
-----------------------------------------------------------------------------
                          0.00    0.00   clock clk (rise edge)
                          0.00    0.00   clock network delay (propagated)
                          5.00    5.00 ^ input external delay
                  0.02    0.01    5.01 ^ rst_n (in)
     1    0.00                           rst_n (net)
                  0.02    0.00    5.01 ^ input10/A (sky130_fd_sc_hd__clkbuf_2)
                  0.14    0.17    5.18 ^ input10/X (sky130_fd_sc_hd__clkbuf_2)
     5    0.02                           net10 (net)
                  0.14    0.00    5.18 ^ fanout39/A (sky130_fd_sc_hd__buf_4)
                  0.17    0.25    5.43 ^ fanout39/X (sky130_fd_sc_hd__buf_4)
    10    0.06                           net39 (net)
                  0.17    0.01    5.43 ^ _484_/RESET_B (sky130_fd_sc_hd__dfrtp_1)
                                  5.43   data arrival time

                         25.00   25.00   clock clk (rise edge)
                          0.00   25.00   clock source latency
                  0.07    0.04   25.04 ^ clk (in)
     1    0.01                           clk (net)
                  0.07    0.00   25.04 ^ clkbuf_0_clk/A (sky130_fd_sc_hd__clkbuf_16)
                  0.04    0.13   25.17 ^ clkbuf_0_clk/X (sky130_fd_sc_hd__clkbuf_16)
     2    0.02                           clknet_0_clk (net)
                  0.04    0.00   25.17 ^ clkbuf_1_0__f_clk/A (sky130_fd_sc_hd__clkbuf_16)
                  0.05    0.12   25.29 ^ clkbuf_1_0__f_clk/X (sky130_fd_sc_hd__clkbuf_16)
     7    0.03                           clknet_1_0__leaf_clk (net)
                  0.05    0.00   25.30 ^ _484_/CLK (sky130_fd_sc_hd__dfrtp_1)
                         -0.25   25.05   clock uncertainty
                          0.00   25.05   clock reconvergence pessimism
                          0.20   25.24   library recovery time
                                 25.24   data required time
-----------------------------------------------------------------------------
                                 25.24   data required time
                                 -5.43   data arrival time
-----------------------------------------------------------------------------
                                 19.81   slack (MET)


Startpoint: data_in[4] (input port clocked by clk)
Endpoint: _480_ (rising edge-triggered flip-flop clocked by clk)
Path Group: clk
Path Type: max
Corner: Typical

Fanout     Cap    Slew   Delay    Time   Description
-----------------------------------------------------------------------------
                          0.00    0.00   clock clk (rise edge)
                          0.00    0.00   clock network delay (propagated)
                          5.00    5.00 ^ input external delay
                  0.02    0.01    5.01 ^ data_in[4] (in)
     1    0.00                           data_in[4] (net)
                  0.02    0.00    5.01 ^ input5/A (sky130_fd_sc_hd__buf_1)
                  0.18    0.18    5.19 ^ input5/X (sky130_fd_sc_hd__buf_1)
     2    0.01                           net5 (net)
                  0.18    0.00    5.19 ^ _244_/A (sky130_fd_sc_hd__clkbuf_4)
                  0.17    0.29    5.48 ^ _244_/X (sky130_fd_sc_hd__clkbuf_4)
    10    0.05                           _194_ (net)
                  0.17    0.00    5.48 ^ _296_/D (sky130_fd_sc_hd__nand4_2)
                  0.12    0.16    5.63 v _296_/Y (sky130_fd_sc_hd__nand4_2)
     3    0.01                           _019_ (net)
                  0.12    0.00    5.63 v _331_/B1 (sky130_fd_sc_hd__a22o_1)
                  0.07    0.24    5.88 v _331_/X (sky130_fd_sc_hd__a22o_1)
     3    0.01                           _054_ (net)
                  0.07    0.00    5.88 v _333_/C (sky130_fd_sc_hd__and3_1)
                  0.05    0.21    6.09 v _333_/X (sky130_fd_sc_hd__and3_1)
     2    0.01                           _056_ (net)
                  0.05    0.00    6.09 v _335_/B (sky130_fd_sc_hd__or3b_2)
                  0.11    0.52    6.60 v _335_/X (sky130_fd_sc_hd__or3b_2)
     4    0.01                           _058_ (net)
                  0.11    0.00    6.60 v _354_/A (sky130_fd_sc_hd__and3_2)
                  0.07    0.25    6.85 v _354_/X (sky130_fd_sc_hd__and3_2)
     3    0.02                           _077_ (net)
                  0.07    0.00    6.85 v _410_/A (sky130_fd_sc_hd__nor2_2)
                  0.19    0.21    7.06 ^ _410_/Y (sky130_fd_sc_hd__nor2_2)
     3    0.02                           _133_ (net)
                  0.19    0.00    7.06 ^ _411_/B (sky130_fd_sc_hd__xor2_1)
                  0.07    0.10    7.17 v _411_/X (sky130_fd_sc_hd__xor2_1)
     1    0.00                           _134_ (net)
                  0.07    0.00    7.17 v _414_/A4 (sky130_fd_sc_hd__a41o_1)
                  0.07    0.30    7.46 v _414_/X (sky130_fd_sc_hd__a41o_1)
     3    0.01                           _137_ (net)
                  0.07    0.00    7.46 v _416_/A2 (sky130_fd_sc_hd__a21oi_1)
                  0.23    0.25    7.72 ^ _416_/Y (sky130_fd_sc_hd__a21oi_1)
     1    0.01                           _139_ (net)
                  0.23    0.00    7.72 ^ _417_/B (sky130_fd_sc_hd__xnor2_2)
                  0.25    0.19    7.91 ^ _417_/Y (sky130_fd_sc_hd__xnor2_2)
     4    0.02                           _140_ (net)
                  0.25    0.00    7.91 ^ _447_/C_N (sky130_fd_sc_hd__or3b_2)
                  0.10    0.53    8.44 v _447_/X (sky130_fd_sc_hd__or3b_2)
     1    0.01                           _170_ (net)
                  0.10    0.00    8.44 v _448_/A3 (sky130_fd_sc_hd__o311ai_4)
                  0.26    0.28    8.71 ^ _448_/Y (sky130_fd_sc_hd__o311ai_4)
     3    0.01                           _171_ (net)
                  0.26    0.00    8.72 ^ _451_/B1 (sky130_fd_sc_hd__a22o_1)
                  0.11    0.23    8.95 ^ _451_/X (sky130_fd_sc_hd__a22o_1)
     1    0.01                           _174_ (net)
                  0.11    0.00    8.95 ^ _452_/B2 (sky130_fd_sc_hd__a22o_1)
                  0.05    0.14    9.09 ^ _452_/X (sky130_fd_sc_hd__a22o_1)
     1    0.00                           _001_ (net)
                  0.05    0.00    9.09 ^ _480_/D (sky130_fd_sc_hd__dfrtp_1)
                                  9.09   data arrival time

                         25.00   25.00   clock clk (rise edge)
                          0.00   25.00   clock source latency
                  0.07    0.04   25.04 ^ clk (in)
     1    0.01                           clk (net)
                  0.07    0.00   25.04 ^ clkbuf_0_clk/A (sky130_fd_sc_hd__clkbuf_16)
                  0.04    0.13   25.17 ^ clkbuf_0_clk/X (sky130_fd_sc_hd__clkbuf_16)
     2    0.02                           clknet_0_clk (net)
                  0.04    0.00   25.17 ^ clkbuf_1_1__f_clk/A (sky130_fd_sc_hd__clkbuf_16)
                  0.05    0.13   25.30 ^ clkbuf_1_1__f_clk/X (sky130_fd_sc_hd__clkbuf_16)
     7    0.03                           clknet_1_1__leaf_clk (net)
                  0.05    0.00   25.30 ^ _480_/CLK (sky130_fd_sc_hd__dfrtp_1)
                         -0.25   25.05   clock uncertainty
                          0.00   25.05   clock reconvergence pessimism
                         -0.06   24.99   library setup time
                                 24.99   data required time
-----------------------------------------------------------------------------
                                 24.99   data required time
                                 -9.09   data arrival time
-----------------------------------------------------------------------------
                                 15.90   slack (MET)




===========================================================================
report_checks --slack_max -0.01
============================================================================
======================= Fastest Corner ===================================

No paths found.

======================= Slowest Corner ===================================

No paths found.

======================= Typical Corner ===================================

No paths found.


===========================================================================
 report_check_types -max_slew -max_cap -max_fanout -violators
============================================================================
======================= Fastest Corner ===================================


======================= Slowest Corner ===================================


======================= Typical Corner ===================================



===========================================================================
report_parasitic_annotation -report_unannotated
============================================================================
Found 0 unannotated drivers.
Found 0 partially unannotated drivers.

===========================================================================
max slew violation count 0
max fanout violation count 0
max cap violation count 0
============================================================================

===========================================================================
check_setup -verbose -unconstrained_endpoints -multiple_clock -no_clock -no_input_delay -loops -generated_clocks
===========================================================================
