
61. Printing statistics.

=== gear_quantizer ===

   Number of wires:                250
   Number of wire bits:            277
   Number of public wires:          11
   Number of public wire bits:      38
   Number of memories:               0
   Number of memory bits:            0
   Number of processes:              0
   Number of cells:                253
     sky130_fd_sc_hd__a211o_2        3
     sky130_fd_sc_hd__a211oi_2       1
     sky130_fd_sc_hd__a21bo_2        5
     sky130_fd_sc_hd__a21boi_2       1
     sky130_fd_sc_hd__a21o_2         9
     sky130_fd_sc_hd__a21oi_2       10
     sky130_fd_sc_hd__a22o_2        22
     sky130_fd_sc_hd__a31o_2        11
     sky130_fd_sc_hd__a32o_2         1
     sky130_fd_sc_hd__a41o_2         1
     sky130_fd_sc_hd__and2_2        19
     sky130_fd_sc_hd__and2b_2        3
     sky130_fd_sc_hd__and3_2        12
     sky130_fd_sc_hd__and4_2         5
     sky130_fd_sc_hd__and4b_2        1
     sky130_fd_sc_hd__buf_1         14
     sky130_fd_sc_hd__dfrtp_2       14
     sky130_fd_sc_hd__inv_2          5
     sky130_fd_sc_hd__mux2_2         1
     sky130_fd_sc_hd__nand2_2       17
     sky130_fd_sc_hd__nand3_2        8
     sky130_fd_sc_hd__nand4_2       10
     sky130_fd_sc_hd__nor2_2         6
     sky130_fd_sc_hd__nor2b_2        1
     sky130_fd_sc_hd__nor4_2         1
     sky130_fd_sc_hd__o211a_2        5
     sky130_fd_sc_hd__o211ai_2       1
     sky130_fd_sc_hd__o21a_2         7
     sky130_fd_sc_hd__o21ai_2        4
     sky130_fd_sc_hd__o21ba_2        1
     sky130_fd_sc_hd__o21bai_2       2
     sky130_fd_sc_hd__o221a_2        1
     sky130_fd_sc_hd__o22a_2         1
     sky130_fd_sc_hd__o311ai_2       1
     sky130_fd_sc_hd__o31a_2         2
     sky130_fd_sc_hd__or2_2          9
     sky130_fd_sc_hd__or2b_2         2
     sky130_fd_sc_hd__or3_2          5
     sky130_fd_sc_hd__or3b_2         4
     sky130_fd_sc_hd__or4_2          1
     sky130_fd_sc_hd__or4b_2         1
     sky130_fd_sc_hd__xnor2_2       17
     sky130_fd_sc_hd__xor2_2         8

   Chip area for module '\gear_quantizer': 2571.216000

