
===========================================================================
report_checks -unconstrained
===========================================================================
======================= Typical Corner ===================================

Startpoint: rst_n (input port clocked by clk)
Endpoint: _440_ (recovery check against rising-edge clock clk)
Path Group: asynchronous
Path Type: max

Fanout     Cap    Slew   Delay    Time   Description
-----------------------------------------------------------------------------
                  0.15    0.00    0.00   clock clk (rise edge)
                          0.00    0.00   clock network delay (ideal)
                          5.00    5.00 ^ input external delay
                  0.30    0.23    5.23 ^ rst_n (in)
    14    0.07                           rst_n (net)
                  0.31    0.00    5.23 ^ _440_/RESET_B (sky130_fd_sc_hd__dfrtp_2)
                                  5.23   data arrival time

                  0.15   25.00   25.00   clock clk (rise edge)
                          0.00   25.00   clock network delay (ideal)
                         -0.25   24.75   clock uncertainty
                          0.00   24.75   clock reconvergence pessimism
                                 24.75 ^ _440_/CLK (sky130_fd_sc_hd__dfrtp_2)
                          0.18   24.93   library recovery time
                                 24.93   data required time
-----------------------------------------------------------------------------
                                 24.93   data required time
                                 -5.23   data arrival time
-----------------------------------------------------------------------------
                                 19.70   slack (MET)


Startpoint: scale[3] (input port clocked by clk)
Endpoint: _442_ (rising edge-triggered flip-flop clocked by clk)
Path Group: clk
Path Type: max

Fanout     Cap    Slew   Delay    Time   Description
-----------------------------------------------------------------------------
                  0.15    0.00    0.00   clock clk (rise edge)
                          0.00    0.00   clock network delay (ideal)
                          5.00    5.00 ^ input external delay
                  0.14    0.11    5.11 ^ scale[3] (in)
     6    0.03                           scale[3] (net)
                  0.14    0.00    5.11 ^ _257_/A (sky130_fd_sc_hd__buf_1)
                  0.49    0.44    5.54 ^ _257_/X (sky130_fd_sc_hd__buf_1)
    10    0.04                           _205_ (net)
                  0.49    0.00    5.54 ^ _319_/A (sky130_fd_sc_hd__nand4_2)
                  0.16    0.19    5.73 v _319_/Y (sky130_fd_sc_hd__nand4_2)
     3    0.01                           _061_ (net)
                  0.16    0.00    5.73 v _330_/A1 (sky130_fd_sc_hd__a21o_2)
                  0.04    0.25    5.99 v _330_/X (sky130_fd_sc_hd__a21o_2)
     2    0.01                           _072_ (net)
                  0.04    0.00    5.99 v _335_/A2 (sky130_fd_sc_hd__a21o_2)
                  0.05    0.24    6.22 v _335_/X (sky130_fd_sc_hd__a21o_2)
     3    0.01                           _077_ (net)
                  0.05    0.00    6.22 v _353_/A2 (sky130_fd_sc_hd__a21o_2)
                  0.04    0.23    6.46 v _353_/X (sky130_fd_sc_hd__a21o_2)
     2    0.01                           _095_ (net)
                  0.04    0.00    6.46 v _354_/C (sky130_fd_sc_hd__and3_2)
                  0.07    0.25    6.71 v _354_/X (sky130_fd_sc_hd__and3_2)
     4    0.02                           _096_ (net)
                  0.07    0.00    6.71 v _362_/A_N (sky130_fd_sc_hd__and4bb_2)
                  0.09    0.34    7.05 ^ _362_/X (sky130_fd_sc_hd__and4bb_2)
     3    0.01                           _104_ (net)
                  0.09    0.00    7.05 ^ _364_/A (sky130_fd_sc_hd__nor2_2)
                  0.04    0.07    7.12 v _364_/Y (sky130_fd_sc_hd__nor2_2)
     3    0.01                           _106_ (net)
                  0.04    0.00    7.12 v _368_/C (sky130_fd_sc_hd__and4_2)
                  0.04    0.23    7.35 v _368_/X (sky130_fd_sc_hd__and4_2)
     2    0.00                           _110_ (net)
                  0.04    0.00    7.35 v _377_/A1 (sky130_fd_sc_hd__a21o_2)
                  0.06    0.23    7.58 v _377_/X (sky130_fd_sc_hd__a21o_2)
     2    0.01                           _119_ (net)
                  0.06    0.00    7.58 v _392_/B (sky130_fd_sc_hd__xnor2_2)
                  0.04    0.13    7.71 v _392_/Y (sky130_fd_sc_hd__xnor2_2)
     2    0.00                           _134_ (net)
                  0.04    0.00    7.71 v _408_/A (sky130_fd_sc_hd__or4b_2)
                  0.10    0.69    8.39 v _408_/X (sky130_fd_sc_hd__or4b_2)
     1    0.00                           _150_ (net)
                  0.10    0.00    8.39 v _409_/A3 (sky130_fd_sc_hd__o31a_2)
                  0.06    0.33    8.72 v _409_/X (sky130_fd_sc_hd__o31a_2)
     3    0.01                           _151_ (net)
                  0.06    0.00    8.72 v _418_/B1 (sky130_fd_sc_hd__a31o_2)
                  0.04    0.22    8.95 v _418_/X (sky130_fd_sc_hd__a31o_2)
     1    0.00                           _158_ (net)
                  0.04    0.00    8.95 v _419_/B2 (sky130_fd_sc_hd__a22o_2)
                  0.04    0.23    9.17 v _419_/X (sky130_fd_sc_hd__a22o_2)
     1    0.00                           _003_ (net)
                  0.04    0.00    9.17 v _442_/D (sky130_fd_sc_hd__dfrtp_2)
                                  9.17   data arrival time

                  0.15   25.00   25.00   clock clk (rise edge)
                          0.00   25.00   clock network delay (ideal)
                         -0.25   24.75   clock uncertainty
                          0.00   24.75   clock reconvergence pessimism
                                 24.75 ^ _442_/CLK (sky130_fd_sc_hd__dfrtp_2)
                         -0.09   24.66   library setup time
                                 24.66   data required time
-----------------------------------------------------------------------------
                                 24.66   data required time
                                 -9.17   data arrival time
-----------------------------------------------------------------------------
                                 15.49   slack (MET)




===========================================================================
report_checks --slack_max -0.01
============================================================================
======================= Typical Corner ===================================

No paths found.


===========================================================================
 report_check_types -max_slew -max_cap -max_fanout -violators
============================================================================
======================= Typical Corner ===================================

max fanout

Pin                                   Limit Fanout  Slack
---------------------------------------------------------
rst_n                                    10     14     -4 (VIOLATED)



===========================================================================
report_parasitic_annotation -report_unannotated
============================================================================
Found 257 unannotated drivers.
 clk
 data_in[0]
 data_in[1]
 data_in[2]
 data_in[3]
 data_in[4]
 data_in[5]
 data_in[6]
 data_in[7]
 round_mode
 rst_n
 scale[0]
 scale[1]
 scale[2]
 scale[3]
 threshold[0]
 threshold[1]
 threshold[2]
 threshold[3]
 threshold[4]
 threshold[5]
 threshold[6]
 threshold[7]
 valid_in
 _219_/X
 _220_/Y
 _221_/X
 _222_/X
 _223_/X
 _224_/X
 _225_/X
 _226_/X
 _227_/X
 _228_/X
 _229_/Y
 _230_/X
 _231_/X
 _232_/X
 _233_/Y
 _234_/Y
 _235_/X
 _236_/X
 _237_/X
 _238_/Y
 _239_/X
 _240_/X
 _241_/Y
 _242_/X
 _243_/Y
 _244_/X
 _245_/Y
 _246_/X
 _247_/X
 _248_/X
 _249_/X
 _250_/X
 _251_/X
 _252_/X
 _253_/Y
 _254_/Y
 _255_/X
 _256_/X
 _257_/X
 _258_/X
 _259_/Y
 _260_/X
 _261_/X
 _262_/Y
 _263_/X
 _264_/Y
 _265_/X
 _266_/X
 _267_/X
 _268_/Y
 _269_/X
 _270_/Y
 _271_/X
 _272_/Y
 _273_/X
 _274_/Y
 _275_/Y
 _276_/X
 _277_/X
 _278_/Y
 _279_/X
 _280_/Y
 _281_/Y
 _282_/Y
 _283_/Y
 _284_/X
 _285_/Y
 _286_/X
 _287_/X
 _288_/Y
 _289_/X
 _290_/X
 _291_/Y
 _292_/X
 _293_/Y
 _294_/X
 _295_/Y
 _296_/Y
 _297_/X
 _298_/X
 _299_/X
 _300_/Y
 _301_/X
 _302_/X
 _303_/X
 _304_/Y
 _305_/X
 _306_/X
 _307_/Y
 _308_/X
 _309_/X
 _310_/X
 _311_/Y
 _312_/X
 _313_/Y
 _314_/X
 _315_/Y
 _316_/X
 _317_/X
 _318_/X
 _319_/Y
 _320_/X
 _321_/X
 _322_/Y
 _323_/X
 _324_/X
 _325_/X
 _326_/Y
 _327_/Y
 _328_/X
 _329_/Y
 _330_/X
 _331_/X
 _332_/X
 _333_/Y
 _334_/X
 _335_/X
 _336_/Y
 _337_/X
 _338_/X
 _339_/X
 _340_/Y
 _341_/X
 _342_/Y
 _343_/Y
 _344_/Y
 _345_/X
 _346_/Y
 _347_/Y
 _348_/X
 _349_/X
 _350_/X
 _351_/X
 _352_/X
 _353_/X
 _354_/X
 _355_/Y
 _356_/Y
 _357_/X
 _358_/X
 _359_/Y
 _360_/X
 _361_/Y
 _362_/X
 _363_/X
 _364_/Y
 _365_/Y
 _366_/Y
 _367_/X
 _368_/X
 _369_/Y
 _370_/X
 _371_/X
 _372_/X
 _373_/X
 _374_/X
 _375_/X
 _376_/X
 _377_/X
 _378_/X
 _379_/Y
 _380_/X
 _381_/Y
 _382_/Y
 _383_/X
 _384_/X
 _385_/Y
 _386_/Y
 _387_/X
 _388_/Y
 _389_/X
 _390_/Y
 _391_/X
 _392_/Y
 _393_/Y
 _394_/Y
 _395_/X
 _396_/X
 _397_/X
 _398_/Y
 _399_/Y
 _400_/Y
 _401_/X
 _402_/Y
 _403_/X
 _404_/X
 _405_/Y
 _406_/X
 _407_/X
 _408_/X
 _409_/X
 _410_/X
 _411_/X
 _412_/Y
 _413_/X
 _414_/X
 _415_/X
 _416_/Y
 _417_/X
 _418_/X
 _419_/X
 _420_/X
 _421_/X
 _422_/X
 _423_/X
 _424_/X
 _425_/X
 _426_/X
 _427_/X
 _428_/X
 _429_/X
 _430_/X
 _431_/X
 _432_/X
 _433_/X
 _434_/X
 _435_/X
 _436_/X
 _437_/X
 _438_/Q
 _439_/Q
 _440_/Q
 _441_/Q
 _442_/Q
 _443_/Q
 _444_/Q
 _445_/Q
 _446_/Q
 _447_/Q
 _448_/Q
 _449_/Q
 _450_/Q
 _451_/Q
Found 0 partially unannotated drivers.

===========================================================================
max slew violation count 0
max fanout violation count 1
max cap violation count 0
============================================================================

===========================================================================
check_setup -verbose -unconstrained_endpoints -multiple_clock -no_clock -no_input_delay -loops -generated_clocks
===========================================================================
