OpenROAD 41a51eaf4ca2171c92ff38afb91eb37bbd3f36da 
This program is licensed under the BSD-3 license. See the LICENSE file for details.
Components of this program may be licensed under more restrictive licenses which must be honored.
[INFO]: Reading ODB at '/home/ugunt/projects/ai-accelerator-verification/rung4-gear-quantizer/openlane/runs/RUN_2026.07.01_17.27.49/tmp/routing/22-fill.odb'…
define_corners Typical
read_liberty -corner Typical /home/ugunt/.ciel/sky130A/libs.ref/sky130_fd_sc_hd/lib/sky130_fd_sc_hd__tt_025C_1v80.lib
Using 1e-12 for capacitance...
Using 1e+03 for resistance...
Using 1e-09 for time...
Using 1e+00 for voltage...
Using 1e-03 for current...
Using 1e-09 for power...
Using 1e-06 for distance...
Reading design constraints file at '/home/ugunt/projects/ai-accelerator-verification/rung4-gear-quantizer/openlane/runs/RUN_2026.07.01_17.27.49/tmp/17-gear_quantizer.sdc'…
[INFO ORD-0030] Using 2 thread(s).
[INFO DRT-0149] Reading tech and libs.

Units:                1000
Number of layers:     13
Number of macros:     441
Number of vias:       25
Number of viarulegen: 25

[INFO DRT-0150] Reading design.

Design:                   gear_quantizer
Die area:                 ( 0 0 ) ( 200000 200000 )
Number of track patterns: 12
Number of DEF vias:       0
Number of components:     3628
Number of terminals:      40
Number of snets:          2
Number of nets:           302

[INFO DRT-0167] List of default vias:
  Layer mcon
    default via: L1M1_PR
  Layer via
    default via: M1M2_PR
  Layer via2
    default via: M2M3_PR
  Layer via3
    default via: M3M4_PR
  Layer via4
    default via: M4M5_PR
[INFO DRT-0162] Library cell analysis.
[INFO DRT-0163] Instance analysis.
[INFO DRT-0164] Number of unique instances = 136.
[INFO DRT-0168] Init region query.
[INFO DRT-0024]   Complete FR_MASTERSLICE.
[INFO DRT-0024]   Complete licon.
[INFO DRT-0024]   Complete li1.
[INFO DRT-0024]   Complete mcon.
[INFO DRT-0024]   Complete met1.
[INFO DRT-0024]   Complete via.
[INFO DRT-0024]   Complete met2.
[INFO DRT-0024]   Complete via2.
[INFO DRT-0024]   Complete met3.
[INFO DRT-0024]   Complete via3.
[INFO DRT-0024]   Complete met4.
[INFO DRT-0024]   Complete via4.
[INFO DRT-0024]   Complete met5.
[INFO DRT-0033] FR_MASTERSLICE shape region query size = 0.
[INFO DRT-0033] licon shape region query size = 0.
[INFO DRT-0033] li1 shape region query size = 24053.
[INFO DRT-0033] mcon shape region query size = 40680.
[INFO DRT-0033] met1 shape region query size = 7749.
[INFO DRT-0033] via shape region query size = 660.
[INFO DRT-0033] met2 shape region query size = 416.
[INFO DRT-0033] via2 shape region query size = 528.
[INFO DRT-0033] met3 shape region query size = 414.
[INFO DRT-0033] via3 shape region query size = 528.
[INFO DRT-0033] met4 shape region query size = 148.
[INFO DRT-0033] via4 shape region query size = 8.
[INFO DRT-0033] met5 shape region query size = 16.
[INFO DRT-0165] Start pin access.
[INFO DRT-0076]   Complete 100 pins.
[INFO DRT-0076]   Complete 200 pins.
[INFO DRT-0076]   Complete 300 pins.
[INFO DRT-0076]   Complete 400 pins.
[INFO DRT-0078]   Complete 428 pins.
[INFO DRT-0079]   Complete 100 unique inst patterns.
[INFO DRT-0081]   Complete 118 unique inst patterns.
[INFO DRT-0084]   Complete 163 groups.
#scanned instances     = 3628
#unique  instances     = 136
#stdCellGenAp          = 3321
#stdCellValidPlanarAp  = 31
#stdCellValidViaAp     = 2581
#stdCellPinNoAp        = 0
#stdCellPinCnt         = 972
#instTermValidViaApCnt = 0
#macroGenAp            = 0
#macroValidPlanarAp    = 0
#macroValidViaAp       = 0
#macroNoAp             = 0
[INFO DRT-0166] Complete pin access.
[INFO DRT-0267] cpu time = 00:00:13, elapsed time = 00:00:06, memory = 121.91 (MB), peak = 121.91 (MB)

Number of guides:     2060

[INFO DRT-0169] Post process guides.
[INFO DRT-0176] GCELLGRID X 0 DO 28 STEP 6900 ;
[INFO DRT-0177] GCELLGRID Y 0 DO 28 STEP 6900 ;
[INFO DRT-0028]   Complete FR_MASTERSLICE.
[INFO DRT-0028]   Complete licon.
[INFO DRT-0028]   Complete li1.
[INFO DRT-0028]   Complete mcon.
[INFO DRT-0028]   Complete met1.
[INFO DRT-0028]   Complete via.
[INFO DRT-0028]   Complete met2.
[INFO DRT-0028]   Complete via2.
[INFO DRT-0028]   Complete met3.
[INFO DRT-0028]   Complete via3.
[INFO DRT-0028]   Complete met4.
[INFO DRT-0028]   Complete via4.
[INFO DRT-0028]   Complete met5.
[INFO DRT-0178] Init guide query.
[INFO DRT-0035]   Complete FR_MASTERSLICE (guide).
[INFO DRT-0035]   Complete licon (guide).
[INFO DRT-0035]   Complete li1 (guide).
[INFO DRT-0035]   Complete mcon (guide).
[INFO DRT-0035]   Complete met1 (guide).
[INFO DRT-0035]   Complete via (guide).
[INFO DRT-0035]   Complete met2 (guide).
[INFO DRT-0035]   Complete via2 (guide).
[INFO DRT-0035]   Complete met3 (guide).
[INFO DRT-0035]   Complete via3 (guide).
[INFO DRT-0035]   Complete met4 (guide).
[INFO DRT-0035]   Complete via4 (guide).
[INFO DRT-0035]   Complete met5 (guide).
[INFO DRT-0036] FR_MASTERSLICE guide region query size = 0.
[INFO DRT-0036] licon guide region query size = 0.
[INFO DRT-0036] li1 guide region query size = 712.
[INFO DRT-0036] mcon guide region query size = 0.
[INFO DRT-0036] met1 guide region query size = 541.
[INFO DRT-0036] via guide region query size = 0.
[INFO DRT-0036] met2 guide region query size = 284.
[INFO DRT-0036] via2 guide region query size = 0.
[INFO DRT-0036] met3 guide region query size = 24.
[INFO DRT-0036] via3 guide region query size = 0.
[INFO DRT-0036] met4 guide region query size = 0.
[INFO DRT-0036] via4 guide region query size = 0.
[INFO DRT-0036] met5 guide region query size = 0.
[INFO DRT-0179] Init gr pin query.
[INFO DRT-0245] skipped writing guide updates to database.
[INFO DRT-0185] Post process initialize RPin region query.
[INFO DRT-0181] Start track assignment.
[INFO DRT-0184] Done with 996 vertical wires in 1 frboxes and 565 horizontal wires in 1 frboxes.
[INFO DRT-0186] Done with 62 vertical wires in 1 frboxes and 173 horizontal wires in 1 frboxes.
[INFO DRT-0182] Complete track assignment.
[INFO DRT-0267] cpu time = 00:00:00, elapsed time = 00:00:00, memory = 132.58 (MB), peak = 132.58 (MB)
[INFO DRT-0187] Start routing data preparation.
[INFO DRT-0267] cpu time = 00:00:00, elapsed time = 00:00:00, memory = 132.58 (MB), peak = 132.58 (MB)
[INFO DRT-0194] Start detail routing.
[INFO DRT-0195] Start 0th optimization iteration.
    Completing 10% with 0 violations.
    elapsed time = 00:00:00, memory = 153.12 (MB).
    Completing 20% with 0 violations.
    elapsed time = 00:00:00, memory = 168.88 (MB).
    Completing 30% with 18 violations.
    elapsed time = 00:00:00, memory = 151.11 (MB).
    Completing 40% with 18 violations.
    elapsed time = 00:00:00, memory = 171.23 (MB).
    Completing 50% with 18 violations.
    elapsed time = 00:00:00, memory = 171.23 (MB).
    Completing 60% with 32 violations.
    elapsed time = 00:00:01, memory = 183.09 (MB).
    Completing 70% with 32 violations.
    elapsed time = 00:00:06, memory = 190.08 (MB).
    Completing 80% with 86 violations.
    elapsed time = 00:00:06, memory = 168.53 (MB).
    Completing 90% with 86 violations.
    elapsed time = 00:00:06, memory = 179.78 (MB).
    Completing 100% with 89 violations.
    elapsed time = 00:00:06, memory = 179.78 (MB).
[INFO DRT-0199]   Number of violations = 117.
Viol/Layer         li1   met1   met2   met3
Metal Spacing        4     25      2      3
Min Hole             0      2      0      0
Recheck              0     17     11      0
Short                0     52      1      0
[INFO DRT-0267] cpu time = 00:00:07, elapsed time = 00:00:06, memory = 511.41 (MB), peak = 511.41 (MB)
Total wire length = 8686 um.
Total wire length on LAYER li1 = 0 um.
Total wire length on LAYER met1 = 4164 um.
Total wire length on LAYER met2 = 4195 um.
Total wire length on LAYER met3 = 325 um.
Total wire length on LAYER met4 = 0 um.
Total wire length on LAYER met5 = 0 um.
Total number of vias = 1919.
Up-via summary (total 1919):.

-----------------------
 FR_MASTERSLICE       0
            li1     958
           met1     926
           met2      35
           met3       0
           met4       0
-----------------------
                   1919


[INFO DRT-0195] Start 1st optimization iteration.
    Completing 10% with 117 violations.
    elapsed time = 00:00:00, memory = 511.41 (MB).
    Completing 20% with 117 violations.
    elapsed time = 00:00:00, memory = 511.53 (MB).
    Completing 30% with 117 violations.
    elapsed time = 00:00:00, memory = 518.03 (MB).
    Completing 40% with 84 violations.
    elapsed time = 00:00:01, memory = 495.41 (MB).
    Completing 50% with 84 violations.
    elapsed time = 00:00:01, memory = 510.41 (MB).
    Completing 60% with 84 violations.
    elapsed time = 00:00:01, memory = 510.78 (MB).
    Completing 70% with 71 violations.
    elapsed time = 00:00:01, memory = 516.53 (MB).
    Completing 80% with 71 violations.
    elapsed time = 00:00:01, memory = 519.53 (MB).
    Completing 90% with 50 violations.
    elapsed time = 00:00:04, memory = 505.69 (MB).
    Completing 100% with 49 violations.
    elapsed time = 00:00:04, memory = 506.57 (MB).
[INFO DRT-0199]   Number of violations = 49.
Viol/Layer        met1
Metal Spacing       17
Short               32
[INFO DRT-0267] cpu time = 00:00:05, elapsed time = 00:00:04, memory = 506.57 (MB), peak = 531.41 (MB)
Total wire length = 8625 um.
Total wire length on LAYER li1 = 0 um.
Total wire length on LAYER met1 = 4173 um.
Total wire length on LAYER met2 = 4181 um.
Total wire length on LAYER met3 = 269 um.
Total wire length on LAYER met4 = 0 um.
Total wire length on LAYER met5 = 0 um.
Total number of vias = 1899.
Up-via summary (total 1899):.

-----------------------
 FR_MASTERSLICE       0
            li1     957
           met1     905
           met2      37
           met3       0
           met4       0
-----------------------
                   1899


[INFO DRT-0195] Start 2nd optimization iteration.
    Completing 10% with 49 violations.
    elapsed time = 00:00:00, memory = 506.57 (MB).
    Completing 20% with 49 violations.
    elapsed time = 00:00:00, memory = 506.57 (MB).
    Completing 30% with 49 violations.
    elapsed time = 00:00:00, memory = 506.57 (MB).
    Completing 40% with 52 violations.
    elapsed time = 00:00:01, memory = 506.57 (MB).
    Completing 50% with 52 violations.
    elapsed time = 00:00:01, memory = 506.57 (MB).
    Completing 60% with 52 violations.
    elapsed time = 00:00:03, memory = 526.44 (MB).
    Completing 70% with 82 violations.
    elapsed time = 00:00:03, memory = 487.14 (MB).
    Completing 80% with 82 violations.
    elapsed time = 00:00:03, memory = 501.89 (MB).
    Completing 90% with 80 violations.
    elapsed time = 00:00:03, memory = 501.89 (MB).
    Completing 100% with 82 violations.
    elapsed time = 00:00:04, memory = 501.89 (MB).
[INFO DRT-0199]   Number of violations = 82.
Viol/Layer        met1
Metal Spacing       19
Short               63
[INFO DRT-0267] cpu time = 00:00:04, elapsed time = 00:00:04, memory = 501.89 (MB), peak = 531.41 (MB)
Total wire length = 8648 um.
Total wire length on LAYER li1 = 0 um.
Total wire length on LAYER met1 = 4189 um.
Total wire length on LAYER met2 = 4191 um.
Total wire length on LAYER met3 = 267 um.
Total wire length on LAYER met4 = 0 um.
Total wire length on LAYER met5 = 0 um.
Total number of vias = 1895.
Up-via summary (total 1895):.

-----------------------
 FR_MASTERSLICE       0
            li1     957
           met1     904
           met2      34
           met3       0
           met4       0
-----------------------
                   1895


[INFO DRT-0195] Start 3rd optimization iteration.
    Completing 10% with 82 violations.
    elapsed time = 00:00:00, memory = 501.89 (MB).
    Completing 20% with 82 violations.
    elapsed time = 00:00:00, memory = 501.89 (MB).
    Completing 30% with 81 violations.
    elapsed time = 00:00:00, memory = 501.89 (MB).
    Completing 40% with 81 violations.
    elapsed time = 00:00:00, memory = 501.89 (MB).
    Completing 50% with 81 violations.
    elapsed time = 00:00:00, memory = 501.89 (MB).
    Completing 60% with 78 violations.
    elapsed time = 00:00:00, memory = 501.89 (MB).
    Completing 70% with 78 violations.
    elapsed time = 00:00:07, memory = 501.89 (MB).
    Completing 80% with 7 violations.
    elapsed time = 00:00:07, memory = 501.89 (MB).
    Completing 90% with 7 violations.
    elapsed time = 00:00:07, memory = 501.89 (MB).
    Completing 100% with 7 violations.
    elapsed time = 00:00:07, memory = 501.89 (MB).
[INFO DRT-0199]   Number of violations = 7.
Viol/Layer        met1
Metal Spacing        2
Short                5
[INFO DRT-0267] cpu time = 00:00:07, elapsed time = 00:00:07, memory = 501.89 (MB), peak = 531.41 (MB)
Total wire length = 8650 um.
Total wire length on LAYER li1 = 0 um.
Total wire length on LAYER met1 = 4081 um.
Total wire length on LAYER met2 = 4209 um.
Total wire length on LAYER met3 = 359 um.
Total wire length on LAYER met4 = 0 um.
Total wire length on LAYER met5 = 0 um.
Total number of vias = 1923.
Up-via summary (total 1923):.

-----------------------
 FR_MASTERSLICE       0
            li1     957
           met1     915
           met2      51
           met3       0
           met4       0
-----------------------
                   1923


[INFO DRT-0195] Start 4th optimization iteration.
    Completing 10% with 7 violations.
    elapsed time = 00:00:00, memory = 501.89 (MB).
    Completing 20% with 7 violations.
    elapsed time = 00:00:00, memory = 501.89 (MB).
    Completing 30% with 7 violations.
    elapsed time = 00:00:00, memory = 501.89 (MB).
    Completing 40% with 7 violations.
    elapsed time = 00:00:00, memory = 501.89 (MB).
    Completing 50% with 7 violations.
    elapsed time = 00:00:00, memory = 501.89 (MB).
    Completing 60% with 7 violations.
    elapsed time = 00:00:00, memory = 501.89 (MB).
    Completing 70% with 7 violations.
    elapsed time = 00:00:00, memory = 501.89 (MB).
    Completing 80% with 7 violations.
    elapsed time = 00:00:00, memory = 501.89 (MB).
    Completing 90% with 0 violations.
    elapsed time = 00:00:02, memory = 501.89 (MB).
    Completing 100% with 0 violations.
    elapsed time = 00:00:02, memory = 501.89 (MB).
[INFO DRT-0199]   Number of violations = 0.
[INFO DRT-0267] cpu time = 00:00:02, elapsed time = 00:00:02, memory = 501.89 (MB), peak = 531.41 (MB)
Total wire length = 8648 um.
Total wire length on LAYER li1 = 0 um.
Total wire length on LAYER met1 = 4067 um.
Total wire length on LAYER met2 = 4211 um.
Total wire length on LAYER met3 = 369 um.
Total wire length on LAYER met4 = 0 um.
Total wire length on LAYER met5 = 0 um.
Total number of vias = 1927.
Up-via summary (total 1927):.

-----------------------
 FR_MASTERSLICE       0
            li1     957
           met1     918
           met2      52
           met3       0
           met4       0
-----------------------
                   1927


[INFO DRT-0198] Complete detail routing.
Total wire length = 8648 um.
Total wire length on LAYER li1 = 0 um.
Total wire length on LAYER met1 = 4067 um.
Total wire length on LAYER met2 = 4211 um.
Total wire length on LAYER met3 = 369 um.
Total wire length on LAYER met4 = 0 um.
Total wire length on LAYER met5 = 0 um.
Total number of vias = 1927.
Up-via summary (total 1927):.

-----------------------
 FR_MASTERSLICE       0
            li1     957
           met1     918
           met2      52
           met3       0
           met4       0
-----------------------
                   1927


[INFO DRT-0267] cpu time = 00:00:28, elapsed time = 00:00:26, memory = 501.89 (MB), peak = 531.41 (MB)

[INFO DRT-0180] Post processing.
Setting global connections for newly added cells…
Writing OpenROAD database to '/home/ugunt/projects/ai-accelerator-verification/rung4-gear-quantizer/openlane/runs/RUN_2026.07.01_17.27.49/results/routing/gear_quantizer.odb'…
Writing netlist to '/home/ugunt/projects/ai-accelerator-verification/rung4-gear-quantizer/openlane/runs/RUN_2026.07.01_17.27.49/results/routing/gear_quantizer.nl.v'…
Writing powered netlist to '/home/ugunt/projects/ai-accelerator-verification/rung4-gear-quantizer/openlane/runs/RUN_2026.07.01_17.27.49/results/routing/gear_quantizer.pnl.v'…
Writing layout to '/home/ugunt/projects/ai-accelerator-verification/rung4-gear-quantizer/openlane/runs/RUN_2026.07.01_17.27.49/results/routing/gear_quantizer.def'…
