
===========================================================================
 report_power
============================================================================
======================= Fastest Corner ===================================

Group                  Internal  Switching    Leakage      Total
                          Power      Power      Power      Power (Watts)
----------------------------------------------------------------
Sequential             4.66e-05   8.81e-06   4.28e-08   5.55e-05   5.1%
Combinational          4.70e-04   5.66e-04   8.30e-09   1.04e-03  94.9%
Macro                  0.00e+00   0.00e+00   0.00e+00   0.00e+00   0.0%
Pad                    0.00e+00   0.00e+00   0.00e+00   0.00e+00   0.0%
----------------------------------------------------------------
Total                  5.16e-04   5.74e-04   5.11e-08   1.09e-03 100.0%
                          47.3%      52.7%       0.0%

======================= Slowest Corner ===================================

Group                  Internal  Switching    Leakage      Total
                          Power      Power      Power      Power (Watts)
----------------------------------------------------------------
Sequential             3.12e-05   5.87e-06   1.71e-07   3.72e-05   4.9%
Combinational          3.45e-04   3.75e-04   4.09e-06   7.24e-04  95.1%
Macro                  0.00e+00   0.00e+00   0.00e+00   0.00e+00   0.0%
Pad                    0.00e+00   0.00e+00   0.00e+00   0.00e+00   0.0%
----------------------------------------------------------------
Total                  3.76e-04   3.80e-04   4.26e-06   7.61e-04 100.0%
                          49.4%      50.0%       0.6%

======================= Typical Corner ===================================

Group                  Internal  Switching    Leakage      Total
                          Power      Power      Power      Power (Watts)
----------------------------------------------------------------
Sequential             4.01e-05   7.46e-06   4.28e-08   4.76e-05   5.0%
Combinational          4.22e-04   4.78e-04   5.67e-09   9.00e-04  95.0%
Macro                  0.00e+00   0.00e+00   0.00e+00   0.00e+00   0.0%
Pad                    0.00e+00   0.00e+00   0.00e+00   0.00e+00   0.0%
----------------------------------------------------------------
Total                  4.62e-04   4.85e-04   4.85e-08   9.47e-04 100.0%
                          48.8%      51.2%       0.0%

