
===========================================================================
report_checks -unconstrained
===========================================================================
======================= Typical Corner ===================================

Startpoint: rst_n (input port clocked by clk)
Endpoint: _441_ (recovery check against rising-edge clock clk)
Path Group: asynchronous
Path Type: max

Fanout     Cap    Slew   Delay    Time   Description
-----------------------------------------------------------------------------
                          0.00    0.00   clock clk (rise edge)
                          0.00    0.00   clock network delay (propagated)
                          5.00    5.00 ^ input external delay
                  0.02    0.01    5.01 ^ rst_n (in)
     1    0.00                           rst_n (net)
                  0.02    0.00    5.01 ^ input9/A (sky130_fd_sc_hd__buf_2)
                  0.09    0.14    5.15 ^ input9/X (sky130_fd_sc_hd__buf_2)
     5    0.02                           net9 (net)
                  0.09    0.00    5.15 ^ fanout37/A (sky130_fd_sc_hd__clkbuf_4)
                  0.15    0.24    5.39 ^ fanout37/X (sky130_fd_sc_hd__clkbuf_4)
    10    0.05                           net37 (net)
                  0.15    0.00    5.39 ^ _441_/RESET_B (sky130_fd_sc_hd__dfrtp_2)
                                  5.39   data arrival time

                         25.00   25.00   clock clk (rise edge)
                          0.00   25.00   clock source latency
                  0.04    0.03   25.03 ^ clk (in)
     1    0.01                           clk (net)
                  0.04    0.00   25.03 ^ clkbuf_0_clk/A (sky130_fd_sc_hd__clkbuf_16)
                  0.04    0.12   25.14 ^ clkbuf_0_clk/X (sky130_fd_sc_hd__clkbuf_16)
     2    0.02                           clknet_0_clk (net)
                  0.04    0.00   25.14 ^ clkbuf_1_0__f_clk/A (sky130_fd_sc_hd__clkbuf_16)
                  0.04    0.12   25.26 ^ clkbuf_1_0__f_clk/X (sky130_fd_sc_hd__clkbuf_16)
     8    0.02                           clknet_1_0__leaf_clk (net)
                  0.04    0.00   25.26 ^ _441_/CLK (sky130_fd_sc_hd__dfrtp_2)
                         -0.25   25.01   clock uncertainty
                          0.00   25.01   clock reconvergence pessimism
                          0.19   25.20   library recovery time
                                 25.20   data required time
-----------------------------------------------------------------------------
                                 25.20   data required time
                                 -5.39   data arrival time
-----------------------------------------------------------------------------
                                 19.81   slack (MET)


Startpoint: data_in[2] (input port clocked by clk)
Endpoint: _440_ (rising edge-triggered flip-flop clocked by clk)
Path Group: clk
Path Type: max

Fanout     Cap    Slew   Delay    Time   Description
-----------------------------------------------------------------------------
                          0.00    0.00   clock clk (rise edge)
                          0.00    0.00   clock network delay (propagated)
                          5.00    5.00 v input external delay
                  0.02    0.01    5.01 v data_in[2] (in)
     1    0.01                           data_in[2] (net)
                  0.02    0.00    5.01 v input3/A (sky130_fd_sc_hd__buf_1)
                  0.08    0.13    5.14 v input3/X (sky130_fd_sc_hd__buf_1)
     2    0.01                           net3 (net)
                  0.08    0.00    5.14 v _222_/A (sky130_fd_sc_hd__clkbuf_4)
                  0.07    0.19    5.33 v _222_/X (sky130_fd_sc_hd__clkbuf_4)
    10    0.03                           _171_ (net)
                  0.07    0.00    5.33 v _318_/A2 (sky130_fd_sc_hd__a22o_1)
                  0.07    0.28    5.62 v _318_/X (sky130_fd_sc_hd__a22o_1)
     3    0.01                           _060_ (net)
                  0.07    0.00    5.62 v _320_/A2 (sky130_fd_sc_hd__a21bo_1)
                  0.05    0.22    5.84 v _320_/X (sky130_fd_sc_hd__a21bo_1)
     2    0.01                           _062_ (net)
                  0.05    0.00    5.84 v _321_/B1 (sky130_fd_sc_hd__a21o_1)
                  0.06    0.19    6.03 v _321_/X (sky130_fd_sc_hd__a21o_1)
     3    0.01                           _063_ (net)
                  0.06    0.00    6.03 v _323_/A2 (sky130_fd_sc_hd__a21bo_1)
                  0.04    0.21    6.24 v _323_/X (sky130_fd_sc_hd__a21bo_1)
     2    0.00                           _065_ (net)
                  0.04    0.00    6.24 v _325_/B (sky130_fd_sc_hd__and3_2)
                  0.07    0.24    6.49 v _325_/X (sky130_fd_sc_hd__and3_2)
     4    0.02                           _067_ (net)
                  0.07    0.00    6.49 v _340_/A (sky130_fd_sc_hd__nor3b_1)
                  0.33    0.35    6.83 ^ _340_/Y (sky130_fd_sc_hd__nor3b_1)
     3    0.01                           _082_ (net)
                  0.33    0.00    6.83 ^ _342_/A (sky130_fd_sc_hd__nor2_1)
                  0.10    0.15    6.98 v _342_/Y (sky130_fd_sc_hd__nor2_1)
     3    0.01                           _084_ (net)
                  0.10    0.00    6.98 v _376_/A1 (sky130_fd_sc_hd__a31o_1)
                  0.04    0.21    7.19 v _376_/X (sky130_fd_sc_hd__a31o_1)
     1    0.00                           _118_ (net)
                  0.04    0.00    7.19 v _377_/B1 (sky130_fd_sc_hd__a21o_1)
                  0.06    0.18    7.37 v _377_/X (sky130_fd_sc_hd__a21o_1)
     2    0.01                           _119_ (net)
                  0.06    0.00    7.37 v _392_/B (sky130_fd_sc_hd__xnor2_1)
                  0.06    0.14    7.50 v _392_/Y (sky130_fd_sc_hd__xnor2_1)
     2    0.00                           _134_ (net)
                  0.06    0.00    7.50 v _408_/A (sky130_fd_sc_hd__or4b_1)
                  0.09    0.55    8.05 v _408_/X (sky130_fd_sc_hd__or4b_1)
     1    0.00                           _150_ (net)
                  0.09    0.00    8.05 v _409_/A3 (sky130_fd_sc_hd__o31a_1)
                  0.07    0.29    8.34 v _409_/X (sky130_fd_sc_hd__o31a_1)
     3    0.01                           _151_ (net)
                  0.07    0.00    8.34 v _410_/B1 (sky130_fd_sc_hd__a31o_1)
                  0.04    0.20    8.55 v _410_/X (sky130_fd_sc_hd__a31o_1)
     1    0.00                           _152_ (net)
                  0.04    0.00    8.55 v _411_/B2 (sky130_fd_sc_hd__a22o_1)
                  0.04    0.20    8.75 v _411_/X (sky130_fd_sc_hd__a22o_1)
     1    0.00                           _001_ (net)
                  0.04    0.00    8.75 v _440_/D (sky130_fd_sc_hd__dfrtp_1)
                                  8.75   data arrival time

                         25.00   25.00   clock clk (rise edge)
                          0.00   25.00   clock source latency
                  0.04    0.03   25.03 ^ clk (in)
     1    0.01                           clk (net)
                  0.04    0.00   25.03 ^ clkbuf_0_clk/A (sky130_fd_sc_hd__clkbuf_16)
                  0.04    0.12   25.14 ^ clkbuf_0_clk/X (sky130_fd_sc_hd__clkbuf_16)
     2    0.02                           clknet_0_clk (net)
                  0.04    0.00   25.14 ^ clkbuf_1_0__f_clk/A (sky130_fd_sc_hd__clkbuf_16)
                  0.04    0.12   25.26 ^ clkbuf_1_0__f_clk/X (sky130_fd_sc_hd__clkbuf_16)
     8    0.02                           clknet_1_0__leaf_clk (net)
                  0.04    0.00   25.26 ^ _440_/CLK (sky130_fd_sc_hd__dfrtp_1)
                         -0.25   25.01   clock uncertainty
                          0.00   25.01   clock reconvergence pessimism
                         -0.11   24.90   library setup time
                                 24.90   data required time
-----------------------------------------------------------------------------
                                 24.90   data required time
                                 -8.75   data arrival time
-----------------------------------------------------------------------------
                                 16.15   slack (MET)




===========================================================================
report_checks --slack_max -0.01
============================================================================
======================= Typical Corner ===================================

No paths found.


===========================================================================
 report_check_types -max_slew -max_cap -max_fanout -violators
============================================================================
======================= Typical Corner ===================================



===========================================================================
report_parasitic_annotation -report_unannotated
============================================================================
Found 302 unannotated drivers.
 clk
 data_in[0]
 data_in[1]
 data_in[2]
 data_in[3]
 data_in[4]
 data_in[5]
 data_in[6]
 data_in[7]
 round_mode
 rst_n
 scale[0]
 scale[1]
 scale[2]
 scale[3]
 threshold[0]
 threshold[1]
 threshold[2]
 threshold[3]
 threshold[4]
 threshold[5]
 threshold[6]
 threshold[7]
 valid_in
 _219_/X
 _220_/Y
 _221_/X
 _222_/X
 _223_/X
 _224_/X
 _225_/X
 _226_/X
 _227_/X
 _228_/X
 _229_/Y
 _230_/X
 _231_/X
 _232_/X
 _233_/Y
 _234_/Y
 _235_/X
 _236_/X
 _237_/X
 _238_/Y
 _239_/X
 _240_/X
 _241_/Y
 _242_/X
 _243_/Y
 _244_/X
 _245_/Y
 _246_/X
 _247_/X
 _248_/X
 _249_/X
 _250_/X
 _251_/X
 _252_/X
 _253_/Y
 _254_/Y
 _255_/X
 _256_/X
 _257_/X
 _258_/X
 _259_/Y
 _260_/X
 _261_/X
 _262_/Y
 _263_/X
 _264_/Y
 _265_/X
 _266_/X
 _267_/X
 _268_/Y
 _269_/X
 _270_/Y
 _271_/X
 _272_/Y
 _273_/X
 _274_/Y
 _275_/Y
 _276_/X
 _277_/X
 _278_/Y
 _279_/X
 _280_/Y
 _281_/Y
 _282_/Y
 _283_/Y
 _284_/X
 _285_/Y
 _286_/X
 _287_/X
 _288_/Y
 _289_/X
 _290_/X
 _291_/Y
 _292_/X
 _293_/Y
 _294_/X
 _295_/Y
 _296_/Y
 _297_/X
 _298_/X
 _299_/X
 _300_/Y
 _301_/X
 _302_/X
 _303_/X
 _304_/Y
 _305_/X
 _306_/X
 _307_/Y
 _308_/X
 _309_/X
 _310_/X
 _311_/Y
 _312_/X
 _313_/Y
 _314_/X
 _315_/Y
 _316_/X
 _317_/X
 _318_/X
 _319_/Y
 _320_/X
 _321_/X
 _322_/Y
 _323_/X
 _324_/X
 _325_/X
 _326_/Y
 _327_/Y
 _328_/X
 _329_/Y
 _330_/X
 _331_/X
 _332_/X
 _333_/Y
 _334_/X
 _335_/X
 _336_/Y
 _337_/X
 _338_/X
 _339_/X
 _340_/Y
 _341_/X
 _342_/Y
 _343_/Y
 _344_/Y
 _345_/X
 _346_/Y
 _347_/Y
 _348_/X
 _349_/X
 _350_/X
 _351_/X
 _352_/X
 _353_/X
 _354_/X
 _355_/Y
 _356_/Y
 _357_/X
 _358_/X
 _359_/Y
 _360_/X
 _361_/Y
 _362_/X
 _363_/X
 _364_/Y
 _365_/Y
 _366_/Y
 _367_/X
 _368_/X
 _369_/Y
 _370_/X
 _371_/X
 _372_/X
 _373_/X
 _374_/X
 _375_/X
 _376_/X
 _377_/X
 _378_/X
 _379_/Y
 _380_/X
 _381_/Y
 _382_/Y
 _383_/X
 _384_/X
 _385_/Y
 _386_/Y
 _387_/X
 _388_/Y
 _389_/X
 _390_/Y
 _391_/X
 _392_/Y
 _393_/Y
 _394_/Y
 _395_/X
 _396_/X
 _397_/X
 _398_/Y
 _399_/Y
 _400_/Y
 _401_/X
 _402_/Y
 _403_/X
 _404_/X
 _405_/Y
 _406_/X
 _407_/X
 _408_/X
 _409_/X
 _410_/X
 _411_/X
 _412_/Y
 _413_/X
 _414_/X
 _415_/X
 _416_/Y
 _417_/X
 _418_/X
 _419_/X
 _420_/X
 _421_/X
 _422_/X
 _423_/X
 _424_/X
 _425_/X
 _426_/X
 _427_/X
 _428_/X
 _429_/X
 _430_/X
 _431_/X
 _432_/X
 _433_/X
 _434_/X
 _435_/X
 _436_/X
 _437_/X
 _438_/Q
 _439_/Q
 _440_/Q
 _441_/Q
 _442_/Q
 _443_/Q
 _444_/Q
 _445_/Q
 _446_/Q
 _447_/Q
 _448_/Q
 _449_/Q
 _450_/Q
 _451_/Q
 clkbuf_0_clk/X
 clkbuf_1_0__f_clk/X
 clkbuf_1_1__f_clk/X
 fanout37/X
 hold1/X
 hold2/X
 hold3/X
 hold4/X
 hold5/X
 input1/X
 input10/X
 input11/X
 input12/X
 input13/X
 input14/X
 input15/X
 input16/X
 input17/X
 input18/X
 input19/X
 input2/X
 input20/X
 input21/X
 input22/X
 input3/X
 input4/X
 input5/X
 input6/X
 input7/X
 input8/X
 input9/X
 output23/X
 output24/X
 output25/X
 output26/X
 output27/X
 output28/X
 output29/X
 output30/X
 output31/X
 output32/X
 output33/X
 output34/X
 output35/X
 output36/X
Found 0 partially unannotated drivers.

===========================================================================
max slew violation count 0
max fanout violation count 0
max cap violation count 0
============================================================================

===========================================================================
check_setup -verbose -unconstrained_endpoints -multiple_clock -no_clock -no_input_delay -loops -generated_clocks
===========================================================================
