Instance name,  X location,  Y location,  Voltage 
output31, 178.74, 184.96, 0.000205508
FILLER_0_64_365, 178.74, 184.96, 0.000205508
FILLER_0_64_53, 25.14, 184.96, 0.000211483
FILLER_0_63_51, 25.14, 179.52, 0.000204932
FILLER_0_61_51, 25.14, 174.08, 0.000204827
FILLER_0_59_45, 25.14, 168.64, 0.000206722
FILLER_0_59_53, 25.14, 168.64, 0.000206722
FILLER_0_57_51, 25.14, 163.2, 0.000204437
FILLER_0_55_51, 25.14, 157.76, 0.000204275
FILLER_0_53_51, 25.14, 152.32, 0.000204048
FILLER_0_49_51, 25.14, 141.44, 0.000207657
FILLER_0_47_51, 25.14, 136, 0.000209194
FILLER_0_45_51, 25.14, 130.56, 0.000214714
FILLER_0_43_51, 25.14, 125.12, 0.00021207
FILLER_0_41_51, 25.14, 119.68, 0.000218838
FILLER_0_39_51, 25.14, 114.24, 0.00021326
FILLER_0_37_51, 25.14, 108.8, 0.000221511
FILLER_0_35_45, 25.14, 103.36, 0.000240672
FILLER_0_35_53, 25.14, 103.36, 0.000240672
FILLER_0_33_51, 25.14, 97.92, 0.000191611
FILLER_0_31_51, 25.14, 92.48, 0.000176104
FILLER_0_29_51, 25.14, 87.04, 0.000159626
FILLER_0_25_51, 25.14, 76.16, 0.000133018
FILLER_0_23_51, 25.14, 70.72, 0.000121852
FILLER_0_21_51, 25.14, 65.28, 0.000111271
FILLER_0_19_51, 25.14, 59.84, 9.92781e-05
FILLER_0_17_51, 25.14, 54.4, 8.78372e-05
FILLER_0_15_51, 25.14, 48.96, 7.63098e-05
FILLER_0_13_51, 25.14, 43.52, 6.46006e-05
FILLER_0_11_45, 25.14, 38.08, 5.39735e-05
FILLER_0_11_53, 25.14, 38.08, 5.39735e-05
FILLER_0_9_51, 25.14, 32.64, 4.06978e-05
FILLER_0_7_51, 25.14, 27.2, 3.74264e-05
FILLER_0_5_51, 25.14, 21.76, 3.90124e-05
FILLER_0_3_51, 25.14, 16.32, 3.89155e-05
FILLER_0_0_47, 25.14, 10.88, 4.4248e-05
FILLER_0_1_51, 25.14, 10.88, 4.4248e-05
PHY_126, 5.52, 184.96, 0.000213442
PHY_128, 5.52, 184.96, 0.000213442
input22, 5.52, 184.96, 0.000213442
FILLER_0_64_7, 5.52, 184.96, 0.000213442
PHY_127, 194.12, 184.96, 0.000206284
PHY_129, 194.12, 184.96, 0.000206284
input17, 194.12, 184.96, 0.000206284
input12, 15.33, 184.96, 0.000212869
FILLER_0_64_21, 15.33, 184.96, 0.000212869
input6, 37.94, 184.96, 0.000217425
FILLER_0_64_57, 37.94, 184.96, 0.000217425
FILLER_0_64_109, 50.74, 184.96, 0.000221959
output25, 63.54, 184.96, 0.000226492
FILLER_0_64_131, 63.54, 184.96, 0.000226492
input18, 76.34, 184.96, 0.000226252
FILLER_0_64_141, 76.34, 184.96, 0.000226252
FILLER_0_64_165, 76.34, 184.96, 0.000226252
FILLER_0_64_193, 89.14, 184.96, 0.000225503
input19, 101.94, 184.96, 0.000224755
FILLER_0_64_214, 101.94, 184.96, 0.000224755
input4, 114.74, 184.96, 0.000223578
FILLER_0_64_237, 114.74, 184.96, 0.000223578
FILLER_0_64_247, 114.74, 184.96, 0.000223578
FILLER_0_64_277, 127.54, 184.96, 0.000221001
input5, 140.34, 184.96, 0.000218425
FILLER_0_64_301, 140.34, 184.96, 0.000218425
input3, 153.14, 184.96, 0.000214418
FILLER_0_64_321, 153.14, 184.96, 0.000214418
FILLER_0_64_329, 153.14, 184.96, 0.000214418
FILLER_0_64_361, 165.94, 184.96, 0.000209963
FILLER_0_63_385, 186.43, 184.96, 0.000205896
FILLER_0_64_393, 186.43, 184.96, 0.000205896
PHY_122, 5.52, 179.52, 0.000204932
PHY_124, 5.52, 179.52, 0.000204932
PHY_123, 194.12, 179.52, 0.000200026
PHY_125, 194.12, 179.52, 0.000200026
FILLER_0_62_77, 37.94, 179.52, 0.000204523
FILLER_0_63_105, 50.74, 179.52, 0.000204114
FILLER_0_62_133, 63.54, 179.52, 0.000203705
FILLER_0_63_161, 76.34, 179.52, 0.000203297
FILLER_0_62_189, 89.14, 179.52, 0.000202888
FILLER_0_63_217, 101.94, 179.52, 0.000202479
FILLER_0_62_245, 114.74, 179.52, 0.00020207
FILLER_0_63_273, 127.54, 179.52, 0.000201661
FILLER_0_62_301, 140.34, 179.52, 0.000201252
FILLER_0_63_329, 153.14, 179.52, 0.000200844
FILLER_0_62_357, 165.94, 179.52, 0.000200435
FILLER_0_61_385, 186.43, 179.52, 0.000200026
FILLER_0_61_393, 186.43, 179.52, 0.000200026
FILLER_0_62_401, 186.43, 179.52, 0.000200026
PHY_118, 5.52, 174.08, 0.000204827
PHY_120, 5.52, 174.08, 0.000204827
PHY_119, 194.12, 174.08, 0.000200568
PHY_121, 194.12, 174.08, 0.000200568
FILLER_0_60_77, 37.94, 174.08, 0.000204431
FILLER_0_61_105, 50.74, 174.08, 0.000204035
FILLER_0_60_133, 63.54, 174.08, 0.000203639
FILLER_0_61_161, 76.34, 174.08, 0.000203243
FILLER_0_60_189, 89.14, 174.08, 0.000202848
FILLER_0_61_217, 101.94, 174.08, 0.000202452
FILLER_0_60_245, 114.74, 174.08, 0.000202056
FILLER_0_61_273, 127.54, 174.08, 0.00020166
FILLER_0_60_301, 140.34, 174.08, 0.000201264
FILLER_0_61_329, 153.14, 174.08, 0.000200868
FILLER_0_60_357, 165.94, 174.08, 0.000200472
input16, 186.43, 174.08, 0.000200568
FILLER_0_59_385, 186.43, 174.08, 0.000200568
FILLER_0_60_401, 186.43, 174.08, 0.000200568
PHY_114, 5.52, 168.64, 0.000211007
PHY_116, 5.52, 168.64, 0.000211007
output26, 5.52, 168.64, 0.000211007
PHY_115, 194.12, 168.64, 0.00019899
PHY_117, 194.12, 168.64, 0.00019899
FILLER_0_58_77, 37.94, 168.64, 0.000206078
FILLER_0_59_105, 50.74, 168.64, 0.000205433
FILLER_0_58_133, 63.54, 168.64, 0.000204789
FILLER_0_59_161, 76.34, 168.64, 0.000204145
FILLER_0_58_189, 89.14, 168.64, 0.0002035
FILLER_0_59_217, 101.94, 168.64, 0.000202856
FILLER_0_58_245, 114.74, 168.64, 0.000202212
FILLER_0_59_273, 127.54, 168.64, 0.000201567
FILLER_0_58_301, 140.34, 168.64, 0.000200923
FILLER_0_59_329, 153.14, 168.64, 0.000200278
FILLER_0_58_357, 165.94, 168.64, 0.000199634
FILLER_0_57_385, 186.43, 168.64, 0.00019899
FILLER_0_58_401, 186.43, 168.64, 0.00019899
PHY_110, 5.52, 163.2, 0.000204437
PHY_112, 5.52, 163.2, 0.000204437
PHY_111, 194.12, 163.2, 0.000198221
PHY_113, 194.12, 163.2, 0.000198221
FILLER_0_56_77, 37.94, 163.2, 0.000203919
FILLER_0_57_105, 50.74, 163.2, 0.000203401
FILLER_0_56_133, 63.54, 163.2, 0.000202883
FILLER_0_57_161, 76.34, 163.2, 0.000202365
FILLER_0_56_189, 89.14, 163.2, 0.000201847
FILLER_0_57_217, 101.94, 163.2, 0.000201329
FILLER_0_56_245, 114.74, 163.2, 0.000200811
FILLER_0_57_273, 127.54, 163.2, 0.000200293
FILLER_0_56_301, 140.34, 163.2, 0.000199775
FILLER_0_57_329, 153.14, 163.2, 0.000199257
FILLER_0_56_357, 165.94, 163.2, 0.000198739
FILLER_0_55_385, 186.43, 163.2, 0.000198221
FILLER_0_56_401, 186.43, 163.2, 0.000198221
PHY_106, 5.52, 157.76, 0.000204275
PHY_108, 5.52, 157.76, 0.000204275
PHY_107, 194.12, 157.76, 0.000199334
PHY_109, 194.12, 157.76, 0.000199334
input10, 194.12, 157.76, 0.000199334
FILLER_0_54_77, 37.94, 157.76, 0.000203771
FILLER_0_55_105, 50.74, 157.76, 0.000203268
FILLER_0_54_133, 63.54, 157.76, 0.000202764
FILLER_0_55_161, 76.34, 157.76, 0.00020226
FILLER_0_54_189, 89.14, 157.76, 0.000201757
FILLER_0_55_217, 101.94, 157.76, 0.000201253
FILLER_0_54_245, 114.74, 157.76, 0.00020075
FILLER_0_55_273, 127.54, 157.76, 0.000200246
FILLER_0_54_301, 140.34, 157.76, 0.000199742
FILLER_0_55_329, 153.14, 157.76, 0.000199239
FILLER_0_54_357, 165.94, 157.76, 0.000198735
FILLER_0_53_385, 186.43, 157.76, 0.000198782
PHY_102, 5.52, 152.32, 0.000204048
PHY_104, 5.52, 152.32, 0.000204048
PHY_103, 194.12, 152.32, 0.000196828
PHY_105, 194.12, 152.32, 0.000196828
FILLER_0_52_77, 37.94, 152.32, 0.000203447
FILLER_0_53_105, 50.74, 152.32, 0.000202845
FILLER_0_52_133, 63.54, 152.32, 0.000202243
FILLER_0_53_161, 76.34, 152.32, 0.000201642
FILLER_0_52_189, 89.14, 152.32, 0.00020104
FILLER_0_53_217, 101.94, 152.32, 0.000200438
FILLER_0_52_245, 114.74, 152.32, 0.000199837
FILLER_0_53_273, 127.54, 152.32, 0.000199235
FILLER_0_52_301, 140.34, 152.32, 0.000198633
FILLER_0_53_329, 153.14, 152.32, 0.000198031
FILLER_0_52_357, 165.94, 152.32, 0.00019743
FILLER_0_51_385, 186.43, 152.32, 0.000196828
FILLER_0_52_401, 186.43, 152.32, 0.000196828
PHY_98, 5.52, 146.88, 0.00020649
PHY_100, 5.52, 146.88, 0.00020649
input2, 5.52, 146.88, 0.00020649
PHY_99, 194.12, 146.88, 0.000196778
PHY_101, 194.12, 146.88, 0.000196778
FILLER_0_50_77, 37.94, 146.88, 0.000206264
FILLER_0_51_105, 50.74, 146.88, 0.000207028
FILLER_0_50_133, 63.54, 146.88, 0.000207792
_361_, 76.34, 146.88, 0.000208556
FILLER_0_51_161, 76.34, 146.88, 0.000208556
_328_, 89.14, 146.88, 0.000207634
_336_, 89.14, 146.88, 0.000207634
FILLER_0_49_169, 89.14, 146.88, 0.000207634
FILLER_0_50_189, 89.14, 146.88, 0.000207634
FILLER_0_51_217, 101.94, 146.88, 0.000206083
FILLER_0_50_245, 114.74, 146.88, 0.000204532
FILLER_0_51_273, 127.54, 146.88, 0.000202981
FILLER_0_50_301, 140.34, 146.88, 0.00020143
FILLER_0_51_329, 153.14, 146.88, 0.00019988
FILLER_0_50_357, 165.94, 146.88, 0.000198329
FILLER_0_49_385, 186.43, 146.88, 0.000196778
FILLER_0_50_401, 186.43, 146.88, 0.000196778
PHY_94, 5.52, 141.44, 0.000207657
PHY_96, 5.52, 141.44, 0.000207657
PHY_95, 194.12, 141.44, 0.000197836
PHY_97, 194.12, 141.44, 0.000197836
FILLER_0_48_77, 37.94, 141.44, 0.00021207
FILLER_0_49_105, 50.74, 141.44, 0.000216482
_355_, 63.54, 141.44, 0.000220895
FILLER_0_47_125, 63.54, 141.44, 0.000220895
FILLER_0_48_133, 63.54, 141.44, 0.000220895
FILLER_0_49_137, 63.54, 141.44, 0.000220895
_334_, 76.34, 141.44, 0.000224722
_347_, 76.34, 141.44, 0.000224722
_348_, 76.34, 141.44, 0.000224722
_350_, 76.34, 141.44, 0.000224722
_352_, 76.34, 141.44, 0.000224722
_354_, 76.34, 141.44, 0.000224722
_359_, 76.34, 141.44, 0.000224722
_360_, 76.34, 141.44, 0.000224722
FILLER_0_47_143, 76.34, 141.44, 0.000224722
_329_, 89.14, 141.44, 0.000224763
_335_, 89.14, 141.44, 0.000224763
_337_, 89.14, 141.44, 0.000224763
_346_, 89.14, 141.44, 0.000224763
_353_, 89.14, 141.44, 0.000224763
FILLER_0_47_169, 89.14, 141.44, 0.000224763
FILLER_0_48_171, 89.14, 141.44, 0.000224763
FILLER_0_48_192, 89.14, 141.44, 0.000224763
_222_, 101.94, 141.44, 0.000221916
FILLER_0_47_200, 101.94, 141.44, 0.000221916
FILLER_0_49_219, 101.94, 141.44, 0.000221916
FILLER_0_48_245, 114.74, 141.44, 0.000217902
FILLER_0_49_273, 127.54, 141.44, 0.000213889
FILLER_0_48_301, 140.34, 141.44, 0.000209876
FILLER_0_49_329, 153.14, 141.44, 0.000205862
FILLER_0_48_357, 165.94, 141.44, 0.000201849
FILLER_0_47_385, 186.43, 141.44, 0.000197836
FILLER_0_48_401, 186.43, 141.44, 0.000197836
PHY_90, 5.52, 136, 0.000209194
PHY_92, 5.52, 136, 0.000209194
PHY_91, 194.12, 136, 0.000205141
PHY_93, 194.12, 136, 0.000205141
output24, 194.12, 136, 0.000205141
FILLER_0_46_77, 37.94, 136, 0.000216085
FILLER_0_47_105, 50.74, 136, 0.000222975
_223_, 63.54, 136, 0.000229866
_362_, 63.54, 136, 0.000229866
_363_, 63.54, 136, 0.000229866
_364_, 63.54, 136, 0.000229866
_367_, 63.54, 136, 0.000229866
FILLER_0_45_119, 63.54, 136, 0.000229866
FILLER_0_46_121, 63.54, 136, 0.000229866
_318_, 76.34, 136, 0.000230898
_332_, 76.34, 136, 0.000230898
_333_, 76.34, 136, 0.000230898
_351_, 76.34, 136, 0.000230898
_374_, 76.34, 136, 0.000230898
FILLER_0_45_143, 76.34, 136, 0.000230898
FILLER_0_46_147, 76.34, 136, 0.000230898
FILLER_0_47_163, 76.34, 136, 0.000230898
_314_, 89.14, 136, 0.000229738
_317_, 89.14, 136, 0.000229738
_320_, 89.14, 136, 0.000229738
_330_, 89.14, 136, 0.000229738
_331_, 89.14, 136, 0.000229738
_339_, 89.14, 136, 0.000229738
_365_, 89.14, 136, 0.000229738
FILLER_0_46_178, 89.14, 136, 0.000229738
FILLER_0_46_193, 89.14, 136, 0.000229738
FILLER_0_47_215, 101.94, 136, 0.000225515
FILLER_0_46_245, 114.74, 136, 0.000221291
FILLER_0_47_273, 127.54, 136, 0.000217067
FILLER_0_46_301, 140.34, 136, 0.000212844
FILLER_0_47_329, 153.14, 136, 0.00020862
FILLER_0_46_357, 165.94, 136, 0.000204396
FILLER_0_45_385, 186.43, 136, 0.000202657
FILLER_0_45_393, 186.43, 136, 0.000202657
FILLER_0_46_401, 186.43, 136, 0.000202657
PHY_86, 5.52, 130.56, 0.000222043
PHY_88, 5.52, 130.56, 0.000222043
output23, 5.52, 130.56, 0.000222043
PHY_87, 194.12, 130.56, 0.000197274
PHY_89, 194.12, 130.56, 0.000197274
FILLER_0_44_21, 15.33, 130.56, 0.000218379
FILLER_0_44_77, 37.94, 130.56, 0.000224823
_393_, 50.74, 130.56, 0.000234932
_394_, 50.74, 130.56, 0.000234932
FILLER_0_44_97, 50.74, 130.56, 0.000234932
FILLER_0_45_105, 50.74, 130.56, 0.000234932
_373_, 63.54, 130.56, 0.000243898
_398_, 63.54, 130.56, 0.000243898
_399_, 63.54, 130.56, 0.000243898
_400_, 63.54, 130.56, 0.000243898
_401_, 63.54, 130.56, 0.000243898
_402_, 63.54, 130.56, 0.000243898
_405_, 63.54, 130.56, 0.000243898
_407_, 63.54, 130.56, 0.000243898
FILLER_0_43_125, 63.54, 130.56, 0.000243898
_345_, 76.34, 130.56, 0.000245879
_366_, 76.34, 130.56, 0.000245879
_368_, 76.34, 130.56, 0.000245879
_403_, 76.34, 130.56, 0.000245879
FILLER_0_44_166, 76.34, 130.56, 0.000245879
FILLER_0_45_158, 76.34, 130.56, 0.000245879
_321_, 89.14, 130.56, 0.000242885
_322_, 89.14, 130.56, 0.000242885
_323_, 89.14, 130.56, 0.000242885
_326_, 89.14, 130.56, 0.000242885
_327_, 89.14, 130.56, 0.000242885
_338_, 89.14, 130.56, 0.000242885
FILLER_0_43_173, 89.14, 130.56, 0.000242885
FILLER_0_45_221, 101.94, 130.56, 0.000236369
FILLER_0_44_245, 114.74, 130.56, 0.000229853
FILLER_0_45_273, 127.54, 130.56, 0.000223337
FILLER_0_44_301, 140.34, 130.56, 0.000216821
FILLER_0_45_329, 153.14, 130.56, 0.000210305
FILLER_0_44_357, 165.94, 130.56, 0.000203789
FILLER_0_43_385, 186.43, 130.56, 0.000197274
FILLER_0_44_401, 186.43, 130.56, 0.000197274
PHY_82, 5.52, 125.12, 0.00021207
PHY_84, 5.52, 125.12, 0.00021207
PHY_83, 194.12, 125.12, 0.000196111
PHY_85, 194.12, 125.12, 0.000196111
FILLER_0_42_77, 37.94, 125.12, 0.000225424
_411_, 50.74, 125.12, 0.000238778
_416_, 50.74, 125.12, 0.000238778
_418_, 50.74, 125.12, 0.000238778
hold2, 50.74, 125.12, 0.000238778
FILLER_0_42_85, 50.74, 125.12, 0.000238778
FILLER_0_43_105, 50.74, 125.12, 0.000238778
_369_, 63.54, 125.12, 0.000247723
_372_, 63.54, 125.12, 0.000247723
_377_, 63.54, 125.12, 0.000247723
_406_, 63.54, 125.12, 0.000247723
_408_, 63.54, 125.12, 0.000247723
_410_, 63.54, 125.12, 0.000247723
_417_, 63.54, 125.12, 0.000247723
FILLER_0_42_121, 63.54, 125.12, 0.000247723
FILLER_0_43_138, 63.54, 125.12, 0.000247723
_340_, 76.34, 125.12, 0.000250635
_341_, 76.34, 125.12, 0.000250635
_342_, 76.34, 125.12, 0.000250635
_356_, 76.34, 125.12, 0.000250635
_370_, 76.34, 125.12, 0.000250635
_375_, 76.34, 125.12, 0.000250635
_376_, 76.34, 125.12, 0.000250635
_404_, 76.34, 125.12, 0.000250635
FILLER_0_42_163, 76.34, 125.12, 0.000250635
FILLER_0_43_165, 76.34, 125.12, 0.000250635
_305_, 89.14, 125.12, 0.000246846
_315_, 89.14, 125.12, 0.000246846
_316_, 89.14, 125.12, 0.000246846
_319_, 89.14, 125.12, 0.000246846
_324_, 89.14, 125.12, 0.000246846
_325_, 89.14, 125.12, 0.000246846
FILLER_0_42_176, 89.14, 125.12, 0.000246846
FILLER_0_42_193, 89.14, 125.12, 0.000246846
FILLER_0_43_185, 89.14, 125.12, 0.000246846
_302_, 101.94, 125.12, 0.000239885
FILLER_0_43_273, 127.54, 125.12, 0.000225293
FILLER_0_42_301, 140.34, 125.12, 0.000217998
FILLER_0_43_329, 153.14, 125.12, 0.000210702
FILLER_0_42_357, 165.94, 125.12, 0.000203407
FILLER_0_41_385, 186.43, 125.12, 0.000196111
FILLER_0_42_401, 186.43, 125.12, 0.000196111
PHY_78, 5.52, 119.68, 0.000218838
PHY_80, 5.52, 119.68, 0.000218838
PHY_79, 194.12, 119.68, 0.000195436
PHY_81, 194.12, 119.68, 0.000195436
_442_, 37.94, 119.68, 0.000243519
FILLER_0_40_77, 37.94, 119.68, 0.000243519
FILLER_0_41_81, 37.94, 119.68, 0.000243519
_371_, 50.74, 119.68, 0.000260733
_412_, 50.74, 119.68, 0.000260733
_415_, 50.74, 119.68, 0.000260733
_419_, 50.74, 119.68, 0.000260733
_440_, 50.74, 119.68, 0.000260733
hold4, 50.74, 119.68, 0.000260733
FILLER_0_40_105, 50.74, 119.68, 0.000260733
_379_, 63.54, 119.68, 0.000266054
_392_, 63.54, 119.68, 0.000266054
_395_, 63.54, 119.68, 0.000266054
_397_, 63.54, 119.68, 0.000266054
_409_, 63.54, 119.68, 0.000266054
_413_, 63.54, 119.68, 0.000266054
hold5, 63.54, 119.68, 0.000266054
FILLER_0_40_137, 63.54, 119.68, 0.000266054
_308_, 76.34, 119.68, 0.00026334
_312_, 76.34, 119.68, 0.00026334
_349_, 76.34, 119.68, 0.00026334
_357_, 76.34, 119.68, 0.00026334
_358_, 76.34, 119.68, 0.00026334
FILLER_0_39_148, 76.34, 119.68, 0.00026334
FILLER_0_40_141, 76.34, 119.68, 0.00026334
FILLER_0_41_165, 76.34, 119.68, 0.00026334
_301_, 89.14, 119.68, 0.000257735
_303_, 89.14, 119.68, 0.000257735
_304_, 89.14, 119.68, 0.000257735
_307_, 89.14, 119.68, 0.000257735
_313_, 89.14, 119.68, 0.000257735
FILLER_0_39_173, 89.14, 119.68, 0.000257735
FILLER_0_40_174, 89.14, 119.68, 0.000257735
FILLER_0_40_187, 89.14, 119.68, 0.000257735
_237_, 101.94, 119.68, 0.000250314
_240_, 101.94, 119.68, 0.000250314
_241_, 101.94, 119.68, 0.000250314
_242_, 101.94, 119.68, 0.000250314
FILLER_0_40_197, 101.94, 119.68, 0.000250314
FILLER_0_40_211, 101.94, 119.68, 0.000250314
FILLER_0_41_218, 101.94, 119.68, 0.000250314
FILLER_0_40_243, 114.74, 119.68, 0.000241168
FILLER_0_41_273, 127.54, 119.68, 0.000232021
FILLER_0_40_301, 140.34, 119.68, 0.000222875
FILLER_0_41_329, 153.14, 119.68, 0.000213729
FILLER_0_40_357, 165.94, 119.68, 0.000204582
FILLER_0_39_385, 186.43, 119.68, 0.000195436
FILLER_0_40_401, 186.43, 119.68, 0.000195436
PHY_74, 5.52, 114.24, 0.00021326
PHY_76, 5.52, 114.24, 0.00021326
PHY_75, 194.12, 114.24, 0.000197202
PHY_77, 194.12, 114.24, 0.000197202
input9, 194.12, 114.24, 0.000197202
FILLER_0_37_69, 37.94, 114.24, 0.000234984
FILLER_0_38_77, 37.94, 114.24, 0.000234984
FILLER_0_39_81, 37.94, 114.24, 0.000234984
_414_, 50.74, 114.24, 0.000256709
_441_, 50.74, 114.24, 0.000256709
hold3, 50.74, 114.24, 0.000256709
FILLER_0_38_94, 50.74, 114.24, 0.000256709
_378_, 63.54, 114.24, 0.000267483
_380_, 63.54, 114.24, 0.000267483
_390_, 63.54, 114.24, 0.000267483
_391_, 63.54, 114.24, 0.000267483
FILLER_0_38_131, 63.54, 114.24, 0.000267483
FILLER_0_39_128, 63.54, 114.24, 0.000267483
_256_, 76.34, 114.24, 0.000272921
_257_, 76.34, 114.24, 0.000272921
_258_, 76.34, 114.24, 0.000272921
_275_, 76.34, 114.24, 0.000272921
_310_, 76.34, 114.24, 0.000272921
_343_, 76.34, 114.24, 0.000272921
_344_, 76.34, 114.24, 0.000272921
FILLER_0_38_153, 76.34, 114.24, 0.000272921
FILLER_0_39_161, 76.34, 114.24, 0.000272921
_286_, 89.14, 114.24, 0.000272909
_288_, 89.14, 114.24, 0.000272909
_289_, 89.14, 114.24, 0.000272909
_299_, 89.14, 114.24, 0.000272909
_300_, 89.14, 114.24, 0.000272909
_306_, 89.14, 114.24, 0.000272909
FILLER_0_37_174, 89.14, 114.24, 0.000272909
FILLER_0_38_170, 89.14, 114.24, 0.000272909
FILLER_0_39_189, 89.14, 114.24, 0.000272909
_234_, 101.94, 114.24, 0.000270457
_238_, 101.94, 114.24, 0.000270457
_239_, 101.94, 114.24, 0.000270457
_247_, 101.94, 114.24, 0.000270457
_248_, 101.94, 114.24, 0.000270457
_249_, 101.94, 114.24, 0.000270457
_447_, 101.94, 114.24, 0.000270457
FILLER_0_37_201, 101.94, 114.24, 0.000270457
FILLER_0_38_197, 101.94, 114.24, 0.000270457
FILLER_0_38_209, 101.94, 114.24, 0.000270457
FILLER_0_38_217, 101.94, 114.24, 0.000270457
_428_, 114.74, 114.24, 0.000258526
_429_, 114.74, 114.24, 0.000258526
FILLER_0_38_243, 114.74, 114.24, 0.000258526
FILLER_0_39_273, 127.54, 114.24, 0.000246053
FILLER_0_38_301, 140.34, 114.24, 0.000233579
FILLER_0_39_329, 153.14, 114.24, 0.000221105
FILLER_0_38_357, 165.94, 114.24, 0.000208631
FILLER_0_37_385, 186.43, 114.24, 0.000196679
FILLER_0_37_393, 186.43, 114.24, 0.000196679
FILLER_0_38_401, 186.43, 114.24, 0.000196679
PHY_70, 5.52, 108.8, 0.000221511
PHY_72, 5.52, 108.8, 0.000221511
PHY_71, 194.12, 108.8, 0.00019912
PHY_73, 194.12, 108.8, 0.00019912
_443_, 37.94, 108.8, 0.000259308
FILLER_0_36_77, 37.94, 108.8, 0.000259308
FILLER_0_37_77, 37.94, 108.8, 0.000259308
_254_, 50.74, 108.8, 0.000290237
_420_, 50.74, 108.8, 0.000290237
_421_, 50.74, 108.8, 0.000290237
FILLER_0_36_85, 50.74, 108.8, 0.000290237
_295_, 63.54, 108.8, 0.000319368
_296_, 63.54, 108.8, 0.000319368
_297_, 63.54, 108.8, 0.000319368
_298_, 63.54, 108.8, 0.000319368
_311_, 63.54, 108.8, 0.000319368
_381_, 63.54, 108.8, 0.000319368
_388_, 63.54, 108.8, 0.000319368
_389_, 63.54, 108.8, 0.000319368
FILLER_0_36_133, 63.54, 108.8, 0.000319368
FILLER_0_37_137, 63.54, 108.8, 0.000319368
_272_, 76.34, 108.8, 0.000343622
_277_, 76.34, 108.8, 0.000343622
_294_, 76.34, 108.8, 0.000343622
_309_, 76.34, 108.8, 0.000343622
_383_, 76.34, 108.8, 0.000343622
_384_, 76.34, 108.8, 0.000343622
clkbuf_0_clk, 76.34, 108.8, 0.000343622
_225_, 89.14, 108.8, 0.000333078
_259_, 89.14, 108.8, 0.000333078
_287_, 89.14, 108.8, 0.000333078
_291_, 89.14, 108.8, 0.000333078
_292_, 89.14, 108.8, 0.000333078
_382_, 89.14, 108.8, 0.000333078
FILLER_0_36_185, 89.14, 108.8, 0.000333078
FILLER_0_37_190, 89.14, 108.8, 0.000333078
_226_, 101.94, 108.8, 0.000320197
_229_, 101.94, 108.8, 0.000320197
_235_, 101.94, 108.8, 0.000320197
_236_, 101.94, 108.8, 0.000320197
_250_, 101.94, 108.8, 0.000320197
_427_, 101.94, 108.8, 0.000320197
FILLER_0_36_213, 101.94, 108.8, 0.000320197
FILLER_0_37_220, 101.94, 108.8, 0.000320197
_446_, 114.74, 108.8, 0.000305275
FILLER_0_36_241, 114.74, 108.8, 0.000305275
FILLER_0_36_249, 114.74, 108.8, 0.000305275
FILLER_0_37_273, 127.54, 108.8, 0.000284044
FILLER_0_36_301, 140.34, 108.8, 0.000262813
FILLER_0_37_329, 153.14, 108.8, 0.000241582
FILLER_0_36_357, 165.94, 108.8, 0.000220351
FILLER_0_35_385, 186.43, 108.8, 0.00019912
FILLER_0_36_401, 186.43, 108.8, 0.00019912
PHY_66, 5.52, 103.36, 0.000245415
PHY_68, 5.52, 103.36, 0.000245415
output27, 5.52, 103.36, 0.000245415
PHY_67, 194.12, 103.36, 0.000202088
PHY_69, 194.12, 103.36, 0.000202088
_438_, 37.94, 103.36, 0.000307725
FILLER_0_34_77, 37.94, 103.36, 0.000307725
_220_, 50.74, 103.36, 0.000368192
_221_, 50.74, 103.36, 0.000368192
clkbuf_1_0__f_clk, 50.74, 103.36, 0.000368192
hold1, 50.74, 103.36, 0.000368192
FILLER_0_35_107, 50.74, 103.36, 0.000368192
_269_, 63.54, 103.36, 0.000393141
_270_, 63.54, 103.36, 0.000393141
_271_, 63.54, 103.36, 0.000393141
_283_, 63.54, 103.36, 0.000393141
_285_, 63.54, 103.36, 0.000393141
_387_, 63.54, 103.36, 0.000393141
_396_, 63.54, 103.36, 0.000393141
FILLER_0_34_133, 63.54, 103.36, 0.000393141
_274_, 76.34, 103.36, 0.000413451
_276_, 76.34, 103.36, 0.000413451
_278_, 76.34, 103.36, 0.000413451
_293_, 76.34, 103.36, 0.000413451
clkbuf_1_1__f_clk, 76.34, 103.36, 0.000413451
FILLER_0_33_142, 76.34, 103.36, 0.000413451
FILLER_0_34_141, 76.34, 103.36, 0.000413451
FILLER_0_35_157, 76.34, 103.36, 0.000413451
_227_, 89.14, 103.36, 0.000397319
_232_, 89.14, 103.36, 0.000397319
_233_, 89.14, 103.36, 0.000397319
_261_, 89.14, 103.36, 0.000397319
_262_, 89.14, 103.36, 0.000397319
_290_, 89.14, 103.36, 0.000397319
FILLER_0_33_176, 89.14, 103.36, 0.000397319
_228_, 101.94, 103.36, 0.000377911
_230_, 101.94, 103.36, 0.000377911
_251_, 101.94, 103.36, 0.000377911
_253_, 101.94, 103.36, 0.000377911
FILLER_0_34_197, 101.94, 103.36, 0.000377911
FILLER_0_35_219, 101.94, 103.36, 0.000377911
_426_, 114.74, 103.36, 0.000354215
_448_, 114.74, 103.36, 0.000354215
FILLER_0_34_247, 114.74, 103.36, 0.000354215
FILLER_0_35_269, 127.54, 103.36, 0.000323789
FILLER_0_35_277, 127.54, 103.36, 0.000323789
FILLER_0_34_301, 140.34, 103.36, 0.000293364
FILLER_0_35_329, 153.14, 103.36, 0.000262939
FILLER_0_34_357, 165.94, 103.36, 0.000232513
FILLER_0_33_385, 186.43, 103.36, 0.000202088
FILLER_0_34_401, 186.43, 103.36, 0.000202088
PHY_62, 5.52, 97.92, 0.000191611
PHY_64, 5.52, 97.92, 0.000191611
PHY_63, 194.12, 97.92, 0.000181842
PHY_65, 194.12, 97.92, 0.000181842
_451_, 37.94, 97.92, 0.000211116
FILLER_0_32_77, 37.94, 97.92, 0.000211116
_255_, 50.74, 97.92, 0.000224383
_433_, 50.74, 97.92, 0.000224383
_435_, 50.74, 97.92, 0.000224383
_436_, 50.74, 97.92, 0.000224383
_437_, 50.74, 97.92, 0.000224383
FILLER_0_32_85, 50.74, 97.92, 0.000224383
FILLER_0_33_109, 50.74, 97.92, 0.000224383
_280_, 63.54, 97.92, 0.000235406
_281_, 63.54, 97.92, 0.000235406
_282_, 63.54, 97.92, 0.000235406
_284_, 63.54, 97.92, 0.000235406
_386_, 63.54, 97.92, 0.000235406
_423_, 63.54, 97.92, 0.000235406
FILLER_0_32_114, 63.54, 97.92, 0.000235406
FILLER_0_32_125, 63.54, 97.92, 0.000235406
_260_, 76.34, 97.92, 0.000243461
_264_, 76.34, 97.92, 0.000243461
_265_, 76.34, 97.92, 0.000243461
_266_, 76.34, 97.92, 0.000243461
_268_, 76.34, 97.92, 0.000243461
_273_, 76.34, 97.92, 0.000243461
_385_, 76.34, 97.92, 0.000243461
FILLER_0_31_143, 76.34, 97.92, 0.000243461
FILLER_0_33_158, 76.34, 97.92, 0.000243461
_219_, 89.14, 97.92, 0.000248387
_263_, 89.14, 97.92, 0.000248387
_439_, 89.14, 97.92, 0.000248387
_231_, 101.94, 97.92, 0.000245638
_244_, 101.94, 97.92, 0.000245638
_252_, 101.94, 97.92, 0.000245638
FILLER_0_31_201, 101.94, 97.92, 0.000245638
FILLER_0_32_197, 101.94, 97.92, 0.000245638
FILLER_0_32_214, 101.94, 97.92, 0.000245638
FILLER_0_32_222, 101.94, 97.92, 0.000245638
_430_, 114.74, 97.92, 0.000240754
_431_, 114.74, 97.92, 0.000240754
_445_, 114.74, 97.92, 0.000240754
FILLER_0_32_249, 114.74, 97.92, 0.000240754
FILLER_0_33_270, 127.54, 97.92, 0.000228972
FILLER_0_32_301, 140.34, 97.92, 0.00021719
FILLER_0_33_329, 153.14, 97.92, 0.000205407
FILLER_0_32_357, 165.94, 97.92, 0.000193625
FILLER_0_31_385, 186.43, 97.92, 0.000181842
FILLER_0_32_401, 186.43, 97.92, 0.000181842
PHY_58, 5.52, 92.48, 0.000176104
PHY_60, 5.52, 92.48, 0.000176104
PHY_59, 194.12, 92.48, 0.000171908
PHY_61, 194.12, 92.48, 0.000171908
output36, 194.12, 92.48, 0.000171908
_432_, 37.94, 92.48, 0.000189098
FILLER_0_29_69, 37.94, 92.48, 0.000189098
FILLER_0_30_77, 37.94, 92.48, 0.000189098
FILLER_0_31_81, 37.94, 92.48, 0.000189098
_444_, 50.74, 92.48, 0.000201918
_450_, 50.74, 92.48, 0.000201918
FILLER_0_31_103, 50.74, 92.48, 0.000201918
_279_, 63.54, 92.48, 0.000202286
_422_, 63.54, 92.48, 0.000202286
FILLER_0_30_131, 63.54, 92.48, 0.000202286
FILLER_0_31_132, 63.54, 92.48, 0.000202286
_224_, 76.34, 92.48, 0.000202314
_267_, 76.34, 92.48, 0.000202314
FILLER_0_30_189, 89.14, 92.48, 0.000200642
_243_, 101.94, 92.48, 0.000198969
_245_, 101.94, 92.48, 0.000198969
_246_, 101.94, 92.48, 0.000198969
_425_, 101.94, 92.48, 0.000198969
fanout37, 101.94, 92.48, 0.000198969
FILLER_0_30_203, 101.94, 92.48, 0.000198969
FILLER_0_30_220, 101.94, 92.48, 0.000198969
FILLER_0_31_214, 101.94, 92.48, 0.000198969
_424_, 114.74, 92.48, 0.000194438
FILLER_0_30_245, 114.74, 92.48, 0.000194438
FILLER_0_31_269, 127.54, 92.48, 0.000189711
FILLER_0_31_277, 127.54, 92.48, 0.000189711
FILLER_0_30_301, 140.34, 92.48, 0.000184985
FILLER_0_31_329, 153.14, 92.48, 0.000180258
FILLER_0_30_357, 165.94, 92.48, 0.000175531
FILLER_0_29_385, 186.43, 92.48, 0.000171356
PHY_54, 5.52, 87.04, 0.000159626
PHY_56, 5.52, 87.04, 0.000159626
PHY_55, 194.12, 87.04, 0.000160278
PHY_57, 194.12, 87.04, 0.000160278
_449_, 37.94, 87.04, 0.000165665
FILLER_0_28_77, 37.94, 87.04, 0.000165665
FILLER_0_29_77, 37.94, 87.04, 0.000165665
_434_, 50.74, 87.04, 0.000165345
FILLER_0_29_105, 50.74, 87.04, 0.000165345
FILLER_0_28_133, 63.54, 87.04, 0.000164838
FILLER_0_29_161, 76.34, 87.04, 0.000164332
FILLER_0_28_189, 89.14, 87.04, 0.000163825
FILLER_0_29_217, 101.94, 87.04, 0.000163318
FILLER_0_28_245, 114.74, 87.04, 0.000162812
FILLER_0_29_273, 127.54, 87.04, 0.000162305
FILLER_0_28_301, 140.34, 87.04, 0.000161798
FILLER_0_29_329, 153.14, 87.04, 0.000161291
FILLER_0_28_357, 165.94, 87.04, 0.000160785
FILLER_0_27_385, 186.43, 87.04, 0.000160278
FILLER_0_28_401, 186.43, 87.04, 0.000160278
PHY_50, 5.52, 81.6, 0.000145964
PHY_52, 5.52, 81.6, 0.000145964
input21, 5.52, 81.6, 0.000145964
PHY_51, 194.12, 81.6, 0.000152819
PHY_53, 194.12, 81.6, 0.000152819
FILLER_0_26_77, 37.94, 81.6, 0.000145405
FILLER_0_27_105, 50.74, 81.6, 0.000146079
FILLER_0_26_133, 63.54, 81.6, 0.000146753
FILLER_0_27_161, 76.34, 81.6, 0.000147427
FILLER_0_26_189, 89.14, 81.6, 0.000148101
FILLER_0_27_217, 101.94, 81.6, 0.000148775
FILLER_0_26_245, 114.74, 81.6, 0.000149449
FILLER_0_27_273, 127.54, 81.6, 0.000150123
FILLER_0_26_301, 140.34, 81.6, 0.000150797
FILLER_0_27_329, 153.14, 81.6, 0.000151471
FILLER_0_26_357, 165.94, 81.6, 0.000152145
FILLER_0_25_385, 186.43, 81.6, 0.000152819
FILLER_0_26_401, 186.43, 81.6, 0.000152819
PHY_46, 5.52, 76.16, 0.000133018
PHY_48, 5.52, 76.16, 0.000133018
PHY_47, 194.12, 76.16, 0.000145997
PHY_49, 194.12, 76.16, 0.000145997
FILLER_0_24_77, 37.94, 76.16, 0.0001341
FILLER_0_25_105, 50.74, 76.16, 0.000135182
FILLER_0_24_133, 63.54, 76.16, 0.000136263
FILLER_0_25_161, 76.34, 76.16, 0.000137345
FILLER_0_24_189, 89.14, 76.16, 0.000138426
FILLER_0_25_217, 101.94, 76.16, 0.000139508
FILLER_0_24_245, 114.74, 76.16, 0.000140589
FILLER_0_25_273, 127.54, 76.16, 0.000141671
FILLER_0_24_301, 140.34, 76.16, 0.000142753
FILLER_0_25_329, 153.14, 76.16, 0.000143834
FILLER_0_24_357, 165.94, 76.16, 0.000144916
FILLER_0_23_385, 186.43, 76.16, 0.000145997
FILLER_0_24_401, 186.43, 76.16, 0.000145997
PHY_42, 5.52, 70.72, 0.000121852
PHY_44, 5.52, 70.72, 0.000121852
PHY_43, 194.12, 70.72, 0.000139257
PHY_45, 194.12, 70.72, 0.000139257
FILLER_0_22_77, 37.94, 70.72, 0.000123303
FILLER_0_23_105, 50.74, 70.72, 0.000124753
FILLER_0_22_133, 63.54, 70.72, 0.000126204
FILLER_0_23_161, 76.34, 70.72, 0.000127654
FILLER_0_22_189, 89.14, 70.72, 0.000129105
FILLER_0_23_217, 101.94, 70.72, 0.000130555
FILLER_0_22_245, 114.74, 70.72, 0.000132005
FILLER_0_23_273, 127.54, 70.72, 0.000133456
FILLER_0_22_301, 140.34, 70.72, 0.000134906
FILLER_0_23_329, 153.14, 70.72, 0.000136356
FILLER_0_22_357, 165.94, 70.72, 0.000137807
FILLER_0_21_385, 186.43, 70.72, 0.000139257
FILLER_0_21_393, 186.43, 70.72, 0.000139257
FILLER_0_22_401, 186.43, 70.72, 0.000139257
PHY_38, 5.52, 65.28, 0.000112463
PHY_40, 5.52, 65.28, 0.000112463
input1, 5.52, 65.28, 0.000112463
PHY_39, 194.12, 65.28, 0.000134802
PHY_41, 194.12, 65.28, 0.000134802
FILLER_0_20_19, 15.33, 65.28, 0.000111867
FILLER_0_20_77, 37.94, 65.28, 0.00011315
FILLER_0_21_105, 50.74, 65.28, 0.000115029
FILLER_0_20_133, 63.54, 65.28, 0.000116908
FILLER_0_21_161, 76.34, 65.28, 0.000118787
FILLER_0_20_189, 89.14, 65.28, 0.000120666
FILLER_0_21_217, 101.94, 65.28, 0.000122545
FILLER_0_20_245, 114.74, 65.28, 0.000124424
FILLER_0_21_273, 127.54, 65.28, 0.000126303
FILLER_0_20_301, 140.34, 65.28, 0.000128182
FILLER_0_21_329, 153.14, 65.28, 0.000130061
FILLER_0_20_357, 165.94, 65.28, 0.00013194
output29, 186.43, 65.28, 0.000134802
FILLER_0_19_385, 186.43, 65.28, 0.000134802
FILLER_0_20_401, 186.43, 65.28, 0.000134802
PHY_34, 5.52, 59.84, 9.92782e-05
PHY_36, 5.52, 59.84, 9.92782e-05
PHY_35, 194.12, 59.84, 0.000125904
PHY_37, 194.12, 59.84, 0.000125904
FILLER_0_18_77, 37.94, 59.84, 0.000101497
FILLER_0_19_105, 50.74, 59.84, 0.000103716
FILLER_0_18_133, 63.54, 59.84, 0.000105935
FILLER_0_19_161, 76.34, 59.84, 0.000108153
FILLER_0_18_189, 89.14, 59.84, 0.000110372
FILLER_0_19_217, 101.94, 59.84, 0.000112591
FILLER_0_18_245, 114.74, 59.84, 0.00011481
FILLER_0_19_273, 127.54, 59.84, 0.000117029
FILLER_0_18_301, 140.34, 59.84, 0.000119247
FILLER_0_19_329, 153.14, 59.84, 0.000121466
FILLER_0_18_357, 165.94, 59.84, 0.000123685
FILLER_0_17_385, 186.43, 59.84, 0.000125904
FILLER_0_18_401, 186.43, 59.84, 0.000125904
PHY_30, 5.52, 54.4, 8.78372e-05
PHY_32, 5.52, 54.4, 8.78372e-05
PHY_31, 194.12, 54.4, 0.000119323
PHY_33, 194.12, 54.4, 0.000119323
FILLER_0_16_77, 37.94, 54.4, 9.04611e-05
FILLER_0_17_105, 50.74, 54.4, 9.30849e-05
FILLER_0_16_133, 63.54, 54.4, 9.57088e-05
FILLER_0_17_161, 76.34, 54.4, 9.83326e-05
FILLER_0_16_189, 89.14, 54.4, 0.000100956
FILLER_0_17_217, 101.94, 54.4, 0.00010358
FILLER_0_16_245, 114.74, 54.4, 0.000106204
FILLER_0_17_273, 127.54, 54.4, 0.000108828
FILLER_0_16_301, 140.34, 54.4, 0.000111452
FILLER_0_17_329, 153.14, 54.4, 0.000114075
FILLER_0_16_357, 165.94, 54.4, 0.000116699
FILLER_0_15_385, 186.43, 54.4, 0.000119323
FILLER_0_16_401, 186.43, 54.4, 0.000119323
PHY_26, 5.52, 48.96, 7.63098e-05
PHY_28, 5.52, 48.96, 7.63098e-05
PHY_27, 194.12, 48.96, 0.000113921
PHY_29, 194.12, 48.96, 0.000113921
input14, 194.12, 48.96, 0.000113921
FILLER_0_14_77, 37.94, 48.96, 7.93889e-05
FILLER_0_15_105, 50.74, 48.96, 8.24681e-05
FILLER_0_14_133, 63.54, 48.96, 8.55473e-05
FILLER_0_15_161, 76.34, 48.96, 8.86264e-05
FILLER_0_14_189, 89.14, 48.96, 9.17056e-05
FILLER_0_15_217, 101.94, 48.96, 9.47847e-05
FILLER_0_14_245, 114.74, 48.96, 9.78638e-05
FILLER_0_15_273, 127.54, 48.96, 0.000100943
FILLER_0_14_301, 140.34, 48.96, 0.000104022
FILLER_0_15_329, 153.14, 48.96, 0.000107101
FILLER_0_14_357, 165.94, 48.96, 0.00011018
FILLER_0_13_385, 186.43, 48.96, 0.00011359
FILLER_0_14_401, 186.43, 48.96, 0.00011359
PHY_22, 5.52, 43.52, 6.46006e-05
PHY_24, 5.52, 43.52, 6.46006e-05
PHY_23, 194.12, 43.52, 0.00010649
PHY_25, 194.12, 43.52, 0.00010649
FILLER_0_12_77, 37.94, 43.52, 6.80914e-05
FILLER_0_13_105, 50.74, 43.52, 7.15822e-05
FILLER_0_12_133, 63.54, 43.52, 7.5073e-05
FILLER_0_13_161, 76.34, 43.52, 7.85638e-05
FILLER_0_12_189, 89.14, 43.52, 8.20545e-05
FILLER_0_13_217, 101.94, 43.52, 8.55453e-05
FILLER_0_12_245, 114.74, 43.52, 8.90361e-05
FILLER_0_13_273, 127.54, 43.52, 9.25268e-05
FILLER_0_12_301, 140.34, 43.52, 9.60175e-05
FILLER_0_13_329, 153.14, 43.52, 9.95082e-05
FILLER_0_12_357, 165.94, 43.52, 0.000102999
FILLER_0_11_385, 186.43, 43.52, 0.00010649
FILLER_0_12_401, 186.43, 43.52, 0.00010649
PHY_18, 5.52, 38.08, 5.64823e-05
PHY_20, 5.52, 38.08, 5.64823e-05
output35, 5.52, 38.08, 5.64823e-05
PHY_19, 194.12, 38.08, 0.000100348
PHY_21, 194.12, 38.08, 0.000100348
FILLER_0_10_77, 37.94, 38.08, 5.78381e-05
FILLER_0_11_105, 50.74, 38.08, 6.17027e-05
FILLER_0_10_133, 63.54, 38.08, 6.55672e-05
FILLER_0_11_161, 76.34, 38.08, 6.94317e-05
FILLER_0_10_189, 89.14, 38.08, 7.32963e-05
FILLER_0_11_217, 101.94, 38.08, 7.71608e-05
FILLER_0_10_245, 114.74, 38.08, 8.10253e-05
FILLER_0_11_273, 127.54, 38.08, 8.48898e-05
FILLER_0_10_301, 140.34, 38.08, 8.87542e-05
FILLER_0_11_329, 153.14, 38.08, 9.26187e-05
FILLER_0_10_357, 165.94, 38.08, 9.64832e-05
FILLER_0_9_385, 186.43, 38.08, 0.000100348
FILLER_0_10_401, 186.43, 38.08, 0.000100348
PHY_14, 5.52, 32.64, 4.06979e-05
PHY_16, 5.52, 32.64, 4.06979e-05
PHY_15, 194.12, 32.64, 9.42176e-05
PHY_17, 194.12, 32.64, 9.42176e-05
FILLER_0_8_77, 37.94, 32.64, 4.51579e-05
FILLER_0_9_105, 50.74, 32.64, 4.96179e-05
FILLER_0_8_133, 63.54, 32.64, 5.40779e-05
FILLER_0_9_161, 76.34, 32.64, 5.85379e-05
FILLER_0_8_189, 89.14, 32.64, 6.29979e-05
FILLER_0_9_217, 101.94, 32.64, 6.74579e-05
FILLER_0_8_245, 114.74, 32.64, 7.19179e-05
FILLER_0_9_273, 127.54, 32.64, 7.63778e-05
FILLER_0_8_301, 140.34, 32.64, 8.08378e-05
FILLER_0_9_329, 153.14, 32.64, 8.52977e-05
FILLER_0_8_357, 165.94, 32.64, 8.97577e-05
FILLER_0_7_385, 186.43, 32.64, 9.42176e-05
FILLER_0_8_401, 186.43, 32.64, 9.42176e-05
PHY_10, 5.52, 27.2, 3.74265e-05
PHY_12, 5.52, 27.2, 3.74265e-05
PHY_11, 194.12, 27.2, 9.41686e-05
PHY_13, 194.12, 27.2, 9.41686e-05
FILLER_0_6_77, 37.94, 27.2, 4.20729e-05
FILLER_0_7_105, 50.74, 27.2, 4.67194e-05
FILLER_0_6_133, 63.54, 27.2, 5.13659e-05
FILLER_0_7_161, 76.34, 27.2, 5.60123e-05
FILLER_0_6_189, 89.14, 27.2, 6.06588e-05
FILLER_0_7_217, 101.94, 27.2, 6.53052e-05
FILLER_0_6_245, 114.74, 27.2, 6.99517e-05
FILLER_0_7_273, 127.54, 27.2, 7.45981e-05
FILLER_0_6_301, 140.34, 27.2, 7.92445e-05
FILLER_0_7_329, 153.14, 27.2, 8.38909e-05
FILLER_0_6_357, 165.94, 27.2, 8.85373e-05
output32, 186.43, 27.2, 9.41686e-05
FILLER_0_5_385, 186.43, 27.2, 9.41686e-05
PHY_6, 5.52, 21.76, 4.05981e-05
PHY_8, 5.52, 21.76, 4.05981e-05
input13, 5.52, 21.76, 4.05981e-05
PHY_7, 194.12, 21.76, 9.17124e-05
PHY_9, 194.12, 21.76, 9.17124e-05
FILLER_0_4_19, 15.33, 21.76, 3.98053e-05
FILLER_0_4_77, 37.94, 21.76, 4.34041e-05
FILLER_0_5_105, 50.74, 21.76, 4.77959e-05
FILLER_0_4_133, 63.54, 21.76, 5.21876e-05
FILLER_0_5_161, 76.34, 21.76, 5.65792e-05
FILLER_0_4_189, 89.14, 21.76, 6.09709e-05
FILLER_0_5_217, 101.94, 21.76, 6.53626e-05
FILLER_0_4_245, 114.74, 21.76, 6.97542e-05
FILLER_0_5_273, 127.54, 21.76, 7.41459e-05
FILLER_0_4_301, 140.34, 21.76, 7.85375e-05
FILLER_0_5_329, 153.14, 21.76, 8.29291e-05
FILLER_0_4_357, 165.94, 21.76, 8.73207e-05
FILLER_0_3_385, 186.43, 21.76, 9.17124e-05
FILLER_0_4_401, 186.43, 21.76, 9.17124e-05
PHY_2, 5.52, 16.32, 3.89155e-05
PHY_4, 5.52, 16.32, 3.89155e-05
PHY_3, 194.12, 16.32, 9.15387e-05
PHY_5, 194.12, 16.32, 9.15387e-05
FILLER_0_2_77, 37.94, 16.32, 4.33008e-05
FILLER_0_3_105, 50.74, 16.32, 4.76861e-05
FILLER_0_2_133, 63.54, 16.32, 5.20714e-05
FILLER_0_3_161, 76.34, 16.32, 5.64567e-05
FILLER_0_2_189, 89.14, 16.32, 6.0842e-05
FILLER_0_3_217, 101.94, 16.32, 6.52273e-05
FILLER_0_2_245, 114.74, 16.32, 6.96126e-05
FILLER_0_3_273, 127.54, 16.32, 7.39978e-05
FILLER_0_2_301, 140.34, 16.32, 7.8383e-05
FILLER_0_3_329, 153.14, 16.32, 8.27683e-05
FILLER_0_2_357, 165.94, 16.32, 8.71535e-05
FILLER_0_1_385, 186.43, 16.32, 9.15387e-05
FILLER_0_2_401, 186.43, 16.32, 9.15387e-05
PHY_0, 5.52, 10.88, 4.69202e-05
input11, 5.52, 10.88, 4.69202e-05
PHY_1, 194.12, 10.88, 9.64951e-05
output33, 15.33, 10.88, 4.62125e-05
FILLER_0_0_19, 15.33, 10.88, 4.62125e-05
output34, 37.94, 10.88, 5.22457e-05
FILLER_0_0_77, 37.94, 10.88, 5.22457e-05
FILLER_0_0_109, 50.74, 10.88, 5.86022e-05
FILLER_0_1_105, 50.74, 10.88, 5.86022e-05
output28, 63.54, 10.88, 6.49586e-05
FILLER_0_0_113, 63.54, 10.88, 6.49586e-05
input15, 76.34, 10.88, 6.96704e-05
FILLER_0_0_153, 76.34, 10.88, 6.96704e-05
FILLER_0_0_161, 76.34, 10.88, 6.96704e-05
FILLER_0_1_161, 76.34, 10.88, 6.96704e-05
FILLER_0_0_193, 89.14, 10.88, 7.39039e-05
FILLER_0_0_221, 101.94, 10.88, 7.81373e-05
FILLER_0_1_217, 101.94, 10.88, 7.81373e-05
FILLER_0_0_249, 114.74, 10.88, 8.23707e-05
input20, 127.54, 10.88, 8.66041e-05
FILLER_0_0_270, 127.54, 10.88, 8.66041e-05
FILLER_0_1_273, 127.54, 10.88, 8.66041e-05
output30, 140.34, 10.88, 9.03496e-05
FILLER_0_0_293, 140.34, 10.88, 9.03496e-05
FILLER_0_0_303, 140.34, 10.88, 9.03496e-05
FILLER_0_0_333, 153.14, 10.88, 9.24427e-05
FILLER_0_1_329, 153.14, 10.88, 9.24427e-05
input8, 165.94, 10.88, 9.45357e-05
FILLER_0_0_355, 165.94, 10.88, 9.45357e-05
input7, 186.43, 10.88, 9.64951e-05
FILLER_0_0_389, 186.43, 10.88, 9.64951e-05
FILLER_0_0_399, 186.43, 10.88, 9.64951e-05

