
===========================================================================
 report_power
============================================================================
======================= Fastest Corner ===================================

Group                  Internal  Switching    Leakage      Total
                          Power      Power      Power      Power (Watts)
----------------------------------------------------------------
Sequential             2.95e-05   1.74e-06   6.61e-08   3.13e-05  20.2%
Combinational          6.35e-05   6.05e-05   2.96e-09   1.24e-04  79.8%
Macro                  0.00e+00   0.00e+00   0.00e+00   0.00e+00   0.0%
Pad                    0.00e+00   0.00e+00   0.00e+00   0.00e+00   0.0%
----------------------------------------------------------------
Total                  9.30e-05   6.23e-05   6.91e-08   1.55e-04 100.0%
                          59.9%      40.1%       0.0%

======================= Slowest Corner ===================================

Group                  Internal  Switching    Leakage      Total
                          Power      Power      Power      Power (Watts)
----------------------------------------------------------------
Sequential             1.97e-05   1.12e-06   2.64e-07   2.10e-05  19.4%
Combinational          4.63e-05   4.00e-05   1.35e-06   8.77e-05  80.6%
Macro                  0.00e+00   0.00e+00   0.00e+00   0.00e+00   0.0%
Pad                    0.00e+00   0.00e+00   0.00e+00   0.00e+00   0.0%
----------------------------------------------------------------
Total                  6.60e-05   4.11e-05   1.61e-06   1.09e-04 100.0%
                          60.7%      37.8%       1.5%

======================= Typical Corner ===================================

Group                  Internal  Switching    Leakage      Total
                          Power      Power      Power      Power (Watts)
----------------------------------------------------------------
Sequential             2.54e-05   1.45e-06   6.61e-08   2.69e-05  19.9%
Combinational          5.69e-05   5.11e-05   1.70e-09   1.08e-04  80.1%
Macro                  0.00e+00   0.00e+00   0.00e+00   0.00e+00   0.0%
Pad                    0.00e+00   0.00e+00   0.00e+00   0.00e+00   0.0%
----------------------------------------------------------------
Total                  8.23e-05   5.25e-05   6.78e-08   1.35e-04 100.0%
                          61.0%      39.0%       0.1%

