
===========================================================================
report_checks -unconstrained
===========================================================================
======================= Fastest Corner ===================================

Startpoint: rst_n (input port clocked by clk)
Endpoint: _484_ (recovery check against rising-edge clock clk)
Path Group: asynchronous
Path Type: max
Corner: Fastest

Fanout     Cap    Slew   Delay    Time   Description
-----------------------------------------------------------------------------
                          0.00    0.00   clock clk (rise edge)
                          0.00    0.00   clock network delay (propagated)
                          5.00    5.00 ^ input external delay
                  0.01    0.01    5.01 ^ rst_n (in)
     1    0.00                           rst_n (net)
                  0.01    0.00    5.01 ^ input10/A (sky130_fd_sc_hd__clkbuf_2)
                  0.10    0.12    5.13 ^ input10/X (sky130_fd_sc_hd__clkbuf_2)
     5    0.02                           net10 (net)
                  0.10    0.00    5.13 ^ fanout39/A (sky130_fd_sc_hd__buf_4)
                  0.12    0.16    5.29 ^ fanout39/X (sky130_fd_sc_hd__buf_4)
    10    0.06                           net39 (net)
                  0.12    0.00    5.29 ^ _484_/RESET_B (sky130_fd_sc_hd__dfrtp_1)
                                  5.29   data arrival time

                         25.00   25.00   clock clk (rise edge)
                          0.00   25.00   clock source latency
                  0.05    0.03   25.03 ^ clk (in)
     1    0.01                           clk (net)
                  0.05    0.00   25.03 ^ clkbuf_0_clk/A (sky130_fd_sc_hd__clkbuf_16)
                  0.03    0.09   25.12 ^ clkbuf_0_clk/X (sky130_fd_sc_hd__clkbuf_16)
     2    0.02                           clknet_0_clk (net)
                  0.03    0.00   25.12 ^ clkbuf_1_0__f_clk/A (sky130_fd_sc_hd__clkbuf_16)
                  0.03    0.08   25.20 ^ clkbuf_1_0__f_clk/X (sky130_fd_sc_hd__clkbuf_16)
     7    0.03                           clknet_1_0__leaf_clk (net)
                  0.03    0.00   25.20 ^ _484_/CLK (sky130_fd_sc_hd__dfrtp_1)
                         -0.25   24.95   clock uncertainty
                          0.00   24.95   clock reconvergence pessimism
                          0.13   25.08   library recovery time
                                 25.08   data required time
-----------------------------------------------------------------------------
                                 25.08   data required time
                                 -5.29   data arrival time
-----------------------------------------------------------------------------
                                 19.79   slack (MET)


Startpoint: scale[3] (input port clocked by clk)
Endpoint: _480_ (rising edge-triggered flip-flop clocked by clk)
Path Group: clk
Path Type: max
Corner: Fastest

Fanout     Cap    Slew   Delay    Time   Description
-----------------------------------------------------------------------------
                          0.00    0.00   clock clk (rise edge)
                          0.00    0.00   clock network delay (propagated)
                          5.00    5.00 ^ input external delay
                  0.01    0.01    5.01 ^ scale[3] (in)
     1    0.00                           scale[3] (net)
                  0.01    0.00    5.01 ^ input14/A (sky130_fd_sc_hd__buf_2)
                  0.13    0.14    5.15 ^ input14/X (sky130_fd_sc_hd__buf_2)
     9    0.04                           net14 (net)
                  0.13    0.00    5.15 ^ _281_/A (sky130_fd_sc_hd__buf_2)
                  0.14    0.18    5.33 ^ _281_/X (sky130_fd_sc_hd__buf_2)
    10    0.04                           _230_ (net)
                  0.14    0.00    5.33 ^ _296_/A (sky130_fd_sc_hd__nand4_2)
                  0.08    0.08    5.41 v _296_/Y (sky130_fd_sc_hd__nand4_2)
     3    0.01                           _019_ (net)
                  0.08    0.00    5.41 v _331_/B1 (sky130_fd_sc_hd__a22o_1)
                  0.05    0.12    5.53 v _331_/X (sky130_fd_sc_hd__a22o_1)
     3    0.01                           _054_ (net)
                  0.05    0.00    5.53 v _333_/C (sky130_fd_sc_hd__and3_1)
                  0.04    0.13    5.66 v _333_/X (sky130_fd_sc_hd__and3_1)
     2    0.01                           _056_ (net)
                  0.04    0.00    5.66 v _335_/B (sky130_fd_sc_hd__or3b_2)
                  0.07    0.30    5.96 v _335_/X (sky130_fd_sc_hd__or3b_2)
     4    0.01                           _058_ (net)
                  0.07    0.00    5.96 v _354_/A (sky130_fd_sc_hd__and3_2)
                  0.05    0.16    6.12 v _354_/X (sky130_fd_sc_hd__and3_2)
     3    0.02                           _077_ (net)
                  0.05    0.00    6.12 v _410_/A (sky130_fd_sc_hd__nor2_2)
                  0.14    0.15    6.26 ^ _410_/Y (sky130_fd_sc_hd__nor2_2)
     3    0.02                           _133_ (net)
                  0.14    0.00    6.26 ^ _411_/B (sky130_fd_sc_hd__xor2_1)
                  0.05    0.05    6.31 v _411_/X (sky130_fd_sc_hd__xor2_1)
     1    0.00                           _134_ (net)
                  0.05    0.00    6.31 v _414_/A4 (sky130_fd_sc_hd__a41o_1)
                  0.05    0.20    6.51 v _414_/X (sky130_fd_sc_hd__a41o_1)
     3    0.01                           _137_ (net)
                  0.05    0.00    6.51 v _416_/A2 (sky130_fd_sc_hd__a21oi_1)
                  0.16    0.17    6.69 ^ _416_/Y (sky130_fd_sc_hd__a21oi_1)
     1    0.01                           _139_ (net)
                  0.16    0.00    6.69 ^ _417_/B (sky130_fd_sc_hd__xnor2_2)
                  0.18    0.11    6.80 ^ _417_/Y (sky130_fd_sc_hd__xnor2_2)
     4    0.02                           _140_ (net)
                  0.18    0.00    6.80 ^ _447_/C_N (sky130_fd_sc_hd__or3b_2)
                  0.06    0.29    7.09 v _447_/X (sky130_fd_sc_hd__or3b_2)
     1    0.01                           _170_ (net)
                  0.06    0.00    7.09 v _448_/A3 (sky130_fd_sc_hd__o311ai_4)
                  0.19    0.19    7.28 ^ _448_/Y (sky130_fd_sc_hd__o311ai_4)
     3    0.01                           _171_ (net)
                  0.19    0.00    7.28 ^ _451_/B1 (sky130_fd_sc_hd__a22o_1)
                  0.08    0.12    7.40 ^ _451_/X (sky130_fd_sc_hd__a22o_1)
     1    0.01                           _174_ (net)
                  0.08    0.00    7.40 ^ _452_/B2 (sky130_fd_sc_hd__a22o_1)
                  0.03    0.08    7.48 ^ _452_/X (sky130_fd_sc_hd__a22o_1)
     1    0.00                           _001_ (net)
                  0.03    0.00    7.48 ^ _480_/D (sky130_fd_sc_hd__dfrtp_1)
                                  7.48   data arrival time

                         25.00   25.00   clock clk (rise edge)
                          0.00   25.00   clock source latency
                  0.05    0.03   25.03 ^ clk (in)
     1    0.01                           clk (net)
                  0.05    0.00   25.03 ^ clkbuf_0_clk/A (sky130_fd_sc_hd__clkbuf_16)
                  0.03    0.09   25.12 ^ clkbuf_0_clk/X (sky130_fd_sc_hd__clkbuf_16)
     2    0.02                           clknet_0_clk (net)
                  0.03    0.00   25.12 ^ clkbuf_1_1__f_clk/A (sky130_fd_sc_hd__clkbuf_16)
                  0.04    0.08   25.20 ^ clkbuf_1_1__f_clk/X (sky130_fd_sc_hd__clkbuf_16)
     7    0.03                           clknet_1_1__leaf_clk (net)
                  0.04    0.00   25.20 ^ _480_/CLK (sky130_fd_sc_hd__dfrtp_1)
                         -0.25   24.95   clock uncertainty
                          0.00   24.95   clock reconvergence pessimism
                         -0.03   24.92   library setup time
                                 24.92   data required time
-----------------------------------------------------------------------------
                                 24.92   data required time
                                 -7.48   data arrival time
-----------------------------------------------------------------------------
                                 17.44   slack (MET)



======================= Slowest Corner ===================================

Startpoint: rst_n (input port clocked by clk)
Endpoint: _484_ (recovery check against rising-edge clock clk)
Path Group: asynchronous
Path Type: max
Corner: Slowest

Fanout     Cap    Slew   Delay    Time   Description
-----------------------------------------------------------------------------
                          0.00    0.00   clock clk (rise edge)
                          0.00    0.00   clock network delay (propagated)
                          5.00    5.00 ^ input external delay
                  0.03    0.02    5.02 ^ rst_n (in)
     1    0.00                           rst_n (net)
                  0.03    0.00    5.02 ^ input10/A (sky130_fd_sc_hd__clkbuf_2)
                  0.20    0.28    5.30 ^ input10/X (sky130_fd_sc_hd__clkbuf_2)
     5    0.02                           net10 (net)
                  0.20    0.00    5.30 ^ fanout39/A (sky130_fd_sc_hd__buf_4)
                  0.25    0.42    5.72 ^ fanout39/X (sky130_fd_sc_hd__buf_4)
    10    0.05                           net39 (net)
                  0.25    0.00    5.72 ^ _484_/RESET_B (sky130_fd_sc_hd__dfrtp_1)
                                  5.72   data arrival time

                         25.00   25.00   clock clk (rise edge)
                          0.00   25.00   clock source latency
                  0.10    0.06   25.06 ^ clk (in)
     1    0.01                           clk (net)
                  0.10    0.00   25.06 ^ clkbuf_0_clk/A (sky130_fd_sc_hd__clkbuf_16)
                  0.07    0.22   25.29 ^ clkbuf_0_clk/X (sky130_fd_sc_hd__clkbuf_16)
     2    0.02                           clknet_0_clk (net)
                  0.07    0.00   25.29 ^ clkbuf_1_0__f_clk/A (sky130_fd_sc_hd__clkbuf_16)
                  0.07    0.22   25.50 ^ clkbuf_1_0__f_clk/X (sky130_fd_sc_hd__clkbuf_16)
     7    0.02                           clknet_1_0__leaf_clk (net)
                  0.07    0.00   25.50 ^ _484_/CLK (sky130_fd_sc_hd__dfrtp_1)
                         -0.25   25.25   clock uncertainty
                          0.00   25.25   clock reconvergence pessimism
                          0.40   25.65   library recovery time
                                 25.65   data required time
-----------------------------------------------------------------------------
                                 25.65   data required time
                                 -5.72   data arrival time
-----------------------------------------------------------------------------
                                 19.93   slack (MET)


Startpoint: data_in[4] (input port clocked by clk)
Endpoint: _480_ (rising edge-triggered flip-flop clocked by clk)
Path Group: clk
Path Type: max
Corner: Slowest

Fanout     Cap    Slew   Delay    Time   Description
-----------------------------------------------------------------------------
                          0.00    0.00   clock clk (rise edge)
                          0.00    0.00   clock network delay (propagated)
                          5.00    5.00 ^ input external delay
                  0.03    0.02    5.02 ^ data_in[4] (in)
     1    0.00                           data_in[4] (net)
                  0.03    0.00    5.02 ^ input5/A (sky130_fd_sc_hd__buf_1)
                  0.27    0.29    5.31 ^ input5/X (sky130_fd_sc_hd__buf_1)
     2    0.01                           net5 (net)
                  0.27    0.00    5.31 ^ _244_/A (sky130_fd_sc_hd__clkbuf_4)
                  0.25    0.50    5.81 ^ _244_/X (sky130_fd_sc_hd__clkbuf_4)
    10    0.05                           _194_ (net)
                  0.25    0.00    5.81 ^ _296_/D (sky130_fd_sc_hd__nand4_2)
                  0.24    0.36    6.17 v _296_/Y (sky130_fd_sc_hd__nand4_2)
     3    0.01                           _019_ (net)
                  0.24    0.00    6.17 v _331_/B1 (sky130_fd_sc_hd__a22o_1)
                  0.12    0.47    6.64 v _331_/X (sky130_fd_sc_hd__a22o_1)
     3    0.01                           _054_ (net)
                  0.12    0.00    6.64 v _333_/C (sky130_fd_sc_hd__and3_1)
                  0.09    0.43    7.07 v _333_/X (sky130_fd_sc_hd__and3_1)
     2    0.01                           _056_ (net)
                  0.09    0.00    7.07 v _335_/B (sky130_fd_sc_hd__or3b_2)
                  0.22    1.19    8.26 v _335_/X (sky130_fd_sc_hd__or3b_2)
     4    0.01                           _058_ (net)
                  0.22    0.00    8.26 v _354_/A (sky130_fd_sc_hd__and3_2)
                  0.13    0.53    8.79 v _354_/X (sky130_fd_sc_hd__and3_2)
     3    0.02                           _077_ (net)
                  0.13    0.00    8.79 v _410_/A (sky130_fd_sc_hd__nor2_2)
                  0.32    0.37    9.16 ^ _410_/Y (sky130_fd_sc_hd__nor2_2)
     3    0.02                           _133_ (net)
                  0.32    0.00    9.16 ^ _411_/B (sky130_fd_sc_hd__xor2_1)
                  0.22    0.37    9.53 ^ _411_/X (sky130_fd_sc_hd__xor2_1)
     1    0.00                           _134_ (net)
                  0.22    0.00    9.53 ^ _414_/A4 (sky130_fd_sc_hd__a41o_1)
                  0.20    0.55   10.08 ^ _414_/X (sky130_fd_sc_hd__a41o_1)
     3    0.01                           _137_ (net)
                  0.20    0.00   10.08 ^ _416_/A2 (sky130_fd_sc_hd__a21oi_1)
                  0.19    0.26   10.34 v _416_/Y (sky130_fd_sc_hd__a21oi_1)
     1    0.01                           _139_ (net)
                  0.19    0.00   10.34 v _417_/B (sky130_fd_sc_hd__xnor2_2)
                  0.38    0.42   10.76 ^ _417_/Y (sky130_fd_sc_hd__xnor2_2)
     4    0.02                           _140_ (net)
                  0.38    0.00   10.76 ^ _447_/C_N (sky130_fd_sc_hd__or3b_2)
                  0.20    1.25   12.01 v _447_/X (sky130_fd_sc_hd__or3b_2)
     1    0.01                           _170_ (net)
                  0.20    0.00   12.01 v _448_/A3 (sky130_fd_sc_hd__o311ai_4)
                  0.40    0.47   12.48 ^ _448_/Y (sky130_fd_sc_hd__o311ai_4)
     3    0.01                           _171_ (net)
                  0.40    0.00   12.48 ^ _451_/B1 (sky130_fd_sc_hd__a22o_1)
                  0.17    0.46   12.94 ^ _451_/X (sky130_fd_sc_hd__a22o_1)
     1    0.01                           _174_ (net)
                  0.17    0.00   12.94 ^ _452_/B2 (sky130_fd_sc_hd__a22o_1)
                  0.08    0.29   13.23 ^ _452_/X (sky130_fd_sc_hd__a22o_1)
     1    0.00                           _001_ (net)
                  0.08    0.00   13.23 ^ _480_/D (sky130_fd_sc_hd__dfrtp_1)
                                 13.23   data arrival time

                         25.00   25.00   clock clk (rise edge)
                          0.00   25.00   clock source latency
                  0.10    0.06   25.06 ^ clk (in)
     1    0.01                           clk (net)
                  0.10    0.00   25.06 ^ clkbuf_0_clk/A (sky130_fd_sc_hd__clkbuf_16)
                  0.07    0.22   25.29 ^ clkbuf_0_clk/X (sky130_fd_sc_hd__clkbuf_16)
     2    0.02                           clknet_0_clk (net)
                  0.07    0.00   25.29 ^ clkbuf_1_1__f_clk/A (sky130_fd_sc_hd__clkbuf_16)
                  0.07    0.22   25.51 ^ clkbuf_1_1__f_clk/X (sky130_fd_sc_hd__clkbuf_16)
     7    0.03                           clknet_1_1__leaf_clk (net)
                  0.07    0.00   25.51 ^ _480_/CLK (sky130_fd_sc_hd__dfrtp_1)
                         -0.25   25.26   clock uncertainty
                          0.00   25.26   clock reconvergence pessimism
                         -0.14   25.12   library setup time
                                 25.12   data required time
-----------------------------------------------------------------------------
                                 25.12   data required time
                                -13.23   data arrival time
-----------------------------------------------------------------------------
                                 11.89   slack (MET)



======================= Typical Corner ===================================

Startpoint: rst_n (input port clocked by clk)
Endpoint: _484_ (recovery check against rising-edge clock clk)
Path Group: asynchronous
Path Type: max
Corner: Typical

Fanout     Cap    Slew   Delay    Time   Description
-----------------------------------------------------------------------------
                          0.00    0.00   clock clk (rise edge)
                          0.00    0.00   clock network delay (propagated)
                          5.00    5.00 ^ input external delay
                  0.02    0.01    5.01 ^ rst_n (in)
     1    0.00                           rst_n (net)
                  0.02    0.00    5.01 ^ input10/A (sky130_fd_sc_hd__clkbuf_2)
                  0.14    0.17    5.18 ^ input10/X (sky130_fd_sc_hd__clkbuf_2)
     5    0.02                           net10 (net)
                  0.14    0.00    5.18 ^ fanout39/A (sky130_fd_sc_hd__buf_4)
                  0.16    0.24    5.42 ^ fanout39/X (sky130_fd_sc_hd__buf_4)
    10    0.06                           net39 (net)
                  0.16    0.00    5.43 ^ _484_/RESET_B (sky130_fd_sc_hd__dfrtp_1)
                                  5.43   data arrival time

                         25.00   25.00   clock clk (rise edge)
                          0.00   25.00   clock source latency
                  0.06    0.04   25.04 ^ clk (in)
     1    0.01                           clk (net)
                  0.06    0.00   25.04 ^ clkbuf_0_clk/A (sky130_fd_sc_hd__clkbuf_16)
                  0.04    0.13   25.17 ^ clkbuf_0_clk/X (sky130_fd_sc_hd__clkbuf_16)
     2    0.02                           clknet_0_clk (net)
                  0.04    0.00   25.17 ^ clkbuf_1_0__f_clk/A (sky130_fd_sc_hd__clkbuf_16)
                  0.05    0.12   25.29 ^ clkbuf_1_0__f_clk/X (sky130_fd_sc_hd__clkbuf_16)
     7    0.02                           clknet_1_0__leaf_clk (net)
                  0.05    0.00   25.29 ^ _484_/CLK (sky130_fd_sc_hd__dfrtp_1)
                         -0.25   25.04   clock uncertainty
                          0.00   25.04   clock reconvergence pessimism
                          0.20   25.24   library recovery time
                                 25.24   data required time
-----------------------------------------------------------------------------
                                 25.24   data required time
                                 -5.43   data arrival time
-----------------------------------------------------------------------------
                                 19.82   slack (MET)


Startpoint: scale[3] (input port clocked by clk)
Endpoint: _480_ (rising edge-triggered flip-flop clocked by clk)
Path Group: clk
Path Type: max
Corner: Typical

Fanout     Cap    Slew   Delay    Time   Description
-----------------------------------------------------------------------------
                          0.00    0.00   clock clk (rise edge)
                          0.00    0.00   clock network delay (propagated)
                          5.00    5.00 ^ input external delay
                  0.02    0.01    5.01 ^ scale[3] (in)
     1    0.00                           scale[3] (net)
                  0.02    0.00    5.01 ^ input14/A (sky130_fd_sc_hd__buf_2)
                  0.17    0.20    5.21 ^ input14/X (sky130_fd_sc_hd__buf_2)
     9    0.03                           net14 (net)
                  0.17    0.00    5.21 ^ _281_/A (sky130_fd_sc_hd__buf_2)
                  0.19    0.26    5.48 ^ _281_/X (sky130_fd_sc_hd__buf_2)
    10    0.04                           _230_ (net)
                  0.19    0.00    5.48 ^ _296_/A (sky130_fd_sc_hd__nand4_2)
                  0.12    0.14    5.61 v _296_/Y (sky130_fd_sc_hd__nand4_2)
     3    0.01                           _019_ (net)
                  0.12    0.00    5.61 v _331_/B1 (sky130_fd_sc_hd__a22o_1)
                  0.07    0.24    5.85 v _331_/X (sky130_fd_sc_hd__a22o_1)
     3    0.01                           _054_ (net)
                  0.07    0.00    5.85 v _333_/C (sky130_fd_sc_hd__and3_1)
                  0.05    0.21    6.06 v _333_/X (sky130_fd_sc_hd__and3_1)
     2    0.01                           _056_ (net)
                  0.05    0.00    6.06 v _335_/B (sky130_fd_sc_hd__or3b_2)
                  0.11    0.51    6.58 v _335_/X (sky130_fd_sc_hd__or3b_2)
     4    0.01                           _058_ (net)
                  0.11    0.00    6.58 v _354_/A (sky130_fd_sc_hd__and3_2)
                  0.07    0.25    6.82 v _354_/X (sky130_fd_sc_hd__and3_2)
     3    0.02                           _077_ (net)
                  0.07    0.00    6.82 v _410_/A (sky130_fd_sc_hd__nor2_2)
                  0.19    0.21    7.03 ^ _410_/Y (sky130_fd_sc_hd__nor2_2)
     3    0.02                           _133_ (net)
                  0.19    0.00    7.03 ^ _411_/B (sky130_fd_sc_hd__xor2_1)
                  0.07    0.10    7.14 v _411_/X (sky130_fd_sc_hd__xor2_1)
     1    0.00                           _134_ (net)
                  0.07    0.00    7.14 v _414_/A4 (sky130_fd_sc_hd__a41o_1)
                  0.07    0.30    7.43 v _414_/X (sky130_fd_sc_hd__a41o_1)
     3    0.01                           _137_ (net)
                  0.07    0.00    7.43 v _416_/A2 (sky130_fd_sc_hd__a21oi_1)
                  0.22    0.25    7.68 ^ _416_/Y (sky130_fd_sc_hd__a21oi_1)
     1    0.01                           _139_ (net)
                  0.22    0.00    7.68 ^ _417_/B (sky130_fd_sc_hd__xnor2_2)
                  0.24    0.19    7.87 ^ _417_/Y (sky130_fd_sc_hd__xnor2_2)
     4    0.02                           _140_ (net)
                  0.24    0.00    7.87 ^ _447_/C_N (sky130_fd_sc_hd__or3b_2)
                  0.10    0.53    8.40 v _447_/X (sky130_fd_sc_hd__or3b_2)
     1    0.01                           _170_ (net)
                  0.10    0.00    8.40 v _448_/A3 (sky130_fd_sc_hd__o311ai_4)
                  0.26    0.28    8.68 ^ _448_/Y (sky130_fd_sc_hd__o311ai_4)
     3    0.01                           _171_ (net)
                  0.26    0.00    8.68 ^ _451_/B1 (sky130_fd_sc_hd__a22o_1)
                  0.10    0.23    8.90 ^ _451_/X (sky130_fd_sc_hd__a22o_1)
     1    0.01                           _174_ (net)
                  0.10    0.00    8.90 ^ _452_/B2 (sky130_fd_sc_hd__a22o_1)
                  0.05    0.14    9.04 ^ _452_/X (sky130_fd_sc_hd__a22o_1)
     1    0.00                           _001_ (net)
                  0.05    0.00    9.04 ^ _480_/D (sky130_fd_sc_hd__dfrtp_1)
                                  9.04   data arrival time

                         25.00   25.00   clock clk (rise edge)
                          0.00   25.00   clock source latency
                  0.06    0.04   25.04 ^ clk (in)
     1    0.01                           clk (net)
                  0.06    0.00   25.04 ^ clkbuf_0_clk/A (sky130_fd_sc_hd__clkbuf_16)
                  0.04    0.13   25.17 ^ clkbuf_0_clk/X (sky130_fd_sc_hd__clkbuf_16)
     2    0.02                           clknet_0_clk (net)
                  0.04    0.00   25.17 ^ clkbuf_1_1__f_clk/A (sky130_fd_sc_hd__clkbuf_16)
                  0.05    0.12   25.29 ^ clkbuf_1_1__f_clk/X (sky130_fd_sc_hd__clkbuf_16)
     7    0.03                           clknet_1_1__leaf_clk (net)
                  0.05    0.00   25.29 ^ _480_/CLK (sky130_fd_sc_hd__dfrtp_1)
                         -0.25   25.04   clock uncertainty
                          0.00   25.04   clock reconvergence pessimism
                         -0.06   24.98   library setup time
                                 24.98   data required time
-----------------------------------------------------------------------------
                                 24.98   data required time
                                 -9.04   data arrival time
-----------------------------------------------------------------------------
                                 15.94   slack (MET)




===========================================================================
report_checks --slack_max -0.01
============================================================================
======================= Fastest Corner ===================================

No paths found.

======================= Slowest Corner ===================================

No paths found.

======================= Typical Corner ===================================

No paths found.


===========================================================================
 report_check_types -max_slew -max_cap -max_fanout -violators
============================================================================
======================= Fastest Corner ===================================


======================= Slowest Corner ===================================


======================= Typical Corner ===================================



===========================================================================
report_parasitic_annotation -report_unannotated
============================================================================
Found 0 unannotated drivers.
Found 0 partially unannotated drivers.

===========================================================================
max slew violation count 0
max fanout violation count 0
max cap violation count 0
============================================================================

===========================================================================
check_setup -verbose -unconstrained_endpoints -multiple_clock -no_clock -no_input_delay -loops -generated_clocks
===========================================================================
