
===========================================================================
 report_power
============================================================================
======================= Fastest Corner ===================================

Group                  Internal  Switching    Leakage      Total
                          Power      Power      Power      Power (Watts)
----------------------------------------------------------------
Sequential             9.74e-03   1.51e-03   2.64e-06   1.13e-02   2.3%
Combinational          1.24e-01   3.46e-01   6.17e-07   4.70e-01  97.7%
Macro                  0.00e+00   0.00e+00   0.00e+00   0.00e+00   0.0%
Pad                    0.00e+00   0.00e+00   0.00e+00   0.00e+00   0.0%
----------------------------------------------------------------
Total                  1.33e-01   3.48e-01   3.25e-06   4.81e-01 100.0%
                          27.7%      72.3%       0.0%

======================= Slowest Corner ===================================

Group                  Internal  Switching    Leakage      Total
                          Power      Power      Power      Power (Watts)
----------------------------------------------------------------
Sequential             6.55e-03   1.01e-03   1.14e-04   7.68e-03   2.3%
Combinational          9.08e-02   2.34e-01   2.71e-04   3.25e-01  97.7%
Macro                  0.00e+00   0.00e+00   0.00e+00   0.00e+00   0.0%
Pad                    0.00e+00   0.00e+00   0.00e+00   0.00e+00   0.0%
----------------------------------------------------------------
Total                  9.74e-02   2.35e-01   3.84e-04   3.33e-01 100.0%
                          29.3%      70.6%       0.1%

======================= Typical Corner ===================================

Group                  Internal  Switching    Leakage      Total
                          Power      Power      Power      Power (Watts)
----------------------------------------------------------------
Sequential             8.40e-03   1.28e-03   2.59e-06   9.68e-03   2.3%
Combinational          1.12e-01   2.95e-01   2.90e-07   4.07e-01  97.7%
Macro                  0.00e+00   0.00e+00   0.00e+00   0.00e+00   0.0%
Pad                    0.00e+00   0.00e+00   0.00e+00   0.00e+00   0.0%
----------------------------------------------------------------
Total                  1.20e-01   2.97e-01   2.88e-06   4.17e-01 100.0%
                          28.8%      71.2%       0.0%

