
===========================================================================
 report_power
============================================================================
======================= Fastest Corner ===================================

Group                  Internal  Switching    Leakage      Total
                          Power      Power      Power      Power (Watts)
----------------------------------------------------------------
Sequential             2.88e-05   3.67e-06   6.64e-08   3.26e-05  24.3%
Combinational          5.33e-05   4.81e-05   4.08e-09   1.01e-04  75.7%
Macro                  0.00e+00   0.00e+00   0.00e+00   0.00e+00   0.0%
Pad                    0.00e+00   0.00e+00   0.00e+00   0.00e+00   0.0%
----------------------------------------------------------------
Total                  8.21e-05   5.18e-05   7.05e-08   1.34e-04 100.0%
                          61.3%      38.6%       0.1%

======================= Slowest Corner ===================================

Group                  Internal  Switching    Leakage      Total
                          Power      Power      Power      Power (Watts)
----------------------------------------------------------------
Sequential             1.92e-05   2.43e-06   2.65e-07   2.19e-05  23.4%
Combinational          3.89e-05   3.17e-05   1.22e-06   7.18e-05  76.6%
Macro                  0.00e+00   0.00e+00   0.00e+00   0.00e+00   0.0%
Pad                    0.00e+00   0.00e+00   0.00e+00   0.00e+00   0.0%
----------------------------------------------------------------
Total                  5.81e-05   3.41e-05   1.48e-06   9.37e-05 100.0%
                          62.0%      36.4%       1.6%

======================= Typical Corner ===================================

Group                  Internal  Switching    Leakage      Total
                          Power      Power      Power      Power (Watts)
----------------------------------------------------------------
Sequential             2.48e-05   3.10e-06   6.64e-08   2.80e-05  24.1%
Combinational          4.77e-05   4.06e-05   3.06e-09   8.83e-05  75.9%
Macro                  0.00e+00   0.00e+00   0.00e+00   0.00e+00   0.0%
Pad                    0.00e+00   0.00e+00   0.00e+00   0.00e+00   0.0%
----------------------------------------------------------------
Total                  7.25e-05   4.37e-05   6.95e-08   1.16e-04 100.0%
                          62.4%      37.6%       0.1%

