
 /----------------------------------------------------------------------------\
 |                                                                            |
 |  yosys -- Yosys Open SYnthesis Suite                                       |
 |                                                                            |
 |  Copyright (C) 2012 - 2020  Claire Xenia Wolf <claire@yosyshq.com>         |
 |                                                                            |
 |  Permission to use, copy, modify, and/or distribute this software for any  |
 |  purpose with or without fee is hereby granted, provided that the above    |
 |  copyright notice and this permission notice appear in all copies.         |
 |                                                                            |
 |  THE SOFTWARE IS PROVIDED "AS IS" AND THE AUTHOR DISCLAIMS ALL WARRANTIES  |
 |  WITH REGARD TO THIS SOFTWARE INCLUDING ALL IMPLIED WARRANTIES OF          |
 |  MERCHANTABILITY AND FITNESS. IN NO EVENT SHALL THE AUTHOR BE LIABLE FOR   |
 |  ANY SPECIAL, DIRECT, INDIRECT, OR CONSEQUENTIAL DAMAGES OR ANY DAMAGES    |
 |  WHATSOEVER RESULTING FROM LOSS OF USE, DATA OR PROFITS, WHETHER IN AN     |
 |  ACTION OF CONTRACT, NEGLIGENCE OR OTHER TORTIOUS ACTION, ARISING OUT OF   |
 |  OR IN CONNECTION WITH THE USE OR PERFORMANCE OF THIS SOFTWARE.            |
 |                                                                            |
 \----------------------------------------------------------------------------/

 Yosys 0.30+48 (git sha1 14d50a176d5, gcc 8.3.1 -fPIC -Os)

[TCL: yosys -import] Command name collision: found pre-existing command `cd' -> skip.
[TCL: yosys -import] Command name collision: found pre-existing command `eval' -> skip.
[TCL: yosys -import] Command name collision: found pre-existing command `exec' -> skip.
[TCL: yosys -import] Command name collision: found pre-existing command `read' -> skip.
[TCL: yosys -import] Command name collision: found pre-existing command `trace' -> skip.

1. Executing Verilog-2005 frontend: /home/ugunt/projects/ai-accelerator-verification/rung4-gear-quantizer/openlane/../rtl/gear_quantizer.sv
Parsing SystemVerilog input from `/home/ugunt/projects/ai-accelerator-verification/rung4-gear-quantizer/openlane/../rtl/gear_quantizer.sv' to AST representation.
Generating RTLIL representation for module `\gear_quantizer'.
Successfully finished Verilog frontend.

2. Generating Graphviz representation of design.
Writing dot description to `/home/ugunt/projects/ai-accelerator-verification/rung4-gear-quantizer/openlane/runs/RUN_2026.07.04_18.24.21/tmp/synthesis/hierarchy.dot'.
Dumping module gear_quantizer to page 1.

3. Executing HIERARCHY pass (managing design hierarchy).

3.1. Analyzing design hierarchy..
Top module:  \gear_quantizer

3.2. Analyzing design hierarchy..
Top module:  \gear_quantizer
Removed 0 unused modules.

4. Executing TRIBUF pass.

5. Executing HIERARCHY pass (managing design hierarchy).

5.1. Analyzing design hierarchy..
Top module:  \gear_quantizer

5.2. Analyzing design hierarchy..
Top module:  \gear_quantizer
Removed 0 unused modules.

6. Executing PROC_CLEAN pass (remove empty switches from decision trees).
Cleaned up 0 empty switches.

7. Executing PROC_RMDEAD pass (remove dead branches from decision trees).
Marked 1 switch rules as full_case in process $proc$/home/ugunt/projects/ai-accelerator-verification/rung4-gear-quantizer/openlane/../rtl/gear_quantizer.sv:44$14 in module gear_quantizer.
Removed a total of 0 dead cases.

8. Executing PROC_PRUNE pass (remove redundant assignments in processes).
Removed 1 redundant assignment.
Promoted 8 assignments to connections.

9. Executing PROC_INIT pass (extract init attributes).

10. Executing PROC_ARST pass (detect async resets in processes).
Found async reset \rst_n in `\gear_quantizer.$proc$/home/ugunt/projects/ai-accelerator-verification/rung4-gear-quantizer/openlane/../rtl/gear_quantizer.sv:44$14'.

11. Executing PROC_ROM pass (convert switches to ROMs).
Converted 0 switches.
<suppressed ~1 debug messages>

12. Executing PROC_MUX pass (convert decision trees to multiplexers).
Creating decoders for process `\gear_quantizer.$proc$/home/ugunt/projects/ai-accelerator-verification/rung4-gear-quantizer/openlane/../rtl/gear_quantizer.sv:44$14'.
     1/4: $0\valid_out[0:0]
     2/4: $0\is_outlier[0:0]
     3/4: $0\sideband_out[7:0]
     4/4: $0\int4_out[3:0]
Creating decoders for process `\gear_quantizer.$proc$/home/ugunt/projects/ai-accelerator-verification/rung4-gear-quantizer/openlane/../rtl/gear_quantizer.sv:0$1'.

13. Executing PROC_DLATCH pass (convert process syncs to latches).
No latch inferred for signal `\gear_quantizer.\abs_data_in' from process `\gear_quantizer.$proc$/home/ugunt/projects/ai-accelerator-verification/rung4-gear-quantizer/openlane/../rtl/gear_quantizer.sv:0$1'.
No latch inferred for signal `\gear_quantizer.\mult_res' from process `\gear_quantizer.$proc$/home/ugunt/projects/ai-accelerator-verification/rung4-gear-quantizer/openlane/../rtl/gear_quantizer.sv:0$1'.
No latch inferred for signal `\gear_quantizer.\shifted_res' from process `\gear_quantizer.$proc$/home/ugunt/projects/ai-accelerator-verification/rung4-gear-quantizer/openlane/../rtl/gear_quantizer.sv:0$1'.
No latch inferred for signal `\gear_quantizer.\rounded_res' from process `\gear_quantizer.$proc$/home/ugunt/projects/ai-accelerator-verification/rung4-gear-quantizer/openlane/../rtl/gear_quantizer.sv:0$1'.
No latch inferred for signal `\gear_quantizer.\round_incr' from process `\gear_quantizer.$proc$/home/ugunt/projects/ai-accelerator-verification/rung4-gear-quantizer/openlane/../rtl/gear_quantizer.sv:0$1'.
No latch inferred for signal `\gear_quantizer.\round_bit' from process `\gear_quantizer.$proc$/home/ugunt/projects/ai-accelerator-verification/rung4-gear-quantizer/openlane/../rtl/gear_quantizer.sv:0$1'.
No latch inferred for signal `\gear_quantizer.\post_clip_res' from process `\gear_quantizer.$proc$/home/ugunt/projects/ai-accelerator-verification/rung4-gear-quantizer/openlane/../rtl/gear_quantizer.sv:0$1'.
No latch inferred for signal `\gear_quantizer.\outlier_comp_res' from process `\gear_quantizer.$proc$/home/ugunt/projects/ai-accelerator-verification/rung4-gear-quantizer/openlane/../rtl/gear_quantizer.sv:0$1'.

14. Executing PROC_DFF pass (convert process syncs to FFs).
Creating register for signal `\gear_quantizer.\int4_out' using process `\gear_quantizer.$proc$/home/ugunt/projects/ai-accelerator-verification/rung4-gear-quantizer/openlane/../rtl/gear_quantizer.sv:44$14'.
  created $adff cell `$procdff$24' with positive edge clock and negative level reset.
Creating register for signal `\gear_quantizer.\valid_out' using process `\gear_quantizer.$proc$/home/ugunt/projects/ai-accelerator-verification/rung4-gear-quantizer/openlane/../rtl/gear_quantizer.sv:44$14'.
  created $adff cell `$procdff$25' with positive edge clock and negative level reset.
Creating register for signal `\gear_quantizer.\sideband_out' using process `\gear_quantizer.$proc$/home/ugunt/projects/ai-accelerator-verification/rung4-gear-quantizer/openlane/../rtl/gear_quantizer.sv:44$14'.
  created $adff cell `$procdff$26' with positive edge clock and negative level reset.
Creating register for signal `\gear_quantizer.\is_outlier' using process `\gear_quantizer.$proc$/home/ugunt/projects/ai-accelerator-verification/rung4-gear-quantizer/openlane/../rtl/gear_quantizer.sv:44$14'.
  created $adff cell `$procdff$27' with positive edge clock and negative level reset.

15. Executing PROC_MEMWR pass (convert process memory writes to cells).

16. Executing PROC_CLEAN pass (remove empty switches from decision trees).
Found and cleaned up 1 empty switch in `\gear_quantizer.$proc$/home/ugunt/projects/ai-accelerator-verification/rung4-gear-quantizer/openlane/../rtl/gear_quantizer.sv:44$14'.
Removing empty process `gear_quantizer.$proc$/home/ugunt/projects/ai-accelerator-verification/rung4-gear-quantizer/openlane/../rtl/gear_quantizer.sv:44$14'.
Removing empty process `gear_quantizer.$proc$/home/ugunt/projects/ai-accelerator-verification/rung4-gear-quantizer/openlane/../rtl/gear_quantizer.sv:0$1'.
Cleaned up 1 empty switch.

17. Executing CHECK pass (checking for obvious problems).
Checking module gear_quantizer...
Found and reported 0 problems.

18. Executing OPT_EXPR pass (perform const folding).
Optimizing module gear_quantizer.
<suppressed ~1 debug messages>

19. Executing FLATTEN pass (flatten design).

20. Executing OPT_EXPR pass (perform const folding).
Optimizing module gear_quantizer.

21. Executing OPT_CLEAN pass (remove unused cells and wires).
Finding unused cells or wires in module \gear_quantizer..
Removed 1 unused cells and 23 unused wires.
<suppressed ~2 debug messages>

22. Executing OPT pass (performing simple optimizations).

22.1. Executing OPT_EXPR pass (perform const folding).
Optimizing module gear_quantizer.

22.2. Executing OPT_MERGE pass (detect identical cells).
Finding identical cells in module `\gear_quantizer'.
Removed a total of 0 cells.

22.3. Executing OPT_MUXTREE pass (detect dead branches in mux trees).
Running muxtree optimizer on module \gear_quantizer..
  Creating internal representation of mux trees.
  Evaluating internal representation of mux trees.
      Replacing known input bits on port A of cell $ternary$/home/ugunt/projects/ai-accelerator-verification/rung4-gear-quantizer/openlane/../rtl/gear_quantizer.sv:34$3: \data_in -> { 1'0 \data_in [6:0] }
  Analyzing evaluation results.
Removed 0 multiplexer ports.
<suppressed ~5 debug messages>

22.4. Executing OPT_REDUCE pass (consolidate $*mux and $reduce_* inputs).
  Optimizing cells in module \gear_quantizer.
Performed a total of 0 changes.

22.5. Executing OPT_MERGE pass (detect identical cells).
Finding identical cells in module `\gear_quantizer'.
Removed a total of 0 cells.

22.6. Executing OPT_DFF pass (perform DFF optimizations).

22.7. Executing OPT_CLEAN pass (remove unused cells and wires).
Finding unused cells or wires in module \gear_quantizer..

22.8. Executing OPT_EXPR pass (perform const folding).
Optimizing module gear_quantizer.

22.9. Finished OPT passes. (There is nothing left to do.)

23. Executing FSM pass (extract and optimize FSM).

23.1. Executing FSM_DETECT pass (finding FSMs in design).

23.2. Executing FSM_EXTRACT pass (extracting FSM from design).

23.3. Executing FSM_OPT pass (simple optimizations of FSMs).

23.4. Executing OPT_CLEAN pass (remove unused cells and wires).
Finding unused cells or wires in module \gear_quantizer..

23.5. Executing FSM_OPT pass (simple optimizations of FSMs).

23.6. Executing FSM_RECODE pass (re-assigning FSM state encoding).

23.7. Executing FSM_INFO pass (dumping all available information on FSM cells).

23.8. Executing FSM_MAP pass (mapping FSMs to basic logic).

24. Executing OPT pass (performing simple optimizations).

24.1. Executing OPT_EXPR pass (perform const folding).
Optimizing module gear_quantizer.

24.2. Executing OPT_MERGE pass (detect identical cells).
Finding identical cells in module `\gear_quantizer'.
Removed a total of 0 cells.

24.3. Executing OPT_MUXTREE pass (detect dead branches in mux trees).
Running muxtree optimizer on module \gear_quantizer..
  Creating internal representation of mux trees.
  Evaluating internal representation of mux trees.
  Analyzing evaluation results.
Removed 0 multiplexer ports.
<suppressed ~5 debug messages>

24.4. Executing OPT_REDUCE pass (consolidate $*mux and $reduce_* inputs).
  Optimizing cells in module \gear_quantizer.
Performed a total of 0 changes.

24.5. Executing OPT_MERGE pass (detect identical cells).
Finding identical cells in module `\gear_quantizer'.
Removed a total of 0 cells.

24.6. Executing OPT_DFF pass (perform DFF optimizations).
Adding EN signal on $procdff$27 ($adff) from module gear_quantizer (D = \outlier_comp_res, Q = \is_outlier).
Adding EN signal on $procdff$26 ($adff) from module gear_quantizer (D = $ternary$/home/ugunt/projects/ai-accelerator-verification/rung4-gear-quantizer/openlane/../rtl/gear_quantizer.sv:54$17_Y, Q = \sideband_out).
Adding EN signal on $procdff$24 ($adff) from module gear_quantizer (D = $ternary$/home/ugunt/projects/ai-accelerator-verification/rung4-gear-quantizer/openlane/../rtl/gear_quantizer.sv:53$16_Y, Q = \int4_out).

24.7. Executing OPT_CLEAN pass (remove unused cells and wires).
Finding unused cells or wires in module \gear_quantizer..
Removed 3 unused cells and 3 unused wires.
<suppressed ~4 debug messages>

24.8. Executing OPT_EXPR pass (perform const folding).
Optimizing module gear_quantizer.

24.9. Rerunning OPT passes. (Maybe there is more to do..)

24.10. Executing OPT_MUXTREE pass (detect dead branches in mux trees).
Running muxtree optimizer on module \gear_quantizer..
  Creating internal representation of mux trees.
  Evaluating internal representation of mux trees.
  Analyzing evaluation results.
Removed 0 multiplexer ports.
<suppressed ~4 debug messages>

24.11. Executing OPT_REDUCE pass (consolidate $*mux and $reduce_* inputs).
  Optimizing cells in module \gear_quantizer.
Performed a total of 0 changes.

24.12. Executing OPT_MERGE pass (detect identical cells).
Finding identical cells in module `\gear_quantizer'.
Removed a total of 0 cells.

24.13. Executing OPT_DFF pass (perform DFF optimizations).

24.14. Executing OPT_CLEAN pass (remove unused cells and wires).
Finding unused cells or wires in module \gear_quantizer..

24.15. Executing OPT_EXPR pass (perform const folding).
Optimizing module gear_quantizer.

24.16. Finished OPT passes. (There is nothing left to do.)

25. Executing WREDUCE pass (reducing word size of cells).
Removed top 7 bits (of 12) from port B of cell gear_quantizer.$mul$/home/ugunt/projects/ai-accelerator-verification/rung4-gear-quantizer/openlane/../rtl/gear_quantizer.sv:35$4 ($mul).
Removed top 1 bits (of 2) from mux cell gear_quantizer.$ternary$/home/ugunt/projects/ai-accelerator-verification/rung4-gear-quantizer/openlane/../rtl/gear_quantizer.sv:38$7 ($mux).
Removed top 4 bits (of 12) from port A of cell gear_quantizer.$add$/home/ugunt/projects/ai-accelerator-verification/rung4-gear-quantizer/openlane/../rtl/gear_quantizer.sv:39$8 ($add).
Removed top 3 bits (of 12) from port Y of cell gear_quantizer.$add$/home/ugunt/projects/ai-accelerator-verification/rung4-gear-quantizer/openlane/../rtl/gear_quantizer.sv:39$8 ($add).
Removed top 3 bits (of 12) from port A of cell gear_quantizer.$gt$/home/ugunt/projects/ai-accelerator-verification/rung4-gear-quantizer/openlane/../rtl/gear_quantizer.sv:40$9 ($gt).
Removed top 3 bits (of 12) from port A of cell gear_quantizer.$lt$/home/ugunt/projects/ai-accelerator-verification/rung4-gear-quantizer/openlane/../rtl/gear_quantizer.sv:40$10 ($lt).
Removed top 1 bits (of 2) from wire gear_quantizer.round_incr.

26. Executing PEEPOPT pass (run peephole optimizers).

27. Executing OPT_CLEAN pass (remove unused cells and wires).
Finding unused cells or wires in module \gear_quantizer..
Removed 0 unused cells and 1 unused wires.
<suppressed ~1 debug messages>

28. Executing ALUMACC pass (create $alu and $macc cells).
Extracting $alu and $macc cells in module gear_quantizer:
  creating $macc model for $add$/home/ugunt/projects/ai-accelerator-verification/rung4-gear-quantizer/openlane/../rtl/gear_quantizer.sv:39$8 ($add).
  creating $macc model for $mul$/home/ugunt/projects/ai-accelerator-verification/rung4-gear-quantizer/openlane/../rtl/gear_quantizer.sv:35$4 ($mul).
  creating $macc model for $neg$/home/ugunt/projects/ai-accelerator-verification/rung4-gear-quantizer/openlane/../rtl/gear_quantizer.sv:34$2 ($neg).
  creating $alu model for $macc $neg$/home/ugunt/projects/ai-accelerator-verification/rung4-gear-quantizer/openlane/../rtl/gear_quantizer.sv:34$2.
  creating $alu model for $macc $add$/home/ugunt/projects/ai-accelerator-verification/rung4-gear-quantizer/openlane/../rtl/gear_quantizer.sv:39$8.
  creating $macc cell for $mul$/home/ugunt/projects/ai-accelerator-verification/rung4-gear-quantizer/openlane/../rtl/gear_quantizer.sv:35$4: $auto$alumacc.cc:365:replace_macc$32
  creating $alu model for $gt$/home/ugunt/projects/ai-accelerator-verification/rung4-gear-quantizer/openlane/../rtl/gear_quantizer.sv:40$9 ($gt): new $alu
  creating $alu model for $gt$/home/ugunt/projects/ai-accelerator-verification/rung4-gear-quantizer/openlane/../rtl/gear_quantizer.sv:41$13 ($gt): new $alu
  creating $alu model for $lt$/home/ugunt/projects/ai-accelerator-verification/rung4-gear-quantizer/openlane/../rtl/gear_quantizer.sv:40$10 ($lt): new $alu
  creating $alu cell for $lt$/home/ugunt/projects/ai-accelerator-verification/rung4-gear-quantizer/openlane/../rtl/gear_quantizer.sv:40$10: $auto$alumacc.cc:485:replace_alu$36
  creating $alu cell for $gt$/home/ugunt/projects/ai-accelerator-verification/rung4-gear-quantizer/openlane/../rtl/gear_quantizer.sv:41$13: $auto$alumacc.cc:485:replace_alu$49
  creating $alu cell for $gt$/home/ugunt/projects/ai-accelerator-verification/rung4-gear-quantizer/openlane/../rtl/gear_quantizer.sv:40$9: $auto$alumacc.cc:485:replace_alu$54
  creating $alu cell for $add$/home/ugunt/projects/ai-accelerator-verification/rung4-gear-quantizer/openlane/../rtl/gear_quantizer.sv:39$8: $auto$alumacc.cc:485:replace_alu$61
  creating $alu cell for $neg$/home/ugunt/projects/ai-accelerator-verification/rung4-gear-quantizer/openlane/../rtl/gear_quantizer.sv:34$2: $auto$alumacc.cc:485:replace_alu$64
  created 5 $alu and 1 $macc cells.

29. Executing SHARE pass (SAT-based resource sharing).

30. Executing OPT pass (performing simple optimizations).

30.1. Executing OPT_EXPR pass (perform const folding).
Optimizing module gear_quantizer.
<suppressed ~3 debug messages>

30.2. Executing OPT_MERGE pass (detect identical cells).
Finding identical cells in module `\gear_quantizer'.
Removed a total of 0 cells.

30.3. Executing OPT_MUXTREE pass (detect dead branches in mux trees).
Running muxtree optimizer on module \gear_quantizer..
  Creating internal representation of mux trees.
  Evaluating internal representation of mux trees.
  Analyzing evaluation results.
Removed 0 multiplexer ports.
<suppressed ~4 debug messages>

30.4. Executing OPT_REDUCE pass (consolidate $*mux and $reduce_* inputs).
  Optimizing cells in module \gear_quantizer.
Performed a total of 0 changes.

30.5. Executing OPT_MERGE pass (detect identical cells).
Finding identical cells in module `\gear_quantizer'.
Removed a total of 0 cells.

30.6. Executing OPT_DFF pass (perform DFF optimizations).

30.7. Executing OPT_CLEAN pass (remove unused cells and wires).
Finding unused cells or wires in module \gear_quantizer..
Removed 1 unused cells and 4 unused wires.
<suppressed ~2 debug messages>

30.8. Executing OPT_EXPR pass (perform const folding).
Optimizing module gear_quantizer.

30.9. Rerunning OPT passes. (Maybe there is more to do..)

30.10. Executing OPT_MUXTREE pass (detect dead branches in mux trees).
Running muxtree optimizer on module \gear_quantizer..
  Creating internal representation of mux trees.
  Evaluating internal representation of mux trees.
  Analyzing evaluation results.
Removed 0 multiplexer ports.
<suppressed ~4 debug messages>

30.11. Executing OPT_REDUCE pass (consolidate $*mux and $reduce_* inputs).
  Optimizing cells in module \gear_quantizer.
Performed a total of 0 changes.

30.12. Executing OPT_MERGE pass (detect identical cells).
Finding identical cells in module `\gear_quantizer'.
Removed a total of 0 cells.

30.13. Executing OPT_DFF pass (perform DFF optimizations).

30.14. Executing OPT_CLEAN pass (remove unused cells and wires).
Finding unused cells or wires in module \gear_quantizer..

30.15. Executing OPT_EXPR pass (perform const folding).
Optimizing module gear_quantizer.

30.16. Finished OPT passes. (There is nothing left to do.)

31. Executing MEMORY pass.

31.1. Executing OPT_MEM pass (optimize memories).
Performed a total of 0 transformations.

31.2. Executing OPT_MEM_PRIORITY pass (removing unnecessary memory write priority relations).
Performed a total of 0 transformations.

31.3. Executing OPT_MEM_FEEDBACK pass (finding memory read-to-write feedback paths).

31.4. Executing MEMORY_BMUX2ROM pass (converting muxes to ROMs).

31.5. Executing MEMORY_DFF pass (merging $dff cells to $memrd).

31.6. Executing OPT_CLEAN pass (remove unused cells and wires).
Finding unused cells or wires in module \gear_quantizer..

31.7. Executing MEMORY_SHARE pass (consolidating $memrd/$memwr cells).

31.8. Executing OPT_MEM_WIDEN pass (optimize memories where all ports are wide).
Performed a total of 0 transformations.

31.9. Executing OPT_CLEAN pass (remove unused cells and wires).
Finding unused cells or wires in module \gear_quantizer..

31.10. Executing MEMORY_COLLECT pass (generating $mem cells).

32. Executing OPT_CLEAN pass (remove unused cells and wires).
Finding unused cells or wires in module \gear_quantizer..

33. Executing OPT pass (performing simple optimizations).

33.1. Executing OPT_EXPR pass (perform const folding).
Optimizing module gear_quantizer.
<suppressed ~2 debug messages>

33.2. Executing OPT_MERGE pass (detect identical cells).
Finding identical cells in module `\gear_quantizer'.
Removed a total of 0 cells.

33.3. Executing OPT_DFF pass (perform DFF optimizations).

33.4. Executing OPT_CLEAN pass (remove unused cells and wires).
Finding unused cells or wires in module \gear_quantizer..
Removed 3 unused cells and 4 unused wires.
<suppressed ~4 debug messages>

33.5. Finished fast OPT passes.

34. Executing MEMORY_MAP pass (converting memories to logic and flip-flops).

35. Executing OPT pass (performing simple optimizations).

35.1. Executing OPT_EXPR pass (perform const folding).
Optimizing module gear_quantizer.

35.2. Executing OPT_MERGE pass (detect identical cells).
Finding identical cells in module `\gear_quantizer'.
Removed a total of 0 cells.

35.3. Executing OPT_MUXTREE pass (detect dead branches in mux trees).
Running muxtree optimizer on module \gear_quantizer..
  Creating internal representation of mux trees.
  Evaluating internal representation of mux trees.
  Analyzing evaluation results.
Removed 0 multiplexer ports.
<suppressed ~3 debug messages>

35.4. Executing OPT_REDUCE pass (consolidate $*mux and $reduce_* inputs).
  Optimizing cells in module \gear_quantizer.
Performed a total of 0 changes.

35.5. Executing OPT_MERGE pass (detect identical cells).
Finding identical cells in module `\gear_quantizer'.
Removed a total of 0 cells.

35.6. Executing OPT_SHARE pass.

35.7. Executing OPT_DFF pass (perform DFF optimizations).

35.8. Executing OPT_CLEAN pass (remove unused cells and wires).
Finding unused cells or wires in module \gear_quantizer..

35.9. Executing OPT_EXPR pass (perform const folding).
Optimizing module gear_quantizer.

35.10. Finished OPT passes. (There is nothing left to do.)

36. Executing TECHMAP pass (map to technology primitives).

36.1. Executing Verilog-2005 frontend: /build/bin/../share/yosys/techmap.v
Parsing Verilog input from `/build/bin/../share/yosys/techmap.v' to AST representation.
Generating RTLIL representation for module `\_90_simplemap_bool_ops'.
Generating RTLIL representation for module `\_90_simplemap_reduce_ops'.
Generating RTLIL representation for module `\_90_simplemap_logic_ops'.
Generating RTLIL representation for module `\_90_simplemap_compare_ops'.
Generating RTLIL representation for module `\_90_simplemap_various'.
Generating RTLIL representation for module `\_90_simplemap_registers'.
Generating RTLIL representation for module `\_90_shift_ops_shr_shl_sshl_sshr'.
Generating RTLIL representation for module `\_90_shift_shiftx'.
Generating RTLIL representation for module `\_90_fa'.
Generating RTLIL representation for module `\_90_lcu'.
Generating RTLIL representation for module `\_90_alu'.
Generating RTLIL representation for module `\_90_macc'.
Generating RTLIL representation for module `\_90_alumacc'.
Generating RTLIL representation for module `\$__div_mod_u'.
Generating RTLIL representation for module `\$__div_mod_trunc'.
Generating RTLIL representation for module `\_90_div'.
Generating RTLIL representation for module `\_90_mod'.
Generating RTLIL representation for module `\$__div_mod_floor'.
Generating RTLIL representation for module `\_90_divfloor'.
Generating RTLIL representation for module `\_90_modfloor'.
Generating RTLIL representation for module `\_90_pow'.
Generating RTLIL representation for module `\_90_pmux'.
Generating RTLIL representation for module `\_90_demux'.
Generating RTLIL representation for module `\_90_lut'.
Successfully finished Verilog frontend.

36.2. Continuing TECHMAP pass.
Using extmapper simplemap for cells of type $xor.
Using extmapper simplemap for cells of type $mux.
Using extmapper simplemap for cells of type $not.
Using extmapper simplemap for cells of type $logic_and.
Using template $paramod$fd7bfb1a4f3a7c2ac1a35670d0fa64ccc7b91841\_90_alu for cells of type $alu.
Using template $paramod$b2747770e3180a9b936a03e7c0b52af364c7b6e6\_90_alu for cells of type $alu.
Using template $paramod$a1bc51c02ce12ac21eb18988e83292af48ed7d72\_90_alu for cells of type $alu.
Using template $paramod$6f78f06913b17543b88acaa0968bdd56337a4e9b\_90_alu for cells of type $alu.
Using extmapper maccmap for cells of type $macc.
  add \data_in * { 1'0 \scale } (8x5 bits, signed)
Using extmapper simplemap for cells of type $or.
Using extmapper simplemap for cells of type $reduce_and.
Using extmapper simplemap for cells of type $adffe.
Using template $paramod$bcfdbf963f6393c21531dbb2615a3729feb19ca1\_90_alu for cells of type $alu.
Using extmapper simplemap for cells of type $adff.
Using extmapper simplemap for cells of type $and.
Using template $paramod\_90_lcu\WIDTH=32'00000000000000000000000000001000 for cells of type $lcu.
Using extmapper simplemap for cells of type $pos.
Using template $paramod\_90_lcu\WIDTH=32'00000000000000000000000000001001 for cells of type $lcu.
Using template $paramod\_90_lcu\WIDTH=32'00000000000000000000000000000110 for cells of type $lcu.
Using template $paramod\_90_fa\WIDTH=32'00000000000000000000000000001100 for cells of type $fa.
Using template $paramod$ee3d784672cdb1cb32d9a801a3af776716f16b74\_90_alu for cells of type $alu.
Using template $paramod\_90_lcu\WIDTH=32'00000000000000000000000000001100 for cells of type $lcu.
No more expansions possible.
<suppressed ~928 debug messages>

37. Executing OPT pass (performing simple optimizations).

37.1. Executing OPT_EXPR pass (perform const folding).
Optimizing module gear_quantizer.
<suppressed ~293 debug messages>

37.2. Executing OPT_MERGE pass (detect identical cells).
Finding identical cells in module `\gear_quantizer'.
<suppressed ~111 debug messages>
Removed a total of 37 cells.

37.3. Executing OPT_DFF pass (perform DFF optimizations).

37.4. Executing OPT_CLEAN pass (remove unused cells and wires).
Finding unused cells or wires in module \gear_quantizer..
Removed 73 unused cells and 274 unused wires.
<suppressed ~74 debug messages>

37.5. Finished fast OPT passes.

38. Executing ABC pass (technology mapping using ABC).

38.1. Extracting gate netlist of module `\gear_quantizer' to `<abc-temp-dir>/input.blif'..
Extracted 343 gates and 366 wires to a netlist network with 21 inputs and 13 outputs.

38.1.1. Executing ABC.
Running ABC command: "<yosys-exe-dir>/yosys-abc" -s -f <abc-temp-dir>/abc.script 2>&1
ABC: ABC command line: "source <abc-temp-dir>/abc.script".
ABC: 
ABC: + read_blif <abc-temp-dir>/input.blif 
ABC: + read_library <abc-temp-dir>/stdcells.genlib 
ABC: Entered genlib library with 13 gates from file "<abc-temp-dir>/stdcells.genlib".
ABC: + strash 
ABC: + dretime 
ABC: + map 
ABC: + write_blif <abc-temp-dir>/output.blif 

38.1.2. Re-integrating ABC results.
ABC RESULTS:             ORNOT cells:       14
ABC RESULTS:               NOR cells:       12
ABC RESULTS:              XNOR cells:       32
ABC RESULTS:               MUX cells:        6
ABC RESULTS:              NAND cells:       26
ABC RESULTS:               XOR cells:       53
ABC RESULTS:               NOT cells:       21
ABC RESULTS:                OR cells:       16
ABC RESULTS:               AND cells:       26
ABC RESULTS:            ANDNOT cells:      121
ABC RESULTS:        internal signals:      332
ABC RESULTS:           input signals:       21
ABC RESULTS:          output signals:       13
Removing temp directory.

39. Executing OPT pass (performing simple optimizations).

39.1. Executing OPT_EXPR pass (perform const folding).
Optimizing module gear_quantizer.
<suppressed ~6 debug messages>

39.2. Executing OPT_MERGE pass (detect identical cells).
Finding identical cells in module `\gear_quantizer'.
<suppressed ~3 debug messages>
Removed a total of 1 cells.

39.3. Executing OPT_DFF pass (perform DFF optimizations).

39.4. Executing OPT_CLEAN pass (remove unused cells and wires).
Finding unused cells or wires in module \gear_quantizer..
Removed 0 unused cells and 122 unused wires.
<suppressed ~6 debug messages>

39.5. Finished fast OPT passes.

40. Executing HIERARCHY pass (managing design hierarchy).

40.1. Analyzing design hierarchy..
Top module:  \gear_quantizer

40.2. Analyzing design hierarchy..
Top module:  \gear_quantizer
Removed 0 unused modules.

41. Printing statistics.

=== gear_quantizer ===

   Number of wires:                339
   Number of wire bits:            384
   Number of public wires:          14
   Number of public wire bits:      59
   Number of memories:               0
   Number of memory bits:            0
   Number of processes:              0
   Number of cells:                340
     $_ANDNOT_                     120
     $_AND_                         26
     $_DFFE_PN0P_                   13
     $_DFF_PN0_                      1
     $_MUX_                          6
     $_NAND_                        26
     $_NOR_                         12
     $_NOT_                         21
     $_ORNOT_                       14
     $_OR_                          16
     $_XNOR_                        32
     $_XOR_                         53

42. Executing CHECK pass (checking for obvious problems).
Checking module gear_quantizer...
Found and reported 0 problems.

43. Generating Graphviz representation of design.
Writing dot description to `/home/ugunt/projects/ai-accelerator-verification/rung4-gear-quantizer/openlane/runs/RUN_2026.07.04_18.24.21/tmp/synthesis/post_techmap.dot'.
Dumping module gear_quantizer to page 1.

44. Executing SHARE pass (SAT-based resource sharing).

45. Executing OPT pass (performing simple optimizations).

45.1. Executing OPT_EXPR pass (perform const folding).
Optimizing module gear_quantizer.

45.2. Executing OPT_MERGE pass (detect identical cells).
Finding identical cells in module `\gear_quantizer'.
Removed a total of 0 cells.

45.3. Executing OPT_MUXTREE pass (detect dead branches in mux trees).
Running muxtree optimizer on module \gear_quantizer..
  Creating internal representation of mux trees.
  No muxes found in this module.
Removed 0 multiplexer ports.

45.4. Executing OPT_REDUCE pass (consolidate $*mux and $reduce_* inputs).
  Optimizing cells in module \gear_quantizer.
Performed a total of 0 changes.

45.5. Executing OPT_MERGE pass (detect identical cells).
Finding identical cells in module `\gear_quantizer'.
Removed a total of 0 cells.

45.6. Executing OPT_DFF pass (perform DFF optimizations).

45.7. Executing OPT_CLEAN pass (remove unused cells and wires).
Finding unused cells or wires in module \gear_quantizer..

45.8. Executing OPT_EXPR pass (perform const folding).
Optimizing module gear_quantizer.

45.9. Finished OPT passes. (There is nothing left to do.)

46. Executing OPT_CLEAN pass (remove unused cells and wires).
Finding unused cells or wires in module \gear_quantizer..
Removed 0 unused cells and 2 unused wires.
<suppressed ~2 debug messages>

47. Printing statistics.

=== gear_quantizer ===

   Number of wires:                337
   Number of wire bits:            364
   Number of public wires:          12
   Number of public wire bits:      39
   Number of memories:               0
   Number of memory bits:            0
   Number of processes:              0
   Number of cells:                340
     $_ANDNOT_                     120
     $_AND_                         26
     $_DFFE_PN0P_                   13
     $_DFF_PN0_                      1
     $_MUX_                          6
     $_NAND_                        26
     $_NOR_                         12
     $_NOT_                         21
     $_ORNOT_                       14
     $_OR_                          16
     $_XNOR_                        32
     $_XOR_                         53

mapping tbuf

48. Executing TECHMAP pass (map to technology primitives).

48.1. Executing Verilog-2005 frontend: /home/ugunt/.ciel/sky130A/libs.tech/openlane/sky130_fd_sc_hd/tribuff_map.v
Parsing Verilog input from `/home/ugunt/.ciel/sky130A/libs.tech/openlane/sky130_fd_sc_hd/tribuff_map.v' to AST representation.
Generating RTLIL representation for module `\$_TBUF_'.
Successfully finished Verilog frontend.

48.2. Continuing TECHMAP pass.
No more expansions possible.
<suppressed ~3 debug messages>

49. Executing SIMPLEMAP pass (map simple cells to gate primitives).

50. Executing TECHMAP pass (map to technology primitives).

50.1. Executing Verilog-2005 frontend: /home/ugunt/.ciel/sky130A/libs.tech/openlane/sky130_fd_sc_hd/latch_map.v
Parsing Verilog input from `/home/ugunt/.ciel/sky130A/libs.tech/openlane/sky130_fd_sc_hd/latch_map.v' to AST representation.
Generating RTLIL representation for module `\$_DLATCH_P_'.
Generating RTLIL representation for module `\$_DLATCH_N_'.
Successfully finished Verilog frontend.

50.2. Continuing TECHMAP pass.
No more expansions possible.
<suppressed ~4 debug messages>

51. Executing SIMPLEMAP pass (map simple cells to gate primitives).

52. Executing DFFLIBMAP pass (mapping DFF cells to sequential cells from liberty file).
  cell sky130_fd_sc_hd__dfxtp_2 (noninv, pins=3, area=21.27) is a direct match for cell type $_DFF_P_.
  cell sky130_fd_sc_hd__dfrtp_2 (noninv, pins=4, area=26.28) is a direct match for cell type $_DFF_PN0_.
  cell sky130_fd_sc_hd__dfstp_2 (noninv, pins=4, area=26.28) is a direct match for cell type $_DFF_PN1_.
  cell sky130_fd_sc_hd__dfbbn_2 (noninv, pins=6, area=35.03) is a direct match for cell type $_DFFSR_NNN_.
  final dff cell mappings:
    unmapped dff cell: $_DFF_N_
    \sky130_fd_sc_hd__dfxtp_2 _DFF_P_ (.CLK( C), .D( D), .Q( Q));
    unmapped dff cell: $_DFF_NN0_
    unmapped dff cell: $_DFF_NN1_
    unmapped dff cell: $_DFF_NP0_
    unmapped dff cell: $_DFF_NP1_
    \sky130_fd_sc_hd__dfrtp_2 _DFF_PN0_ (.CLK( C), .D( D), .Q( Q), .RESET_B( R));
    \sky130_fd_sc_hd__dfstp_2 _DFF_PN1_ (.CLK( C), .D( D), .Q( Q), .SET_B( R));
    unmapped dff cell: $_DFF_PP0_
    unmapped dff cell: $_DFF_PP1_
    \sky130_fd_sc_hd__dfbbn_2 _DFFSR_NNN_ (.CLK_N( C), .D( D), .Q( Q), .Q_N(~Q), .RESET_B( R), .SET_B( S));
    unmapped dff cell: $_DFFSR_NNP_
    unmapped dff cell: $_DFFSR_NPN_
    unmapped dff cell: $_DFFSR_NPP_
    unmapped dff cell: $_DFFSR_PNN_
    unmapped dff cell: $_DFFSR_PNP_
    unmapped dff cell: $_DFFSR_PPN_
    unmapped dff cell: $_DFFSR_PPP_

52.1. Executing DFFLEGALIZE pass (convert FFs to types supported by the target).
Mapping DFF cells in module `\gear_quantizer':
  mapped 14 $_DFF_PN0_ cells to \sky130_fd_sc_hd__dfrtp_2 cells.

53. Printing statistics.

=== gear_quantizer ===

   Number of wires:                350
   Number of wire bits:            377
   Number of public wires:          12
   Number of public wire bits:      39
   Number of memories:               0
   Number of memory bits:            0
   Number of processes:              0
   Number of cells:                353
     $_ANDNOT_                     120
     $_AND_                         26
     $_MUX_                         19
     $_NAND_                        26
     $_NOR_                         12
     $_NOT_                         21
     $_ORNOT_                       14
     $_OR_                          16
     $_XNOR_                        32
     $_XOR_                         53
     sky130_fd_sc_hd__dfrtp_2       14

[INFO]: USING STRATEGY AREA 0

54. Executing ABC pass (technology mapping using ABC).

54.1. Extracting gate netlist of module `\gear_quantizer' to `/tmp/yosys-abc-2YHkDh/input.blif'..
Extracted 339 gates and 374 wires to a netlist network with 35 inputs and 13 outputs.

54.1.1. Executing ABC.
Running ABC command: "/build/bin/yosys-abc" -s -f /tmp/yosys-abc-2YHkDh/abc.script 2>&1
ABC: ABC command line: "source /tmp/yosys-abc-2YHkDh/abc.script".
ABC: 
ABC: + read_blif /tmp/yosys-abc-2YHkDh/input.blif 
ABC: + read_lib -w /home/ugunt/projects/ai-accelerator-verification/rung4-gear-quantizer/openlane/runs/RUN_2026.07.04_18.24.21/tmp/synthesis/trimmed.lib 
ABC: Parsing finished successfully.  Parsing time =     0.06 sec
ABC: Scl_LibertyReadGenlib() skipped sequential cell "sky130_fd_sc_hd__dfbbn_2".
ABC: Scl_LibertyReadGenlib() skipped sequential cell "sky130_fd_sc_hd__dfrbp_2".
ABC: Scl_LibertyReadGenlib() skipped sequential cell "sky130_fd_sc_hd__dfrtp_2".
ABC: Scl_LibertyReadGenlib() skipped sequential cell "sky130_fd_sc_hd__dfrtp_4".
ABC: Scl_LibertyReadGenlib() skipped sequential cell "sky130_fd_sc_hd__dfsbp_2".
ABC: Scl_LibertyReadGenlib() skipped sequential cell "sky130_fd_sc_hd__dfstp_2".
ABC: Scl_LibertyReadGenlib() skipped sequential cell "sky130_fd_sc_hd__dfstp_4".
ABC: Scl_LibertyReadGenlib() skipped sequential cell "sky130_fd_sc_hd__dfxbp_2".
ABC: Scl_LibertyReadGenlib() skipped sequential cell "sky130_fd_sc_hd__dfxtp_2".
ABC: Scl_LibertyReadGenlib() skipped sequential cell "sky130_fd_sc_hd__dfxtp_4".
ABC: Scl_LibertyReadGenlib() skipped sequential cell "sky130_fd_sc_hd__dlxtn_1".
ABC: Scl_LibertyReadGenlib() skipped sequential cell "sky130_fd_sc_hd__dlxtn_2".
ABC: Scl_LibertyReadGenlib() skipped sequential cell "sky130_fd_sc_hd__dlxtn_4".
ABC: Scl_LibertyReadGenlib() skipped sequential cell "sky130_fd_sc_hd__dlxtp_1".
ABC: Scl_LibertyReadGenlib() skipped three-state cell "sky130_fd_sc_hd__ebufn_2".
ABC: Scl_LibertyReadGenlib() skipped three-state cell "sky130_fd_sc_hd__ebufn_4".
ABC: Scl_LibertyReadGenlib() skipped three-state cell "sky130_fd_sc_hd__ebufn_8".
ABC: Library "sky130A_merged" from "/home/ugunt/projects/ai-accelerator-verification/rung4-gear-quantizer/openlane/runs/RUN_2026.07.04_18.24.21/tmp/synthesis/trimmed.lib" has 175 cells (17 skipped: 14 seq; 3 tri-state; 0 no func; 0 dont_use).  Time =     0.09 sec
ABC: Memory =    9.54 MB. Time =     0.09 sec
ABC: Warning: Detected 2 multi-output gates (for example, "sky130_fd_sc_hd__fa_1").
ABC: + read_constr -v /home/ugunt/projects/ai-accelerator-verification/rung4-gear-quantizer/openlane/runs/RUN_2026.07.04_18.24.21/tmp/synthesis/synthesis.sdc 
ABC: Setting driving cell to be "sky130_fd_sc_hd__inv_2".
ABC: Setting output load to be 33.442001.
ABC: + read_constr /home/ugunt/projects/ai-accelerator-verification/rung4-gear-quantizer/openlane/runs/RUN_2026.07.04_18.24.21/tmp/synthesis/synthesis.sdc 
ABC: + fx 
ABC: + mfs 
ABC: + strash 
ABC: + refactor 
ABC: + balance 
ABC: + rewrite 
ABC: + refactor 
ABC: + balance 
ABC: + rewrite 
ABC: + rewrite -z 
ABC: + balance 
ABC: + refactor -z 
ABC: + rewrite -z 
ABC: + balance 
ABC: + retime -D -D 25000.0 -M 5 
ABC: + scleanup 
ABC: Error: The network is combinational.
ABC: + fraig_store 
ABC: + balance 
ABC: + fraig_store 
ABC: + balance 
ABC: + rewrite 
ABC: + refactor 
ABC: + balance 
ABC: + rewrite 
ABC: + rewrite -z 
ABC: + balance 
ABC: + refactor -z 
ABC: + rewrite -z 
ABC: + balance 
ABC: + fraig_store 
ABC: + balance 
ABC: + rewrite 
ABC: + refactor 
ABC: + balance 
ABC: + rewrite 
ABC: + rewrite -z 
ABC: + balance 
ABC: + refactor -z 
ABC: + rewrite -z 
ABC: + balance 
ABC: + fraig_store 
ABC: + balance 
ABC: + rewrite 
ABC: + refactor 
ABC: + balance 
ABC: + rewrite 
ABC: + rewrite -z 
ABC: + balance 
ABC: + refactor -z 
ABC: + rewrite -z 
ABC: + balance 
ABC: + fraig_store 
ABC: + fraig_restore 
ABC: + amap -m -Q 0.1 -F 20 -A 20 -C 5000 
ABC: + retime -D -D 25000.0 
ABC: + &get -n 
ABC: + &st 
ABC: + &dch 
ABC: + &nf 
ABC: + &put 
ABC: + buffer -N 10 -S 750.0 
ABC: + upsize -D 25000.0 
ABC: Current delay (3684.82 ps) does not exceed the target delay (25000.00 ps). Upsizing is not performed.
ABC: + dnsize -D 25000.0 
ABC: + stime -p 
ABC: WireLoad = "none"  Gates =    239 (  7.9 %)   Cap =  9.3 ff (  1.9 %)   Area =     2203.36 ( 91.6 %)   Delay =  3937.31 ps  ( 20.9 %)               
ABC: Path  0 --       3 : 0    3 pi                        A =   0.00  Df =  23.7  -13.5 ps  S =  38.4 ps  Cin =  0.0 ff  Cout =   6.8 ff  Cmax =   0.0 ff  G =    0  
ABC: Path  1 --     107 : 1   10 sky130_fd_sc_hd__buf_1    A =   3.75  Df = 353.3 -140.3 ps  S = 409.2 ps  Cin =  2.1 ff  Cout =  34.6 ff  Cmax = 130.0 ff  G = 1596  
ABC: Path  2 --     139 : 4    3 sky130_fd_sc_hd__nand4_2  A =  12.51  Df = 531.3 -151.0 ps  S = 138.0 ps  Cin =  4.4 ff  Cout =   8.3 ff  Cmax = 200.5 ff  G =  184  
ABC: Path  3 --     155 : 3    2 sky130_fd_sc_hd__a21o_2   A =   8.76  Df = 761.4  -19.9 ps  S =  48.2 ps  Cin =  2.4 ff  Cout =   6.6 ff  Cmax = 309.5 ff  G =  270  
ABC: Path  4 --     161 : 3    3 sky130_fd_sc_hd__and3_2   A =   7.51  Df = 979.4  -24.7 ps  S =  68.0 ps  Cin =  1.5 ff  Cout =   8.1 ff  Cmax = 309.5 ff  G =  520  
ABC: Path  5 --     211 : 3    2 sky130_fd_sc_hd__or3_2    A =   7.51  Df =1451.6 -363.7 ps  S =  80.7 ps  Cin =  1.5 ff  Cout =   3.9 ff  Cmax = 310.4 ff  G =  249  
ABC: Path  6 --     215 : 3    4 sky130_fd_sc_hd__and3_2   A =   7.51  Df =1691.3 -309.5 ps  S = 146.3 ps  Cin =  1.5 ff  Cout =  25.5 ff  Cmax = 309.5 ff  G = 1640  
ABC: Path  7 --     217 : 2    3 sky130_fd_sc_hd__nor2b_2  A =   8.76  Df =1913.2  -86.3 ps  S = 213.6 ps  Cin =  2.9 ff  Cout =  17.7 ff  Cmax = 142.8 ff  G =  588  
ABC: Path  8 --     218 : 2    4 sky130_fd_sc_hd__xor2_2   A =  16.27  Df =2178.1 -181.9 ps  S = 219.3 ps  Cin =  8.6 ff  Cout =  14.4 ff  Cmax = 130.0 ff  G =  158  
ABC: Path  9 --     224 : 5    3 sky130_fd_sc_hd__a41o_2   A =  11.26  Df =2474.5  -21.5 ps  S =  98.6 ps  Cin =  2.3 ff  Cout =  15.9 ff  Cmax = 325.0 ff  G =  664  
ABC: Path 10 --     226 : 3    1 sky130_fd_sc_hd__a21oi_2  A =   8.76  Df =2650.2 -120.6 ps  S = 140.6 ps  Cin =  4.6 ff  Cout =   8.4 ff  Cmax = 128.2 ff  G =  181  
ABC: Path 11 --     227 : 2    4 sky130_fd_sc_hd__xnor2_2  A =  16.27  Df =2843.8  -98.5 ps  S = 229.0 ps  Cin =  8.5 ff  Cout =  14.0 ff  Cmax = 121.8 ff  G =  159  
ABC: Path 12 --     257 : 3    1 sky130_fd_sc_hd__or3b_2   A =   8.76  Df =3218.1  -41.1 ps  S =  82.9 ps  Cin =  1.5 ff  Cout =   4.8 ff  Cmax = 269.2 ff  G =  292  
ABC: Path 13 --     258 : 5    3 sky130_fd_sc_hd__o311ai_2 A =  16.27  Df =3487.8 -220.9 ps  S = 278.2 ps  Cin =  4.4 ff  Cout =   7.4 ff  Cmax =  82.4 ff  G =  159  
ABC: Path 14 --     264 : 5    1 sky130_fd_sc_hd__a32o_2   A =  11.26  Df =3702.2 -158.6 ps  S =  45.2 ps  Cin =  2.3 ff  Cout =   2.5 ff  Cmax = 264.6 ff  G =   99  
ABC: Path 15 --     265 : 4    1 sky130_fd_sc_hd__a22o_2   A =  10.01  Df =3937.3  -89.9 ps  S = 180.0 ps  Cin =  2.3 ff  Cout =  33.4 ff  Cmax = 301.2 ff  G = 1424  
ABC: Start-point = pi2 (\scale [2]).  End-point = po2 ($auto$rtlil.cc:2607:MuxGate$1474).
ABC: + print_stats -m 
ABC: netlist                       : i/o =   35/   13  lat =    0  nd =   239  edge =    670  area =2203.71  delay =15.00  lev = 15
ABC: + write_blif /tmp/yosys-abc-2YHkDh/output.blif 

54.1.2. Re-integrating ABC results.
ABC RESULTS:   sky130_fd_sc_hd__or4_2 cells:        1
ABC RESULTS:   sky130_fd_sc_hd__o221a_2 cells:        1
ABC RESULTS:   sky130_fd_sc_hd__o22a_2 cells:        1
ABC RESULTS:   sky130_fd_sc_hd__o21ba_2 cells:        1
ABC RESULTS:   sky130_fd_sc_hd__or4b_2 cells:        1
ABC RESULTS:   sky130_fd_sc_hd__buf_1 cells:       14
ABC RESULTS:   sky130_fd_sc_hd__a211oi_2 cells:        1
ABC RESULTS:   sky130_fd_sc_hd__a21boi_2 cells:        1
ABC RESULTS:   sky130_fd_sc_hd__a21bo_2 cells:        5
ABC RESULTS:   sky130_fd_sc_hd__nand4_2 cells:       10
ABC RESULTS:   sky130_fd_sc_hd__or2b_2 cells:        2
ABC RESULTS:   sky130_fd_sc_hd__and4b_2 cells:        1
ABC RESULTS:   sky130_fd_sc_hd__and4_2 cells:        5
ABC RESULTS:   sky130_fd_sc_hd__o21bai_2 cells:        2
ABC RESULTS:   sky130_fd_sc_hd__or3_2 cells:        5
ABC RESULTS:   sky130_fd_sc_hd__o21ai_2 cells:        4
ABC RESULTS:   sky130_fd_sc_hd__nor2b_2 cells:        1
ABC RESULTS:   sky130_fd_sc_hd__a21o_2 cells:        9
ABC RESULTS:   sky130_fd_sc_hd__a41o_2 cells:        1
ABC RESULTS:   sky130_fd_sc_hd__and2b_2 cells:        3
ABC RESULTS:   sky130_fd_sc_hd__and3_2 cells:       12
ABC RESULTS:   sky130_fd_sc_hd__xor2_2 cells:        8
ABC RESULTS:   sky130_fd_sc_hd__nor4_2 cells:        1
ABC RESULTS:   sky130_fd_sc_hd__a211o_2 cells:        3
ABC RESULTS:   sky130_fd_sc_hd__nand3_2 cells:        8
ABC RESULTS:   sky130_fd_sc_hd__nand2_2 cells:       17
ABC RESULTS:   sky130_fd_sc_hd__o211a_2 cells:        5
ABC RESULTS:   sky130_fd_sc_hd__o31a_2 cells:        2
ABC RESULTS:   sky130_fd_sc_hd__mux2_2 cells:        1
ABC RESULTS:   sky130_fd_sc_hd__o211ai_2 cells:        1
ABC RESULTS:   sky130_fd_sc_hd__or3b_2 cells:        4
ABC RESULTS:   sky130_fd_sc_hd__o311ai_2 cells:        1
ABC RESULTS:   sky130_fd_sc_hd__a21oi_2 cells:       10
ABC RESULTS:   sky130_fd_sc_hd__nor2_2 cells:        6
ABC RESULTS:   sky130_fd_sc_hd__or2_2 cells:        9
ABC RESULTS:   sky130_fd_sc_hd__a32o_2 cells:        1
ABC RESULTS:   sky130_fd_sc_hd__o21a_2 cells:        7
ABC RESULTS:   sky130_fd_sc_hd__xnor2_2 cells:       17
ABC RESULTS:   sky130_fd_sc_hd__inv_2 cells:        5
ABC RESULTS:   sky130_fd_sc_hd__a22o_2 cells:       22
ABC RESULTS:   sky130_fd_sc_hd__and2_2 cells:       19
ABC RESULTS:   sky130_fd_sc_hd__a31o_2 cells:       11
ABC RESULTS:        internal signals:      326
ABC RESULTS:           input signals:       35
ABC RESULTS:          output signals:       13
Removing temp directory.

55. Executing SETUNDEF pass (replace undef values with defined constants).

56. Executing HILOMAP pass (mapping to constant drivers).

57. Executing SPLITNETS pass (splitting up multi-bit signals).

58. Executing OPT_CLEAN pass (remove unused cells and wires).
Finding unused cells or wires in module \gear_quantizer..
Removed 0 unused cells and 374 unused wires.
<suppressed ~2 debug messages>

59. Executing INSBUF pass (insert buffer cells for connected wires).

60. Executing CHECK pass (checking for obvious problems).
Checking module gear_quantizer...
Warning: Wire gear_quantizer.\valid_out is used but has no driver.
Warning: Wire gear_quantizer.\sideband_out [7] is used but has no driver.
Warning: Wire gear_quantizer.\sideband_out [6] is used but has no driver.
Warning: Wire gear_quantizer.\sideband_out [5] is used but has no driver.
Warning: Wire gear_quantizer.\sideband_out [4] is used but has no driver.
Warning: Wire gear_quantizer.\sideband_out [3] is used but has no driver.
Warning: Wire gear_quantizer.\sideband_out [2] is used but has no driver.
Warning: Wire gear_quantizer.\sideband_out [1] is used but has no driver.
Warning: Wire gear_quantizer.\sideband_out [0] is used but has no driver.
Warning: Wire gear_quantizer.\is_outlier is used but has no driver.
Warning: Wire gear_quantizer.\int4_out [3] is used but has no driver.
Warning: Wire gear_quantizer.\int4_out [2] is used but has no driver.
Warning: Wire gear_quantizer.\int4_out [1] is used but has no driver.
Warning: Wire gear_quantizer.\int4_out [0] is used but has no driver.
Found and reported 14 problems.

61. Printing statistics.

=== gear_quantizer ===

   Number of wires:                250
   Number of wire bits:            277
   Number of public wires:          11
   Number of public wire bits:      38
   Number of memories:               0
   Number of memory bits:            0
   Number of processes:              0
   Number of cells:                253
     sky130_fd_sc_hd__a211o_2        3
     sky130_fd_sc_hd__a211oi_2       1
     sky130_fd_sc_hd__a21bo_2        5
     sky130_fd_sc_hd__a21boi_2       1
     sky130_fd_sc_hd__a21o_2         9
     sky130_fd_sc_hd__a21oi_2       10
     sky130_fd_sc_hd__a22o_2        22
     sky130_fd_sc_hd__a31o_2        11
     sky130_fd_sc_hd__a32o_2         1
     sky130_fd_sc_hd__a41o_2         1
     sky130_fd_sc_hd__and2_2        19
     sky130_fd_sc_hd__and2b_2        3
     sky130_fd_sc_hd__and3_2        12
     sky130_fd_sc_hd__and4_2         5
     sky130_fd_sc_hd__and4b_2        1
     sky130_fd_sc_hd__buf_1         14
     sky130_fd_sc_hd__dfrtp_2       14
     sky130_fd_sc_hd__inv_2          5
     sky130_fd_sc_hd__mux2_2         1
     sky130_fd_sc_hd__nand2_2       17
     sky130_fd_sc_hd__nand3_2        8
     sky130_fd_sc_hd__nand4_2       10
     sky130_fd_sc_hd__nor2_2         6
     sky130_fd_sc_hd__nor2b_2        1
     sky130_fd_sc_hd__nor4_2         1
     sky130_fd_sc_hd__o211a_2        5
     sky130_fd_sc_hd__o211ai_2       1
     sky130_fd_sc_hd__o21a_2         7
     sky130_fd_sc_hd__o21ai_2        4
     sky130_fd_sc_hd__o21ba_2        1
     sky130_fd_sc_hd__o21bai_2       2
     sky130_fd_sc_hd__o221a_2        1
     sky130_fd_sc_hd__o22a_2         1
     sky130_fd_sc_hd__o311ai_2       1
     sky130_fd_sc_hd__o31a_2         2
     sky130_fd_sc_hd__or2_2          9
     sky130_fd_sc_hd__or2b_2         2
     sky130_fd_sc_hd__or3_2          5
     sky130_fd_sc_hd__or3b_2         4
     sky130_fd_sc_hd__or4_2          1
     sky130_fd_sc_hd__or4b_2         1
     sky130_fd_sc_hd__xnor2_2       17
     sky130_fd_sc_hd__xor2_2         8

   Chip area for module '\gear_quantizer': 2571.216000

62. Executing Verilog backend.
Dumping module `\gear_quantizer'.

Warnings: 14 unique messages, 14 total
End of script. Logfile hash: c809e710db, CPU: user 0.58s system 0.04s, MEM: 28.77 MB peak
Yosys 0.30+48 (git sha1 14d50a176d5, gcc 8.3.1 -fPIC -Os)
Time spent: 57% 2x abc (0 sec), 8% 4x stat (0 sec), ...
