OpenROAD 41a51eaf4ca2171c92ff38afb91eb37bbd3f36da 
This program is licensed under the BSD-3 license. See the LICENSE file for details.
Components of this program may be licensed under more restrictive licenses which must be honored.
[INFO ODB-0222] Reading LEF file: /home/ugunt/projects/ai-accelerator-verification/rung5-attention/openlane/runs/RUN_2026.08.07_18.35.37/tmp/merged.nom.lef
[INFO ODB-0223]     Created 14 technology layers
[INFO ODB-0224]     Created 25 technology vias
[INFO ODB-0225]     Created 441 library cells
[INFO ODB-0226] Finished LEF file:  /home/ugunt/projects/ai-accelerator-verification/rung5-attention/openlane/runs/RUN_2026.08.07_18.35.37/tmp/merged.nom.lef
[INFO ODB-0127] Reading DEF file: /home/ugunt/projects/ai-accelerator-verification/rung5-attention/openlane/runs/RUN_2026.08.07_18.35.37/results/routing/attention.def
[INFO ODB-0128] Design: attention
[INFO ODB-0094] 		Created 100000 Insts
[INFO ODB-0094] 		Created 200000 Insts
[INFO ODB-0130]     Created 269 pins.
[INFO ODB-0131]     Created 224947 components and 1096971 component-terminals.
[INFO ODB-0132]     Created 2 special nets and 861696 connections.
[INFO ODB-0133]     Created 60967 nets and 235275 connections.
[INFO ODB-0134] Finished DEF file: /home/ugunt/projects/ai-accelerator-verification/rung5-attention/openlane/runs/RUN_2026.08.07_18.35.37/results/routing/attention.def
Top-level design name: attention
Found default power net 'VPWR'
Found default ground net 'VGND'
Found 1 power ports.
Found 1 ground ports.
Modified power connections of 224947/224947 cells.
