OpenROAD 41a51eaf4ca2171c92ff38afb91eb37bbd3f36da 
This program is licensed under the BSD-3 license. See the LICENSE file for details.
Components of this program may be licensed under more restrictive licenses which must be honored.
[INFO ODB-0222] Reading LEF file: /home/ugunt/projects/ai-accelerator-verification/rung4-gear-quantizer/openlane/runs/RUN_2026.07.04_18.24.21/tmp/merged.nom.lef
[INFO ODB-0223]     Created 14 technology layers
[INFO ODB-0224]     Created 25 technology vias
[INFO ODB-0225]     Created 441 library cells
[INFO ODB-0226] Finished LEF file:  /home/ugunt/projects/ai-accelerator-verification/rung4-gear-quantizer/openlane/runs/RUN_2026.07.04_18.24.21/tmp/merged.nom.lef
[INFO ODB-0127] Reading DEF file: /home/ugunt/projects/ai-accelerator-verification/rung4-gear-quantizer/openlane/runs/RUN_2026.07.04_18.24.21/results/routing/gear_quantizer.def
[INFO ODB-0128] Design: gear_quantizer
[INFO ODB-0130]     Created 40 pins.
[INFO ODB-0131]     Created 890 components and 4447 component-terminals.
[INFO ODB-0132]     Created 2 special nets and 3374 connections.
[INFO ODB-0133]     Created 331 nets and 1073 connections.
[INFO ODB-0134] Finished DEF file: /home/ugunt/projects/ai-accelerator-verification/rung4-gear-quantizer/openlane/runs/RUN_2026.07.04_18.24.21/results/routing/gear_quantizer.def
Top-level design name: gear_quantizer
Found default power net 'VPWR'
Found default ground net 'VGND'
Found 1 power ports.
Found 1 ground ports.
Modified power connections of 890/890 cells.
