
 /----------------------------------------------------------------------------\
 |  yosys -- Yosys Open SYnthesis Suite                                       |
 |  Copyright (C) 2012 - 2025  Claire Xenia Wolf <claire@yosyshq.com>         |
 |  Distributed under an ISC-like license, type "license" to see terms        |
 \----------------------------------------------------------------------------/
 Yosys 0.52 (git sha1 fee39a3284c90249e1d9684cf6944ffbbcbb8f90)

-- Running command `read_verilog -sv rtl/gear_quantizer.sv; synth -top gear_quantizer; stat' --

1. Executing Verilog-2005 frontend: rtl/gear_quantizer.sv
Parsing SystemVerilog input from `rtl/gear_quantizer.sv' to AST representation.
Generating RTLIL representation for module `\gear_quantizer'.
Successfully finished Verilog frontend.

2. Executing SYNTH pass.

2.1. Executing HIERARCHY pass (managing design hierarchy).

2.1.1. Analyzing design hierarchy..
Top module:  \gear_quantizer

2.1.2. Analyzing design hierarchy..
Top module:  \gear_quantizer
Removed 0 unused modules.

2.2. Executing PROC pass (convert processes to netlists).

2.2.1. Executing PROC_CLEAN pass (remove empty switches from decision trees).
Cleaned up 0 empty switches.

2.2.2. Executing PROC_RMDEAD pass (remove dead branches from decision trees).
Marked 1 switch rules as full_case in process $proc$rtl/gear_quantizer.sv:44$14 in module gear_quantizer.
Removed a total of 0 dead cases.

2.2.3. Executing PROC_PRUNE pass (remove redundant assignments in processes).
Removed 1 redundant assignment.
Promoted 8 assignments to connections.

2.2.4. Executing PROC_INIT pass (extract init attributes).

2.2.5. Executing PROC_ARST pass (detect async resets in processes).
Found async reset \rst_n in `\gear_quantizer.$proc$rtl/gear_quantizer.sv:44$14'.

2.2.6. Executing PROC_ROM pass (convert switches to ROMs).
Converted 0 switches.
<suppressed ~1 debug messages>

2.2.7. Executing PROC_MUX pass (convert decision trees to multiplexers).
Creating decoders for process `\gear_quantizer.$proc$rtl/gear_quantizer.sv:44$14'.
     1/4: $0\valid_out[0:0]
     2/4: $0\is_outlier[0:0]
     3/4: $0\sideband_out[7:0]
     4/4: $0\int4_out[3:0]
Creating decoders for process `\gear_quantizer.$proc$rtl/gear_quantizer.sv:0$1'.

2.2.8. Executing PROC_DLATCH pass (convert process syncs to latches).
No latch inferred for signal `\gear_quantizer.\abs_data_in' from process `\gear_quantizer.$proc$rtl/gear_quantizer.sv:0$1'.
No latch inferred for signal `\gear_quantizer.\mult_res' from process `\gear_quantizer.$proc$rtl/gear_quantizer.sv:0$1'.
No latch inferred for signal `\gear_quantizer.\shifted_res' from process `\gear_quantizer.$proc$rtl/gear_quantizer.sv:0$1'.
No latch inferred for signal `\gear_quantizer.\rounded_res' from process `\gear_quantizer.$proc$rtl/gear_quantizer.sv:0$1'.
No latch inferred for signal `\gear_quantizer.\round_incr' from process `\gear_quantizer.$proc$rtl/gear_quantizer.sv:0$1'.
No latch inferred for signal `\gear_quantizer.\round_bit' from process `\gear_quantizer.$proc$rtl/gear_quantizer.sv:0$1'.
No latch inferred for signal `\gear_quantizer.\post_clip_res' from process `\gear_quantizer.$proc$rtl/gear_quantizer.sv:0$1'.
No latch inferred for signal `\gear_quantizer.\outlier_comp_res' from process `\gear_quantizer.$proc$rtl/gear_quantizer.sv:0$1'.

2.2.9. Executing PROC_DFF pass (convert process syncs to FFs).
Creating register for signal `\gear_quantizer.\int4_out' using process `\gear_quantizer.$proc$rtl/gear_quantizer.sv:44$14'.
  created $adff cell `$procdff$28' with positive edge clock and positive level reset.
Creating register for signal `\gear_quantizer.\valid_out' using process `\gear_quantizer.$proc$rtl/gear_quantizer.sv:44$14'.
  created $adff cell `$procdff$33' with positive edge clock and positive level reset.
Creating register for signal `\gear_quantizer.\sideband_out' using process `\gear_quantizer.$proc$rtl/gear_quantizer.sv:44$14'.
  created $adff cell `$procdff$38' with positive edge clock and positive level reset.
Creating register for signal `\gear_quantizer.\is_outlier' using process `\gear_quantizer.$proc$rtl/gear_quantizer.sv:44$14'.
  created $adff cell `$procdff$43' with positive edge clock and positive level reset.

2.2.10. Executing PROC_MEMWR pass (convert process memory writes to cells).

2.2.11. Executing PROC_CLEAN pass (remove empty switches from decision trees).
Found and cleaned up 1 empty switch in `\gear_quantizer.$proc$rtl/gear_quantizer.sv:44$14'.
Removing empty process `gear_quantizer.$proc$rtl/gear_quantizer.sv:44$14'.
Removing empty process `gear_quantizer.$proc$rtl/gear_quantizer.sv:0$1'.
Cleaned up 1 empty switch.

2.2.12. Executing OPT_EXPR pass (perform const folding).
Optimizing module gear_quantizer.
<suppressed ~9 debug messages>

2.3. Executing OPT_EXPR pass (perform const folding).
Optimizing module gear_quantizer.

2.4. Executing OPT_CLEAN pass (remove unused cells and wires).
Finding unused cells or wires in module \gear_quantizer..
Removed 5 unused cells and 31 unused wires.
<suppressed ~6 debug messages>

2.5. Executing CHECK pass (checking for obvious problems).
Checking module gear_quantizer...
Found and reported 0 problems.

2.6. Executing OPT pass (performing simple optimizations).

2.6.1. Executing OPT_EXPR pass (perform const folding).
Optimizing module gear_quantizer.

2.6.2. Executing OPT_MERGE pass (detect identical cells).
Finding identical cells in module `\gear_quantizer'.
Removed a total of 0 cells.

2.6.3. Executing OPT_MUXTREE pass (detect dead branches in mux trees).
Running muxtree optimizer on module \gear_quantizer..
  Creating internal representation of mux trees.
  Evaluating internal representation of mux trees.
      Replacing known input bits on port A of cell $ternary$rtl/gear_quantizer.sv:34$3: \data_in -> { 1'0 \data_in [6:0] }
  Analyzing evaluation results.
Removed 0 multiplexer ports.
<suppressed ~5 debug messages>

2.6.4. Executing OPT_REDUCE pass (consolidate $*mux and $reduce_* inputs).
  Optimizing cells in module \gear_quantizer.
Performed a total of 0 changes.

2.6.5. Executing OPT_MERGE pass (detect identical cells).
Finding identical cells in module `\gear_quantizer'.
Removed a total of 0 cells.

2.6.6. Executing OPT_DFF pass (perform DFF optimizations).

2.6.7. Executing OPT_CLEAN pass (remove unused cells and wires).
Finding unused cells or wires in module \gear_quantizer..

2.6.8. Executing OPT_EXPR pass (perform const folding).
Optimizing module gear_quantizer.

2.6.9. Finished OPT passes. (There is nothing left to do.)

2.7. Executing FSM pass (extract and optimize FSM).

2.7.1. Executing FSM_DETECT pass (finding FSMs in design).

2.7.2. Executing FSM_EXTRACT pass (extracting FSM from design).

2.7.3. Executing FSM_OPT pass (simple optimizations of FSMs).

2.7.4. Executing OPT_CLEAN pass (remove unused cells and wires).
Finding unused cells or wires in module \gear_quantizer..

2.7.5. Executing FSM_OPT pass (simple optimizations of FSMs).

2.7.6. Executing FSM_RECODE pass (re-assigning FSM state encoding).

2.7.7. Executing FSM_INFO pass (dumping all available information on FSM cells).

2.7.8. Executing FSM_MAP pass (mapping FSMs to basic logic).

2.8. Executing OPT pass (performing simple optimizations).

2.8.1. Executing OPT_EXPR pass (perform const folding).
Optimizing module gear_quantizer.

2.8.2. Executing OPT_MERGE pass (detect identical cells).
Finding identical cells in module `\gear_quantizer'.
Removed a total of 0 cells.

2.8.3. Executing OPT_MUXTREE pass (detect dead branches in mux trees).
Running muxtree optimizer on module \gear_quantizer..
  Creating internal representation of mux trees.
  Evaluating internal representation of mux trees.
  Analyzing evaluation results.
Removed 0 multiplexer ports.
<suppressed ~5 debug messages>

2.8.4. Executing OPT_REDUCE pass (consolidate $*mux and $reduce_* inputs).
  Optimizing cells in module \gear_quantizer.
Performed a total of 0 changes.

2.8.5. Executing OPT_MERGE pass (detect identical cells).
Finding identical cells in module `\gear_quantizer'.
Removed a total of 0 cells.

2.8.6. Executing OPT_DFF pass (perform DFF optimizations).
Adding EN signal on $procdff$43 ($adff) from module gear_quantizer (D = \outlier_comp_res, Q = \is_outlier).
Adding EN signal on $procdff$38 ($adff) from module gear_quantizer (D = $ternary$rtl/gear_quantizer.sv:54$17_Y, Q = \sideband_out).
Adding EN signal on $procdff$28 ($adff) from module gear_quantizer (D = $ternary$rtl/gear_quantizer.sv:53$16_Y, Q = \int4_out).

2.8.7. Executing OPT_CLEAN pass (remove unused cells and wires).
Finding unused cells or wires in module \gear_quantizer..
Removed 3 unused cells and 3 unused wires.
<suppressed ~4 debug messages>

2.8.8. Executing OPT_EXPR pass (perform const folding).
Optimizing module gear_quantizer.

2.8.9. Rerunning OPT passes. (Maybe there is more to do..)

2.8.10. Executing OPT_MUXTREE pass (detect dead branches in mux trees).
Running muxtree optimizer on module \gear_quantizer..
  Creating internal representation of mux trees.
  Evaluating internal representation of mux trees.
  Analyzing evaluation results.
Removed 0 multiplexer ports.
<suppressed ~4 debug messages>

2.8.11. Executing OPT_REDUCE pass (consolidate $*mux and $reduce_* inputs).
  Optimizing cells in module \gear_quantizer.
Performed a total of 0 changes.

2.8.12. Executing OPT_MERGE pass (detect identical cells).
Finding identical cells in module `\gear_quantizer'.
Removed a total of 0 cells.

2.8.13. Executing OPT_DFF pass (perform DFF optimizations).

2.8.14. Executing OPT_CLEAN pass (remove unused cells and wires).
Finding unused cells or wires in module \gear_quantizer..

2.8.15. Executing OPT_EXPR pass (perform const folding).
Optimizing module gear_quantizer.

2.8.16. Finished OPT passes. (There is nothing left to do.)

2.9. Executing WREDUCE pass (reducing word size of cells).
Removed top 7 bits (of 12) from port B of cell gear_quantizer.$mul$rtl/gear_quantizer.sv:35$4 ($mul).
Removed top 1 bits (of 2) from mux cell gear_quantizer.$ternary$rtl/gear_quantizer.sv:38$7 ($mux).
Removed top 4 bits (of 12) from port A of cell gear_quantizer.$add$rtl/gear_quantizer.sv:39$8 ($add).
Removed top 3 bits (of 12) from port Y of cell gear_quantizer.$add$rtl/gear_quantizer.sv:39$8 ($add).
Removed top 3 bits (of 12) from port A of cell gear_quantizer.$gt$rtl/gear_quantizer.sv:40$9 ($gt).
Removed top 3 bits (of 12) from port A of cell gear_quantizer.$lt$rtl/gear_quantizer.sv:40$10 ($lt).
Removed top 1 bits (of 2) from wire gear_quantizer.round_incr.

2.10. Executing PEEPOPT pass (run peephole optimizers).

2.11. Executing OPT_CLEAN pass (remove unused cells and wires).
Finding unused cells or wires in module \gear_quantizer..
Removed 0 unused cells and 1 unused wires.
<suppressed ~1 debug messages>

2.12. Executing ALUMACC pass (create $alu and $macc cells).
Extracting $alu and $macc cells in module gear_quantizer:
  creating $macc model for $add$rtl/gear_quantizer.sv:39$8 ($add).
  creating $macc model for $mul$rtl/gear_quantizer.sv:35$4 ($mul).
  creating $macc model for $neg$rtl/gear_quantizer.sv:34$2 ($neg).
  creating $alu model for $macc $neg$rtl/gear_quantizer.sv:34$2.
  creating $alu model for $macc $add$rtl/gear_quantizer.sv:39$8.
  creating $macc cell for $mul$rtl/gear_quantizer.sv:35$4: $auto$alumacc.cc:365:replace_macc$48
  creating $alu model for $gt$rtl/gear_quantizer.sv:40$9 ($gt): new $alu
  creating $alu model for $gt$rtl/gear_quantizer.sv:41$13 ($gt): new $alu
  creating $alu model for $lt$rtl/gear_quantizer.sv:40$10 ($lt): new $alu
  creating $alu cell for $lt$rtl/gear_quantizer.sv:40$10: $auto$alumacc.cc:495:replace_alu$52
  creating $alu cell for $gt$rtl/gear_quantizer.sv:41$13: $auto$alumacc.cc:495:replace_alu$59
  creating $alu cell for $gt$rtl/gear_quantizer.sv:40$9: $auto$alumacc.cc:495:replace_alu$70
  creating $alu cell for $add$rtl/gear_quantizer.sv:39$8: $auto$alumacc.cc:495:replace_alu$83
  creating $alu cell for $neg$rtl/gear_quantizer.sv:34$2: $auto$alumacc.cc:495:replace_alu$86
  created 5 $alu and 1 $macc cells.

2.13. Executing SHARE pass (SAT-based resource sharing).

2.14. Executing OPT pass (performing simple optimizations).

2.14.1. Executing OPT_EXPR pass (perform const folding).
Optimizing module gear_quantizer.
<suppressed ~3 debug messages>

2.14.2. Executing OPT_MERGE pass (detect identical cells).
Finding identical cells in module `\gear_quantizer'.
Removed a total of 0 cells.

2.14.3. Executing OPT_MUXTREE pass (detect dead branches in mux trees).
Running muxtree optimizer on module \gear_quantizer..
  Creating internal representation of mux trees.
  Evaluating internal representation of mux trees.
  Analyzing evaluation results.
Removed 0 multiplexer ports.
<suppressed ~4 debug messages>

2.14.4. Executing OPT_REDUCE pass (consolidate $*mux and $reduce_* inputs).
  Optimizing cells in module \gear_quantizer.
Performed a total of 0 changes.

2.14.5. Executing OPT_MERGE pass (detect identical cells).
Finding identical cells in module `\gear_quantizer'.
Removed a total of 0 cells.

2.14.6. Executing OPT_DFF pass (perform DFF optimizations).

2.14.7. Executing OPT_CLEAN pass (remove unused cells and wires).
Finding unused cells or wires in module \gear_quantizer..
Removed 1 unused cells and 4 unused wires.
<suppressed ~2 debug messages>

2.14.8. Executing OPT_EXPR pass (perform const folding).
Optimizing module gear_quantizer.

2.14.9. Rerunning OPT passes. (Maybe there is more to do..)

2.14.10. Executing OPT_MUXTREE pass (detect dead branches in mux trees).
Running muxtree optimizer on module \gear_quantizer..
  Creating internal representation of mux trees.
  Evaluating internal representation of mux trees.
  Analyzing evaluation results.
Removed 0 multiplexer ports.
<suppressed ~4 debug messages>

2.14.11. Executing OPT_REDUCE pass (consolidate $*mux and $reduce_* inputs).
  Optimizing cells in module \gear_quantizer.
Performed a total of 0 changes.

2.14.12. Executing OPT_MERGE pass (detect identical cells).
Finding identical cells in module `\gear_quantizer'.
Removed a total of 0 cells.

2.14.13. Executing OPT_DFF pass (perform DFF optimizations).

2.14.14. Executing OPT_CLEAN pass (remove unused cells and wires).
Finding unused cells or wires in module \gear_quantizer..

2.14.15. Executing OPT_EXPR pass (perform const folding).
Optimizing module gear_quantizer.

2.14.16. Finished OPT passes. (There is nothing left to do.)

2.15. Executing MEMORY pass.

2.15.1. Executing OPT_MEM pass (optimize memories).
Performed a total of 0 transformations.

2.15.2. Executing OPT_MEM_PRIORITY pass (removing unnecessary memory write priority relations).
Performed a total of 0 transformations.

2.15.3. Executing OPT_MEM_FEEDBACK pass (finding memory read-to-write feedback paths).

2.15.4. Executing MEMORY_BMUX2ROM pass (converting muxes to ROMs).

2.15.5. Executing MEMORY_DFF pass (merging $dff cells to $memrd).

2.15.6. Executing OPT_CLEAN pass (remove unused cells and wires).
Finding unused cells or wires in module \gear_quantizer..

2.15.7. Executing MEMORY_SHARE pass (consolidating $memrd/$memwr cells).

2.15.8. Executing OPT_MEM_WIDEN pass (optimize memories where all ports are wide).
Performed a total of 0 transformations.

2.15.9. Executing OPT_CLEAN pass (remove unused cells and wires).
Finding unused cells or wires in module \gear_quantizer..

2.15.10. Executing MEMORY_COLLECT pass (generating $mem cells).

2.16. Executing OPT_CLEAN pass (remove unused cells and wires).
Finding unused cells or wires in module \gear_quantizer..

2.17. Executing OPT pass (performing simple optimizations).

2.17.1. Executing OPT_EXPR pass (perform const folding).
Optimizing module gear_quantizer.
<suppressed ~2 debug messages>

2.17.2. Executing OPT_MERGE pass (detect identical cells).
Finding identical cells in module `\gear_quantizer'.
Removed a total of 0 cells.

2.17.3. Executing OPT_DFF pass (perform DFF optimizations).

2.17.4. Executing OPT_CLEAN pass (remove unused cells and wires).
Finding unused cells or wires in module \gear_quantizer..
Removed 3 unused cells and 4 unused wires.
<suppressed ~4 debug messages>

2.17.5. Finished fast OPT passes.

2.18. Executing MEMORY_MAP pass (converting memories to logic and flip-flops).

2.19. Executing OPT pass (performing simple optimizations).

2.19.1. Executing OPT_EXPR pass (perform const folding).
Optimizing module gear_quantizer.

2.19.2. Executing OPT_MERGE pass (detect identical cells).
Finding identical cells in module `\gear_quantizer'.
Removed a total of 0 cells.

2.19.3. Executing OPT_MUXTREE pass (detect dead branches in mux trees).
Running muxtree optimizer on module \gear_quantizer..
  Creating internal representation of mux trees.
  Evaluating internal representation of mux trees.
  Analyzing evaluation results.
Removed 0 multiplexer ports.
<suppressed ~3 debug messages>

2.19.4. Executing OPT_REDUCE pass (consolidate $*mux and $reduce_* inputs).
  Optimizing cells in module \gear_quantizer.
Performed a total of 0 changes.

2.19.5. Executing OPT_MERGE pass (detect identical cells).
Finding identical cells in module `\gear_quantizer'.
Removed a total of 0 cells.

2.19.6. Executing OPT_SHARE pass.

2.19.7. Executing OPT_DFF pass (perform DFF optimizations).

2.19.8. Executing OPT_CLEAN pass (remove unused cells and wires).
Finding unused cells or wires in module \gear_quantizer..

2.19.9. Executing OPT_EXPR pass (perform const folding).
Optimizing module gear_quantizer.

2.19.10. Finished OPT passes. (There is nothing left to do.)

2.20. Executing TECHMAP pass (map to technology primitives).

2.20.1. Executing Verilog-2005 frontend: /usr/bin/../share/yosys/techmap.v
Parsing Verilog input from `/usr/bin/../share/yosys/techmap.v' to AST representation.
Generating RTLIL representation for module `\_90_simplemap_bool_ops'.
Generating RTLIL representation for module `\_90_simplemap_reduce_ops'.
Generating RTLIL representation for module `\_90_simplemap_logic_ops'.
Generating RTLIL representation for module `\_90_simplemap_compare_ops'.
Generating RTLIL representation for module `\_90_simplemap_various'.
Generating RTLIL representation for module `\_90_simplemap_registers'.
Generating RTLIL representation for module `\_90_shift_ops_shr_shl_sshl_sshr'.
Generating RTLIL representation for module `\_90_shift_shiftx'.
Generating RTLIL representation for module `\_90_fa'.
Generating RTLIL representation for module `\_90_lcu_brent_kung'.
Generating RTLIL representation for module `\_90_alu'.
Generating RTLIL representation for module `\_90_macc'.
Generating RTLIL representation for module `\_90_alumacc'.
Generating RTLIL representation for module `\$__div_mod_u'.
Generating RTLIL representation for module `\$__div_mod_trunc'.
Generating RTLIL representation for module `\_90_div'.
Generating RTLIL representation for module `\_90_mod'.
Generating RTLIL representation for module `\$__div_mod_floor'.
Generating RTLIL representation for module `\_90_divfloor'.
Generating RTLIL representation for module `\_90_modfloor'.
Generating RTLIL representation for module `\_90_pow'.
Generating RTLIL representation for module `\_90_pmux'.
Generating RTLIL representation for module `\_90_demux'.
Generating RTLIL representation for module `\_90_lut'.
Successfully finished Verilog frontend.

2.20.2. Continuing TECHMAP pass.
Using extmapper simplemap for cells of type $mux.
Using extmapper simplemap for cells of type $or.
Using extmapper simplemap for cells of type $reduce_and.
Using extmapper simplemap for cells of type $logic_and.
Using template $paramod$fd7bfb1a4f3a7c2ac1a35670d0fa64ccc7b91841\_90_alu for cells of type $alu.
Using extmapper simplemap for cells of type $xor.
Using template $paramod$b2747770e3180a9b936a03e7c0b52af364c7b6e6\_90_alu for cells of type $alu.
Using template $paramod$a1bc51c02ce12ac21eb18988e83292af48ed7d72\_90_alu for cells of type $alu.
Using template $paramod$0db859bfd11a4459db4c7396d60a70d88dd1190f\_90_alu for cells of type $alu.
Using extmapper maccmap for cells of type $macc_v2.
  add \data_in * { 1'0 \scale } (8x5 bits, signed)
Using extmapper simplemap for cells of type $not.
Using template $paramod$797f304753ada25e81e0136e8550054714e53b0b\_90_alu for cells of type $alu.
Using extmapper simplemap for cells of type $adff.
Using extmapper simplemap for cells of type $adffe.
Using extmapper simplemap for cells of type $and.
Using template $paramod\_90_lcu_brent_kung\WIDTH=32'00000000000000000000000000001000 for cells of type $lcu.
Using extmapper simplemap for cells of type $pos.
Using template $paramod\_90_lcu_brent_kung\WIDTH=32'00000000000000000000000000001001 for cells of type $lcu.
Using template $paramod\_90_fa\WIDTH=32'00000000000000000000000000001100 for cells of type $fa.
Using template $paramod$ee3d784672cdb1cb32d9a801a3af776716f16b74\_90_alu for cells of type $alu.
Using template $paramod\_90_lcu_brent_kung\WIDTH=32'00000000000000000000000000000110 for cells of type $lcu.
Using template $paramod\_90_lcu_brent_kung\WIDTH=32'00000000000000000000000000001100 for cells of type $lcu.
No more expansions possible.
<suppressed ~933 debug messages>

2.21. Executing OPT pass (performing simple optimizations).

2.21.1. Executing OPT_EXPR pass (perform const folding).
Optimizing module gear_quantizer.
<suppressed ~300 debug messages>

2.21.2. Executing OPT_MERGE pass (detect identical cells).
Finding identical cells in module `\gear_quantizer'.
<suppressed ~105 debug messages>
Removed a total of 35 cells.

2.21.3. Executing OPT_DFF pass (perform DFF optimizations).

2.21.4. Executing OPT_CLEAN pass (remove unused cells and wires).
Finding unused cells or wires in module \gear_quantizer..
Removed 74 unused cells and 279 unused wires.
<suppressed ~75 debug messages>

2.21.5. Finished fast OPT passes.

2.22. Executing ABC pass (technology mapping using ABC).

2.22.1. Extracting gate netlist of module `\gear_quantizer' to `<abc-temp-dir>/input.blif'..
Extracted 346 gates and 369 wires to a netlist network with 21 inputs and 13 outputs.

2.22.1.1. Executing ABC.
Running ABC command: "<yosys-exe-dir>/yosys-abc" -s -f <abc-temp-dir>/abc.script 2>&1
ABC: ABC command line: "source <abc-temp-dir>/abc.script".
ABC: 
ABC: + read_blif <abc-temp-dir>/input.blif 
ABC: + read_library <abc-temp-dir>/stdcells.genlib 
ABC: + strash 
ABC: + dretime 
ABC: + map 
ABC: + write_blif <abc-temp-dir>/output.blif 

2.22.1.2. Re-integrating ABC results.
ABC RESULTS:               AND cells:       27
ABC RESULTS:            ANDNOT cells:      114
ABC RESULTS:               MUX cells:        6
ABC RESULTS:              NAND cells:       22
ABC RESULTS:               NOR cells:       16
ABC RESULTS:               NOT cells:       17
ABC RESULTS:                OR cells:       22
ABC RESULTS:             ORNOT cells:       19
ABC RESULTS:              XNOR cells:       31
ABC RESULTS:               XOR cells:       56
ABC RESULTS:        internal signals:      335
ABC RESULTS:           input signals:       21
ABC RESULTS:          output signals:       13
Removing temp directory.

2.23. Executing OPT pass (performing simple optimizations).

2.23.1. Executing OPT_EXPR pass (perform const folding).
Optimizing module gear_quantizer.
<suppressed ~6 debug messages>

2.23.2. Executing OPT_MERGE pass (detect identical cells).
Finding identical cells in module `\gear_quantizer'.
<suppressed ~3 debug messages>
Removed a total of 1 cells.

2.23.3. Executing OPT_DFF pass (perform DFF optimizations).

2.23.4. Executing OPT_CLEAN pass (remove unused cells and wires).
Finding unused cells or wires in module \gear_quantizer..
Removed 0 unused cells and 123 unused wires.
<suppressed ~6 debug messages>

2.23.5. Finished fast OPT passes.

2.24. Executing HIERARCHY pass (managing design hierarchy).
Attribute `top' found on module `gear_quantizer'. Setting top module to gear_quantizer.

2.24.1. Analyzing design hierarchy..
Top module:  \gear_quantizer

2.24.2. Analyzing design hierarchy..
Top module:  \gear_quantizer
Removed 0 unused modules.

2.25. Printing statistics.

=== gear_quantizer ===

   Number of wires:                342
   Number of wire bits:            387
   Number of public wires:          14
   Number of public wire bits:      59
   Number of ports:                 11
   Number of port bits:             38
   Number of memories:               0
   Number of memory bits:            0
   Number of processes:              0
   Number of cells:                343
     $_ANDNOT_                     114
     $_AND_                         27
     $_DFFE_PN0P_                   13
     $_DFF_PN0_                      1
     $_MUX_                          6
     $_NAND_                        22
     $_NOR_                         15
     $_NOT_                         17
     $_ORNOT_                       19
     $_OR_                          22
     $_XNOR_                        31
     $_XOR_                         56

2.26. Executing CHECK pass (checking for obvious problems).
Checking module gear_quantizer...
Found and reported 0 problems.

3. Printing statistics.

=== gear_quantizer ===

   Number of wires:                342
   Number of wire bits:            387
   Number of public wires:          14
   Number of public wire bits:      59
   Number of ports:                 11
   Number of port bits:             38
   Number of memories:               0
   Number of memory bits:            0
   Number of processes:              0
   Number of cells:                343
     $_ANDNOT_                     114
     $_AND_                         27
     $_DFFE_PN0P_                   13
     $_DFF_PN0_                      1
     $_MUX_                          6
     $_NAND_                        22
     $_NOR_                         15
     $_NOT_                         17
     $_ORNOT_                       19
     $_OR_                          22
     $_XNOR_                        31
     $_XOR_                         56

End of script. Logfile hash: df041b3f4b, CPU: user 0.15s system 0.02s, MEM: 19.86 MB peak
Yosys 0.52 (git sha1 fee39a3284c90249e1d9684cf6944ffbbcbb8f90)
Time spent: 33% 1x abc (0 sec), 15% 23x opt_expr (0 sec), ...
