
===========================================================================
 report_power
============================================================================
======================= Fastest Corner ===================================

Group                  Internal  Switching    Leakage      Total
                          Power      Power      Power      Power (Watts)
----------------------------------------------------------------
Sequential             2.87e-05   4.13e-06   6.64e-08   3.29e-05  24.0%
Combinational          5.34e-05   5.09e-05   4.08e-09   1.04e-04  76.0%
Macro                  0.00e+00   0.00e+00   0.00e+00   0.00e+00   0.0%
Pad                    0.00e+00   0.00e+00   0.00e+00   0.00e+00   0.0%
----------------------------------------------------------------
Total                  8.21e-05   5.51e-05   7.05e-08   1.37e-04 100.0%
                          59.8%      40.1%       0.1%

======================= Slowest Corner ===================================

Group                  Internal  Switching    Leakage      Total
                          Power      Power      Power      Power (Watts)
----------------------------------------------------------------
Sequential             1.91e-05   2.74e-06   2.65e-07   2.21e-05  23.1%
Combinational          3.90e-05   3.36e-05   1.22e-06   7.37e-05  76.9%
Macro                  0.00e+00   0.00e+00   0.00e+00   0.00e+00   0.0%
Pad                    0.00e+00   0.00e+00   0.00e+00   0.00e+00   0.0%
----------------------------------------------------------------
Total                  5.81e-05   3.63e-05   1.48e-06   9.59e-05 100.0%
                          60.6%      37.9%       1.5%

======================= Typical Corner ===================================

Group                  Internal  Switching    Leakage      Total
                          Power      Power      Power      Power (Watts)
----------------------------------------------------------------
Sequential             2.47e-05   3.49e-06   6.64e-08   2.83e-05  23.8%
Combinational          4.78e-05   4.30e-05   3.06e-09   9.07e-05  76.2%
Macro                  0.00e+00   0.00e+00   0.00e+00   0.00e+00   0.0%
Pad                    0.00e+00   0.00e+00   0.00e+00   0.00e+00   0.0%
----------------------------------------------------------------
Total                  7.25e-05   4.64e-05   6.95e-08   1.19e-04 100.0%
                          60.9%      39.0%       0.1%

