
===========================================================================
report_checks -unconstrained
===========================================================================
======================= Fastest Corner ===================================

Startpoint: rst_n (input port clocked by clk)
Endpoint: _441_ (recovery check against rising-edge clock clk)
Path Group: asynchronous
Path Type: max
Corner: Fastest

Fanout     Cap    Slew   Delay    Time   Description
-----------------------------------------------------------------------------
                          0.00    0.00   clock clk (rise edge)
                          0.00    0.00   clock network delay (propagated)
                          5.00    5.00 ^ input external delay
                  0.01    0.01    5.01 ^ rst_n (in)
     1    0.00                           rst_n (net)
                  0.01    0.00    5.01 ^ input9/A (sky130_fd_sc_hd__buf_2)
                  0.12    0.13    5.14 ^ input9/X (sky130_fd_sc_hd__buf_2)
     5    0.03                           net9 (net)
                  0.12    0.01    5.14 ^ fanout37/A (sky130_fd_sc_hd__clkbuf_4)
                  0.12    0.18    5.33 ^ fanout37/X (sky130_fd_sc_hd__clkbuf_4)
    10    0.05                           net37 (net)
                  0.12    0.01    5.33 ^ _441_/RESET_B (sky130_fd_sc_hd__dfrtp_2)
                                  5.33   data arrival time

                         25.00   25.00   clock clk (rise edge)
                          0.00   25.00   clock source latency
                  0.08    0.05   25.05 ^ clk (in)
     1    0.02                           clk (net)
                  0.08    0.00   25.05 ^ clkbuf_0_clk/A (sky130_fd_sc_hd__clkbuf_16)
                  0.03    0.09   25.14 ^ clkbuf_0_clk/X (sky130_fd_sc_hd__clkbuf_16)
     2    0.02                           clknet_0_clk (net)
                  0.03    0.00   25.14 ^ clkbuf_1_0__f_clk/A (sky130_fd_sc_hd__clkbuf_16)
                  0.03    0.08   25.23 ^ clkbuf_1_0__f_clk/X (sky130_fd_sc_hd__clkbuf_16)
     8    0.02                           clknet_1_0__leaf_clk (net)
                  0.03    0.00   25.23 ^ _441_/CLK (sky130_fd_sc_hd__dfrtp_2)
                         -0.25   24.98   clock uncertainty
                          0.00   24.98   clock reconvergence pessimism
                          0.11   25.09   library recovery time
                                 25.09   data required time
-----------------------------------------------------------------------------
                                 25.09   data required time
                                 -5.33   data arrival time
-----------------------------------------------------------------------------
                                 19.76   slack (MET)


Startpoint: scale[2] (input port clocked by clk)
Endpoint: _442_ (rising edge-triggered flip-flop clocked by clk)
Path Group: clk
Path Type: max
Corner: Fastest

Fanout     Cap    Slew   Delay    Time   Description
-----------------------------------------------------------------------------
                          0.00    0.00   clock clk (rise edge)
                          0.00    0.00   clock network delay (propagated)
                          5.00    5.00 ^ input external delay
                  0.01    0.01    5.01 ^ scale[2] (in)
     1    0.00                           scale[2] (net)
                  0.01    0.00    5.01 ^ input12/A (sky130_fd_sc_hd__buf_2)
                  0.16    0.16    5.17 ^ input12/X (sky130_fd_sc_hd__buf_2)
     7    0.04                           net12 (net)
                  0.16    0.01    5.17 ^ _258_/A (sky130_fd_sc_hd__buf_2)
                  0.15    0.19    5.36 ^ _258_/X (sky130_fd_sc_hd__buf_2)
    10    0.04                           _206_ (net)
                  0.15    0.00    5.36 ^ _304_/B (sky130_fd_sc_hd__nand4_1)
                  0.09    0.10    5.46 v _304_/Y (sky130_fd_sc_hd__nand4_1)
     3    0.01                           _046_ (net)
                  0.09    0.00    5.46 v _316_/A1 (sky130_fd_sc_hd__a21o_1)
                  0.03    0.13    5.60 v _316_/X (sky130_fd_sc_hd__a21o_1)
     2    0.01                           _058_ (net)
                  0.03    0.00    5.60 v _321_/A2 (sky130_fd_sc_hd__a21o_1)
                  0.04    0.14    5.74 v _321_/X (sky130_fd_sc_hd__a21o_1)
     3    0.01                           _063_ (net)
                  0.04    0.00    5.74 v _323_/A2 (sky130_fd_sc_hd__a21bo_1)
                  0.03    0.14    5.87 v _323_/X (sky130_fd_sc_hd__a21bo_1)
     2    0.00                           _065_ (net)
                  0.03    0.00    5.87 v _325_/B (sky130_fd_sc_hd__and3_2)
                  0.05    0.16    6.03 v _325_/X (sky130_fd_sc_hd__and3_2)
     4    0.02                           _067_ (net)
                  0.05    0.00    6.03 v _340_/A (sky130_fd_sc_hd__nor3b_1)
                  0.21    0.22    6.25 ^ _340_/Y (sky130_fd_sc_hd__nor3b_1)
     3    0.01                           _082_ (net)
                  0.21    0.00    6.25 ^ _342_/A (sky130_fd_sc_hd__nor2_1)
                  0.07    0.07    6.33 v _342_/Y (sky130_fd_sc_hd__nor2_1)
     3    0.01                           _084_ (net)
                  0.07    0.00    6.33 v _368_/A (sky130_fd_sc_hd__and4_1)
                  0.04    0.12    6.45 v _368_/X (sky130_fd_sc_hd__and4_1)
     2    0.01                           _110_ (net)
                  0.04    0.00    6.45 v _377_/A1 (sky130_fd_sc_hd__a21o_1)
                  0.04    0.12    6.56 v _377_/X (sky130_fd_sc_hd__a21o_1)
     2    0.01                           _119_ (net)
                  0.04    0.00    6.57 v _379_/A2 (sky130_fd_sc_hd__a21oi_1)
                  0.16    0.17    6.74 ^ _379_/Y (sky130_fd_sc_hd__a21oi_1)
     2    0.01                           _121_ (net)
                  0.16    0.00    6.74 ^ _380_/S (sky130_fd_sc_hd__mux2_1)
                  0.05    0.22    6.96 v _380_/X (sky130_fd_sc_hd__mux2_1)
     2    0.01                           _122_ (net)
                  0.05    0.00    6.96 v _409_/A1 (sky130_fd_sc_hd__o31a_1)
                  0.06    0.22    7.18 v _409_/X (sky130_fd_sc_hd__o31a_1)
     3    0.01                           _151_ (net)
                  0.06    0.00    7.18 v _418_/B1 (sky130_fd_sc_hd__a31o_1)
                  0.03    0.09    7.27 v _418_/X (sky130_fd_sc_hd__a31o_1)
     1    0.00                           _158_ (net)
                  0.03    0.00    7.27 v _419_/B2 (sky130_fd_sc_hd__a22o_1)
                  0.03    0.10    7.37 v _419_/X (sky130_fd_sc_hd__a22o_1)
     1    0.00                           _003_ (net)
                  0.03    0.00    7.37 v _442_/D (sky130_fd_sc_hd__dfrtp_1)
                                  7.37   data arrival time

                         25.00   25.00   clock clk (rise edge)
                          0.00   25.00   clock source latency
                  0.08    0.05   25.05 ^ clk (in)
     1    0.02                           clk (net)
                  0.08    0.00   25.05 ^ clkbuf_0_clk/A (sky130_fd_sc_hd__clkbuf_16)
                  0.03    0.09   25.14 ^ clkbuf_0_clk/X (sky130_fd_sc_hd__clkbuf_16)
     2    0.02                           clknet_0_clk (net)
                  0.03    0.00   25.14 ^ clkbuf_1_0__f_clk/A (sky130_fd_sc_hd__clkbuf_16)
                  0.03    0.08   25.23 ^ clkbuf_1_0__f_clk/X (sky130_fd_sc_hd__clkbuf_16)
     8    0.02                           clknet_1_0__leaf_clk (net)
                  0.03    0.00   25.23 ^ _442_/CLK (sky130_fd_sc_hd__dfrtp_1)
                         -0.25   24.98   clock uncertainty
                          0.00   24.98   clock reconvergence pessimism
                         -0.07   24.91   library setup time
                                 24.91   data required time
-----------------------------------------------------------------------------
                                 24.91   data required time
                                 -7.37   data arrival time
-----------------------------------------------------------------------------
                                 17.54   slack (MET)



======================= Slowest Corner ===================================

Startpoint: rst_n (input port clocked by clk)
Endpoint: _441_ (recovery check against rising-edge clock clk)
Path Group: asynchronous
Path Type: max
Corner: Slowest

Fanout     Cap    Slew   Delay    Time   Description
-----------------------------------------------------------------------------
                          0.00    0.00   clock clk (rise edge)
                          0.00    0.00   clock network delay (propagated)
                          5.00    5.00 ^ input external delay
                  0.03    0.01    5.01 ^ rst_n (in)
     1    0.00                           rst_n (net)
                  0.03    0.00    5.01 ^ input9/A (sky130_fd_sc_hd__buf_2)
                  0.25    0.32    5.33 ^ input9/X (sky130_fd_sc_hd__buf_2)
     5    0.03                           net9 (net)
                  0.25    0.00    5.34 ^ fanout37/A (sky130_fd_sc_hd__clkbuf_4)
                  0.24    0.47    5.81 ^ fanout37/X (sky130_fd_sc_hd__clkbuf_4)
    10    0.05                           net37 (net)
                  0.24    0.01    5.82 ^ _441_/RESET_B (sky130_fd_sc_hd__dfrtp_2)
                                  5.82   data arrival time

                         25.00   25.00   clock clk (rise edge)
                          0.00   25.00   clock source latency
                  0.16    0.10   25.10 ^ clk (in)
     1    0.02                           clk (net)
                  0.16    0.00   25.10 ^ clkbuf_0_clk/A (sky130_fd_sc_hd__clkbuf_16)
                  0.07    0.25   25.35 ^ clkbuf_0_clk/X (sky130_fd_sc_hd__clkbuf_16)
     2    0.02                           clknet_0_clk (net)
                  0.07    0.00   25.35 ^ clkbuf_1_0__f_clk/A (sky130_fd_sc_hd__clkbuf_16)
                  0.07    0.21   25.57 ^ clkbuf_1_0__f_clk/X (sky130_fd_sc_hd__clkbuf_16)
     8    0.02                           clknet_1_0__leaf_clk (net)
                  0.07    0.00   25.57 ^ _441_/CLK (sky130_fd_sc_hd__dfrtp_2)
                         -0.25   25.32   clock uncertainty
                          0.00   25.32   clock reconvergence pessimism
                          0.37   25.69   library recovery time
                                 25.69   data required time
-----------------------------------------------------------------------------
                                 25.69   data required time
                                 -5.82   data arrival time
-----------------------------------------------------------------------------
                                 19.87   slack (MET)


Startpoint: scale[2] (input port clocked by clk)
Endpoint: _442_ (rising edge-triggered flip-flop clocked by clk)
Path Group: clk
Path Type: max
Corner: Slowest

Fanout     Cap    Slew   Delay    Time   Description
-----------------------------------------------------------------------------
                          0.00    0.00   clock clk (rise edge)
                          0.00    0.00   clock network delay (propagated)
                          5.00    5.00 ^ input external delay
                  0.03    0.02    5.02 ^ scale[2] (in)
     1    0.00                           scale[2] (net)
                  0.03    0.00    5.02 ^ input12/A (sky130_fd_sc_hd__buf_2)
                  0.33    0.38    5.40 ^ input12/X (sky130_fd_sc_hd__buf_2)
     7    0.04                           net12 (net)
                  0.33    0.01    5.41 ^ _258_/A (sky130_fd_sc_hd__buf_2)
                  0.31    0.51    5.91 ^ _258_/X (sky130_fd_sc_hd__buf_2)
    10    0.04                           _206_ (net)
                  0.31    0.00    5.92 ^ _304_/B (sky130_fd_sc_hd__nand4_1)
                  0.36    0.46    6.37 v _304_/Y (sky130_fd_sc_hd__nand4_1)
     3    0.01                           _046_ (net)
                  0.36    0.00    6.37 v _316_/A1 (sky130_fd_sc_hd__a21o_1)
                  0.09    0.46    6.83 v _316_/X (sky130_fd_sc_hd__a21o_1)
     2    0.01                           _058_ (net)
                  0.09    0.00    6.83 v _321_/A2 (sky130_fd_sc_hd__a21o_1)
                  0.11    0.40    7.22 v _321_/X (sky130_fd_sc_hd__a21o_1)
     3    0.01                           _063_ (net)
                  0.11    0.00    7.23 v _323_/A2 (sky130_fd_sc_hd__a21bo_1)
                  0.08    0.39    7.62 v _323_/X (sky130_fd_sc_hd__a21bo_1)
     2    0.00                           _065_ (net)
                  0.08    0.00    7.62 v _325_/B (sky130_fd_sc_hd__and3_2)
                  0.14    0.52    8.14 v _325_/X (sky130_fd_sc_hd__and3_2)
     4    0.02                           _067_ (net)
                  0.14    0.00    8.14 v _340_/A (sky130_fd_sc_hd__nor3b_1)
                  0.51    0.58    8.71 ^ _340_/Y (sky130_fd_sc_hd__nor3b_1)
     3    0.01                           _082_ (net)
                  0.51    0.00    8.72 ^ _342_/A (sky130_fd_sc_hd__nor2_1)
                  0.16    0.33    9.04 v _342_/Y (sky130_fd_sc_hd__nor2_1)
     3    0.01                           _084_ (net)
                  0.16    0.00    9.04 v _368_/A (sky130_fd_sc_hd__and4_1)
                  0.10    0.39    9.43 v _368_/X (sky130_fd_sc_hd__and4_1)
     2    0.01                           _110_ (net)
                  0.10    0.00    9.43 v _377_/A1 (sky130_fd_sc_hd__a21o_1)
                  0.10    0.35    9.78 v _377_/X (sky130_fd_sc_hd__a21o_1)
     2    0.01                           _119_ (net)
                  0.10    0.00    9.78 v _392_/B (sky130_fd_sc_hd__xnor2_1)
                  0.11    0.24   10.03 v _392_/Y (sky130_fd_sc_hd__xnor2_1)
     2    0.00                           _134_ (net)
                  0.11    0.00   10.03 v _408_/A (sky130_fd_sc_hd__or4b_1)
                  0.18    1.28   11.31 v _408_/X (sky130_fd_sc_hd__or4b_1)
     1    0.00                           _150_ (net)
                  0.18    0.00   11.31 v _409_/A3 (sky130_fd_sc_hd__o31a_1)
                  0.14    0.59   11.90 v _409_/X (sky130_fd_sc_hd__o31a_1)
     3    0.01                           _151_ (net)
                  0.14    0.00   11.90 v _418_/B1 (sky130_fd_sc_hd__a31o_1)
                  0.08    0.39   12.30 v _418_/X (sky130_fd_sc_hd__a31o_1)
     1    0.00                           _158_ (net)
                  0.08    0.00   12.30 v _419_/B2 (sky130_fd_sc_hd__a22o_1)
                  0.07    0.37   12.67 v _419_/X (sky130_fd_sc_hd__a22o_1)
     1    0.00                           _003_ (net)
                  0.07    0.00   12.67 v _442_/D (sky130_fd_sc_hd__dfrtp_1)
                                 12.67   data arrival time

                         25.00   25.00   clock clk (rise edge)
                          0.00   25.00   clock source latency
                  0.16    0.10   25.10 ^ clk (in)
     1    0.02                           clk (net)
                  0.16    0.00   25.10 ^ clkbuf_0_clk/A (sky130_fd_sc_hd__clkbuf_16)
                  0.07    0.25   25.35 ^ clkbuf_0_clk/X (sky130_fd_sc_hd__clkbuf_16)
     2    0.02                           clknet_0_clk (net)
                  0.07    0.00   25.35 ^ clkbuf_1_0__f_clk/A (sky130_fd_sc_hd__clkbuf_16)
                  0.07    0.21   25.57 ^ clkbuf_1_0__f_clk/X (sky130_fd_sc_hd__clkbuf_16)
     8    0.02                           clknet_1_0__leaf_clk (net)
                  0.07    0.00   25.57 ^ _442_/CLK (sky130_fd_sc_hd__dfrtp_1)
                         -0.25   25.32   clock uncertainty
                          0.00   25.32   clock reconvergence pessimism
                         -0.28   25.04   library setup time
                                 25.04   data required time
-----------------------------------------------------------------------------
                                 25.04   data required time
                                -12.67   data arrival time
-----------------------------------------------------------------------------
                                 12.37   slack (MET)



======================= Typical Corner ===================================

Startpoint: rst_n (input port clocked by clk)
Endpoint: _441_ (recovery check against rising-edge clock clk)
Path Group: asynchronous
Path Type: max
Corner: Typical

Fanout     Cap    Slew   Delay    Time   Description
-----------------------------------------------------------------------------
                          0.00    0.00   clock clk (rise edge)
                          0.00    0.00   clock network delay (propagated)
                          5.00    5.00 ^ input external delay
                  0.02    0.01    5.01 ^ rst_n (in)
     1    0.00                           rst_n (net)
                  0.02    0.00    5.01 ^ input9/A (sky130_fd_sc_hd__buf_2)
                  0.16    0.19    5.20 ^ input9/X (sky130_fd_sc_hd__buf_2)
     5    0.03                           net9 (net)
                  0.16    0.01    5.20 ^ fanout37/A (sky130_fd_sc_hd__clkbuf_4)
                  0.16    0.27    5.48 ^ fanout37/X (sky130_fd_sc_hd__clkbuf_4)
    10    0.05                           net37 (net)
                  0.16    0.01    5.48 ^ _441_/RESET_B (sky130_fd_sc_hd__dfrtp_2)
                                  5.48   data arrival time

                         25.00   25.00   clock clk (rise edge)
                          0.00   25.00   clock source latency
                  0.10    0.07   25.07 ^ clk (in)
     1    0.02                           clk (net)
                  0.10    0.00   25.07 ^ clkbuf_0_clk/A (sky130_fd_sc_hd__clkbuf_16)
                  0.04    0.14   25.21 ^ clkbuf_0_clk/X (sky130_fd_sc_hd__clkbuf_16)
     2    0.02                           clknet_0_clk (net)
                  0.04    0.00   25.21 ^ clkbuf_1_0__f_clk/A (sky130_fd_sc_hd__clkbuf_16)
                  0.05    0.12   25.33 ^ clkbuf_1_0__f_clk/X (sky130_fd_sc_hd__clkbuf_16)
     8    0.02                           clknet_1_0__leaf_clk (net)
                  0.05    0.00   25.33 ^ _441_/CLK (sky130_fd_sc_hd__dfrtp_2)
                         -0.25   25.08   clock uncertainty
                          0.00   25.08   clock reconvergence pessimism
                          0.19   25.26   library recovery time
                                 25.26   data required time
-----------------------------------------------------------------------------
                                 25.26   data required time
                                 -5.48   data arrival time
-----------------------------------------------------------------------------
                                 19.78   slack (MET)


Startpoint: scale[2] (input port clocked by clk)
Endpoint: _442_ (rising edge-triggered flip-flop clocked by clk)
Path Group: clk
Path Type: max
Corner: Typical

Fanout     Cap    Slew   Delay    Time   Description
-----------------------------------------------------------------------------
                          0.00    0.00   clock clk (rise edge)
                          0.00    0.00   clock network delay (propagated)
                          5.00    5.00 ^ input external delay
                  0.02    0.01    5.01 ^ scale[2] (in)
     1    0.00                           scale[2] (net)
                  0.02    0.00    5.01 ^ input12/A (sky130_fd_sc_hd__buf_2)
                  0.21    0.22    5.23 ^ input12/X (sky130_fd_sc_hd__buf_2)
     7    0.04                           net12 (net)
                  0.21    0.01    5.24 ^ _258_/A (sky130_fd_sc_hd__buf_2)
                  0.19    0.28    5.52 ^ _258_/X (sky130_fd_sc_hd__buf_2)
    10    0.04                           _206_ (net)
                  0.19    0.00    5.52 ^ _304_/B (sky130_fd_sc_hd__nand4_1)
                  0.15    0.19    5.71 v _304_/Y (sky130_fd_sc_hd__nand4_1)
     3    0.01                           _046_ (net)
                  0.15    0.00    5.71 v _316_/A1 (sky130_fd_sc_hd__a21o_1)
                  0.05    0.22    5.93 v _316_/X (sky130_fd_sc_hd__a21o_1)
     2    0.01                           _058_ (net)
                  0.05    0.00    5.93 v _321_/A2 (sky130_fd_sc_hd__a21o_1)
                  0.06    0.21    6.14 v _321_/X (sky130_fd_sc_hd__a21o_1)
     3    0.01                           _063_ (net)
                  0.06    0.00    6.14 v _323_/A2 (sky130_fd_sc_hd__a21bo_1)
                  0.04    0.21    6.35 v _323_/X (sky130_fd_sc_hd__a21bo_1)
     2    0.00                           _065_ (net)
                  0.04    0.00    6.36 v _325_/B (sky130_fd_sc_hd__and3_2)
                  0.07    0.25    6.60 v _325_/X (sky130_fd_sc_hd__and3_2)
     4    0.02                           _067_ (net)
                  0.07    0.00    6.60 v _340_/A (sky130_fd_sc_hd__nor3b_1)
                  0.30    0.33    6.93 ^ _340_/Y (sky130_fd_sc_hd__nor3b_1)
     3    0.01                           _082_ (net)
                  0.30    0.00    6.93 ^ _342_/A (sky130_fd_sc_hd__nor2_1)
                  0.10    0.14    7.07 v _342_/Y (sky130_fd_sc_hd__nor2_1)
     3    0.01                           _084_ (net)
                  0.10    0.00    7.07 v _376_/A1 (sky130_fd_sc_hd__a31o_1)
                  0.04    0.20    7.27 v _376_/X (sky130_fd_sc_hd__a31o_1)
     1    0.00                           _118_ (net)
                  0.04    0.00    7.27 v _377_/B1 (sky130_fd_sc_hd__a21o_1)
                  0.05    0.18    7.45 v _377_/X (sky130_fd_sc_hd__a21o_1)
     2    0.01                           _119_ (net)
                  0.05    0.00    7.45 v _379_/A2 (sky130_fd_sc_hd__a21oi_1)
                  0.22    0.24    7.69 ^ _379_/Y (sky130_fd_sc_hd__a21oi_1)
     2    0.01                           _121_ (net)
                  0.22    0.00    7.69 ^ _380_/S (sky130_fd_sc_hd__mux2_1)
                  0.08    0.39    8.08 v _380_/X (sky130_fd_sc_hd__mux2_1)
     2    0.01                           _122_ (net)
                  0.08    0.00    8.08 v _409_/A1 (sky130_fd_sc_hd__o31a_1)
                  0.08    0.35    8.44 v _409_/X (sky130_fd_sc_hd__o31a_1)
     3    0.01                           _151_ (net)
                  0.08    0.00    8.44 v _418_/B1 (sky130_fd_sc_hd__a31o_1)
                  0.04    0.21    8.64 v _418_/X (sky130_fd_sc_hd__a31o_1)
     1    0.00                           _158_ (net)
                  0.04    0.00    8.65 v _419_/B2 (sky130_fd_sc_hd__a22o_1)
                  0.04    0.20    8.85 v _419_/X (sky130_fd_sc_hd__a22o_1)
     1    0.00                           _003_ (net)
                  0.04    0.00    8.85 v _442_/D (sky130_fd_sc_hd__dfrtp_1)
                                  8.85   data arrival time

                         25.00   25.00   clock clk (rise edge)
                          0.00   25.00   clock source latency
                  0.10    0.07   25.07 ^ clk (in)
     1    0.02                           clk (net)
                  0.10    0.00   25.07 ^ clkbuf_0_clk/A (sky130_fd_sc_hd__clkbuf_16)
                  0.04    0.14   25.21 ^ clkbuf_0_clk/X (sky130_fd_sc_hd__clkbuf_16)
     2    0.02                           clknet_0_clk (net)
                  0.04    0.00   25.21 ^ clkbuf_1_0__f_clk/A (sky130_fd_sc_hd__clkbuf_16)
                  0.05    0.12   25.33 ^ clkbuf_1_0__f_clk/X (sky130_fd_sc_hd__clkbuf_16)
     8    0.02                           clknet_1_0__leaf_clk (net)
                  0.05    0.00   25.33 ^ _442_/CLK (sky130_fd_sc_hd__dfrtp_1)
                         -0.25   25.08   clock uncertainty
                          0.00   25.08   clock reconvergence pessimism
                         -0.11   24.97   library setup time
                                 24.97   data required time
-----------------------------------------------------------------------------
                                 24.97   data required time
                                 -8.85   data arrival time
-----------------------------------------------------------------------------
                                 16.12   slack (MET)




===========================================================================
report_checks --slack_max -0.01
============================================================================
======================= Fastest Corner ===================================

No paths found.

======================= Slowest Corner ===================================

No paths found.

======================= Typical Corner ===================================

No paths found.


===========================================================================
 report_check_types -max_slew -max_cap -max_fanout -violators
============================================================================
======================= Fastest Corner ===================================


======================= Slowest Corner ===================================


======================= Typical Corner ===================================



===========================================================================
report_parasitic_annotation -report_unannotated
============================================================================
Found 1 unannotated drivers.
 round_mode
Found 0 partially unannotated drivers.

===========================================================================
max slew violation count 0
max fanout violation count 0
max cap violation count 0
============================================================================

===========================================================================
check_setup -verbose -unconstrained_endpoints -multiple_clock -no_clock -no_input_delay -loops -generated_clocks
===========================================================================
