
 /----------------------------------------------------------------------------\
 |                                                                            |
 |  yosys -- Yosys Open SYnthesis Suite                                       |
 |                                                                            |
 |  Copyright (C) 2012 - 2020  Claire Xenia Wolf <claire@yosyshq.com>         |
 |                                                                            |
 |  Permission to use, copy, modify, and/or distribute this software for any  |
 |  purpose with or without fee is hereby granted, provided that the above    |
 |  copyright notice and this permission notice appear in all copies.         |
 |                                                                            |
 |  THE SOFTWARE IS PROVIDED "AS IS" AND THE AUTHOR DISCLAIMS ALL WARRANTIES  |
 |  WITH REGARD TO THIS SOFTWARE INCLUDING ALL IMPLIED WARRANTIES OF          |
 |  MERCHANTABILITY AND FITNESS. IN NO EVENT SHALL THE AUTHOR BE LIABLE FOR   |
 |  ANY SPECIAL, DIRECT, INDIRECT, OR CONSEQUENTIAL DAMAGES OR ANY DAMAGES    |
 |  WHATSOEVER RESULTING FROM LOSS OF USE, DATA OR PROFITS, WHETHER IN AN     |
 |  ACTION OF CONTRACT, NEGLIGENCE OR OTHER TORTIOUS ACTION, ARISING OUT OF   |
 |  OR IN CONNECTION WITH THE USE OR PERFORMANCE OF THIS SOFTWARE.            |
 |                                                                            |
 \----------------------------------------------------------------------------/

 Yosys 0.30+48 (git sha1 14d50a176d5, gcc 8.3.1 -fPIC -Os)

[TCL: yosys -import] Command name collision: found pre-existing command `cd' -> skip.
[TCL: yosys -import] Command name collision: found pre-existing command `eval' -> skip.
[TCL: yosys -import] Command name collision: found pre-existing command `exec' -> skip.
[TCL: yosys -import] Command name collision: found pre-existing command `read' -> skip.
[TCL: yosys -import] Command name collision: found pre-existing command `trace' -> skip.

1. Executing Verilog-2005 frontend: /home/ugunt/projects/ai-accelerator-verification/rung4-gear-quantizer/openlane/../rtl/gear_quantizer.sv
Parsing SystemVerilog input from `/home/ugunt/projects/ai-accelerator-verification/rung4-gear-quantizer/openlane/../rtl/gear_quantizer.sv' to AST representation.
Generating RTLIL representation for module `\gear_quantizer'.
Successfully finished Verilog frontend.

2. Generating Graphviz representation of design.
Writing dot description to `/home/ugunt/projects/ai-accelerator-verification/rung4-gear-quantizer/openlane/runs/RUN_2026.07.01_17.24.28/tmp/synthesis/hierarchy.dot'.
Dumping module gear_quantizer to page 1.

3. Executing HIERARCHY pass (managing design hierarchy).

3.1. Analyzing design hierarchy..
Top module:  \gear_quantizer

3.2. Analyzing design hierarchy..
Top module:  \gear_quantizer
Removed 0 unused modules.

4. Executing TRIBUF pass.

5. Executing HIERARCHY pass (managing design hierarchy).

5.1. Analyzing design hierarchy..
Top module:  \gear_quantizer

5.2. Analyzing design hierarchy..
Top module:  \gear_quantizer
Removed 0 unused modules.

6. Executing PROC_CLEAN pass (remove empty switches from decision trees).
Cleaned up 0 empty switches.

7. Executing PROC_RMDEAD pass (remove dead branches from decision trees).
Marked 1 switch rules as full_case in process $proc$/home/ugunt/projects/ai-accelerator-verification/rung4-gear-quantizer/openlane/../rtl/gear_quantizer.sv:33$10 in module gear_quantizer.
Removed a total of 0 dead cases.

8. Executing PROC_PRUNE pass (remove redundant assignments in processes).
Removed 1 redundant assignment.
Promoted 4 assignments to connections.

9. Executing PROC_INIT pass (extract init attributes).

10. Executing PROC_ARST pass (detect async resets in processes).
Found async reset \rst_n in `\gear_quantizer.$proc$/home/ugunt/projects/ai-accelerator-verification/rung4-gear-quantizer/openlane/../rtl/gear_quantizer.sv:33$10'.

11. Executing PROC_ROM pass (convert switches to ROMs).
Converted 0 switches.
<suppressed ~1 debug messages>

12. Executing PROC_MUX pass (convert decision trees to multiplexers).
Creating decoders for process `\gear_quantizer.$proc$/home/ugunt/projects/ai-accelerator-verification/rung4-gear-quantizer/openlane/../rtl/gear_quantizer.sv:33$10'.
     1/4: $0\valid_out[0:0]
     2/4: $0\is_outlier[0:0]
     3/4: $0\sideband_out[7:0]
     4/4: $0\int4_out[3:0]
Creating decoders for process `\gear_quantizer.$proc$/home/ugunt/projects/ai-accelerator-verification/rung4-gear-quantizer/openlane/../rtl/gear_quantizer.sv:0$1'.

13. Executing PROC_DLATCH pass (convert process syncs to latches).
No latch inferred for signal `\gear_quantizer.\abs_data_in' from process `\gear_quantizer.$proc$/home/ugunt/projects/ai-accelerator-verification/rung4-gear-quantizer/openlane/../rtl/gear_quantizer.sv:0$1'.
No latch inferred for signal `\gear_quantizer.\mult_res' from process `\gear_quantizer.$proc$/home/ugunt/projects/ai-accelerator-verification/rung4-gear-quantizer/openlane/../rtl/gear_quantizer.sv:0$1'.
No latch inferred for signal `\gear_quantizer.\post_clip_res' from process `\gear_quantizer.$proc$/home/ugunt/projects/ai-accelerator-verification/rung4-gear-quantizer/openlane/../rtl/gear_quantizer.sv:0$1'.
No latch inferred for signal `\gear_quantizer.\outlier_comp_res' from process `\gear_quantizer.$proc$/home/ugunt/projects/ai-accelerator-verification/rung4-gear-quantizer/openlane/../rtl/gear_quantizer.sv:0$1'.

14. Executing PROC_DFF pass (convert process syncs to FFs).
Creating register for signal `\gear_quantizer.\int4_out' using process `\gear_quantizer.$proc$/home/ugunt/projects/ai-accelerator-verification/rung4-gear-quantizer/openlane/../rtl/gear_quantizer.sv:33$10'.
  created $adff cell `$procdff$20' with positive edge clock and negative level reset.
Creating register for signal `\gear_quantizer.\valid_out' using process `\gear_quantizer.$proc$/home/ugunt/projects/ai-accelerator-verification/rung4-gear-quantizer/openlane/../rtl/gear_quantizer.sv:33$10'.
  created $adff cell `$procdff$21' with positive edge clock and negative level reset.
Creating register for signal `\gear_quantizer.\sideband_out' using process `\gear_quantizer.$proc$/home/ugunt/projects/ai-accelerator-verification/rung4-gear-quantizer/openlane/../rtl/gear_quantizer.sv:33$10'.
  created $adff cell `$procdff$22' with positive edge clock and negative level reset.
Creating register for signal `\gear_quantizer.\is_outlier' using process `\gear_quantizer.$proc$/home/ugunt/projects/ai-accelerator-verification/rung4-gear-quantizer/openlane/../rtl/gear_quantizer.sv:33$10'.
  created $adff cell `$procdff$23' with positive edge clock and negative level reset.

15. Executing PROC_MEMWR pass (convert process memory writes to cells).

16. Executing PROC_CLEAN pass (remove empty switches from decision trees).
Found and cleaned up 1 empty switch in `\gear_quantizer.$proc$/home/ugunt/projects/ai-accelerator-verification/rung4-gear-quantizer/openlane/../rtl/gear_quantizer.sv:33$10'.
Removing empty process `gear_quantizer.$proc$/home/ugunt/projects/ai-accelerator-verification/rung4-gear-quantizer/openlane/../rtl/gear_quantizer.sv:33$10'.
Removing empty process `gear_quantizer.$proc$/home/ugunt/projects/ai-accelerator-verification/rung4-gear-quantizer/openlane/../rtl/gear_quantizer.sv:0$1'.
Cleaned up 1 empty switch.

17. Executing CHECK pass (checking for obvious problems).
Checking module gear_quantizer...
Found and reported 0 problems.

18. Executing OPT_EXPR pass (perform const folding).
Optimizing module gear_quantizer.

19. Executing FLATTEN pass (flatten design).

20. Executing OPT_EXPR pass (perform const folding).
Optimizing module gear_quantizer.

21. Executing OPT_CLEAN pass (remove unused cells and wires).
Finding unused cells or wires in module \gear_quantizer..
Removed 1 unused cells and 16 unused wires.
<suppressed ~2 debug messages>

22. Executing OPT pass (performing simple optimizations).

22.1. Executing OPT_EXPR pass (perform const folding).
Optimizing module gear_quantizer.

22.2. Executing OPT_MERGE pass (detect identical cells).
Finding identical cells in module `\gear_quantizer'.
Removed a total of 0 cells.

22.3. Executing OPT_MUXTREE pass (detect dead branches in mux trees).
Running muxtree optimizer on module \gear_quantizer..
  Creating internal representation of mux trees.
  Evaluating internal representation of mux trees.
      Replacing known input bits on port A of cell $ternary$/home/ugunt/projects/ai-accelerator-verification/rung4-gear-quantizer/openlane/../rtl/gear_quantizer.sv:27$3: \data_in -> { 1'0 \data_in [6:0] }
  Analyzing evaluation results.
Removed 0 multiplexer ports.
<suppressed ~4 debug messages>

22.4. Executing OPT_REDUCE pass (consolidate $*mux and $reduce_* inputs).
  Optimizing cells in module \gear_quantizer.
Performed a total of 0 changes.

22.5. Executing OPT_MERGE pass (detect identical cells).
Finding identical cells in module `\gear_quantizer'.
Removed a total of 0 cells.

22.6. Executing OPT_DFF pass (perform DFF optimizations).

22.7. Executing OPT_CLEAN pass (remove unused cells and wires).
Finding unused cells or wires in module \gear_quantizer..

22.8. Executing OPT_EXPR pass (perform const folding).
Optimizing module gear_quantizer.

22.9. Finished OPT passes. (There is nothing left to do.)

23. Executing FSM pass (extract and optimize FSM).

23.1. Executing FSM_DETECT pass (finding FSMs in design).

23.2. Executing FSM_EXTRACT pass (extracting FSM from design).

23.3. Executing FSM_OPT pass (simple optimizations of FSMs).

23.4. Executing OPT_CLEAN pass (remove unused cells and wires).
Finding unused cells or wires in module \gear_quantizer..

23.5. Executing FSM_OPT pass (simple optimizations of FSMs).

23.6. Executing FSM_RECODE pass (re-assigning FSM state encoding).

23.7. Executing FSM_INFO pass (dumping all available information on FSM cells).

23.8. Executing FSM_MAP pass (mapping FSMs to basic logic).

24. Executing OPT pass (performing simple optimizations).

24.1. Executing OPT_EXPR pass (perform const folding).
Optimizing module gear_quantizer.

24.2. Executing OPT_MERGE pass (detect identical cells).
Finding identical cells in module `\gear_quantizer'.
Removed a total of 0 cells.

24.3. Executing OPT_MUXTREE pass (detect dead branches in mux trees).
Running muxtree optimizer on module \gear_quantizer..
  Creating internal representation of mux trees.
  Evaluating internal representation of mux trees.
  Analyzing evaluation results.
Removed 0 multiplexer ports.
<suppressed ~4 debug messages>

24.4. Executing OPT_REDUCE pass (consolidate $*mux and $reduce_* inputs).
  Optimizing cells in module \gear_quantizer.
Performed a total of 0 changes.

24.5. Executing OPT_MERGE pass (detect identical cells).
Finding identical cells in module `\gear_quantizer'.
Removed a total of 0 cells.

24.6. Executing OPT_DFF pass (perform DFF optimizations).
Adding EN signal on $procdff$23 ($adff) from module gear_quantizer (D = \outlier_comp_res, Q = \is_outlier).
Adding EN signal on $procdff$22 ($adff) from module gear_quantizer (D = $ternary$/home/ugunt/projects/ai-accelerator-verification/rung4-gear-quantizer/openlane/../rtl/gear_quantizer.sv:43$13_Y, Q = \sideband_out).
Adding EN signal on $procdff$20 ($adff) from module gear_quantizer (D = $ternary$/home/ugunt/projects/ai-accelerator-verification/rung4-gear-quantizer/openlane/../rtl/gear_quantizer.sv:42$12_Y, Q = \int4_out).

24.7. Executing OPT_CLEAN pass (remove unused cells and wires).
Finding unused cells or wires in module \gear_quantizer..
Removed 3 unused cells and 3 unused wires.
<suppressed ~4 debug messages>

24.8. Executing OPT_EXPR pass (perform const folding).
Optimizing module gear_quantizer.

24.9. Rerunning OPT passes. (Maybe there is more to do..)

24.10. Executing OPT_MUXTREE pass (detect dead branches in mux trees).
Running muxtree optimizer on module \gear_quantizer..
  Creating internal representation of mux trees.
  Evaluating internal representation of mux trees.
  Analyzing evaluation results.
Removed 0 multiplexer ports.
<suppressed ~3 debug messages>

24.11. Executing OPT_REDUCE pass (consolidate $*mux and $reduce_* inputs).
  Optimizing cells in module \gear_quantizer.
Performed a total of 0 changes.

24.12. Executing OPT_MERGE pass (detect identical cells).
Finding identical cells in module `\gear_quantizer'.
Removed a total of 0 cells.

24.13. Executing OPT_DFF pass (perform DFF optimizations).

24.14. Executing OPT_CLEAN pass (remove unused cells and wires).
Finding unused cells or wires in module \gear_quantizer..

24.15. Executing OPT_EXPR pass (perform const folding).
Optimizing module gear_quantizer.

24.16. Finished OPT passes. (There is nothing left to do.)

25. Executing WREDUCE pass (reducing word size of cells).
Removed top 7 bits (of 12) from port B of cell gear_quantizer.$mul$/home/ugunt/projects/ai-accelerator-verification/rung4-gear-quantizer/openlane/../rtl/gear_quantizer.sv:28$4 ($mul).

26. Executing PEEPOPT pass (run peephole optimizers).

27. Executing OPT_CLEAN pass (remove unused cells and wires).
Finding unused cells or wires in module \gear_quantizer..

28. Executing ALUMACC pass (create $alu and $macc cells).
Extracting $alu and $macc cells in module gear_quantizer:
  creating $macc model for $mul$/home/ugunt/projects/ai-accelerator-verification/rung4-gear-quantizer/openlane/../rtl/gear_quantizer.sv:28$4 ($mul).
  creating $macc model for $neg$/home/ugunt/projects/ai-accelerator-verification/rung4-gear-quantizer/openlane/../rtl/gear_quantizer.sv:27$2 ($neg).
  creating $alu model for $macc $neg$/home/ugunt/projects/ai-accelerator-verification/rung4-gear-quantizer/openlane/../rtl/gear_quantizer.sv:27$2.
  creating $macc cell for $mul$/home/ugunt/projects/ai-accelerator-verification/rung4-gear-quantizer/openlane/../rtl/gear_quantizer.sv:28$4: $auto$alumacc.cc:365:replace_macc$27
  creating $alu model for $gt$/home/ugunt/projects/ai-accelerator-verification/rung4-gear-quantizer/openlane/../rtl/gear_quantizer.sv:29$5 ($gt): new $alu
  creating $alu model for $gt$/home/ugunt/projects/ai-accelerator-verification/rung4-gear-quantizer/openlane/../rtl/gear_quantizer.sv:30$9 ($gt): new $alu
  creating $alu model for $lt$/home/ugunt/projects/ai-accelerator-verification/rung4-gear-quantizer/openlane/../rtl/gear_quantizer.sv:29$6 ($lt): new $alu
  creating $alu cell for $lt$/home/ugunt/projects/ai-accelerator-verification/rung4-gear-quantizer/openlane/../rtl/gear_quantizer.sv:29$6: $auto$alumacc.cc:485:replace_alu$31
  creating $alu cell for $gt$/home/ugunt/projects/ai-accelerator-verification/rung4-gear-quantizer/openlane/../rtl/gear_quantizer.sv:30$9: $auto$alumacc.cc:485:replace_alu$44
  creating $alu cell for $gt$/home/ugunt/projects/ai-accelerator-verification/rung4-gear-quantizer/openlane/../rtl/gear_quantizer.sv:29$5: $auto$alumacc.cc:485:replace_alu$49
  creating $alu cell for $neg$/home/ugunt/projects/ai-accelerator-verification/rung4-gear-quantizer/openlane/../rtl/gear_quantizer.sv:27$2: $auto$alumacc.cc:485:replace_alu$56
  created 4 $alu and 1 $macc cells.

29. Executing SHARE pass (SAT-based resource sharing).

30. Executing OPT pass (performing simple optimizations).

30.1. Executing OPT_EXPR pass (perform const folding).
Optimizing module gear_quantizer.
<suppressed ~3 debug messages>

30.2. Executing OPT_MERGE pass (detect identical cells).
Finding identical cells in module `\gear_quantizer'.
Removed a total of 0 cells.

30.3. Executing OPT_MUXTREE pass (detect dead branches in mux trees).
Running muxtree optimizer on module \gear_quantizer..
  Creating internal representation of mux trees.
  Evaluating internal representation of mux trees.
  Analyzing evaluation results.
Removed 0 multiplexer ports.
<suppressed ~3 debug messages>

30.4. Executing OPT_REDUCE pass (consolidate $*mux and $reduce_* inputs).
  Optimizing cells in module \gear_quantizer.
Performed a total of 0 changes.

30.5. Executing OPT_MERGE pass (detect identical cells).
Finding identical cells in module `\gear_quantizer'.
Removed a total of 0 cells.

30.6. Executing OPT_DFF pass (perform DFF optimizations).

30.7. Executing OPT_CLEAN pass (remove unused cells and wires).
Finding unused cells or wires in module \gear_quantizer..
Removed 1 unused cells and 4 unused wires.
<suppressed ~2 debug messages>

30.8. Executing OPT_EXPR pass (perform const folding).
Optimizing module gear_quantizer.

30.9. Rerunning OPT passes. (Maybe there is more to do..)

30.10. Executing OPT_MUXTREE pass (detect dead branches in mux trees).
Running muxtree optimizer on module \gear_quantizer..
  Creating internal representation of mux trees.
  Evaluating internal representation of mux trees.
  Analyzing evaluation results.
Removed 0 multiplexer ports.
<suppressed ~3 debug messages>

30.11. Executing OPT_REDUCE pass (consolidate $*mux and $reduce_* inputs).
  Optimizing cells in module \gear_quantizer.
Performed a total of 0 changes.

30.12. Executing OPT_MERGE pass (detect identical cells).
Finding identical cells in module `\gear_quantizer'.
Removed a total of 0 cells.

30.13. Executing OPT_DFF pass (perform DFF optimizations).

30.14. Executing OPT_CLEAN pass (remove unused cells and wires).
Finding unused cells or wires in module \gear_quantizer..

30.15. Executing OPT_EXPR pass (perform const folding).
Optimizing module gear_quantizer.

30.16. Finished OPT passes. (There is nothing left to do.)

31. Executing MEMORY pass.

31.1. Executing OPT_MEM pass (optimize memories).
Performed a total of 0 transformations.

31.2. Executing OPT_MEM_PRIORITY pass (removing unnecessary memory write priority relations).
Performed a total of 0 transformations.

31.3. Executing OPT_MEM_FEEDBACK pass (finding memory read-to-write feedback paths).

31.4. Executing MEMORY_BMUX2ROM pass (converting muxes to ROMs).

31.5. Executing MEMORY_DFF pass (merging $dff cells to $memrd).

31.6. Executing OPT_CLEAN pass (remove unused cells and wires).
Finding unused cells or wires in module \gear_quantizer..

31.7. Executing MEMORY_SHARE pass (consolidating $memrd/$memwr cells).

31.8. Executing OPT_MEM_WIDEN pass (optimize memories where all ports are wide).
Performed a total of 0 transformations.

31.9. Executing OPT_CLEAN pass (remove unused cells and wires).
Finding unused cells or wires in module \gear_quantizer..

31.10. Executing MEMORY_COLLECT pass (generating $mem cells).

32. Executing OPT_CLEAN pass (remove unused cells and wires).
Finding unused cells or wires in module \gear_quantizer..

33. Executing OPT pass (performing simple optimizations).

33.1. Executing OPT_EXPR pass (perform const folding).
Optimizing module gear_quantizer.
<suppressed ~1 debug messages>

33.2. Executing OPT_MERGE pass (detect identical cells).
Finding identical cells in module `\gear_quantizer'.
Removed a total of 0 cells.

33.3. Executing OPT_DFF pass (perform DFF optimizations).

33.4. Executing OPT_CLEAN pass (remove unused cells and wires).
Finding unused cells or wires in module \gear_quantizer..
Removed 3 unused cells and 3 unused wires.
<suppressed ~4 debug messages>

33.5. Finished fast OPT passes.

34. Executing MEMORY_MAP pass (converting memories to logic and flip-flops).

35. Executing OPT pass (performing simple optimizations).

35.1. Executing OPT_EXPR pass (perform const folding).
Optimizing module gear_quantizer.

35.2. Executing OPT_MERGE pass (detect identical cells).
Finding identical cells in module `\gear_quantizer'.
Removed a total of 0 cells.

35.3. Executing OPT_MUXTREE pass (detect dead branches in mux trees).
Running muxtree optimizer on module \gear_quantizer..
  Creating internal representation of mux trees.
  Evaluating internal representation of mux trees.
  Analyzing evaluation results.
Removed 0 multiplexer ports.
<suppressed ~3 debug messages>

35.4. Executing OPT_REDUCE pass (consolidate $*mux and $reduce_* inputs).
  Optimizing cells in module \gear_quantizer.
Performed a total of 0 changes.

35.5. Executing OPT_MERGE pass (detect identical cells).
Finding identical cells in module `\gear_quantizer'.
Removed a total of 0 cells.

35.6. Executing OPT_SHARE pass.

35.7. Executing OPT_DFF pass (perform DFF optimizations).

35.8. Executing OPT_CLEAN pass (remove unused cells and wires).
Finding unused cells or wires in module \gear_quantizer..

35.9. Executing OPT_EXPR pass (perform const folding).
Optimizing module gear_quantizer.

35.10. Finished OPT passes. (There is nothing left to do.)

36. Executing TECHMAP pass (map to technology primitives).

36.1. Executing Verilog-2005 frontend: /build/bin/../share/yosys/techmap.v
Parsing Verilog input from `/build/bin/../share/yosys/techmap.v' to AST representation.
Generating RTLIL representation for module `\_90_simplemap_bool_ops'.
Generating RTLIL representation for module `\_90_simplemap_reduce_ops'.
Generating RTLIL representation for module `\_90_simplemap_logic_ops'.
Generating RTLIL representation for module `\_90_simplemap_compare_ops'.
Generating RTLIL representation for module `\_90_simplemap_various'.
Generating RTLIL representation for module `\_90_simplemap_registers'.
Generating RTLIL representation for module `\_90_shift_ops_shr_shl_sshl_sshr'.
Generating RTLIL representation for module `\_90_shift_shiftx'.
Generating RTLIL representation for module `\_90_fa'.
Generating RTLIL representation for module `\_90_lcu'.
Generating RTLIL representation for module `\_90_alu'.
Generating RTLIL representation for module `\_90_macc'.
Generating RTLIL representation for module `\_90_alumacc'.
Generating RTLIL representation for module `\$__div_mod_u'.
Generating RTLIL representation for module `\$__div_mod_trunc'.
Generating RTLIL representation for module `\_90_div'.
Generating RTLIL representation for module `\_90_mod'.
Generating RTLIL representation for module `\$__div_mod_floor'.
Generating RTLIL representation for module `\_90_divfloor'.
Generating RTLIL representation for module `\_90_modfloor'.
Generating RTLIL representation for module `\_90_pow'.
Generating RTLIL representation for module `\_90_pmux'.
Generating RTLIL representation for module `\_90_demux'.
Generating RTLIL representation for module `\_90_lut'.
Successfully finished Verilog frontend.

36.2. Continuing TECHMAP pass.
Using extmapper simplemap for cells of type $xor.
Using extmapper simplemap for cells of type $not.
Using extmapper simplemap for cells of type $mux.
Using template $paramod$fd7bfb1a4f3a7c2ac1a35670d0fa64ccc7b91841\_90_alu for cells of type $alu.
Using template $paramod$a1bc51c02ce12ac21eb18988e83292af48ed7d72\_90_alu for cells of type $alu.
Using template $paramod$003256218b736a5f72fe70a6e5006b2214b99da4\_90_alu for cells of type $alu.
Using extmapper maccmap for cells of type $macc.
  add \data_in * { 1'0 \scale } (8x5 bits, signed)
Using extmapper simplemap for cells of type $or.
Using extmapper simplemap for cells of type $reduce_and.
Using extmapper simplemap for cells of type $adffe.
Using template $paramod$f02bb37a17777870ea9c912db5fd77aac93d0639\_90_alu for cells of type $alu.
Using extmapper simplemap for cells of type $adff.
Using extmapper simplemap for cells of type $and.
Using template $paramod\_90_lcu\WIDTH=32'00000000000000000000000000001000 for cells of type $lcu.
Using extmapper simplemap for cells of type $pos.
Using template $paramod\_90_lcu\WIDTH=32'00000000000000000000000000001001 for cells of type $lcu.
Using template $paramod\_90_fa\WIDTH=32'00000000000000000000000000001100 for cells of type $fa.
Using template $paramod$ee3d784672cdb1cb32d9a801a3af776716f16b74\_90_alu for cells of type $alu.
Using template $paramod\_90_lcu\WIDTH=32'00000000000000000000000000001100 for cells of type $lcu.
No more expansions possible.
<suppressed ~785 debug messages>

37. Executing OPT pass (performing simple optimizations).

37.1. Executing OPT_EXPR pass (perform const folding).
Optimizing module gear_quantizer.
<suppressed ~276 debug messages>

37.2. Executing OPT_MERGE pass (detect identical cells).
Finding identical cells in module `\gear_quantizer'.
<suppressed ~126 debug messages>
Removed a total of 42 cells.

37.3. Executing OPT_DFF pass (perform DFF optimizations).

37.4. Executing OPT_CLEAN pass (remove unused cells and wires).
Finding unused cells or wires in module \gear_quantizer..
Removed 72 unused cells and 245 unused wires.
<suppressed ~73 debug messages>

37.5. Finished fast OPT passes.

38. Executing ABC pass (technology mapping using ABC).

38.1. Extracting gate netlist of module `\gear_quantizer' to `<abc-temp-dir>/input.blif'..
Extracted 342 gates and 364 wires to a netlist network with 20 inputs and 13 outputs.

38.1.1. Executing ABC.
Running ABC command: "<yosys-exe-dir>/yosys-abc" -s -f <abc-temp-dir>/abc.script 2>&1
ABC: ABC command line: "source <abc-temp-dir>/abc.script".
ABC: 
ABC: + read_blif <abc-temp-dir>/input.blif 
ABC: + read_library <abc-temp-dir>/stdcells.genlib 
ABC: Entered genlib library with 13 gates from file "<abc-temp-dir>/stdcells.genlib".
ABC: + strash 
ABC: + dretime 
ABC: + map 
ABC: + write_blif <abc-temp-dir>/output.blif 

38.1.2. Re-integrating ABC results.
ABC RESULTS:             ORNOT cells:       20
ABC RESULTS:               NOR cells:       11
ABC RESULTS:              XNOR cells:       22
ABC RESULTS:               MUX cells:        6
ABC RESULTS:              NAND cells:       22
ABC RESULTS:               XOR cells:       56
ABC RESULTS:               NOT cells:       17
ABC RESULTS:                OR cells:       10
ABC RESULTS:               AND cells:       30
ABC RESULTS:            ANDNOT cells:      121
ABC RESULTS:        internal signals:      331
ABC RESULTS:           input signals:       20
ABC RESULTS:          output signals:       13
Removing temp directory.

39. Executing OPT pass (performing simple optimizations).

39.1. Executing OPT_EXPR pass (perform const folding).
Optimizing module gear_quantizer.
<suppressed ~6 debug messages>

39.2. Executing OPT_MERGE pass (detect identical cells).
Finding identical cells in module `\gear_quantizer'.
<suppressed ~6 debug messages>
Removed a total of 2 cells.

39.3. Executing OPT_DFF pass (perform DFF optimizations).

39.4. Executing OPT_CLEAN pass (remove unused cells and wires).
Finding unused cells or wires in module \gear_quantizer..
Removed 0 unused cells and 124 unused wires.
<suppressed ~3 debug messages>

39.5. Finished fast OPT passes.

40. Executing HIERARCHY pass (managing design hierarchy).

40.1. Analyzing design hierarchy..
Top module:  \gear_quantizer

40.2. Analyzing design hierarchy..
Top module:  \gear_quantizer
Removed 0 unused modules.

41. Printing statistics.

=== gear_quantizer ===

   Number of wires:                325
   Number of wire bits:            359
   Number of public wires:          13
   Number of public wire bits:      47
   Number of memories:               0
   Number of memory bits:            0
   Number of processes:              0
   Number of cells:                327
     $_ANDNOT_                     119
     $_AND_                         30
     $_DFFE_PN0P_                   13
     $_DFF_PN0_                      1
     $_MUX_                          6
     $_NAND_                        22
     $_NOR_                         11
     $_NOT_                         17
     $_ORNOT_                       20
     $_OR_                          10
     $_XNOR_                        22
     $_XOR_                         56

42. Executing CHECK pass (checking for obvious problems).
Checking module gear_quantizer...
Found and reported 0 problems.

43. Generating Graphviz representation of design.
Writing dot description to `/home/ugunt/projects/ai-accelerator-verification/rung4-gear-quantizer/openlane/runs/RUN_2026.07.01_17.24.28/tmp/synthesis/post_techmap.dot'.
Dumping module gear_quantizer to page 1.

44. Executing SHARE pass (SAT-based resource sharing).

45. Executing OPT pass (performing simple optimizations).

45.1. Executing OPT_EXPR pass (perform const folding).
Optimizing module gear_quantizer.

45.2. Executing OPT_MERGE pass (detect identical cells).
Finding identical cells in module `\gear_quantizer'.
Removed a total of 0 cells.

45.3. Executing OPT_MUXTREE pass (detect dead branches in mux trees).
Running muxtree optimizer on module \gear_quantizer..
  Creating internal representation of mux trees.
  No muxes found in this module.
Removed 0 multiplexer ports.

45.4. Executing OPT_REDUCE pass (consolidate $*mux and $reduce_* inputs).
  Optimizing cells in module \gear_quantizer.
Performed a total of 0 changes.

45.5. Executing OPT_MERGE pass (detect identical cells).
Finding identical cells in module `\gear_quantizer'.
Removed a total of 0 cells.

45.6. Executing OPT_DFF pass (perform DFF optimizations).

45.7. Executing OPT_CLEAN pass (remove unused cells and wires).
Finding unused cells or wires in module \gear_quantizer..

45.8. Executing OPT_EXPR pass (perform const folding).
Optimizing module gear_quantizer.

45.9. Finished OPT passes. (There is nothing left to do.)

46. Executing OPT_CLEAN pass (remove unused cells and wires).
Finding unused cells or wires in module \gear_quantizer..
Removed 0 unused cells and 1 unused wires.
<suppressed ~1 debug messages>

47. Printing statistics.

=== gear_quantizer ===

   Number of wires:                324
   Number of wire bits:            351
   Number of public wires:          12
   Number of public wire bits:      39
   Number of memories:               0
   Number of memory bits:            0
   Number of processes:              0
   Number of cells:                327
     $_ANDNOT_                     119
     $_AND_                         30
     $_DFFE_PN0P_                   13
     $_DFF_PN0_                      1
     $_MUX_                          6
     $_NAND_                        22
     $_NOR_                         11
     $_NOT_                         17
     $_ORNOT_                       20
     $_OR_                          10
     $_XNOR_                        22
     $_XOR_                         56

mapping tbuf

48. Executing TECHMAP pass (map to technology primitives).

48.1. Executing Verilog-2005 frontend: /home/ugunt/.ciel/sky130A/libs.tech/openlane/sky130_fd_sc_hd/tribuff_map.v
Parsing Verilog input from `/home/ugunt/.ciel/sky130A/libs.tech/openlane/sky130_fd_sc_hd/tribuff_map.v' to AST representation.
Generating RTLIL representation for module `\$_TBUF_'.
Successfully finished Verilog frontend.

48.2. Continuing TECHMAP pass.
No more expansions possible.
<suppressed ~3 debug messages>

49. Executing SIMPLEMAP pass (map simple cells to gate primitives).

50. Executing TECHMAP pass (map to technology primitives).

50.1. Executing Verilog-2005 frontend: /home/ugunt/.ciel/sky130A/libs.tech/openlane/sky130_fd_sc_hd/latch_map.v
Parsing Verilog input from `/home/ugunt/.ciel/sky130A/libs.tech/openlane/sky130_fd_sc_hd/latch_map.v' to AST representation.
Generating RTLIL representation for module `\$_DLATCH_P_'.
Generating RTLIL representation for module `\$_DLATCH_N_'.
Successfully finished Verilog frontend.

50.2. Continuing TECHMAP pass.
No more expansions possible.
<suppressed ~4 debug messages>

51. Executing SIMPLEMAP pass (map simple cells to gate primitives).

52. Executing DFFLIBMAP pass (mapping DFF cells to sequential cells from liberty file).
  cell sky130_fd_sc_hd__dfxtp_2 (noninv, pins=3, area=21.27) is a direct match for cell type $_DFF_P_.
  cell sky130_fd_sc_hd__dfrtp_2 (noninv, pins=4, area=26.28) is a direct match for cell type $_DFF_PN0_.
  cell sky130_fd_sc_hd__dfstp_2 (noninv, pins=4, area=26.28) is a direct match for cell type $_DFF_PN1_.
  cell sky130_fd_sc_hd__dfbbn_2 (noninv, pins=6, area=35.03) is a direct match for cell type $_DFFSR_NNN_.
  final dff cell mappings:
    unmapped dff cell: $_DFF_N_
    \sky130_fd_sc_hd__dfxtp_2 _DFF_P_ (.CLK( C), .D( D), .Q( Q));
    unmapped dff cell: $_DFF_NN0_
    unmapped dff cell: $_DFF_NN1_
    unmapped dff cell: $_DFF_NP0_
    unmapped dff cell: $_DFF_NP1_
    \sky130_fd_sc_hd__dfrtp_2 _DFF_PN0_ (.CLK( C), .D( D), .Q( Q), .RESET_B( R));
    \sky130_fd_sc_hd__dfstp_2 _DFF_PN1_ (.CLK( C), .D( D), .Q( Q), .SET_B( R));
    unmapped dff cell: $_DFF_PP0_
    unmapped dff cell: $_DFF_PP1_
    \sky130_fd_sc_hd__dfbbn_2 _DFFSR_NNN_ (.CLK_N( C), .D( D), .Q( Q), .Q_N(~Q), .RESET_B( R), .SET_B( S));
    unmapped dff cell: $_DFFSR_NNP_
    unmapped dff cell: $_DFFSR_NPN_
    unmapped dff cell: $_DFFSR_NPP_
    unmapped dff cell: $_DFFSR_PNN_
    unmapped dff cell: $_DFFSR_PNP_
    unmapped dff cell: $_DFFSR_PPN_
    unmapped dff cell: $_DFFSR_PPP_

52.1. Executing DFFLEGALIZE pass (convert FFs to types supported by the target).
Mapping DFF cells in module `\gear_quantizer':
  mapped 14 $_DFF_PN0_ cells to \sky130_fd_sc_hd__dfrtp_2 cells.

53. Printing statistics.

=== gear_quantizer ===

   Number of wires:                337
   Number of wire bits:            364
   Number of public wires:          12
   Number of public wire bits:      39
   Number of memories:               0
   Number of memory bits:            0
   Number of processes:              0
   Number of cells:                340
     $_ANDNOT_                     119
     $_AND_                         30
     $_MUX_                         19
     $_NAND_                        22
     $_NOR_                         11
     $_NOT_                         17
     $_ORNOT_                       20
     $_OR_                          10
     $_XNOR_                        22
     $_XOR_                         56
     sky130_fd_sc_hd__dfrtp_2       14

[INFO]: USING STRATEGY AREA 0

54. Executing ABC pass (technology mapping using ABC).

54.1. Extracting gate netlist of module `\gear_quantizer' to `/tmp/yosys-abc-OCdFlN/input.blif'..
Extracted 326 gates and 360 wires to a netlist network with 34 inputs and 13 outputs.

54.1.1. Executing ABC.
Running ABC command: "/build/bin/yosys-abc" -s -f /tmp/yosys-abc-OCdFlN/abc.script 2>&1
ABC: ABC command line: "source /tmp/yosys-abc-OCdFlN/abc.script".
ABC: 
ABC: + read_blif /tmp/yosys-abc-OCdFlN/input.blif 
ABC: + read_lib -w /home/ugunt/projects/ai-accelerator-verification/rung4-gear-quantizer/openlane/runs/RUN_2026.07.01_17.24.28/tmp/synthesis/trimmed.lib 
ABC: Parsing finished successfully.  Parsing time =     0.06 sec
ABC: Scl_LibertyReadGenlib() skipped sequential cell "sky130_fd_sc_hd__dfbbn_2".
ABC: Scl_LibertyReadGenlib() skipped sequential cell "sky130_fd_sc_hd__dfrbp_2".
ABC: Scl_LibertyReadGenlib() skipped sequential cell "sky130_fd_sc_hd__dfrtp_2".
ABC: Scl_LibertyReadGenlib() skipped sequential cell "sky130_fd_sc_hd__dfrtp_4".
ABC: Scl_LibertyReadGenlib() skipped sequential cell "sky130_fd_sc_hd__dfsbp_2".
ABC: Scl_LibertyReadGenlib() skipped sequential cell "sky130_fd_sc_hd__dfstp_2".
ABC: Scl_LibertyReadGenlib() skipped sequential cell "sky130_fd_sc_hd__dfstp_4".
ABC: Scl_LibertyReadGenlib() skipped sequential cell "sky130_fd_sc_hd__dfxbp_2".
ABC: Scl_LibertyReadGenlib() skipped sequential cell "sky130_fd_sc_hd__dfxtp_2".
ABC: Scl_LibertyReadGenlib() skipped sequential cell "sky130_fd_sc_hd__dfxtp_4".
ABC: Scl_LibertyReadGenlib() skipped sequential cell "sky130_fd_sc_hd__dlxtn_1".
ABC: Scl_LibertyReadGenlib() skipped sequential cell "sky130_fd_sc_hd__dlxtn_2".
ABC: Scl_LibertyReadGenlib() skipped sequential cell "sky130_fd_sc_hd__dlxtn_4".
ABC: Scl_LibertyReadGenlib() skipped sequential cell "sky130_fd_sc_hd__dlxtp_1".
ABC: Scl_LibertyReadGenlib() skipped three-state cell "sky130_fd_sc_hd__ebufn_2".
ABC: Scl_LibertyReadGenlib() skipped three-state cell "sky130_fd_sc_hd__ebufn_4".
ABC: Scl_LibertyReadGenlib() skipped three-state cell "sky130_fd_sc_hd__ebufn_8".
ABC: Library "sky130A_merged" from "/home/ugunt/projects/ai-accelerator-verification/rung4-gear-quantizer/openlane/runs/RUN_2026.07.01_17.24.28/tmp/synthesis/trimmed.lib" has 175 cells (17 skipped: 14 seq; 3 tri-state; 0 no func; 0 dont_use).  Time =     0.09 sec
ABC: Memory =    9.54 MB. Time =     0.09 sec
ABC: Warning: Detected 2 multi-output gates (for example, "sky130_fd_sc_hd__fa_1").
ABC: + read_constr -v /home/ugunt/projects/ai-accelerator-verification/rung4-gear-quantizer/openlane/runs/RUN_2026.07.01_17.24.28/tmp/synthesis/synthesis.sdc 
ABC: Setting driving cell to be "sky130_fd_sc_hd__inv_2".
ABC: Setting output load to be 33.442001.
ABC: + read_constr /home/ugunt/projects/ai-accelerator-verification/rung4-gear-quantizer/openlane/runs/RUN_2026.07.01_17.24.28/tmp/synthesis/synthesis.sdc 
ABC: + fx 
ABC: + mfs 
ABC: + strash 
ABC: + refactor 
ABC: + balance 
ABC: + rewrite 
ABC: + refactor 
ABC: + balance 
ABC: + rewrite 
ABC: + rewrite -z 
ABC: + balance 
ABC: + refactor -z 
ABC: + rewrite -z 
ABC: + balance 
ABC: + retime -D -D 25000.0 -M 5 
ABC: + scleanup 
ABC: Error: The network is combinational.
ABC: + fraig_store 
ABC: + balance 
ABC: + fraig_store 
ABC: + balance 
ABC: + rewrite 
ABC: + refactor 
ABC: + balance 
ABC: + rewrite 
ABC: + rewrite -z 
ABC: + balance 
ABC: + refactor -z 
ABC: + rewrite -z 
ABC: + balance 
ABC: + fraig_store 
ABC: + balance 
ABC: + rewrite 
ABC: + refactor 
ABC: + balance 
ABC: + rewrite 
ABC: + rewrite -z 
ABC: + balance 
ABC: + refactor -z 
ABC: + rewrite -z 
ABC: + balance 
ABC: + fraig_store 
ABC: + balance 
ABC: + rewrite 
ABC: + refactor 
ABC: + balance 
ABC: + rewrite 
ABC: + rewrite -z 
ABC: + balance 
ABC: + refactor -z 
ABC: + rewrite -z 
ABC: + balance 
ABC: + fraig_store 
ABC: + fraig_restore 
ABC: + amap -m -Q 0.1 -F 20 -A 20 -C 5000 
ABC: + retime -D -D 25000.0 
ABC: + &get -n 
ABC: + &st 
ABC: + &dch 
ABC: + &nf 
ABC: + &put 
ABC: + buffer -N 10 -S 750.0 
ABC: + upsize -D 25000.0 
ABC: Current delay (3624.97 ps) does not exceed the target delay (25000.00 ps). Upsizing is not performed.
ABC: + dnsize -D 25000.0 
ABC: + stime -p 
ABC: WireLoad = "none"  Gates =    219 (  8.2 %)   Cap =  8.9 ff (  1.6 %)   Area =     1961.88 ( 91.8 %)   Delay =  3891.56 ps  ( 32.9 %)               
ABC: Path  0 --       3 : 0    6 pi                        A =   0.00  Df =  51.6  -28.8 ps  S =  77.5 ps  Cin =  0.0 ff  Cout =  15.6 ff  Cmax =   0.0 ff  G =    0  
ABC: Path  1 --      86 : 1   10 sky130_fd_sc_hd__buf_1    A =   3.75  Df = 413.4 -172.4 ps  S = 438.8 ps  Cin =  2.1 ff  Cout =  37.0 ff  Cmax = 130.0 ff  G = 1700  
ABC: Path  2 --     148 : 4    3 sky130_fd_sc_hd__nand4_2  A =  12.51  Df = 576.2 -187.8 ps  S = 152.5 ps  Cin =  4.4 ff  Cout =   8.3 ff  Cmax = 200.5 ff  G =  184  
ABC: Path  3 --     159 : 3    2 sky130_fd_sc_hd__a21o_2   A =   8.76  Df = 813.2  -99.8 ps  S =  50.5 ps  Cin =  2.4 ff  Cout =   7.1 ff  Cmax = 309.5 ff  G =  289  
ABC: Path  4 --     164 : 3    3 sky130_fd_sc_hd__a21o_2   A =   8.76  Df =1037.0 -184.3 ps  S =  61.7 ps  Cin =  2.4 ff  Cout =   9.6 ff  Cmax = 309.5 ff  G =  390  
ABC: Path  5 --     182 : 3    2 sky130_fd_sc_hd__a21o_2   A =   8.76  Df =1254.4 -229.7 ps  S =  48.2 ps  Cin =  2.4 ff  Cout =   6.6 ff  Cmax = 309.5 ff  G =  270  
ABC: Path  6 --     183 : 3    4 sky130_fd_sc_hd__and3_2   A =   7.51  Df =1493.0 -165.0 ps  S =  99.9 ps  Cin =  1.5 ff  Cout =  15.2 ff  Cmax = 309.5 ff  G =  979  
ABC: Path  7 --     192 : 4    2 sky130_fd_sc_hd__o2bb2a_2 A =  11.26  Df =1768.3 -211.1 ps  S =  61.7 ps  Cin =  1.8 ff  Cout =   7.3 ff  Cmax = 294.8 ff  G =  390  
ABC: Path  8 --     193 : 2    3 sky130_fd_sc_hd__nor2_2   A =   6.26  Df =1900.4  -25.0 ps  S = 142.5 ps  Cin =  4.4 ff  Cout =  10.7 ff  Cmax = 141.9 ff  G =  233  
ABC: Path  9 --     197 : 4    2 sky130_fd_sc_hd__and4_2   A =  10.01  Df =2135.1  -43.0 ps  S =  57.3 ps  Cin =  1.5 ff  Cout =   3.9 ff  Cmax = 300.3 ff  G =  249  
ABC: Path 10 --     206 : 3    2 sky130_fd_sc_hd__a21o_2   A =   8.76  Df =2305.4  -19.1 ps  S =  79.4 ps  Cin =  2.4 ff  Cout =  13.5 ff  Cmax = 309.5 ff  G =  556  
ABC: Path 11 --     221 : 2    2 sky130_fd_sc_hd__xnor2_2  A =  16.27  Df =2420.6   -0.1 ps  S = 103.7 ps  Cin =  8.5 ff  Cout =   3.1 ff  Cmax = 121.8 ff  G =   34  
ABC: Path 12 --     237 : 4    1 sky130_fd_sc_hd__or4b_2   A =  10.01  Df =3069.2 -522.3 ps  S =  95.5 ps  Cin =  1.5 ff  Cout =   2.5 ff  Cmax = 265.5 ff  G =  158  
ABC: Path 13 --     238 : 4    3 sky130_fd_sc_hd__o31a_2   A =  10.01  Df =3379.5 -489.8 ps  S =  61.5 ps  Cin =  2.3 ff  Cout =   7.5 ff  Cmax = 285.7 ff  G =  297  
ABC: Path 14 --     247 : 4    1 sky130_fd_sc_hd__a31o_2   A =   8.76  Df =3588.5 -554.4 ps  S =  36.7 ps  Cin =  2.4 ff  Cout =   2.5 ff  Cmax = 271.9 ff  G =   98  
ABC: Path 15 --     248 : 4    1 sky130_fd_sc_hd__a22o_2   A =  10.01  Df =3891.6 -625.1 ps  S = 180.0 ps  Cin =  2.3 ff  Cout =  33.4 ff  Cmax = 301.2 ff  G = 1424  
ABC: Start-point = pi2 (\scale [3]).  End-point = po3 ($auto$rtlil.cc:2607:MuxGate$1416).
ABC: + print_stats -m 
ABC: netlist                       : i/o =   34/   13  lat =    0  nd =   219  edge =    607  area =1962.18  delay =15.00  lev = 15
ABC: + write_blif /tmp/yosys-abc-OCdFlN/output.blif 

54.1.2. Re-integrating ABC results.
ABC RESULTS:   sky130_fd_sc_hd__or4_2 cells:        1
ABC RESULTS:   sky130_fd_sc_hd__or3b_2 cells:        1
ABC RESULTS:   sky130_fd_sc_hd__buf_1 cells:       10
ABC RESULTS:   sky130_fd_sc_hd__nand3b_2 cells:        1
ABC RESULTS:   sky130_fd_sc_hd__or2_2 cells:        5
ABC RESULTS:   sky130_fd_sc_hd__nand4_2 cells:        6
ABC RESULTS:   sky130_fd_sc_hd__nor3b_2 cells:        1
ABC RESULTS:   sky130_fd_sc_hd__nand3_2 cells:       11
ABC RESULTS:   sky130_fd_sc_hd__and4bb_2 cells:        1
ABC RESULTS:   sky130_fd_sc_hd__o2bb2a_2 cells:        2
ABC RESULTS:   sky130_fd_sc_hd__xor2_2 cells:        6
ABC RESULTS:   sky130_fd_sc_hd__and4_2 cells:        5
ABC RESULTS:   sky130_fd_sc_hd__a21oi_2 cells:        8
ABC RESULTS:   sky130_fd_sc_hd__mux2_2 cells:        3
ABC RESULTS:   sky130_fd_sc_hd__nand2_2 cells:       12
ABC RESULTS:   sky130_fd_sc_hd__o22a_2 cells:        2
ABC RESULTS:   sky130_fd_sc_hd__o211ai_2 cells:        1
ABC RESULTS:   sky130_fd_sc_hd__or2b_2 cells:        2
ABC RESULTS:   sky130_fd_sc_hd__xnor2_2 cells:       11
ABC RESULTS:   sky130_fd_sc_hd__and3_2 cells:        9
ABC RESULTS:   sky130_fd_sc_hd__o221a_2 cells:        2
ABC RESULTS:   sky130_fd_sc_hd__nor2_2 cells:       10
ABC RESULTS:   sky130_fd_sc_hd__and2b_2 cells:        4
ABC RESULTS:   sky130_fd_sc_hd__o21a_2 cells:        5
ABC RESULTS:   sky130_fd_sc_hd__o21ai_2 cells:        4
ABC RESULTS:   sky130_fd_sc_hd__o21ba_2 cells:        3
ABC RESULTS:   sky130_fd_sc_hd__o211a_2 cells:        1
ABC RESULTS:   sky130_fd_sc_hd__or4b_2 cells:        1
ABC RESULTS:   sky130_fd_sc_hd__o31a_2 cells:        2
ABC RESULTS:   sky130_fd_sc_hd__inv_2 cells:        8
ABC RESULTS:   sky130_fd_sc_hd__a21o_2 cells:       15
ABC RESULTS:   sky130_fd_sc_hd__a22o_2 cells:       16
ABC RESULTS:   sky130_fd_sc_hd__or3_2 cells:        3
ABC RESULTS:   sky130_fd_sc_hd__a21bo_2 cells:        9
ABC RESULTS:   sky130_fd_sc_hd__and2_2 cells:       22
ABC RESULTS:   sky130_fd_sc_hd__a31o_2 cells:       16
ABC RESULTS:        internal signals:      313
ABC RESULTS:           input signals:       34
ABC RESULTS:          output signals:       13
Removing temp directory.

55. Executing SETUNDEF pass (replace undef values with defined constants).

56. Executing HILOMAP pass (mapping to constant drivers).

57. Executing SPLITNETS pass (splitting up multi-bit signals).

58. Executing OPT_CLEAN pass (remove unused cells and wires).
Finding unused cells or wires in module \gear_quantizer..
Removed 0 unused cells and 360 unused wires.
<suppressed ~2 debug messages>

59. Executing INSBUF pass (insert buffer cells for connected wires).

60. Executing CHECK pass (checking for obvious problems).
Checking module gear_quantizer...
Warning: Wire gear_quantizer.\valid_out is used but has no driver.
Warning: Wire gear_quantizer.\sideband_out [7] is used but has no driver.
Warning: Wire gear_quantizer.\sideband_out [6] is used but has no driver.
Warning: Wire gear_quantizer.\sideband_out [5] is used but has no driver.
Warning: Wire gear_quantizer.\sideband_out [4] is used but has no driver.
Warning: Wire gear_quantizer.\sideband_out [3] is used but has no driver.
Warning: Wire gear_quantizer.\sideband_out [2] is used but has no driver.
Warning: Wire gear_quantizer.\sideband_out [1] is used but has no driver.
Warning: Wire gear_quantizer.\sideband_out [0] is used but has no driver.
Warning: Wire gear_quantizer.\is_outlier is used but has no driver.
Warning: Wire gear_quantizer.\int4_out [3] is used but has no driver.
Warning: Wire gear_quantizer.\int4_out [2] is used but has no driver.
Warning: Wire gear_quantizer.\int4_out [1] is used but has no driver.
Warning: Wire gear_quantizer.\int4_out [0] is used but has no driver.
Found and reported 14 problems.

61. Printing statistics.

=== gear_quantizer ===

   Number of wires:                230
   Number of wire bits:            257
   Number of public wires:          11
   Number of public wire bits:      38
   Number of memories:               0
   Number of memory bits:            0
   Number of processes:              0
   Number of cells:                233
     sky130_fd_sc_hd__a21bo_2        9
     sky130_fd_sc_hd__a21o_2        15
     sky130_fd_sc_hd__a21oi_2        8
     sky130_fd_sc_hd__a22o_2        16
     sky130_fd_sc_hd__a31o_2        16
     sky130_fd_sc_hd__and2_2        22
     sky130_fd_sc_hd__and2b_2        4
     sky130_fd_sc_hd__and3_2         9
     sky130_fd_sc_hd__and4_2         5
     sky130_fd_sc_hd__and4bb_2       1
     sky130_fd_sc_hd__buf_1         10
     sky130_fd_sc_hd__dfrtp_2       14
     sky130_fd_sc_hd__inv_2          8
     sky130_fd_sc_hd__mux2_2         3
     sky130_fd_sc_hd__nand2_2       12
     sky130_fd_sc_hd__nand3_2       11
     sky130_fd_sc_hd__nand3b_2       1
     sky130_fd_sc_hd__nand4_2        6
     sky130_fd_sc_hd__nor2_2        10
     sky130_fd_sc_hd__nor3b_2        1
     sky130_fd_sc_hd__o211a_2        1
     sky130_fd_sc_hd__o211ai_2       1
     sky130_fd_sc_hd__o21a_2         5
     sky130_fd_sc_hd__o21ai_2        4
     sky130_fd_sc_hd__o21ba_2        3
     sky130_fd_sc_hd__o221a_2        2
     sky130_fd_sc_hd__o22a_2         2
     sky130_fd_sc_hd__o2bb2a_2       2
     sky130_fd_sc_hd__o31a_2         2
     sky130_fd_sc_hd__or2_2          5
     sky130_fd_sc_hd__or2b_2         2
     sky130_fd_sc_hd__or3_2          3
     sky130_fd_sc_hd__or3b_2         1
     sky130_fd_sc_hd__or4_2          1
     sky130_fd_sc_hd__or4b_2         1
     sky130_fd_sc_hd__xnor2_2       11
     sky130_fd_sc_hd__xor2_2         6

   Chip area for module '\gear_quantizer': 2329.734400

62. Executing Verilog backend.
Dumping module `\gear_quantizer'.

Warnings: 14 unique messages, 14 total
End of script. Logfile hash: 50e0be25b8, CPU: user 0.58s system 0.02s, MEM: 28.88 MB peak
Yosys 0.30+48 (git sha1 14d50a176d5, gcc 8.3.1 -fPIC -Os)
Time spent: 57% 2x abc (0 sec), 8% 4x stat (0 sec), ...
