
===========================================================================
report_checks -unconstrained
===========================================================================
======================= Typical Corner ===================================

Startpoint: rst_n (input port clocked by clk)
Endpoint: _441_ (recovery check against rising-edge clock clk)
Path Group: asynchronous
Path Type: max

Fanout     Cap    Slew   Delay    Time   Description
-----------------------------------------------------------------------------
                          0.00    0.00   clock clk (rise edge)
                          0.00    0.00   clock network delay (propagated)
                          5.00    5.00 ^ input external delay
                  0.02    0.01    5.01 ^ rst_n (in)
     1    0.00                           rst_n (net)
                  0.02    0.00    5.01 ^ input9/A (sky130_fd_sc_hd__clkbuf_2)
                  0.13    0.17    5.18 ^ input9/X (sky130_fd_sc_hd__clkbuf_2)
     5    0.02                           net9 (net)
                  0.13    0.00    5.18 ^ fanout37/A (sky130_fd_sc_hd__buf_4)
                  0.16    0.24    5.41 ^ fanout37/X (sky130_fd_sc_hd__buf_4)
    10    0.06                           net37 (net)
                  0.16    0.00    5.42 ^ _441_/RESET_B (sky130_fd_sc_hd__dfrtp_1)
                                  5.42   data arrival time

                         25.00   25.00   clock clk (rise edge)
                          0.00   25.00   clock source latency
                  0.06    0.04   25.04 ^ clk (in)
     1    0.01                           clk (net)
                  0.06    0.00   25.04 ^ clkbuf_0_clk/A (sky130_fd_sc_hd__clkbuf_16)
                  0.04    0.13   25.17 ^ clkbuf_0_clk/X (sky130_fd_sc_hd__clkbuf_16)
     2    0.02                           clknet_0_clk (net)
                  0.04    0.00   25.17 ^ clkbuf_1_1__f_clk/A (sky130_fd_sc_hd__clkbuf_16)
                  0.04    0.12   25.29 ^ clkbuf_1_1__f_clk/X (sky130_fd_sc_hd__clkbuf_16)
     6    0.02                           clknet_1_1__leaf_clk (net)
                  0.04    0.00   25.29 ^ _441_/CLK (sky130_fd_sc_hd__dfrtp_1)
                         -0.25   25.04   clock uncertainty
                          0.00   25.04   clock reconvergence pessimism
                          0.20   25.24   library recovery time
                                 25.24   data required time
-----------------------------------------------------------------------------
                                 25.24   data required time
                                 -5.42   data arrival time
-----------------------------------------------------------------------------
                                 19.82   slack (MET)


Startpoint: scale[2] (input port clocked by clk)
Endpoint: _440_ (rising edge-triggered flip-flop clocked by clk)
Path Group: clk
Path Type: max

Fanout     Cap    Slew   Delay    Time   Description
-----------------------------------------------------------------------------
                          0.00    0.00   clock clk (rise edge)
                          0.00    0.00   clock network delay (propagated)
                          5.00    5.00 v input external delay
                  0.01    0.01    5.01 v scale[2] (in)
     1    0.00                           scale[2] (net)
                  0.01    0.00    5.01 v input12/A (sky130_fd_sc_hd__clkbuf_2)
                  0.12    0.17    5.17 v input12/X (sky130_fd_sc_hd__clkbuf_2)
     7    0.03                           net12 (net)
                  0.12    0.00    5.18 v _258_/A (sky130_fd_sc_hd__buf_2)
                  0.09    0.23    5.40 v _258_/X (sky130_fd_sc_hd__buf_2)
    10    0.04                           _206_ (net)
                  0.09    0.00    5.40 v _287_/A1 (sky130_fd_sc_hd__a22o_1)
                  0.07    0.26    5.67 v _287_/X (sky130_fd_sc_hd__a22o_1)
     3    0.01                           _029_ (net)
                  0.07    0.00    5.67 v _301_/A2 (sky130_fd_sc_hd__a21o_1)
                  0.05    0.21    5.87 v _301_/X (sky130_fd_sc_hd__a21o_1)
     2    0.01                           _043_ (net)
                  0.05    0.00    5.87 v _306_/A2 (sky130_fd_sc_hd__a21o_1)
                  0.06    0.21    6.08 v _306_/X (sky130_fd_sc_hd__a21o_1)
     3    0.01                           _048_ (net)
                  0.06    0.00    6.08 v _324_/A2 (sky130_fd_sc_hd__a21o_1)
                  0.04    0.20    6.28 v _324_/X (sky130_fd_sc_hd__a21o_1)
     2    0.01                           _066_ (net)
                  0.04    0.00    6.28 v _325_/C (sky130_fd_sc_hd__and3_2)
                  0.07    0.26    6.54 v _325_/X (sky130_fd_sc_hd__and3_2)
     4    0.02                           _067_ (net)
                  0.07    0.00    6.54 v _340_/A (sky130_fd_sc_hd__nor3b_1)
                  0.33    0.35    6.89 ^ _340_/Y (sky130_fd_sc_hd__nor3b_1)
     3    0.01                           _082_ (net)
                  0.33    0.00    6.89 ^ _342_/A (sky130_fd_sc_hd__nor2_1)
                  0.10    0.14    7.03 v _342_/Y (sky130_fd_sc_hd__nor2_1)
     3    0.01                           _084_ (net)
                  0.10    0.00    7.03 v _376_/A1 (sky130_fd_sc_hd__a31o_1)
                  0.04    0.21    7.24 v _376_/X (sky130_fd_sc_hd__a31o_1)
     1    0.00                           _118_ (net)
                  0.04    0.00    7.24 v _377_/B1 (sky130_fd_sc_hd__a21o_1)
                  0.06    0.18    7.42 v _377_/X (sky130_fd_sc_hd__a21o_1)
     2    0.01                           _119_ (net)
                  0.06    0.00    7.42 v _379_/A2 (sky130_fd_sc_hd__a21oi_1)
                  0.26    0.27    7.69 ^ _379_/Y (sky130_fd_sc_hd__a21oi_1)
     2    0.01                           _121_ (net)
                  0.26    0.00    7.69 ^ _380_/S (sky130_fd_sc_hd__mux2_1)
                  0.08    0.40    8.09 v _380_/X (sky130_fd_sc_hd__mux2_1)
     2    0.01                           _122_ (net)
                  0.08    0.00    8.09 v _409_/A1 (sky130_fd_sc_hd__o31a_1)
                  0.07    0.35    8.44 v _409_/X (sky130_fd_sc_hd__o31a_1)
     3    0.01                           _151_ (net)
                  0.07    0.00    8.44 v _410_/B1 (sky130_fd_sc_hd__a31o_1)
                  0.06    0.23    8.67 v _410_/X (sky130_fd_sc_hd__a31o_1)
     1    0.01                           _152_ (net)
                  0.06    0.00    8.67 v _411_/B2 (sky130_fd_sc_hd__a22o_1)
                  0.04    0.21    8.88 v _411_/X (sky130_fd_sc_hd__a22o_1)
     1    0.00                           _001_ (net)
                  0.04    0.00    8.88 v _440_/D (sky130_fd_sc_hd__dfrtp_1)
                                  8.88   data arrival time

                         25.00   25.00   clock clk (rise edge)
                          0.00   25.00   clock source latency
                  0.06    0.04   25.04 ^ clk (in)
     1    0.01                           clk (net)
                  0.06    0.00   25.04 ^ clkbuf_0_clk/A (sky130_fd_sc_hd__clkbuf_16)
                  0.04    0.13   25.17 ^ clkbuf_0_clk/X (sky130_fd_sc_hd__clkbuf_16)
     2    0.02                           clknet_0_clk (net)
                  0.04    0.00   25.17 ^ clkbuf_1_0__f_clk/A (sky130_fd_sc_hd__clkbuf_16)
                  0.05    0.12   25.29 ^ clkbuf_1_0__f_clk/X (sky130_fd_sc_hd__clkbuf_16)
     8    0.03                           clknet_1_0__leaf_clk (net)
                  0.05    0.00   25.29 ^ _440_/CLK (sky130_fd_sc_hd__dfrtp_1)
                         -0.25   25.04   clock uncertainty
                          0.00   25.04   clock reconvergence pessimism
                         -0.11   24.93   library setup time
                                 24.93   data required time
-----------------------------------------------------------------------------
                                 24.93   data required time
                                 -8.88   data arrival time
-----------------------------------------------------------------------------
                                 16.05   slack (MET)




===========================================================================
report_checks --slack_max -0.01
============================================================================
======================= Typical Corner ===================================

No paths found.


===========================================================================
 report_check_types -max_slew -max_cap -max_fanout -violators
============================================================================
======================= Typical Corner ===================================



===========================================================================
report_parasitic_annotation -report_unannotated
============================================================================
Found 1 unannotated drivers.
 round_mode
Found 0 partially unannotated drivers.

===========================================================================
max slew violation count 0
max fanout violation count 0
max cap violation count 0
============================================================================

===========================================================================
check_setup -verbose -unconstrained_endpoints -multiple_clock -no_clock -no_input_delay -loops -generated_clocks
===========================================================================
