Instance name,  X location,  Y location,  Voltage 
input3, 71.93, 84.32, 1.79997
input16, 71.93, 84.32, 1.79997
FILLER_0_26_136, 71.93, 84.32, 1.79997
FILLER_0_25_149, 71.93, 78.88, 1.79998
FILLER_0_26_153, 71.93, 78.88, 1.79998
FILLER_0_24_153, 71.93, 73.44, 1.79998
FILLER_0_21_149, 71.93, 68, 1.79997
FILLER_0_22_153, 71.93, 68, 1.79997
FILLER_0_20_153, 71.93, 62.56, 1.79998
hold13, 71.93, 57.12, 1.79998
FILLER_0_18_153, 71.93, 57.12, 1.79998
fanout37, 71.93, 51.68, 1.79997
FILLER_0_13_151, 71.93, 46.24, 1.79997
FILLER_0_14_147, 71.93, 46.24, 1.79997
hold11, 71.93, 40.8, 1.79997
FILLER_0_12_153, 71.93, 40.8, 1.79997
hold6, 71.93, 35.36, 1.79996
FILLER_0_10_153, 71.93, 35.36, 1.79996
hold10, 71.93, 29.92, 1.79996
FILLER_0_6_136, 71.93, 29.92, 1.79996
FILLER_0_8_153, 71.93, 29.92, 1.79996
FILLER_0_5_154, 71.93, 24.48, 1.79997
FILLER_0_6_149, 71.93, 24.48, 1.79997
FILLER_0_4_153, 71.93, 19.04, 1.79997
input7, 71.93, 13.6, 1.79996
FILLER_0_0_141, 71.93, 13.6, 1.79996
FILLER_0_2_153, 71.93, 13.6, 1.79996
input4, 52.955, 84.32, 1.79997
_364_, 52.955, 73.44, 1.79997
_398_, 52.955, 73.44, 1.79997
FILLER_0_23_109, 52.955, 73.44, 1.79997
_402_, 52.955, 68, 1.79997
_404_, 52.955, 68, 1.79997
_405_, 52.955, 68, 1.79997
_407_, 52.955, 68, 1.79997
FILLER_0_21_107, 52.955, 68, 1.79997
FILLER_0_19_106, 52.955, 62.56, 1.79998
_415_, 52.955, 57.12, 1.79997
_441_, 52.955, 57.12, 1.79997
hold4, 52.955, 57.12, 1.79997
FILLER_0_17_104, 52.955, 57.12, 1.79997
_237_, 52.955, 51.68, 1.79997
_238_, 52.955, 51.68, 1.79997
FILLER_0_14_95, 52.955, 51.68, 1.79997
FILLER_0_15_108, 52.955, 51.68, 1.79997
FILLER_0_15_113, 52.955, 51.68, 1.79997
_236_, 52.955, 46.24, 1.79997
_240_, 52.955, 46.24, 1.79997
_241_, 52.955, 46.24, 1.79997
_248_, 52.955, 46.24, 1.79997
_249_, 52.955, 46.24, 1.79997
FILLER_0_13_93, 52.955, 46.24, 1.79997
FILLER_0_14_108, 52.955, 46.24, 1.79997
_247_, 52.955, 40.8, 1.79996
_250_, 52.955, 40.8, 1.79996
_251_, 52.955, 40.8, 1.79996
FILLER_0_10_95, 52.955, 40.8, 1.79996
FILLER_0_11_94, 52.955, 40.8, 1.79996
FILLER_0_11_105, 52.955, 40.8, 1.79996
FILLER_0_11_113, 52.955, 40.8, 1.79996
FILLER_0_12_107, 52.955, 40.8, 1.79996
_228_, 52.955, 35.36, 1.79995
_231_, 52.955, 35.36, 1.79995
_253_, 52.955, 35.36, 1.79995
_285_, 52.955, 35.36, 1.79995
FILLER_0_10_111, 52.955, 35.36, 1.79995
_226_, 52.955, 29.92, 1.79996
_229_, 52.955, 29.92, 1.79996
_244_, 52.955, 29.92, 1.79996
_252_, 52.955, 29.92, 1.79996
FILLER_0_7_98, 52.955, 29.92, 1.79996
FILLER_0_7_105, 52.955, 29.92, 1.79996
FILLER_0_7_113, 52.955, 29.92, 1.79996
FILLER_0_8_113, 52.955, 29.92, 1.79996
_243_, 52.955, 24.48, 1.79996
_245_, 52.955, 24.48, 1.79996
_246_, 52.955, 24.48, 1.79996
FILLER_0_5_93, 52.955, 24.48, 1.79996
FILLER_0_5_105, 52.955, 24.48, 1.79996
FILLER_0_3_105, 52.955, 19.04, 1.79996
FILLER_0_0_109, 52.955, 13.6, 1.79996
FILLER_0_1_105, 52.955, 13.6, 1.79996
_346_, 33.98, 84.32, 1.79997
input18, 33.98, 84.32, 1.79997
FILLER_0_26_60, 33.98, 84.32, 1.79997
FILLER_0_27_69, 33.98, 84.32, 1.79997
_328_, 33.98, 78.88, 1.79997
_337_, 33.98, 78.88, 1.79997
_352_, 33.98, 78.88, 1.79997
_354_, 33.98, 78.88, 1.79997
_360_, 33.98, 78.88, 1.79997
_361_, 33.98, 78.88, 1.79997
FILLER_0_24_58, 33.98, 78.88, 1.79997
_314_, 33.98, 73.44, 1.79997
_339_, 33.98, 73.44, 1.79997
_355_, 33.98, 73.44, 1.79997
_365_, 33.98, 73.44, 1.79997
_366_, 33.98, 73.44, 1.79997
FILLER_0_22_59, 33.98, 73.44, 1.79997
FILLER_0_23_53, 33.98, 73.44, 1.79997
FILLER_0_24_72, 33.98, 73.44, 1.79997
_325_, 33.98, 68, 1.79997
_340_, 33.98, 68, 1.79997
_341_, 33.98, 68, 1.79997
_345_, 33.98, 68, 1.79997
FILLER_0_21_52, 33.98, 68, 1.79997
FILLER_0_22_70, 33.98, 68, 1.79997
_356_, 33.98, 62.56, 1.79997
_358_, 33.98, 62.56, 1.79997
_370_, 33.98, 62.56, 1.79997
_375_, 33.98, 62.56, 1.79997
FILLER_0_18_58, 33.98, 62.56, 1.79997
FILLER_0_19_57, 33.98, 62.56, 1.79997
FILLER_0_20_71, 33.98, 62.56, 1.79997
_369_, 33.98, 57.12, 1.79997
_371_, 33.98, 57.12, 1.79997
_413_, 33.98, 57.12, 1.79997
_416_, 33.98, 57.12, 1.79997
_417_, 33.98, 57.12, 1.79997
_418_, 33.98, 57.12, 1.79997
FILLER_0_17_66, 33.98, 57.12, 1.79997
_310_, 33.98, 51.68, 1.79996
_343_, 33.98, 51.68, 1.79996
_410_, 33.98, 51.68, 1.79996
_414_, 33.98, 51.68, 1.79996
FILLER_0_15_53, 33.98, 51.68, 1.79996
FILLER_0_15_57, 33.98, 51.68, 1.79996
FILLER_0_15_70, 33.98, 51.68, 1.79996
_294_, 33.98, 46.24, 1.79996
_309_, 33.98, 46.24, 1.79996
_311_, 33.98, 46.24, 1.79996
_344_, 33.98, 46.24, 1.79996
FILLER_0_13_72, 33.98, 46.24, 1.79996
FILLER_0_14_67, 33.98, 46.24, 1.79996
_256_, 33.98, 40.8, 1.79996
_272_, 33.98, 40.8, 1.79996
_297_, 33.98, 40.8, 1.79996
_298_, 33.98, 40.8, 1.79996
_384_, 33.98, 40.8, 1.79996
FILLER_0_11_66, 33.98, 40.8, 1.79996
FILLER_0_12_63, 33.98, 40.8, 1.79996
_271_, 33.98, 35.36, 1.79993
_295_, 33.98, 35.36, 1.79993
clkbuf_0_clk, 33.98, 35.36, 1.79993
FILLER_0_9_57, 33.98, 35.36, 1.79993
_224_, 33.98, 29.92, 1.79996
_279_, 33.98, 29.92, 1.79996
_280_, 33.98, 29.92, 1.79996
_281_, 33.98, 29.92, 1.79996
_282_, 33.98, 29.92, 1.79996
_284_, 33.98, 29.92, 1.79996
_296_, 33.98, 29.92, 1.79996
_387_, 33.98, 29.92, 1.79996
hold8, 33.98, 29.92, 1.79996
FILLER_0_8_63, 33.98, 29.92, 1.79996
_385_, 33.98, 24.48, 1.79996
_386_, 33.98, 24.48, 1.79996
FILLER_0_0_69, 33.98, 13.6, 1.79996
_329_, 15.005, 78.88, 1.79997
_335_, 15.005, 78.88, 1.79997
_336_, 15.005, 78.88, 1.79997
FILLER_0_24_15, 15.005, 78.88, 1.79997
_317_, 15.005, 73.44, 1.79997
_318_, 15.005, 73.44, 1.79997
_320_, 15.005, 73.44, 1.79997
_330_, 15.005, 73.44, 1.79997
FILLER_0_23_15, 15.005, 73.44, 1.79997
_223_, 15.005, 68, 1.79997
_315_, 15.005, 68, 1.79997
_332_, 15.005, 68, 1.79997
FILLER_0_20_15, 15.005, 68, 1.79997
FILLER_0_21_18, 15.005, 68, 1.79997
FILLER_0_22_25, 15.005, 68, 1.79997
FILLER_0_22_29, 15.005, 68, 1.79997
_303_, 15.005, 62.56, 1.79997
_305_, 15.005, 62.56, 1.79997
_319_, 15.005, 62.56, 1.79997
FILLER_0_18_16, 15.005, 62.56, 1.79997
FILLER_0_19_15, 15.005, 62.56, 1.79997
FILLER_0_20_24, 15.005, 62.56, 1.79997
_304_, 15.005, 57.12, 1.79996
_419_, 15.005, 57.12, 1.79996
hold5, 15.005, 57.12, 1.79996
FILLER_0_18_29, 15.005, 57.12, 1.79996
_288_, 15.005, 51.68, 1.79996
FILLER_0_15_23, 15.005, 51.68, 1.79996
_254_, 15.005, 46.24, 1.79996
_290_, 15.005, 46.24, 1.79996
output27, 15.005, 46.24, 1.79996
hold1, 15.005, 46.24, 1.79996
hold3, 15.005, 46.24, 1.79996
FILLER_0_13_15, 15.005, 46.24, 1.79996
FILLER_0_13_26, 15.005, 46.24, 1.79996
_258_, 15.005, 40.8, 1.79996
_259_, 15.005, 40.8, 1.79996
_261_, 15.005, 40.8, 1.79996
_262_, 15.005, 40.8, 1.79996
_420_, 15.005, 40.8, 1.79996
hold12, 15.005, 40.8, 1.79996
_265_, 15.005, 35.36, 1.79993
_432_, 15.005, 35.36, 1.79993
clkbuf_1_0__f_clk, 15.005, 35.36, 1.79993
_221_, 15.005, 29.92, 1.79995
_264_, 15.005, 29.92, 1.79995
_268_, 15.005, 29.92, 1.79995
_273_, 15.005, 29.92, 1.79995
hold7, 15.005, 29.92, 1.79995
FILLER_0_7_21, 15.005, 29.92, 1.79995
_450_, 15.005, 24.48, 1.79995
FILLER_0_6_29, 15.005, 24.48, 1.79995
_435_, 15.005, 19.04, 1.79996
FILLER_0_4_23, 15.005, 19.04, 1.79996
output33, 15.005, 13.6, 1.79996
output34, 15.005, 13.6, 1.79996
FILLER_0_0_19, 15.005, 13.6, 1.79996
FILLER_0_2_21, 15.005, 13.6, 1.79996
PHY_52, 5.52, 84.32, 1.79997
PHY_54, 5.52, 84.32, 1.79997
input6, 5.52, 84.32, 1.79997
input12, 5.52, 84.32, 1.79997
input22, 5.52, 84.32, 1.79997
PHY_53, 81.42, 84.32, 1.79997
PHY_55, 81.42, 84.32, 1.79997
input17, 81.42, 84.32, 1.79997
output31, 81.42, 84.32, 1.79997
_334_, 24.492, 84.32, 1.79997
_347_, 24.492, 84.32, 1.79997
_348_, 24.492, 84.32, 1.79997
output25, 24.492, 84.32, 1.79997
FILLER_0_27_41, 24.492, 84.32, 1.79997
FILLER_0_27_49, 24.492, 84.32, 1.79997
input19, 43.467, 84.32, 1.79997
FILLER_0_27_76, 43.467, 84.32, 1.79997
FILLER_0_27_85, 43.467, 84.32, 1.79997
input5, 62.442, 84.32, 1.79997
FILLER_0_27_133, 62.442, 84.32, 1.79997
PHY_48, 5.52, 78.88, 1.79996
PHY_50, 5.52, 78.88, 1.79996
output26, 5.52, 78.88, 1.79996
PHY_49, 81.42, 78.88, 1.79998
PHY_51, 81.42, 78.88, 1.79998
input10, 81.42, 78.88, 1.79998
_222_, 24.492, 78.88, 1.79997
_331_, 24.492, 78.88, 1.79997
_350_, 24.492, 78.88, 1.79997
_351_, 24.492, 78.88, 1.79997
_353_, 24.492, 78.88, 1.79997
FILLER_0_25_33, 24.492, 78.88, 1.79997
_359_, 43.467, 78.88, 1.79997
_363_, 43.467, 78.88, 1.79997
_374_, 43.467, 78.88, 1.79997
FILLER_0_25_77, 43.467, 78.88, 1.79997
PHY_44, 5.52, 73.44, 1.79997
PHY_46, 5.52, 73.44, 1.79997
PHY_45, 81.42, 73.44, 1.79998
PHY_47, 81.42, 73.44, 1.79998
_321_, 24.492, 73.44, 1.79997
_322_, 24.492, 73.44, 1.79997
_327_, 24.492, 73.44, 1.79997
_338_, 24.492, 73.44, 1.79997
FILLER_0_24_47, 24.492, 73.44, 1.79997
_342_, 43.467, 73.44, 1.79997
_362_, 43.467, 73.44, 1.79997
_367_, 43.467, 73.44, 1.79997
_399_, 43.467, 73.44, 1.79997
FILLER_0_24_131, 62.442, 73.44, 1.79998
_333_, 5.52, 68, 1.79997
PHY_40, 5.52, 68, 1.79997
PHY_42, 5.52, 68, 1.79997
input2, 5.52, 68, 1.79997
FILLER_0_21_6, 5.52, 68, 1.79997
FILLER_0_22_3, 5.52, 68, 1.79997
PHY_41, 81.42, 68, 1.79997
PHY_43, 81.42, 68, 1.79997
output24, 81.42, 68, 1.79997
_302_, 24.492, 68, 1.79997
_316_, 24.492, 68, 1.79997
_323_, 24.492, 68, 1.79997
_326_, 24.492, 68, 1.79997
FILLER_0_20_38, 24.492, 68, 1.79997
FILLER_0_21_43, 24.492, 68, 1.79997
FILLER_0_22_42, 24.492, 68, 1.79997
_376_, 43.467, 68, 1.79997
_401_, 43.467, 68, 1.79997
_403_, 43.467, 68, 1.79997
_406_, 43.467, 68, 1.79997
FILLER_0_20_80, 43.467, 68, 1.79997
FILLER_0_21_84, 43.467, 68, 1.79997
PHY_36, 5.52, 62.56, 1.79997
PHY_38, 5.52, 62.56, 1.79997
PHY_37, 81.42, 62.56, 1.79998
PHY_39, 81.42, 62.56, 1.79998
_306_, 24.492, 62.56, 1.79997
_307_, 24.492, 62.56, 1.79997
_308_, 24.492, 62.56, 1.79997
_313_, 24.492, 62.56, 1.79997
_324_, 24.492, 62.56, 1.79997
_368_, 43.467, 62.56, 1.79997
_372_, 43.467, 62.56, 1.79997
_377_, 43.467, 62.56, 1.79997
_393_, 43.467, 62.56, 1.79997
_400_, 43.467, 62.56, 1.79997
FILLER_0_19_79, 43.467, 62.56, 1.79997
_411_, 5.52, 57.12, 1.79996
PHY_32, 5.52, 57.12, 1.79996
PHY_34, 5.52, 57.12, 1.79996
output23, 5.52, 57.12, 1.79996
hold2, 5.52, 57.12, 1.79996
FILLER_0_17_3, 5.52, 57.12, 1.79996
PHY_33, 81.42, 57.12, 1.79998
PHY_35, 81.42, 57.12, 1.79998
input9, 81.42, 57.12, 1.79998
_286_, 24.492, 57.12, 1.79996
_289_, 24.492, 57.12, 1.79996
_300_, 24.492, 57.12, 1.79996
_349_, 24.492, 57.12, 1.79996
_357_, 24.492, 57.12, 1.79996
FILLER_0_17_32, 24.492, 57.12, 1.79996
FILLER_0_17_41, 24.492, 57.12, 1.79996
FILLER_0_18_49, 24.492, 57.12, 1.79996
_373_, 43.467, 57.12, 1.79997
_394_, 43.467, 57.12, 1.79997
_395_, 43.467, 57.12, 1.79997
_408_, 43.467, 57.12, 1.79997
_409_, 43.467, 57.12, 1.79997
_412_, 43.467, 57.12, 1.79997
FILLER_0_17_75, 43.467, 57.12, 1.79997
_429_, 62.442, 57.12, 1.79997
FILLER_0_18_133, 62.442, 57.12, 1.79997
_440_, 5.52, 51.68, 1.79995
_442_, 5.52, 51.68, 1.79995
PHY_28, 5.52, 51.68, 1.79995
PHY_30, 5.52, 51.68, 1.79995
FILLER_0_16_3, 5.52, 51.68, 1.79995
PHY_29, 81.42, 51.68, 1.79997
PHY_31, 81.42, 51.68, 1.79997
output36, 81.42, 51.68, 1.79997
_287_, 24.492, 51.68, 1.79996
_301_, 24.492, 51.68, 1.79996
FILLER_0_15_45, 24.492, 51.68, 1.79996
_312_, 43.467, 51.68, 1.79996
_379_, 43.467, 51.68, 1.79996
_391_, 43.467, 51.68, 1.79996
_392_, 43.467, 51.68, 1.79996
_397_, 43.467, 51.68, 1.79996
FILLER_0_16_92, 43.467, 51.68, 1.79996
_239_, 62.442, 51.68, 1.79996
_428_, 62.442, 51.68, 1.79996
_439_, 62.442, 51.68, 1.79996
_447_, 62.442, 51.68, 1.79996
FILLER_0_16_133, 62.442, 51.68, 1.79996
_255_, 5.52, 46.24, 1.79995
_438_, 5.52, 46.24, 1.79995
PHY_24, 5.52, 46.24, 1.79995
PHY_26, 5.52, 46.24, 1.79995
FILLER_0_13_3, 5.52, 46.24, 1.79995
PHY_25, 81.42, 46.24, 1.79997
PHY_27, 81.42, 46.24, 1.79997
FILLER_0_13_159, 81.42, 46.24, 1.79997
_263_, 24.492, 46.24, 1.79996
_291_, 24.492, 46.24, 1.79996
_292_, 24.492, 46.24, 1.79996
_293_, 24.492, 46.24, 1.79996
_299_, 24.492, 46.24, 1.79996
FILLER_0_12_41, 24.492, 46.24, 1.79996
FILLER_0_13_47, 24.492, 46.24, 1.79996
_225_, 43.467, 46.24, 1.79996
_378_, 43.467, 46.24, 1.79996
_390_, 43.467, 46.24, 1.79996
FILLER_0_14_85, 43.467, 46.24, 1.79996
_219_, 62.442, 46.24, 1.79997
_242_, 62.442, 46.24, 1.79997
_421_, 5.52, 40.8, 1.79995
_443_, 5.52, 40.8, 1.79995
PHY_20, 5.52, 40.8, 1.79995
PHY_22, 5.52, 40.8, 1.79995
FILLER_0_12_3, 5.52, 40.8, 1.79995
PHY_21, 81.42, 40.8, 1.79996
PHY_23, 81.42, 40.8, 1.79996
output29, 81.42, 40.8, 1.79996
FILLER_0_11_157, 81.42, 40.8, 1.79996
_257_, 24.492, 40.8, 1.79996
_276_, 24.492, 40.8, 1.79996
_381_, 24.492, 40.8, 1.79996
_382_, 24.492, 40.8, 1.79996
_383_, 24.492, 40.8, 1.79996
_396_, 24.492, 40.8, 1.79996
FILLER_0_12_48, 24.492, 40.8, 1.79996
_234_, 43.467, 40.8, 1.79996
_235_, 43.467, 40.8, 1.79996
_380_, 43.467, 40.8, 1.79996
FILLER_0_11_87, 43.467, 40.8, 1.79996
FILLER_0_12_85, 43.467, 40.8, 1.79996
_427_, 62.442, 40.8, 1.79996
_446_, 62.442, 40.8, 1.79996
FILLER_0_12_134, 62.442, 40.8, 1.79996
_220_, 5.52, 35.36, 1.79993
PHY_16, 5.52, 35.36, 1.79993
PHY_18, 5.52, 35.36, 1.79993
input21, 5.52, 35.36, 1.79993
FILLER_0_9_3, 5.52, 35.36, 1.79993
PHY_17, 81.42, 35.36, 1.79996
PHY_19, 81.42, 35.36, 1.79996
FILLER_0_9_159, 81.42, 35.36, 1.79996
_260_, 24.492, 35.36, 1.79993
_266_, 24.492, 35.36, 1.79993
_270_, 24.492, 35.36, 1.79993
_274_, 24.492, 35.36, 1.79993
_275_, 24.492, 35.36, 1.79993
_277_, 24.492, 35.36, 1.79993
FILLER_0_9_50, 24.492, 35.36, 1.79993
FILLER_0_10_50, 24.492, 35.36, 1.79993
_388_, 43.467, 35.36, 1.79993
_389_, 43.467, 35.36, 1.79993
clkbuf_1_1__f_clk, 43.467, 35.36, 1.79993
FILLER_0_8_78, 43.467, 35.36, 1.79993
_425_, 62.442, 35.36, 1.79995
_426_, 62.442, 35.36, 1.79995
_445_, 62.442, 35.36, 1.79995
FILLER_0_10_132, 62.442, 35.36, 1.79995
_433_, 5.52, 29.92, 1.79995
_449_, 5.52, 29.92, 1.79995
PHY_12, 5.52, 29.92, 1.79995
PHY_14, 5.52, 29.92, 1.79995
FILLER_0_7_3, 5.52, 29.92, 1.79995
PHY_13, 81.42, 29.92, 1.79996
PHY_15, 81.42, 29.92, 1.79996
input14, 81.42, 29.92, 1.79996
_267_, 24.492, 29.92, 1.79995
_269_, 24.492, 29.92, 1.79995
_278_, 24.492, 29.92, 1.79995
_434_, 24.492, 29.92, 1.79995
hold9, 24.492, 29.92, 1.79995
FILLER_0_7_47, 24.492, 29.92, 1.79995
_230_, 43.467, 29.92, 1.79996
_232_, 43.467, 29.92, 1.79996
_233_, 43.467, 29.92, 1.79996
_283_, 43.467, 29.92, 1.79996
_424_, 62.442, 29.92, 1.79996
_431_, 62.442, 29.92, 1.79996
_448_, 62.442, 29.92, 1.79996
FILLER_0_8_131, 62.442, 29.92, 1.79996
_436_, 5.52, 24.48, 1.79995
_437_, 5.52, 24.48, 1.79995
PHY_8, 5.52, 24.48, 1.79995
PHY_10, 5.52, 24.48, 1.79995
input1, 5.52, 24.48, 1.79995
FILLER_0_5_3, 5.52, 24.48, 1.79995
FILLER_0_6_7, 5.52, 24.48, 1.79995
PHY_9, 81.42, 24.48, 1.79997
PHY_11, 81.42, 24.48, 1.79997
_422_, 24.492, 24.48, 1.79995
_444_, 24.492, 24.48, 1.79995
FILLER_0_4_36, 24.492, 24.48, 1.79995
_227_, 43.467, 24.48, 1.79996
FILLER_0_4_74, 43.467, 24.48, 1.79996
FILLER_0_6_85, 43.467, 24.48, 1.79996
FILLER_0_6_92, 43.467, 24.48, 1.79996
_430_, 62.442, 24.48, 1.79996
FILLER_0_5_117, 62.442, 24.48, 1.79996
_451_, 5.52, 19.04, 1.79995
PHY_4, 5.52, 19.04, 1.79995
PHY_6, 5.52, 19.04, 1.79995
PHY_5, 81.42, 19.04, 1.79996
PHY_7, 81.42, 19.04, 1.79996
output32, 81.42, 19.04, 1.79996
_423_, 24.492, 19.04, 1.79996
FILLER_0_3_51, 24.492, 19.04, 1.79996
FILLER_0_2_77, 43.467, 19.04, 1.79996
FILLER_0_4_133, 62.442, 19.04, 1.79996
PHY_0, 5.52, 13.6, 1.79995
PHY_2, 5.52, 13.6, 1.79995
input11, 5.52, 13.6, 1.79995
input13, 5.52, 13.6, 1.79995
output35, 5.52, 13.6, 1.79995
PHY_1, 81.42, 13.6, 1.79996
PHY_3, 81.42, 13.6, 1.79996
input8, 81.42, 13.6, 1.79996
output28, 24.492, 13.6, 1.79996
FILLER_0_0_47, 24.492, 13.6, 1.79996
input15, 43.467, 13.6, 1.79996
FILLER_0_0_76, 43.467, 13.6, 1.79996
input20, 62.442, 13.6, 1.79996
output30, 62.442, 13.6, 1.79996
FILLER_0_0_130, 62.442, 13.6, 1.79996
FILLER_0_2_133, 62.442, 13.6, 1.79996

