Instance name,  X location,  Y location,  Voltage 
input16, 75.23, 81.6, 3.01346e-05
output31, 75.23, 81.6, 3.01346e-05
FILLER_0_25_149, 75.23, 81.6, 3.01346e-05
FILLER_0_26_153, 75.23, 81.6, 3.01346e-05
input10, 75.23, 76.16, 2.87013e-05
FILLER_0_24_153, 75.23, 76.16, 2.87013e-05
FILLER_0_21_149, 75.23, 70.72, 2.83994e-05
FILLER_0_22_153, 75.23, 70.72, 2.83994e-05
output24, 75.23, 65.28, 3.04204e-05
FILLER_0_20_153, 75.23, 65.28, 3.04204e-05
FILLER_0_18_153, 75.23, 59.84, 2.65441e-05
input9, 75.23, 54.4, 2.83753e-05
output36, 75.23, 48.96, 2.83169e-05
FILLER_0_13_151, 75.23, 48.96, 2.83169e-05
FILLER_0_14_147, 75.23, 48.96, 2.83169e-05
FILLER_0_12_153, 75.23, 43.52, 2.33539e-05
output29, 75.23, 38.08, 2.84279e-05
FILLER_0_10_153, 75.23, 38.08, 2.84279e-05
FILLER_0_11_157, 75.23, 38.08, 2.84279e-05
FILLER_0_8_153, 75.23, 32.64, 2.82843e-05
FILLER_0_6_149, 75.23, 27.2, 2.69008e-05
FILLER_0_4_153, 75.23, 21.76, 2.54168e-05
FILLER_0_5_154, 75.23, 21.76, 2.54168e-05
output32, 75.23, 16.32, 2.61993e-05
FILLER_0_2_153, 75.23, 16.32, 2.61993e-05
input7, 75.23, 10.88, 2.74653e-05
input8, 75.23, 10.88, 2.74653e-05
input5, 56.255, 81.6, 3.11808e-05
FILLER_0_23_109, 56.255, 76.16, 2.99042e-05
_398_, 56.255, 70.72, 3.08333e-05
_405_, 56.255, 70.72, 3.08333e-05
FILLER_0_21_107, 56.255, 70.72, 3.08333e-05
_402_, 56.255, 65.28, 3.0543e-05
FILLER_0_19_106, 56.255, 65.28, 3.0543e-05
FILLER_0_17_104, 56.255, 59.84, 2.76406e-05
_238_, 56.255, 54.4, 3.25594e-05
_441_, 56.255, 54.4, 3.25594e-05
hold4, 56.255, 54.4, 3.25594e-05
FILLER_0_15_108, 56.255, 54.4, 3.25594e-05
_237_, 56.255, 48.96, 3.24624e-05
_239_, 56.255, 48.96, 3.24624e-05
_241_, 56.255, 48.96, 3.24624e-05
_439_, 56.255, 48.96, 3.24624e-05
_447_, 56.255, 48.96, 3.24624e-05
FILLER_0_14_108, 56.255, 48.96, 3.24624e-05
FILLER_0_15_113, 56.255, 48.96, 3.24624e-05
_236_, 56.255, 43.52, 2.40515e-05
_242_, 56.255, 43.52, 2.40515e-05
_247_, 56.255, 43.52, 2.40515e-05
_248_, 56.255, 43.52, 2.40515e-05
FILLER_0_11_105, 56.255, 43.52, 2.40515e-05
FILLER_0_12_107, 56.255, 43.52, 2.40515e-05
_251_, 56.255, 38.08, 3.47689e-05
_427_, 56.255, 38.08, 3.47689e-05
_446_, 56.255, 38.08, 3.47689e-05
FILLER_0_10_111, 56.255, 38.08, 3.47689e-05
FILLER_0_11_113, 56.255, 38.08, 3.47689e-05
_229_, 56.255, 32.64, 3.51974e-05
_231_, 56.255, 32.64, 3.51974e-05
_252_, 56.255, 32.64, 3.51974e-05
_425_, 56.255, 32.64, 3.51974e-05
_445_, 56.255, 32.64, 3.51974e-05
FILLER_0_7_105, 56.255, 32.64, 3.51974e-05
FILLER_0_8_113, 56.255, 32.64, 3.51974e-05
_243_, 56.255, 27.2, 2.99873e-05
_246_, 56.255, 27.2, 2.99873e-05
_431_, 56.255, 27.2, 2.99873e-05
_448_, 56.255, 27.2, 2.99873e-05
FILLER_0_5_105, 56.255, 27.2, 2.99873e-05
FILLER_0_7_113, 56.255, 27.2, 2.99873e-05
_245_, 56.255, 21.76, 2.61083e-05
FILLER_0_3_105, 56.255, 21.76, 2.61083e-05
FILLER_0_5_117, 56.255, 21.76, 2.61083e-05
FILLER_0_1_105, 56.255, 16.32, 2.58664e-05
input20, 56.255, 10.88, 2.70511e-05
FILLER_0_0_109, 56.255, 10.88, 2.70511e-05
FILLER_0_27_69, 37.28, 87.04, 2.88511e-05
_352_, 37.28, 81.6, 3.37842e-05
_360_, 37.28, 81.6, 3.37842e-05
_361_, 37.28, 81.6, 3.37842e-05
input19, 37.28, 81.6, 3.37842e-05
FILLER_0_26_60, 37.28, 81.6, 3.37842e-05
FILLER_0_27_76, 37.28, 81.6, 3.37842e-05
_339_, 37.28, 76.16, 3.29885e-05
_354_, 37.28, 76.16, 3.29885e-05
_355_, 37.28, 76.16, 3.29885e-05
_363_, 37.28, 76.16, 3.29885e-05
_366_, 37.28, 76.16, 3.29885e-05
FILLER_0_24_72, 37.28, 76.16, 3.29885e-05
FILLER_0_25_77, 37.28, 76.16, 3.29885e-05
_340_, 37.28, 70.72, 3.26651e-05
_341_, 37.28, 70.72, 3.26651e-05
_342_, 37.28, 70.72, 3.26651e-05
FILLER_0_22_59, 37.28, 70.72, 3.26651e-05
FILLER_0_22_70, 37.28, 70.72, 3.26651e-05
_345_, 37.28, 65.28, 3.2382e-05
_358_, 37.28, 65.28, 3.2382e-05
_375_, 37.28, 65.28, 3.2382e-05
_403_, 37.28, 65.28, 3.2382e-05
FILLER_0_20_71, 37.28, 65.28, 3.2382e-05
_369_, 37.28, 59.84, 2.95444e-05
_370_, 37.28, 59.84, 2.95444e-05
_371_, 37.28, 59.84, 2.95444e-05
_372_, 37.28, 59.84, 2.95444e-05
_417_, 37.28, 59.84, 2.95444e-05
FILLER_0_17_66, 37.28, 59.84, 2.95444e-05
FILLER_0_19_79, 37.28, 59.84, 2.95444e-05
_409_, 37.28, 54.4, 3.24038e-05
_410_, 37.28, 54.4, 3.24038e-05
_412_, 37.28, 54.4, 3.24038e-05
_414_, 37.28, 54.4, 3.24038e-05
_416_, 37.28, 54.4, 3.24038e-05
_418_, 37.28, 54.4, 3.24038e-05
FILLER_0_17_75, 37.28, 54.4, 3.24038e-05
_311_, 37.28, 48.96, 3.09007e-05
_312_, 37.28, 48.96, 3.09007e-05
_343_, 37.28, 48.96, 3.09007e-05
_344_, 37.28, 48.96, 3.09007e-05
_391_, 37.28, 48.96, 3.09007e-05
_397_, 37.28, 48.96, 3.09007e-05
FILLER_0_14_67, 37.28, 48.96, 3.09007e-05
FILLER_0_15_70, 37.28, 48.96, 3.09007e-05
_256_, 37.28, 43.52, 2.44156e-05
_297_, 37.28, 43.52, 2.44156e-05
_378_, 37.28, 43.52, 2.44156e-05
_390_, 37.28, 43.52, 2.44156e-05
FILLER_0_11_66, 37.28, 43.52, 2.44156e-05
FILLER_0_12_63, 37.28, 43.52, 2.44156e-05
FILLER_0_13_72, 37.28, 43.52, 2.44156e-05
_271_, 37.28, 38.08, 4.87912e-05
_295_, 37.28, 38.08, 4.87912e-05
_298_, 37.28, 38.08, 4.87912e-05
_380_, 37.28, 38.08, 4.87912e-05
clkbuf_0_clk, 37.28, 38.08, 4.87912e-05
_281_, 37.28, 32.64, 4.47561e-05
_282_, 37.28, 32.64, 4.47561e-05
_296_, 37.28, 32.64, 4.47561e-05
_387_, 37.28, 32.64, 4.47561e-05
clkbuf_1_1__f_clk, 37.28, 32.64, 4.47561e-05
FILLER_0_8_63, 37.28, 32.64, 4.47561e-05
FILLER_0_8_78, 37.28, 32.64, 4.47561e-05
_224_, 37.28, 27.2, 2.99863e-05
_283_, 37.28, 27.2, 2.99863e-05
_284_, 37.28, 27.2, 2.99863e-05
_385_, 37.28, 27.2, 2.99863e-05
_386_, 37.28, 27.2, 2.99863e-05
FILLER_0_4_74, 37.28, 21.76, 2.78858e-05
FILLER_0_2_77, 37.28, 16.32, 2.62811e-05
input15, 37.28, 10.88, 2.78076e-05
FILLER_0_0_69, 37.28, 10.88, 2.78076e-05
FILLER_0_0_76, 37.28, 10.88, 2.78076e-05
_334_, 18.305, 81.6, 3.68186e-05
_335_, 18.305, 81.6, 3.68186e-05
_336_, 18.305, 81.6, 3.68186e-05
_347_, 18.305, 81.6, 3.68186e-05
output25, 18.305, 81.6, 3.68186e-05
_317_, 18.305, 76.16, 3.40048e-05
_320_, 18.305, 76.16, 3.40048e-05
_329_, 18.305, 76.16, 3.40048e-05
_330_, 18.305, 76.16, 3.40048e-05
_331_, 18.305, 76.16, 3.40048e-05
FILLER_0_23_15, 18.305, 76.16, 3.40048e-05
FILLER_0_24_15, 18.305, 76.16, 3.40048e-05
FILLER_0_25_33, 18.305, 76.16, 3.40048e-05
_318_, 18.305, 70.72, 3.22099e-05
_321_, 18.305, 70.72, 3.22099e-05
_322_, 18.305, 70.72, 3.22099e-05
FILLER_0_21_18, 18.305, 70.72, 3.22099e-05
FILLER_0_22_25, 18.305, 70.72, 3.22099e-05
FILLER_0_22_29, 18.305, 70.72, 3.22099e-05
_223_, 18.305, 65.28, 3.28803e-05
_302_, 18.305, 65.28, 3.28803e-05
_305_, 18.305, 65.28, 3.28803e-05
_315_, 18.305, 65.28, 3.28803e-05
_316_, 18.305, 65.28, 3.28803e-05
_319_, 18.305, 65.28, 3.28803e-05
FILLER_0_19_15, 18.305, 65.28, 3.28803e-05
FILLER_0_20_15, 18.305, 65.28, 3.28803e-05
FILLER_0_20_24, 18.305, 65.28, 3.28803e-05
FILLER_0_20_38, 18.305, 65.28, 3.28803e-05
_303_, 18.305, 59.84, 3.44519e-05
_304_, 18.305, 59.84, 3.44519e-05
_306_, 18.305, 59.84, 3.44519e-05
_307_, 18.305, 59.84, 3.44519e-05
_419_, 18.305, 59.84, 3.44519e-05
hold5, 18.305, 59.84, 3.44519e-05
FILLER_0_18_16, 18.305, 59.84, 3.44519e-05
FILLER_0_18_29, 18.305, 59.84, 3.44519e-05
_286_, 18.305, 54.4, 3.46823e-05
_289_, 18.305, 54.4, 3.46823e-05
_300_, 18.305, 54.4, 3.46823e-05
FILLER_0_15_23, 18.305, 54.4, 3.46823e-05
FILLER_0_17_32, 18.305, 54.4, 3.46823e-05
_254_, 18.305, 48.96, 3.77775e-05
_288_, 18.305, 48.96, 3.77775e-05
output27, 18.305, 48.96, 3.77775e-05
hold1, 18.305, 48.96, 3.77775e-05
FILLER_0_13_15, 18.305, 48.96, 3.77775e-05
FILLER_0_13_26, 18.305, 48.96, 3.77775e-05
_258_, 18.305, 43.52, 2.79124e-05
_259_, 18.305, 43.52, 2.79124e-05
_261_, 18.305, 43.52, 2.79124e-05
_263_, 18.305, 43.52, 2.79124e-05
_290_, 18.305, 43.52, 2.79124e-05
_292_, 18.305, 43.52, 2.79124e-05
hold3, 18.305, 43.52, 2.79124e-05
_257_, 18.305, 38.08, 5.83313e-05
_262_, 18.305, 38.08, 5.83313e-05
_265_, 18.305, 38.08, 5.83313e-05
_276_, 18.305, 38.08, 5.83313e-05
_381_, 18.305, 38.08, 5.83313e-05
clkbuf_1_0__f_clk, 18.305, 38.08, 5.83313e-05
hold12, 18.305, 38.08, 5.83313e-05
_221_, 18.305, 32.64, 3.91757e-05
_264_, 18.305, 32.64, 3.91757e-05
_266_, 18.305, 32.64, 3.91757e-05
_268_, 18.305, 32.64, 3.91757e-05
_270_, 18.305, 32.64, 3.91757e-05
_273_, 18.305, 32.64, 3.91757e-05
FILLER_0_7_21, 18.305, 32.64, 3.91757e-05
_267_, 18.305, 27.2, 3.37542e-05
_450_, 18.305, 27.2, 3.37542e-05
hold7, 18.305, 27.2, 3.37542e-05
hold9, 18.305, 27.2, 3.37542e-05
FILLER_0_6_29, 18.305, 27.2, 3.37542e-05
_435_, 18.305, 21.76, 3.46292e-05
_444_, 18.305, 21.76, 3.46292e-05
FILLER_0_4_23, 18.305, 21.76, 3.46292e-05
FILLER_0_4_36, 18.305, 21.76, 3.46292e-05
FILLER_0_2_21, 18.305, 16.32, 2.85211e-05
output34, 18.305, 10.88, 3.13376e-05
FILLER_0_0_19, 18.305, 10.88, 3.13376e-05
PHY_54, 5.52, 87.04, 2.95924e-05
PHY_55, 81.42, 87.04, 2.79608e-05
FILLER_0_27_41, 27.792, 87.04, 2.92218e-05
FILLER_0_27_85, 46.767, 87.04, 2.85842e-05
PHY_50, 5.52, 81.6, 3.93284e-05
PHY_52, 5.52, 81.6, 3.93284e-05
input6, 5.52, 81.6, 3.93284e-05
input12, 5.52, 81.6, 3.93284e-05
input22, 5.52, 81.6, 3.93284e-05
PHY_51, 81.42, 81.6, 3.02984e-05
PHY_53, 81.42, 81.6, 3.02984e-05
input17, 81.42, 81.6, 3.02984e-05
_222_, 27.792, 81.6, 3.65451e-05
_346_, 27.792, 81.6, 3.65451e-05
_348_, 27.792, 81.6, 3.65451e-05
_350_, 27.792, 81.6, 3.65451e-05
_351_, 27.792, 81.6, 3.65451e-05
input18, 27.792, 81.6, 3.65451e-05
FILLER_0_27_49, 27.792, 81.6, 3.65451e-05
_359_, 46.767, 81.6, 3.33271e-05
_374_, 46.767, 81.6, 3.33271e-05
input4, 46.767, 81.6, 3.33271e-05
input3, 65.742, 81.6, 3.07926e-05
FILLER_0_26_136, 65.742, 81.6, 3.07926e-05
FILLER_0_27_133, 65.742, 81.6, 3.07926e-05
PHY_46, 5.52, 76.16, 3.68015e-05
PHY_48, 5.52, 76.16, 3.68015e-05
output26, 5.52, 76.16, 3.68015e-05
PHY_47, 81.42, 76.16, 2.87014e-05
PHY_49, 81.42, 76.16, 2.87014e-05
_327_, 27.792, 76.16, 3.4548e-05
_328_, 27.792, 76.16, 3.4548e-05
_337_, 27.792, 76.16, 3.4548e-05
_338_, 27.792, 76.16, 3.4548e-05
_353_, 27.792, 76.16, 3.4548e-05
FILLER_0_24_47, 27.792, 76.16, 3.4548e-05
FILLER_0_24_58, 27.792, 76.16, 3.4548e-05
_362_, 46.767, 76.16, 3.23403e-05
_367_, 46.767, 76.16, 3.23403e-05
FILLER_0_24_131, 65.742, 76.16, 2.93028e-05
_333_, 5.52, 70.72, 3.24436e-05
PHY_42, 5.52, 70.72, 3.24436e-05
PHY_44, 5.52, 70.72, 3.24436e-05
FILLER_0_22_3, 5.52, 70.72, 3.24436e-05
PHY_43, 81.42, 70.72, 2.83994e-05
PHY_45, 81.42, 70.72, 2.83994e-05
_314_, 27.792, 70.72, 3.33107e-05
_323_, 27.792, 70.72, 3.33107e-05
_326_, 27.792, 70.72, 3.33107e-05
_365_, 27.792, 70.72, 3.33107e-05
FILLER_0_21_43, 27.792, 70.72, 3.33107e-05
FILLER_0_22_42, 27.792, 70.72, 3.33107e-05
FILLER_0_23_53, 27.792, 70.72, 3.33107e-05
_364_, 46.767, 70.72, 3.42204e-05
_376_, 46.767, 70.72, 3.42204e-05
_399_, 46.767, 70.72, 3.42204e-05
_401_, 46.767, 70.72, 3.42204e-05
_406_, 46.767, 70.72, 3.42204e-05
FILLER_0_21_84, 46.767, 70.72, 3.42204e-05
_332_, 5.52, 65.28, 3.40053e-05
PHY_38, 5.52, 65.28, 3.40053e-05
PHY_40, 5.52, 65.28, 3.40053e-05
input2, 5.52, 65.28, 3.40053e-05
FILLER_0_21_6, 5.52, 65.28, 3.40053e-05
PHY_39, 81.42, 65.28, 3.04204e-05
PHY_41, 81.42, 65.28, 3.04204e-05
_308_, 27.792, 65.28, 3.36461e-05
_313_, 27.792, 65.28, 3.36461e-05
_324_, 27.792, 65.28, 3.36461e-05
_325_, 27.792, 65.28, 3.36461e-05
FILLER_0_21_52, 27.792, 65.28, 3.36461e-05
_368_, 46.767, 65.28, 3.33066e-05
_377_, 46.767, 65.28, 3.33066e-05
_404_, 46.767, 65.28, 3.33066e-05
_407_, 46.767, 65.28, 3.33066e-05
FILLER_0_20_80, 46.767, 65.28, 3.33066e-05
_411_, 5.52, 59.84, 4.051e-05
PHY_34, 5.52, 59.84, 4.051e-05
PHY_36, 5.52, 59.84, 4.051e-05
output23, 5.52, 59.84, 4.051e-05
PHY_35, 81.42, 59.84, 2.65441e-05
PHY_37, 81.42, 59.84, 2.65441e-05
_349_, 27.792, 59.84, 3.23005e-05
_356_, 27.792, 59.84, 3.23005e-05
_357_, 27.792, 59.84, 3.23005e-05
FILLER_0_17_41, 27.792, 59.84, 3.23005e-05
FILLER_0_18_49, 27.792, 59.84, 3.23005e-05
FILLER_0_18_58, 27.792, 59.84, 3.23005e-05
FILLER_0_19_57, 27.792, 59.84, 3.23005e-05
_373_, 46.767, 59.84, 2.95336e-05
_393_, 46.767, 59.84, 2.95336e-05
_394_, 46.767, 59.84, 2.95336e-05
_395_, 46.767, 59.84, 2.95336e-05
_400_, 46.767, 59.84, 2.95336e-05
_408_, 46.767, 59.84, 2.95336e-05
FILLER_0_18_133, 65.742, 59.84, 2.70924e-05
_442_, 5.52, 54.4, 4.37852e-05
PHY_30, 5.52, 54.4, 4.37852e-05
PHY_32, 5.52, 54.4, 4.37852e-05
hold2, 5.52, 54.4, 4.37852e-05
FILLER_0_16_3, 5.52, 54.4, 4.37852e-05
FILLER_0_17_3, 5.52, 54.4, 4.37852e-05
PHY_31, 81.42, 54.4, 2.83753e-05
PHY_33, 81.42, 54.4, 2.83753e-05
_287_, 27.792, 54.4, 3.41458e-05
_301_, 27.792, 54.4, 3.41458e-05
_413_, 27.792, 54.4, 3.41458e-05
FILLER_0_15_45, 27.792, 54.4, 3.41458e-05
_379_, 46.767, 54.4, 3.39082e-05
_392_, 46.767, 54.4, 3.39082e-05
_415_, 46.767, 54.4, 3.39082e-05
FILLER_0_16_92, 46.767, 54.4, 3.39082e-05
_428_, 65.742, 54.4, 3.08917e-05
_429_, 65.742, 54.4, 3.08917e-05
hold13, 65.742, 54.4, 3.08917e-05
FILLER_0_16_133, 65.742, 54.4, 3.08917e-05
_438_, 5.52, 48.96, 5.11336e-05
_440_, 5.52, 48.96, 5.11336e-05
PHY_26, 5.52, 48.96, 5.11336e-05
PHY_28, 5.52, 48.96, 5.11336e-05
PHY_27, 81.42, 48.96, 2.83169e-05
PHY_29, 81.42, 48.96, 2.83169e-05
FILLER_0_13_159, 81.42, 48.96, 2.83169e-05
_291_, 27.792, 48.96, 3.47556e-05
_299_, 27.792, 48.96, 3.47556e-05
_310_, 27.792, 48.96, 3.47556e-05
FILLER_0_13_47, 27.792, 48.96, 3.47556e-05
FILLER_0_15_53, 27.792, 48.96, 3.47556e-05
FILLER_0_15_57, 27.792, 48.96, 3.47556e-05
_225_, 46.767, 48.96, 3.17481e-05
FILLER_0_14_85, 46.767, 48.96, 3.17481e-05
FILLER_0_14_95, 46.767, 48.96, 3.17481e-05
_219_, 65.742, 48.96, 3.14285e-05
fanout37, 65.742, 48.96, 3.14285e-05
_255_, 5.52, 43.52, 2.94702e-05
_421_, 5.52, 43.52, 2.94702e-05
PHY_22, 5.52, 43.52, 2.94702e-05
PHY_24, 5.52, 43.52, 2.94702e-05
FILLER_0_12_3, 5.52, 43.52, 2.94702e-05
FILLER_0_13_3, 5.52, 43.52, 2.94702e-05
PHY_23, 81.42, 43.52, 2.33539e-05
PHY_25, 81.42, 43.52, 2.33539e-05
_293_, 27.792, 43.52, 2.70461e-05
_294_, 27.792, 43.52, 2.70461e-05
_309_, 27.792, 43.52, 2.70461e-05
_382_, 27.792, 43.52, 2.70461e-05
_383_, 27.792, 43.52, 2.70461e-05
FILLER_0_12_41, 27.792, 43.52, 2.70461e-05
FILLER_0_12_48, 27.792, 43.52, 2.70461e-05
_235_, 46.767, 43.52, 2.48064e-05
_240_, 46.767, 43.52, 2.48064e-05
_249_, 46.767, 43.52, 2.48064e-05
FILLER_0_11_87, 46.767, 43.52, 2.48064e-05
FILLER_0_12_85, 46.767, 43.52, 2.48064e-05
FILLER_0_13_93, 46.767, 43.52, 2.48064e-05
FILLER_0_12_134, 65.742, 43.52, 2.37027e-05
_420_, 5.52, 38.08, 6.60716e-05
_443_, 5.52, 38.08, 6.60716e-05
PHY_18, 5.52, 38.08, 6.60716e-05
PHY_20, 5.52, 38.08, 6.60716e-05
input21, 5.52, 38.08, 6.60716e-05
PHY_19, 81.42, 38.08, 2.84279e-05
PHY_21, 81.42, 38.08, 2.84279e-05
FILLER_0_9_159, 81.42, 38.08, 2.84279e-05
_260_, 27.792, 38.08, 5.48711e-05
_272_, 27.792, 38.08, 5.48711e-05
_274_, 27.792, 38.08, 5.48711e-05
_275_, 27.792, 38.08, 5.48711e-05
_277_, 27.792, 38.08, 5.48711e-05
_384_, 27.792, 38.08, 5.48711e-05
_396_, 27.792, 38.08, 5.48711e-05
FILLER_0_10_50, 27.792, 38.08, 5.48711e-05
_234_, 46.767, 38.08, 4.2748e-05
_250_, 46.767, 38.08, 4.2748e-05
_388_, 46.767, 38.08, 4.2748e-05
_389_, 46.767, 38.08, 4.2748e-05
FILLER_0_10_95, 46.767, 38.08, 4.2748e-05
FILLER_0_11_94, 46.767, 38.08, 4.2748e-05
_426_, 65.742, 38.08, 3.18897e-05
hold11, 65.742, 38.08, 3.18897e-05
FILLER_0_10_132, 65.742, 38.08, 3.18897e-05
_220_, 5.52, 32.64, 4.57715e-05
_432_, 5.52, 32.64, 4.57715e-05
_449_, 5.52, 32.64, 4.57715e-05
PHY_14, 5.52, 32.64, 4.57715e-05
PHY_16, 5.52, 32.64, 4.57715e-05
FILLER_0_9_3, 5.52, 32.64, 4.57715e-05
PHY_15, 81.42, 32.64, 2.82843e-05
PHY_17, 81.42, 32.64, 2.82843e-05
_269_, 27.792, 32.64, 4.23456e-05
_278_, 27.792, 32.64, 4.23456e-05
FILLER_0_7_47, 27.792, 32.64, 4.23456e-05
FILLER_0_9_50, 27.792, 32.64, 4.23456e-05
FILLER_0_9_57, 27.792, 32.64, 4.23456e-05
_228_, 46.767, 32.64, 4.22212e-05
_230_, 46.767, 32.64, 4.22212e-05
_232_, 46.767, 32.64, 4.22212e-05
_233_, 46.767, 32.64, 4.22212e-05
_253_, 46.767, 32.64, 4.22212e-05
_285_, 46.767, 32.64, 4.22212e-05
_424_, 65.742, 32.64, 3.2033e-05
hold6, 65.742, 32.64, 3.2033e-05
FILLER_0_8_131, 65.742, 32.64, 3.2033e-05
_433_, 5.52, 27.2, 3.52519e-05
_437_, 5.52, 27.2, 3.52519e-05
PHY_10, 5.52, 27.2, 3.52519e-05
PHY_12, 5.52, 27.2, 3.52519e-05
input1, 5.52, 27.2, 3.52519e-05
FILLER_0_6_7, 5.52, 27.2, 3.52519e-05
FILLER_0_7_3, 5.52, 27.2, 3.52519e-05
PHY_11, 81.42, 27.2, 2.7013e-05
PHY_13, 81.42, 27.2, 2.7013e-05
input14, 81.42, 27.2, 2.7013e-05
_279_, 27.792, 27.2, 3.24745e-05
_280_, 27.792, 27.2, 3.24745e-05
_422_, 27.792, 27.2, 3.24745e-05
_434_, 27.792, 27.2, 3.24745e-05
hold8, 27.792, 27.2, 3.24745e-05
_226_, 46.767, 27.2, 3.05064e-05
_227_, 46.767, 27.2, 3.05064e-05
_244_, 46.767, 27.2, 3.05064e-05
FILLER_0_6_85, 46.767, 27.2, 3.05064e-05
FILLER_0_6_92, 46.767, 27.2, 3.05064e-05
FILLER_0_7_98, 46.767, 27.2, 3.05064e-05
_430_, 65.742, 27.2, 2.87444e-05
hold10, 65.742, 27.2, 2.87444e-05
FILLER_0_6_136, 65.742, 27.2, 2.87444e-05
_436_, 5.52, 21.76, 4.07868e-05
_451_, 5.52, 21.76, 4.07868e-05
PHY_6, 5.52, 21.76, 4.07868e-05
PHY_8, 5.52, 21.76, 4.07868e-05
FILLER_0_5_3, 5.52, 21.76, 4.07868e-05
PHY_7, 81.42, 21.76, 2.54168e-05
PHY_9, 81.42, 21.76, 2.54168e-05
_423_, 27.792, 21.76, 3.14017e-05
FILLER_0_5_93, 46.767, 21.76, 2.69971e-05
FILLER_0_4_133, 65.742, 21.76, 2.57626e-05
PHY_2, 5.52, 16.32, 3.01609e-05
PHY_4, 5.52, 16.32, 3.01609e-05
output35, 5.52, 16.32, 3.01609e-05
PHY_3, 81.42, 16.32, 2.61993e-05
PHY_5, 81.42, 16.32, 2.61993e-05
FILLER_0_3_51, 27.792, 16.32, 2.74012e-05
FILLER_0_2_133, 65.742, 16.32, 2.60328e-05
PHY_0, 5.52, 10.88, 3.47602e-05
input11, 5.52, 10.88, 3.47602e-05
input13, 5.52, 10.88, 3.47602e-05
output33, 5.52, 10.88, 3.47602e-05
PHY_1, 81.42, 10.88, 2.74653e-05
output28, 27.792, 10.88, 3.01839e-05
FILLER_0_0_47, 27.792, 10.88, 3.01839e-05
output30, 65.742, 10.88, 2.78687e-05
FILLER_0_0_130, 65.742, 10.88, 2.78687e-05
FILLER_0_0_141, 65.742, 10.88, 2.78687e-05

