
===========================================================================
 report_power
============================================================================
======================= Fastest Corner ===================================

Group                  Internal  Switching    Leakage      Total
                          Power      Power      Power      Power (Watts)
----------------------------------------------------------------
Sequential             9.72e-03   1.72e-03   2.64e-06   1.14e-02   2.1%
Combinational          1.24e-01   4.08e-01   6.17e-07   5.31e-01  97.9%
Macro                  0.00e+00   0.00e+00   0.00e+00   0.00e+00   0.0%
Pad                    0.00e+00   0.00e+00   0.00e+00   0.00e+00   0.0%
----------------------------------------------------------------
Total                  1.34e-01   4.09e-01   3.25e-06   5.43e-01 100.0%
                          24.6%      75.4%       0.0%

======================= Slowest Corner ===================================

Group                  Internal  Switching    Leakage      Total
                          Power      Power      Power      Power (Watts)
----------------------------------------------------------------
Sequential             6.54e-03   1.15e-03   1.14e-04   7.80e-03   2.1%
Combinational          9.08e-02   2.75e-01   2.71e-04   3.66e-01  97.9%
Macro                  0.00e+00   0.00e+00   0.00e+00   0.00e+00   0.0%
Pad                    0.00e+00   0.00e+00   0.00e+00   0.00e+00   0.0%
----------------------------------------------------------------
Total                  9.73e-02   2.76e-01   3.84e-04   3.74e-01 100.0%
                          26.0%      73.9%       0.1%

======================= Typical Corner ===================================

Group                  Internal  Switching    Leakage      Total
                          Power      Power      Power      Power (Watts)
----------------------------------------------------------------
Sequential             8.39e-03   1.46e-03   2.59e-06   9.85e-03   2.1%
Combinational          1.12e-01   3.48e-01   2.90e-07   4.59e-01  97.9%
Macro                  0.00e+00   0.00e+00   0.00e+00   0.00e+00   0.0%
Pad                    0.00e+00   0.00e+00   0.00e+00   0.00e+00   0.0%
----------------------------------------------------------------
Total                  1.20e-01   3.49e-01   2.88e-06   4.69e-01 100.0%
                          25.6%      74.4%       0.0%

