
===========================================================================
report_checks -path_delay max (Setup)
============================================================================
======================= Typical Corner ===================================

Startpoint: scale[3] (input port clocked by clk)
Endpoint: _440_ (rising edge-triggered flip-flop clocked by clk)
Path Group: clk
Path Type: max

Fanout     Cap    Slew   Delay    Time   Description
-----------------------------------------------------------------------------
                  0.15    0.00    0.00   clock clk (rise edge)
                          0.00    0.00   clock network delay (ideal)
                          5.00    5.00 ^ input external delay
                  0.10    0.08    5.08 ^ scale[3] (in)
     6    0.02                           scale[3] (net)
                  0.10    0.00    5.08 ^ _257_/A (sky130_fd_sc_hd__buf_1)
                  0.48    0.42    5.50 ^ _257_/X (sky130_fd_sc_hd__buf_1)
    10    0.04                           _205_ (net)
                  0.48    0.00    5.50 ^ _319_/A (sky130_fd_sc_hd__nand4_2)
                  0.16    0.19    5.69 v _319_/Y (sky130_fd_sc_hd__nand4_2)
     3    0.01                           _061_ (net)
                  0.16    0.00    5.69 v _330_/A1 (sky130_fd_sc_hd__a21o_2)
                  0.04    0.26    5.94 v _330_/X (sky130_fd_sc_hd__a21o_2)
     2    0.01                           _072_ (net)
                  0.04    0.00    5.94 v _335_/A2 (sky130_fd_sc_hd__a21o_2)
                  0.05    0.24    6.18 v _335_/X (sky130_fd_sc_hd__a21o_2)
     3    0.01                           _077_ (net)
                  0.05    0.00    6.18 v _353_/A2 (sky130_fd_sc_hd__a21o_2)
                  0.04    0.23    6.41 v _353_/X (sky130_fd_sc_hd__a21o_2)
     2    0.01                           _095_ (net)
                  0.04    0.00    6.41 v _354_/C (sky130_fd_sc_hd__and3_2)
                  0.06    0.25    6.67 v _354_/X (sky130_fd_sc_hd__and3_2)
     4    0.01                           _096_ (net)
                  0.06    0.00    6.67 v _362_/A_N (sky130_fd_sc_hd__and4bb_2)
                  0.09    0.34    7.01 ^ _362_/X (sky130_fd_sc_hd__and4bb_2)
     3    0.01                           _104_ (net)
                  0.09    0.00    7.01 ^ _364_/A (sky130_fd_sc_hd__nor2_2)
                  0.04    0.07    7.08 v _364_/Y (sky130_fd_sc_hd__nor2_2)
     3    0.01                           _106_ (net)
                  0.04    0.00    7.08 v _368_/C (sky130_fd_sc_hd__and4_2)
                  0.05    0.23    7.31 v _368_/X (sky130_fd_sc_hd__and4_2)
     2    0.00                           _110_ (net)
                  0.05    0.00    7.31 v _377_/A1 (sky130_fd_sc_hd__a21o_2)
                  0.06    0.23    7.54 v _377_/X (sky130_fd_sc_hd__a21o_2)
     2    0.01                           _119_ (net)
                  0.06    0.00    7.54 v _392_/B (sky130_fd_sc_hd__xnor2_2)
                  0.04    0.13    7.67 v _392_/Y (sky130_fd_sc_hd__xnor2_2)
     2    0.00                           _134_ (net)
                  0.04    0.00    7.67 v _408_/A (sky130_fd_sc_hd__or4b_2)
                  0.10    0.69    8.36 v _408_/X (sky130_fd_sc_hd__or4b_2)
     1    0.00                           _150_ (net)
                  0.10    0.00    8.36 v _409_/A3 (sky130_fd_sc_hd__o31a_2)
                  0.06    0.33    8.68 v _409_/X (sky130_fd_sc_hd__o31a_2)
     3    0.01                           _151_ (net)
                  0.06    0.00    8.68 v _410_/B1 (sky130_fd_sc_hd__a31o_2)
                  0.04    0.23    8.91 v _410_/X (sky130_fd_sc_hd__a31o_2)
     1    0.00                           _152_ (net)
                  0.04    0.00    8.91 v _411_/B2 (sky130_fd_sc_hd__a22o_2)
                  0.04    0.23    9.14 v _411_/X (sky130_fd_sc_hd__a22o_2)
     1    0.00                           _001_ (net)
                  0.04    0.00    9.14 v _440_/D (sky130_fd_sc_hd__dfrtp_2)
                                  9.14   data arrival time

                  0.15   25.00   25.00   clock clk (rise edge)
                          0.00   25.00   clock network delay (ideal)
                         -0.25   24.75   clock uncertainty
                          0.00   24.75   clock reconvergence pessimism
                                 24.75 ^ _440_/CLK (sky130_fd_sc_hd__dfrtp_2)
                         -0.09   24.66   library setup time
                                 24.66   data required time
-----------------------------------------------------------------------------
                                 24.66   data required time
                                 -9.14   data arrival time
-----------------------------------------------------------------------------
                                 15.52   slack (MET)


Startpoint: scale[3] (input port clocked by clk)
Endpoint: _442_ (rising edge-triggered flip-flop clocked by clk)
Path Group: clk
Path Type: max

Fanout     Cap    Slew   Delay    Time   Description
-----------------------------------------------------------------------------
                  0.15    0.00    0.00   clock clk (rise edge)
                          0.00    0.00   clock network delay (ideal)
                          5.00    5.00 ^ input external delay
                  0.10    0.08    5.08 ^ scale[3] (in)
     6    0.02                           scale[3] (net)
                  0.10    0.00    5.08 ^ _257_/A (sky130_fd_sc_hd__buf_1)
                  0.48    0.42    5.50 ^ _257_/X (sky130_fd_sc_hd__buf_1)
    10    0.04                           _205_ (net)
                  0.48    0.00    5.50 ^ _319_/A (sky130_fd_sc_hd__nand4_2)
                  0.16    0.19    5.69 v _319_/Y (sky130_fd_sc_hd__nand4_2)
     3    0.01                           _061_ (net)
                  0.16    0.00    5.69 v _330_/A1 (sky130_fd_sc_hd__a21o_2)
                  0.04    0.26    5.94 v _330_/X (sky130_fd_sc_hd__a21o_2)
     2    0.01                           _072_ (net)
                  0.04    0.00    5.94 v _335_/A2 (sky130_fd_sc_hd__a21o_2)
                  0.05    0.24    6.18 v _335_/X (sky130_fd_sc_hd__a21o_2)
     3    0.01                           _077_ (net)
                  0.05    0.00    6.18 v _353_/A2 (sky130_fd_sc_hd__a21o_2)
                  0.04    0.23    6.41 v _353_/X (sky130_fd_sc_hd__a21o_2)
     2    0.01                           _095_ (net)
                  0.04    0.00    6.41 v _354_/C (sky130_fd_sc_hd__and3_2)
                  0.06    0.25    6.67 v _354_/X (sky130_fd_sc_hd__and3_2)
     4    0.01                           _096_ (net)
                  0.06    0.00    6.67 v _362_/A_N (sky130_fd_sc_hd__and4bb_2)
                  0.09    0.34    7.01 ^ _362_/X (sky130_fd_sc_hd__and4bb_2)
     3    0.01                           _104_ (net)
                  0.09    0.00    7.01 ^ _364_/A (sky130_fd_sc_hd__nor2_2)
                  0.04    0.07    7.08 v _364_/Y (sky130_fd_sc_hd__nor2_2)
     3    0.01                           _106_ (net)
                  0.04    0.00    7.08 v _368_/C (sky130_fd_sc_hd__and4_2)
                  0.05    0.23    7.31 v _368_/X (sky130_fd_sc_hd__and4_2)
     2    0.00                           _110_ (net)
                  0.05    0.00    7.31 v _377_/A1 (sky130_fd_sc_hd__a21o_2)
                  0.06    0.23    7.54 v _377_/X (sky130_fd_sc_hd__a21o_2)
     2    0.01                           _119_ (net)
                  0.06    0.00    7.54 v _392_/B (sky130_fd_sc_hd__xnor2_2)
                  0.04    0.13    7.67 v _392_/Y (sky130_fd_sc_hd__xnor2_2)
     2    0.00                           _134_ (net)
                  0.04    0.00    7.67 v _408_/A (sky130_fd_sc_hd__or4b_2)
                  0.10    0.69    8.36 v _408_/X (sky130_fd_sc_hd__or4b_2)
     1    0.00                           _150_ (net)
                  0.10    0.00    8.36 v _409_/A3 (sky130_fd_sc_hd__o31a_2)
                  0.06    0.33    8.68 v _409_/X (sky130_fd_sc_hd__o31a_2)
     3    0.01                           _151_ (net)
                  0.06    0.00    8.68 v _418_/B1 (sky130_fd_sc_hd__a31o_2)
                  0.04    0.23    8.91 v _418_/X (sky130_fd_sc_hd__a31o_2)
     1    0.00                           _158_ (net)
                  0.04    0.00    8.91 v _419_/B2 (sky130_fd_sc_hd__a22o_2)
                  0.04    0.22    9.14 v _419_/X (sky130_fd_sc_hd__a22o_2)
     1    0.00                           _003_ (net)
                  0.04    0.00    9.14 v _442_/D (sky130_fd_sc_hd__dfrtp_2)
                                  9.14   data arrival time

                  0.15   25.00   25.00   clock clk (rise edge)
                          0.00   25.00   clock network delay (ideal)
                         -0.25   24.75   clock uncertainty
                          0.00   24.75   clock reconvergence pessimism
                                 24.75 ^ _442_/CLK (sky130_fd_sc_hd__dfrtp_2)
                         -0.09   24.66   library setup time
                                 24.66   data required time
-----------------------------------------------------------------------------
                                 24.66   data required time
                                 -9.14   data arrival time
-----------------------------------------------------------------------------
                                 15.52   slack (MET)


Startpoint: scale[3] (input port clocked by clk)
Endpoint: _441_ (rising edge-triggered flip-flop clocked by clk)
Path Group: clk
Path Type: max

Fanout     Cap    Slew   Delay    Time   Description
-----------------------------------------------------------------------------
                  0.15    0.00    0.00   clock clk (rise edge)
                          0.00    0.00   clock network delay (ideal)
                          5.00    5.00 ^ input external delay
                  0.10    0.08    5.08 ^ scale[3] (in)
     6    0.02                           scale[3] (net)
                  0.10    0.00    5.08 ^ _257_/A (sky130_fd_sc_hd__buf_1)
                  0.48    0.42    5.50 ^ _257_/X (sky130_fd_sc_hd__buf_1)
    10    0.04                           _205_ (net)
                  0.48    0.00    5.50 ^ _319_/A (sky130_fd_sc_hd__nand4_2)
                  0.16    0.19    5.69 v _319_/Y (sky130_fd_sc_hd__nand4_2)
     3    0.01                           _061_ (net)
                  0.16    0.00    5.69 v _330_/A1 (sky130_fd_sc_hd__a21o_2)
                  0.04    0.26    5.94 v _330_/X (sky130_fd_sc_hd__a21o_2)
     2    0.01                           _072_ (net)
                  0.04    0.00    5.94 v _335_/A2 (sky130_fd_sc_hd__a21o_2)
                  0.05    0.24    6.18 v _335_/X (sky130_fd_sc_hd__a21o_2)
     3    0.01                           _077_ (net)
                  0.05    0.00    6.18 v _353_/A2 (sky130_fd_sc_hd__a21o_2)
                  0.04    0.23    6.41 v _353_/X (sky130_fd_sc_hd__a21o_2)
     2    0.01                           _095_ (net)
                  0.04    0.00    6.41 v _354_/C (sky130_fd_sc_hd__and3_2)
                  0.06    0.25    6.67 v _354_/X (sky130_fd_sc_hd__and3_2)
     4    0.01                           _096_ (net)
                  0.06    0.00    6.67 v _362_/A_N (sky130_fd_sc_hd__and4bb_2)
                  0.09    0.34    7.01 ^ _362_/X (sky130_fd_sc_hd__and4bb_2)
     3    0.01                           _104_ (net)
                  0.09    0.00    7.01 ^ _364_/A (sky130_fd_sc_hd__nor2_2)
                  0.04    0.07    7.08 v _364_/Y (sky130_fd_sc_hd__nor2_2)
     3    0.01                           _106_ (net)
                  0.04    0.00    7.08 v _368_/C (sky130_fd_sc_hd__and4_2)
                  0.05    0.23    7.31 v _368_/X (sky130_fd_sc_hd__and4_2)
     2    0.00                           _110_ (net)
                  0.05    0.00    7.31 v _377_/A1 (sky130_fd_sc_hd__a21o_2)
                  0.06    0.23    7.54 v _377_/X (sky130_fd_sc_hd__a21o_2)
     2    0.01                           _119_ (net)
                  0.06    0.00    7.54 v _392_/B (sky130_fd_sc_hd__xnor2_2)
                  0.04    0.13    7.67 v _392_/Y (sky130_fd_sc_hd__xnor2_2)
     2    0.00                           _134_ (net)
                  0.04    0.00    7.67 v _408_/A (sky130_fd_sc_hd__or4b_2)
                  0.10    0.69    8.36 v _408_/X (sky130_fd_sc_hd__or4b_2)
     1    0.00                           _150_ (net)
                  0.10    0.00    8.36 v _409_/A3 (sky130_fd_sc_hd__o31a_2)
                  0.06    0.33    8.68 v _409_/X (sky130_fd_sc_hd__o31a_2)
     3    0.01                           _151_ (net)
                  0.06    0.00    8.68 v _414_/B1 (sky130_fd_sc_hd__a31o_2)
                  0.04    0.22    8.91 v _414_/X (sky130_fd_sc_hd__a31o_2)
     1    0.00                           _155_ (net)
                  0.04    0.00    8.91 v _415_/B2 (sky130_fd_sc_hd__a22o_2)
                  0.04    0.22    9.13 v _415_/X (sky130_fd_sc_hd__a22o_2)
     1    0.00                           _002_ (net)
                  0.04    0.00    9.13 v _441_/D (sky130_fd_sc_hd__dfrtp_2)
                                  9.13   data arrival time

                  0.15   25.00   25.00   clock clk (rise edge)
                          0.00   25.00   clock network delay (ideal)
                         -0.25   24.75   clock uncertainty
                          0.00   24.75   clock reconvergence pessimism
                                 24.75 ^ _441_/CLK (sky130_fd_sc_hd__dfrtp_2)
                         -0.09   24.66   library setup time
                                 24.66   data required time
-----------------------------------------------------------------------------
                                 24.66   data required time
                                 -9.13   data arrival time
-----------------------------------------------------------------------------
                                 15.53   slack (MET)


Startpoint: data_in[2] (input port clocked by clk)
Endpoint: _443_ (rising edge-triggered flip-flop clocked by clk)
Path Group: clk
Path Type: max

Fanout     Cap    Slew   Delay    Time   Description
-----------------------------------------------------------------------------
                  0.15    0.00    0.00   clock clk (rise edge)
                          0.00    0.00   clock network delay (ideal)
                          5.00    5.00 v input external delay
                  0.02    0.01    5.01 v data_in[2] (in)
     2    0.01                           data_in[2] (net)
                  0.02    0.00    5.01 v _222_/A (sky130_fd_sc_hd__buf_1)
                  0.22    0.24    5.25 v _222_/X (sky130_fd_sc_hd__buf_1)
    10    0.04                           _171_ (net)
                  0.22    0.00    5.26 v _225_/B (sky130_fd_sc_hd__or4_2)
                  0.12    0.77    6.03 v _225_/X (sky130_fd_sc_hd__or4_2)
     3    0.01                           _174_ (net)
                  0.12    0.00    6.03 v _226_/C (sky130_fd_sc_hd__or3_2)
                  0.09    0.47    6.50 v _226_/X (sky130_fd_sc_hd__or3_2)
     2    0.01                           _175_ (net)
                  0.09    0.00    6.50 v _228_/B (sky130_fd_sc_hd__or3b_2)
                  0.09    0.50    7.00 v _228_/X (sky130_fd_sc_hd__or3b_2)
     2    0.01                           _177_ (net)
                  0.09    0.00    7.00 v _252_/A2 (sky130_fd_sc_hd__o22a_2)
                  0.04    0.25    7.25 v _252_/X (sky130_fd_sc_hd__o22a_2)
     1    0.00                           _201_ (net)
                  0.04    0.00    7.25 v _253_/B1 (sky130_fd_sc_hd__a21oi_2)
                  0.43    0.36    7.61 ^ _253_/Y (sky130_fd_sc_hd__a21oi_2)
    10    0.04                           _202_ (net)
                  0.43    0.00    7.61 ^ _420_/B (sky130_fd_sc_hd__or3_2)
                  0.03    0.20    7.80 ^ _420_/X (sky130_fd_sc_hd__or3_2)
     1    0.00                           _159_ (net)
                  0.03    0.00    7.80 ^ _421_/B1_N (sky130_fd_sc_hd__a21bo_2)
                  0.03    0.21    8.02 v _421_/X (sky130_fd_sc_hd__a21bo_2)
     1    0.00                           _004_ (net)
                  0.03    0.00    8.02 v _443_/D (sky130_fd_sc_hd__dfrtp_2)
                                  8.02   data arrival time

                  0.15   25.00   25.00   clock clk (rise edge)
                          0.00   25.00   clock network delay (ideal)
                         -0.25   24.75   clock uncertainty
                          0.00   24.75   clock reconvergence pessimism
                                 24.75 ^ _443_/CLK (sky130_fd_sc_hd__dfrtp_2)
                         -0.09   24.66   library setup time
                                 24.66   data required time
-----------------------------------------------------------------------------
                                 24.66   data required time
                                 -8.02   data arrival time
-----------------------------------------------------------------------------
                                 16.65   slack (MET)


Startpoint: data_in[2] (input port clocked by clk)
Endpoint: _438_ (rising edge-triggered flip-flop clocked by clk)
Path Group: clk
Path Type: max

Fanout     Cap    Slew   Delay    Time   Description
-----------------------------------------------------------------------------
                  0.15    0.00    0.00   clock clk (rise edge)
                          0.00    0.00   clock network delay (ideal)
                          5.00    5.00 v input external delay
                  0.02    0.01    5.01 v data_in[2] (in)
     2    0.01                           data_in[2] (net)
                  0.02    0.00    5.01 v _222_/A (sky130_fd_sc_hd__buf_1)
                  0.22    0.24    5.25 v _222_/X (sky130_fd_sc_hd__buf_1)
    10    0.04                           _171_ (net)
                  0.22    0.00    5.26 v _225_/B (sky130_fd_sc_hd__or4_2)
                  0.12    0.77    6.03 v _225_/X (sky130_fd_sc_hd__or4_2)
     3    0.01                           _174_ (net)
                  0.12    0.00    6.03 v _226_/C (sky130_fd_sc_hd__or3_2)
                  0.09    0.47    6.50 v _226_/X (sky130_fd_sc_hd__or3_2)
     2    0.01                           _175_ (net)
                  0.09    0.00    6.50 v _228_/B (sky130_fd_sc_hd__or3b_2)
                  0.09    0.50    7.00 v _228_/X (sky130_fd_sc_hd__or3b_2)
     2    0.01                           _177_ (net)
                  0.09    0.00    7.00 v _252_/A2 (sky130_fd_sc_hd__o22a_2)
                  0.04    0.25    7.25 v _252_/X (sky130_fd_sc_hd__o22a_2)
     1    0.00                           _201_ (net)
                  0.04    0.00    7.25 v _253_/B1 (sky130_fd_sc_hd__a21oi_2)
                  0.43    0.36    7.61 ^ _253_/Y (sky130_fd_sc_hd__a21oi_2)
    10    0.04                           _202_ (net)
                  0.43    0.00    7.61 ^ _254_/B (sky130_fd_sc_hd__nor2_2)
                  0.10    0.11    7.71 v _254_/Y (sky130_fd_sc_hd__nor2_2)
     4    0.01                           _203_ (net)
                  0.10    0.00    7.71 v _255_/B1_N (sky130_fd_sc_hd__o21ba_2)
                  0.04    0.25    7.97 ^ _255_/X (sky130_fd_sc_hd__o21ba_2)
     1    0.00                           _000_ (net)
                  0.04    0.00    7.97 ^ _438_/D (sky130_fd_sc_hd__dfrtp_2)
                                  7.97   data arrival time

                  0.15   25.00   25.00   clock clk (rise edge)
                          0.00   25.00   clock network delay (ideal)
                         -0.25   24.75   clock uncertainty
                          0.00   24.75   clock reconvergence pessimism
                                 24.75 ^ _438_/CLK (sky130_fd_sc_hd__dfrtp_2)
                         -0.05   24.70   library setup time
                                 24.70   data required time
-----------------------------------------------------------------------------
                                 24.70   data required time
                                 -7.97   data arrival time
-----------------------------------------------------------------------------
                                 16.74   slack (MET)


Startpoint: data_in[2] (input port clocked by clk)
Endpoint: _451_ (rising edge-triggered flip-flop clocked by clk)
Path Group: clk
Path Type: max

Fanout     Cap    Slew   Delay    Time   Description
-----------------------------------------------------------------------------
                  0.15    0.00    0.00   clock clk (rise edge)
                          0.00    0.00   clock network delay (ideal)
                          5.00    5.00 v input external delay
                  0.02    0.01    5.01 v data_in[2] (in)
     2    0.01                           data_in[2] (net)
                  0.02    0.00    5.01 v _222_/A (sky130_fd_sc_hd__buf_1)
                  0.22    0.24    5.25 v _222_/X (sky130_fd_sc_hd__buf_1)
    10    0.04                           _171_ (net)
                  0.22    0.00    5.26 v _225_/B (sky130_fd_sc_hd__or4_2)
                  0.12    0.77    6.03 v _225_/X (sky130_fd_sc_hd__or4_2)
     3    0.01                           _174_ (net)
                  0.12    0.00    6.03 v _226_/C (sky130_fd_sc_hd__or3_2)
                  0.09    0.47    6.50 v _226_/X (sky130_fd_sc_hd__or3_2)
     2    0.01                           _175_ (net)
                  0.09    0.00    6.50 v _228_/B (sky130_fd_sc_hd__or3b_2)
                  0.09    0.50    7.00 v _228_/X (sky130_fd_sc_hd__or3b_2)
     2    0.01                           _177_ (net)
                  0.09    0.00    7.00 v _252_/A2 (sky130_fd_sc_hd__o22a_2)
                  0.04    0.25    7.25 v _252_/X (sky130_fd_sc_hd__o22a_2)
     1    0.00                           _201_ (net)
                  0.04    0.00    7.25 v _253_/B1 (sky130_fd_sc_hd__a21oi_2)
                  0.43    0.36    7.61 ^ _253_/Y (sky130_fd_sc_hd__a21oi_2)
    10    0.04                           _202_ (net)
                  0.43    0.00    7.61 ^ _437_/A3 (sky130_fd_sc_hd__a31o_2)
                  0.04    0.22    7.83 ^ _437_/X (sky130_fd_sc_hd__a31o_2)
     1    0.00                           _012_ (net)
                  0.04    0.00    7.83 ^ _451_/D (sky130_fd_sc_hd__dfrtp_2)
                                  7.83   data arrival time

                  0.15   25.00   25.00   clock clk (rise edge)
                          0.00   25.00   clock network delay (ideal)
                         -0.25   24.75   clock uncertainty
                          0.00   24.75   clock reconvergence pessimism
                                 24.75 ^ _451_/CLK (sky130_fd_sc_hd__dfrtp_2)
                         -0.05   24.70   library setup time
                                 24.70   data required time
-----------------------------------------------------------------------------
                                 24.70   data required time
                                 -7.83   data arrival time
-----------------------------------------------------------------------------
                                 16.88   slack (MET)


Startpoint: data_in[2] (input port clocked by clk)
Endpoint: _444_ (rising edge-triggered flip-flop clocked by clk)
Path Group: clk
Path Type: max

Fanout     Cap    Slew   Delay    Time   Description
-----------------------------------------------------------------------------
                  0.15    0.00    0.00   clock clk (rise edge)
                          0.00    0.00   clock network delay (ideal)
                          5.00    5.00 v input external delay
                  0.02    0.01    5.01 v data_in[2] (in)
     2    0.01                           data_in[2] (net)
                  0.02    0.00    5.01 v _222_/A (sky130_fd_sc_hd__buf_1)
                  0.22    0.24    5.25 v _222_/X (sky130_fd_sc_hd__buf_1)
    10    0.04                           _171_ (net)
                  0.22    0.00    5.26 v _225_/B (sky130_fd_sc_hd__or4_2)
                  0.12    0.77    6.03 v _225_/X (sky130_fd_sc_hd__or4_2)
     3    0.01                           _174_ (net)
                  0.12    0.00    6.03 v _226_/C (sky130_fd_sc_hd__or3_2)
                  0.09    0.47    6.50 v _226_/X (sky130_fd_sc_hd__or3_2)
     2    0.01                           _175_ (net)
                  0.09    0.00    6.50 v _228_/B (sky130_fd_sc_hd__or3b_2)
                  0.09    0.50    7.00 v _228_/X (sky130_fd_sc_hd__or3b_2)
     2    0.01                           _177_ (net)
                  0.09    0.00    7.00 v _252_/A2 (sky130_fd_sc_hd__o22a_2)
                  0.04    0.25    7.25 v _252_/X (sky130_fd_sc_hd__o22a_2)
     1    0.00                           _201_ (net)
                  0.04    0.00    7.25 v _253_/B1 (sky130_fd_sc_hd__a21oi_2)
                  0.43    0.36    7.61 ^ _253_/Y (sky130_fd_sc_hd__a21oi_2)
    10    0.04                           _202_ (net)
                  0.43    0.00    7.61 ^ _423_/A3 (sky130_fd_sc_hd__a31o_2)
                  0.04    0.22    7.83 ^ _423_/X (sky130_fd_sc_hd__a31o_2)
     1    0.00                           _005_ (net)
                  0.04    0.00    7.83 ^ _444_/D (sky130_fd_sc_hd__dfrtp_2)
                                  7.83   data arrival time

                  0.15   25.00   25.00   clock clk (rise edge)
                          0.00   25.00   clock network delay (ideal)
                         -0.25   24.75   clock uncertainty
                          0.00   24.75   clock reconvergence pessimism
                                 24.75 ^ _444_/CLK (sky130_fd_sc_hd__dfrtp_2)
                         -0.05   24.70   library setup time
                                 24.70   data required time
-----------------------------------------------------------------------------
                                 24.70   data required time
                                 -7.83   data arrival time
-----------------------------------------------------------------------------
                                 16.88   slack (MET)


Startpoint: data_in[2] (input port clocked by clk)
Endpoint: _449_ (rising edge-triggered flip-flop clocked by clk)
Path Group: clk
Path Type: max

Fanout     Cap    Slew   Delay    Time   Description
-----------------------------------------------------------------------------
                  0.15    0.00    0.00   clock clk (rise edge)
                          0.00    0.00   clock network delay (ideal)
                          5.00    5.00 v input external delay
                  0.02    0.01    5.01 v data_in[2] (in)
     2    0.01                           data_in[2] (net)
                  0.02    0.00    5.01 v _222_/A (sky130_fd_sc_hd__buf_1)
                  0.22    0.24    5.25 v _222_/X (sky130_fd_sc_hd__buf_1)
    10    0.04                           _171_ (net)
                  0.22    0.00    5.26 v _225_/B (sky130_fd_sc_hd__or4_2)
                  0.12    0.77    6.03 v _225_/X (sky130_fd_sc_hd__or4_2)
     3    0.01                           _174_ (net)
                  0.12    0.00    6.03 v _226_/C (sky130_fd_sc_hd__or3_2)
                  0.09    0.47    6.50 v _226_/X (sky130_fd_sc_hd__or3_2)
     2    0.01                           _175_ (net)
                  0.09    0.00    6.50 v _228_/B (sky130_fd_sc_hd__or3b_2)
                  0.09    0.50    7.00 v _228_/X (sky130_fd_sc_hd__or3b_2)
     2    0.01                           _177_ (net)
                  0.09    0.00    7.00 v _252_/A2 (sky130_fd_sc_hd__o22a_2)
                  0.04    0.25    7.25 v _252_/X (sky130_fd_sc_hd__o22a_2)
     1    0.00                           _201_ (net)
                  0.04    0.00    7.25 v _253_/B1 (sky130_fd_sc_hd__a21oi_2)
                  0.43    0.36    7.61 ^ _253_/Y (sky130_fd_sc_hd__a21oi_2)
    10    0.04                           _202_ (net)
                  0.43    0.00    7.61 ^ _433_/A3 (sky130_fd_sc_hd__a31o_2)
                  0.04    0.22    7.83 ^ _433_/X (sky130_fd_sc_hd__a31o_2)
     1    0.00                           _010_ (net)
                  0.04    0.00    7.83 ^ _449_/D (sky130_fd_sc_hd__dfrtp_2)
                                  7.83   data arrival time

                  0.15   25.00   25.00   clock clk (rise edge)
                          0.00   25.00   clock network delay (ideal)
                         -0.25   24.75   clock uncertainty
                          0.00   24.75   clock reconvergence pessimism
                                 24.75 ^ _449_/CLK (sky130_fd_sc_hd__dfrtp_2)
                         -0.05   24.70   library setup time
                                 24.70   data required time
-----------------------------------------------------------------------------
                                 24.70   data required time
                                 -7.83   data arrival time
-----------------------------------------------------------------------------
                                 16.88   slack (MET)


Startpoint: data_in[2] (input port clocked by clk)
Endpoint: _450_ (rising edge-triggered flip-flop clocked by clk)
Path Group: clk
Path Type: max

Fanout     Cap    Slew   Delay    Time   Description
-----------------------------------------------------------------------------
                  0.15    0.00    0.00   clock clk (rise edge)
                          0.00    0.00   clock network delay (ideal)
                          5.00    5.00 v input external delay
                  0.02    0.01    5.01 v data_in[2] (in)
     2    0.01                           data_in[2] (net)
                  0.02    0.00    5.01 v _222_/A (sky130_fd_sc_hd__buf_1)
                  0.22    0.24    5.25 v _222_/X (sky130_fd_sc_hd__buf_1)
    10    0.04                           _171_ (net)
                  0.22    0.00    5.26 v _225_/B (sky130_fd_sc_hd__or4_2)
                  0.12    0.77    6.03 v _225_/X (sky130_fd_sc_hd__or4_2)
     3    0.01                           _174_ (net)
                  0.12    0.00    6.03 v _226_/C (sky130_fd_sc_hd__or3_2)
                  0.09    0.47    6.50 v _226_/X (sky130_fd_sc_hd__or3_2)
     2    0.01                           _175_ (net)
                  0.09    0.00    6.50 v _228_/B (sky130_fd_sc_hd__or3b_2)
                  0.09    0.50    7.00 v _228_/X (sky130_fd_sc_hd__or3b_2)
     2    0.01                           _177_ (net)
                  0.09    0.00    7.00 v _252_/A2 (sky130_fd_sc_hd__o22a_2)
                  0.04    0.25    7.25 v _252_/X (sky130_fd_sc_hd__o22a_2)
     1    0.00                           _201_ (net)
                  0.04    0.00    7.25 v _253_/B1 (sky130_fd_sc_hd__a21oi_2)
                  0.43    0.36    7.61 ^ _253_/Y (sky130_fd_sc_hd__a21oi_2)
    10    0.04                           _202_ (net)
                  0.43    0.00    7.61 ^ _435_/A3 (sky130_fd_sc_hd__a31o_2)
                  0.04    0.22    7.83 ^ _435_/X (sky130_fd_sc_hd__a31o_2)
     1    0.00                           _011_ (net)
                  0.04    0.00    7.83 ^ _450_/D (sky130_fd_sc_hd__dfrtp_2)
                                  7.83   data arrival time

                  0.15   25.00   25.00   clock clk (rise edge)
                          0.00   25.00   clock network delay (ideal)
                         -0.25   24.75   clock uncertainty
                          0.00   24.75   clock reconvergence pessimism
                                 24.75 ^ _450_/CLK (sky130_fd_sc_hd__dfrtp_2)
                         -0.05   24.70   library setup time
                                 24.70   data required time
-----------------------------------------------------------------------------
                                 24.70   data required time
                                 -7.83   data arrival time
-----------------------------------------------------------------------------
                                 16.88   slack (MET)


Startpoint: data_in[2] (input port clocked by clk)
Endpoint: _447_ (rising edge-triggered flip-flop clocked by clk)
Path Group: clk
Path Type: max

Fanout     Cap    Slew   Delay    Time   Description
-----------------------------------------------------------------------------
                  0.15    0.00    0.00   clock clk (rise edge)
                          0.00    0.00   clock network delay (ideal)
                          5.00    5.00 v input external delay
                  0.02    0.01    5.01 v data_in[2] (in)
     2    0.01                           data_in[2] (net)
                  0.02    0.00    5.01 v _222_/A (sky130_fd_sc_hd__buf_1)
                  0.22    0.24    5.25 v _222_/X (sky130_fd_sc_hd__buf_1)
    10    0.04                           _171_ (net)
                  0.22    0.00    5.26 v _225_/B (sky130_fd_sc_hd__or4_2)
                  0.12    0.77    6.03 v _225_/X (sky130_fd_sc_hd__or4_2)
     3    0.01                           _174_ (net)
                  0.12    0.00    6.03 v _226_/C (sky130_fd_sc_hd__or3_2)
                  0.09    0.47    6.50 v _226_/X (sky130_fd_sc_hd__or3_2)
     2    0.01                           _175_ (net)
                  0.09    0.00    6.50 v _228_/B (sky130_fd_sc_hd__or3b_2)
                  0.09    0.50    7.00 v _228_/X (sky130_fd_sc_hd__or3b_2)
     2    0.01                           _177_ (net)
                  0.09    0.00    7.00 v _252_/A2 (sky130_fd_sc_hd__o22a_2)
                  0.04    0.25    7.25 v _252_/X (sky130_fd_sc_hd__o22a_2)
     1    0.00                           _201_ (net)
                  0.04    0.00    7.25 v _253_/B1 (sky130_fd_sc_hd__a21oi_2)
                  0.43    0.36    7.61 ^ _253_/Y (sky130_fd_sc_hd__a21oi_2)
    10    0.04                           _202_ (net)
                  0.43    0.00    7.61 ^ _429_/A3 (sky130_fd_sc_hd__a31o_2)
                  0.04    0.22    7.83 ^ _429_/X (sky130_fd_sc_hd__a31o_2)
     1    0.00                           _008_ (net)
                  0.04    0.00    7.83 ^ _447_/D (sky130_fd_sc_hd__dfrtp_2)
                                  7.83   data arrival time

                  0.15   25.00   25.00   clock clk (rise edge)
                          0.00   25.00   clock network delay (ideal)
                         -0.25   24.75   clock uncertainty
                          0.00   24.75   clock reconvergence pessimism
                                 24.75 ^ _447_/CLK (sky130_fd_sc_hd__dfrtp_2)
                         -0.05   24.70   library setup time
                                 24.70   data required time
-----------------------------------------------------------------------------
                                 24.70   data required time
                                 -7.83   data arrival time
-----------------------------------------------------------------------------
                                 16.88   slack (MET)


Startpoint: data_in[2] (input port clocked by clk)
Endpoint: _446_ (rising edge-triggered flip-flop clocked by clk)
Path Group: clk
Path Type: max

Fanout     Cap    Slew   Delay    Time   Description
-----------------------------------------------------------------------------
                  0.15    0.00    0.00   clock clk (rise edge)
                          0.00    0.00   clock network delay (ideal)
                          5.00    5.00 v input external delay
                  0.02    0.01    5.01 v data_in[2] (in)
     2    0.01                           data_in[2] (net)
                  0.02    0.00    5.01 v _222_/A (sky130_fd_sc_hd__buf_1)
                  0.22    0.24    5.25 v _222_/X (sky130_fd_sc_hd__buf_1)
    10    0.04                           _171_ (net)
                  0.22    0.00    5.26 v _225_/B (sky130_fd_sc_hd__or4_2)
                  0.12    0.77    6.03 v _225_/X (sky130_fd_sc_hd__or4_2)
     3    0.01                           _174_ (net)
                  0.12    0.00    6.03 v _226_/C (sky130_fd_sc_hd__or3_2)
                  0.09    0.47    6.50 v _226_/X (sky130_fd_sc_hd__or3_2)
     2    0.01                           _175_ (net)
                  0.09    0.00    6.50 v _228_/B (sky130_fd_sc_hd__or3b_2)
                  0.09    0.50    7.00 v _228_/X (sky130_fd_sc_hd__or3b_2)
     2    0.01                           _177_ (net)
                  0.09    0.00    7.00 v _252_/A2 (sky130_fd_sc_hd__o22a_2)
                  0.04    0.25    7.25 v _252_/X (sky130_fd_sc_hd__o22a_2)
     1    0.00                           _201_ (net)
                  0.04    0.00    7.25 v _253_/B1 (sky130_fd_sc_hd__a21oi_2)
                  0.43    0.36    7.61 ^ _253_/Y (sky130_fd_sc_hd__a21oi_2)
    10    0.04                           _202_ (net)
                  0.43    0.00    7.61 ^ _427_/A3 (sky130_fd_sc_hd__a31o_2)
                  0.04    0.22    7.82 ^ _427_/X (sky130_fd_sc_hd__a31o_2)
     1    0.00                           _007_ (net)
                  0.04    0.00    7.82 ^ _446_/D (sky130_fd_sc_hd__dfrtp_2)
                                  7.82   data arrival time

                  0.15   25.00   25.00   clock clk (rise edge)
                          0.00   25.00   clock network delay (ideal)
                         -0.25   24.75   clock uncertainty
                          0.00   24.75   clock reconvergence pessimism
                                 24.75 ^ _446_/CLK (sky130_fd_sc_hd__dfrtp_2)
                         -0.05   24.70   library setup time
                                 24.70   data required time
-----------------------------------------------------------------------------
                                 24.70   data required time
                                 -7.82   data arrival time
-----------------------------------------------------------------------------
                                 16.88   slack (MET)


Startpoint: data_in[2] (input port clocked by clk)
Endpoint: _448_ (rising edge-triggered flip-flop clocked by clk)
Path Group: clk
Path Type: max

Fanout     Cap    Slew   Delay    Time   Description
-----------------------------------------------------------------------------
                  0.15    0.00    0.00   clock clk (rise edge)
                          0.00    0.00   clock network delay (ideal)
                          5.00    5.00 v input external delay
                  0.02    0.01    5.01 v data_in[2] (in)
     2    0.01                           data_in[2] (net)
                  0.02    0.00    5.01 v _222_/A (sky130_fd_sc_hd__buf_1)
                  0.22    0.24    5.25 v _222_/X (sky130_fd_sc_hd__buf_1)
    10    0.04                           _171_ (net)
                  0.22    0.00    5.26 v _225_/B (sky130_fd_sc_hd__or4_2)
                  0.12    0.77    6.03 v _225_/X (sky130_fd_sc_hd__or4_2)
     3    0.01                           _174_ (net)
                  0.12    0.00    6.03 v _226_/C (sky130_fd_sc_hd__or3_2)
                  0.09    0.47    6.50 v _226_/X (sky130_fd_sc_hd__or3_2)
     2    0.01                           _175_ (net)
                  0.09    0.00    6.50 v _228_/B (sky130_fd_sc_hd__or3b_2)
                  0.09    0.50    7.00 v _228_/X (sky130_fd_sc_hd__or3b_2)
     2    0.01                           _177_ (net)
                  0.09    0.00    7.00 v _252_/A2 (sky130_fd_sc_hd__o22a_2)
                  0.04    0.25    7.25 v _252_/X (sky130_fd_sc_hd__o22a_2)
     1    0.00                           _201_ (net)
                  0.04    0.00    7.25 v _253_/B1 (sky130_fd_sc_hd__a21oi_2)
                  0.43    0.36    7.61 ^ _253_/Y (sky130_fd_sc_hd__a21oi_2)
    10    0.04                           _202_ (net)
                  0.43    0.00    7.61 ^ _431_/A3 (sky130_fd_sc_hd__a31o_2)
                  0.04    0.22    7.82 ^ _431_/X (sky130_fd_sc_hd__a31o_2)
     1    0.00                           _009_ (net)
                  0.04    0.00    7.82 ^ _448_/D (sky130_fd_sc_hd__dfrtp_2)
                                  7.82   data arrival time

                  0.15   25.00   25.00   clock clk (rise edge)
                          0.00   25.00   clock network delay (ideal)
                         -0.25   24.75   clock uncertainty
                          0.00   24.75   clock reconvergence pessimism
                                 24.75 ^ _448_/CLK (sky130_fd_sc_hd__dfrtp_2)
                         -0.05   24.70   library setup time
                                 24.70   data required time
-----------------------------------------------------------------------------
                                 24.70   data required time
                                 -7.82   data arrival time
-----------------------------------------------------------------------------
                                 16.88   slack (MET)


Startpoint: data_in[2] (input port clocked by clk)
Endpoint: _445_ (rising edge-triggered flip-flop clocked by clk)
Path Group: clk
Path Type: max

Fanout     Cap    Slew   Delay    Time   Description
-----------------------------------------------------------------------------
                  0.15    0.00    0.00   clock clk (rise edge)
                          0.00    0.00   clock network delay (ideal)
                          5.00    5.00 v input external delay
                  0.02    0.01    5.01 v data_in[2] (in)
     2    0.01                           data_in[2] (net)
                  0.02    0.00    5.01 v _222_/A (sky130_fd_sc_hd__buf_1)
                  0.22    0.24    5.25 v _222_/X (sky130_fd_sc_hd__buf_1)
    10    0.04                           _171_ (net)
                  0.22    0.00    5.26 v _225_/B (sky130_fd_sc_hd__or4_2)
                  0.12    0.77    6.03 v _225_/X (sky130_fd_sc_hd__or4_2)
     3    0.01                           _174_ (net)
                  0.12    0.00    6.03 v _226_/C (sky130_fd_sc_hd__or3_2)
                  0.09    0.47    6.50 v _226_/X (sky130_fd_sc_hd__or3_2)
     2    0.01                           _175_ (net)
                  0.09    0.00    6.50 v _228_/B (sky130_fd_sc_hd__or3b_2)
                  0.09    0.50    7.00 v _228_/X (sky130_fd_sc_hd__or3b_2)
     2    0.01                           _177_ (net)
                  0.09    0.00    7.00 v _252_/A2 (sky130_fd_sc_hd__o22a_2)
                  0.04    0.25    7.25 v _252_/X (sky130_fd_sc_hd__o22a_2)
     1    0.00                           _201_ (net)
                  0.04    0.00    7.25 v _253_/B1 (sky130_fd_sc_hd__a21oi_2)
                  0.43    0.36    7.61 ^ _253_/Y (sky130_fd_sc_hd__a21oi_2)
    10    0.04                           _202_ (net)
                  0.43    0.00    7.61 ^ _425_/A3 (sky130_fd_sc_hd__a31o_2)
                  0.04    0.22    7.82 ^ _425_/X (sky130_fd_sc_hd__a31o_2)
     1    0.00                           _006_ (net)
                  0.04    0.00    7.82 ^ _445_/D (sky130_fd_sc_hd__dfrtp_2)
                                  7.82   data arrival time

                  0.15   25.00   25.00   clock clk (rise edge)
                          0.00   25.00   clock network delay (ideal)
                         -0.25   24.75   clock uncertainty
                          0.00   24.75   clock reconvergence pessimism
                                 24.75 ^ _445_/CLK (sky130_fd_sc_hd__dfrtp_2)
                         -0.05   24.70   library setup time
                                 24.70   data required time
-----------------------------------------------------------------------------
                                 24.70   data required time
                                 -7.82   data arrival time
-----------------------------------------------------------------------------
                                 16.88   slack (MET)


Startpoint: _443_ (rising edge-triggered flip-flop clocked by clk)
Endpoint: int4_out[3] (output port clocked by clk)
Path Group: clk
Path Type: max

Fanout     Cap    Slew   Delay    Time   Description
-----------------------------------------------------------------------------
                  0.15    0.00    0.00   clock clk (rise edge)
                          0.00    0.00   clock network delay (ideal)
                  0.15    0.00    0.00 ^ _443_/CLK (sky130_fd_sc_hd__dfrtp_2)
                  0.12    0.54    0.54 v _443_/Q (sky130_fd_sc_hd__dfrtp_2)
     2    0.04                           int4_out[3] (net)
                  0.12    0.00    0.54 v int4_out[3] (out)
                                  0.54   data arrival time

                  0.15   25.00   25.00   clock clk (rise edge)
                          0.00   25.00   clock network delay (ideal)
                         -0.25   24.75   clock uncertainty
                          0.00   24.75   clock reconvergence pessimism
                         -5.00   19.75   output external delay
                                 19.75   data required time
-----------------------------------------------------------------------------
                                 19.75   data required time
                                 -0.54   data arrival time
-----------------------------------------------------------------------------
                                 19.21   slack (MET)


Startpoint: _447_ (rising edge-triggered flip-flop clocked by clk)
Endpoint: sideband_out[3] (output port clocked by clk)
Path Group: clk
Path Type: max

Fanout     Cap    Slew   Delay    Time   Description
-----------------------------------------------------------------------------
                  0.15    0.00    0.00   clock clk (rise edge)
                          0.00    0.00   clock network delay (ideal)
                  0.15    0.00    0.00 ^ _447_/CLK (sky130_fd_sc_hd__dfrtp_2)
                  0.12    0.54    0.54 v _447_/Q (sky130_fd_sc_hd__dfrtp_2)
     2    0.04                           sideband_out[3] (net)
                  0.12    0.00    0.54 v sideband_out[3] (out)
                                  0.54   data arrival time

                  0.15   25.00   25.00   clock clk (rise edge)
                          0.00   25.00   clock network delay (ideal)
                         -0.25   24.75   clock uncertainty
                          0.00   24.75   clock reconvergence pessimism
                         -5.00   19.75   output external delay
                                 19.75   data required time
-----------------------------------------------------------------------------
                                 19.75   data required time
                                 -0.54   data arrival time
-----------------------------------------------------------------------------
                                 19.21   slack (MET)


Startpoint: _441_ (rising edge-triggered flip-flop clocked by clk)
Endpoint: int4_out[1] (output port clocked by clk)
Path Group: clk
Path Type: max

Fanout     Cap    Slew   Delay    Time   Description
-----------------------------------------------------------------------------
                  0.15    0.00    0.00   clock clk (rise edge)
                          0.00    0.00   clock network delay (ideal)
                  0.15    0.00    0.00 ^ _441_/CLK (sky130_fd_sc_hd__dfrtp_2)
                  0.12    0.54    0.54 v _441_/Q (sky130_fd_sc_hd__dfrtp_2)
     2    0.04                           int4_out[1] (net)
                  0.12    0.00    0.54 v int4_out[1] (out)
                                  0.54   data arrival time

                  0.15   25.00   25.00   clock clk (rise edge)
                          0.00   25.00   clock network delay (ideal)
                         -0.25   24.75   clock uncertainty
                          0.00   24.75   clock reconvergence pessimism
                         -5.00   19.75   output external delay
                                 19.75   data required time
-----------------------------------------------------------------------------
                                 19.75   data required time
                                 -0.54   data arrival time
-----------------------------------------------------------------------------
                                 19.21   slack (MET)


Startpoint: _442_ (rising edge-triggered flip-flop clocked by clk)
Endpoint: int4_out[2] (output port clocked by clk)
Path Group: clk
Path Type: max

Fanout     Cap    Slew   Delay    Time   Description
-----------------------------------------------------------------------------
                  0.15    0.00    0.00   clock clk (rise edge)
                          0.00    0.00   clock network delay (ideal)
                  0.15    0.00    0.00 ^ _442_/CLK (sky130_fd_sc_hd__dfrtp_2)
                  0.12    0.54    0.54 v _442_/Q (sky130_fd_sc_hd__dfrtp_2)
     2    0.04                           int4_out[2] (net)
                  0.12    0.00    0.54 v int4_out[2] (out)
                                  0.54   data arrival time

                  0.15   25.00   25.00   clock clk (rise edge)
                          0.00   25.00   clock network delay (ideal)
                         -0.25   24.75   clock uncertainty
                          0.00   24.75   clock reconvergence pessimism
                         -5.00   19.75   output external delay
                                 19.75   data required time
-----------------------------------------------------------------------------
                                 19.75   data required time
                                 -0.54   data arrival time
-----------------------------------------------------------------------------
                                 19.21   slack (MET)


Startpoint: _446_ (rising edge-triggered flip-flop clocked by clk)
Endpoint: sideband_out[2] (output port clocked by clk)
Path Group: clk
Path Type: max

Fanout     Cap    Slew   Delay    Time   Description
-----------------------------------------------------------------------------
                  0.15    0.00    0.00   clock clk (rise edge)
                          0.00    0.00   clock network delay (ideal)
                  0.15    0.00    0.00 ^ _446_/CLK (sky130_fd_sc_hd__dfrtp_2)
                  0.12    0.54    0.54 v _446_/Q (sky130_fd_sc_hd__dfrtp_2)
     2    0.04                           sideband_out[2] (net)
                  0.12    0.00    0.54 v sideband_out[2] (out)
                                  0.54   data arrival time

                  0.15   25.00   25.00   clock clk (rise edge)
                          0.00   25.00   clock network delay (ideal)
                         -0.25   24.75   clock uncertainty
                          0.00   24.75   clock reconvergence pessimism
                         -5.00   19.75   output external delay
                                 19.75   data required time
-----------------------------------------------------------------------------
                                 19.75   data required time
                                 -0.54   data arrival time
-----------------------------------------------------------------------------
                                 19.21   slack (MET)


Startpoint: _449_ (rising edge-triggered flip-flop clocked by clk)
Endpoint: sideband_out[5] (output port clocked by clk)
Path Group: clk
Path Type: max

Fanout     Cap    Slew   Delay    Time   Description
-----------------------------------------------------------------------------
                  0.15    0.00    0.00   clock clk (rise edge)
                          0.00    0.00   clock network delay (ideal)
                  0.15    0.00    0.00 ^ _449_/CLK (sky130_fd_sc_hd__dfrtp_2)
                  0.12    0.54    0.54 v _449_/Q (sky130_fd_sc_hd__dfrtp_2)
     2    0.04                           sideband_out[5] (net)
                  0.12    0.00    0.54 v sideband_out[5] (out)
                                  0.54   data arrival time

                  0.15   25.00   25.00   clock clk (rise edge)
                          0.00   25.00   clock network delay (ideal)
                         -0.25   24.75   clock uncertainty
                          0.00   24.75   clock reconvergence pessimism
                         -5.00   19.75   output external delay
                                 19.75   data required time
-----------------------------------------------------------------------------
                                 19.75   data required time
                                 -0.54   data arrival time
-----------------------------------------------------------------------------
                                 19.21   slack (MET)


Startpoint: _448_ (rising edge-triggered flip-flop clocked by clk)
Endpoint: sideband_out[4] (output port clocked by clk)
Path Group: clk
Path Type: max

Fanout     Cap    Slew   Delay    Time   Description
-----------------------------------------------------------------------------
                  0.15    0.00    0.00   clock clk (rise edge)
                          0.00    0.00   clock network delay (ideal)
                  0.15    0.00    0.00 ^ _448_/CLK (sky130_fd_sc_hd__dfrtp_2)
                  0.12    0.54    0.54 v _448_/Q (sky130_fd_sc_hd__dfrtp_2)
     2    0.04                           sideband_out[4] (net)
                  0.12    0.00    0.54 v sideband_out[4] (out)
                                  0.54   data arrival time

                  0.15   25.00   25.00   clock clk (rise edge)
                          0.00   25.00   clock network delay (ideal)
                         -0.25   24.75   clock uncertainty
                          0.00   24.75   clock reconvergence pessimism
                         -5.00   19.75   output external delay
                                 19.75   data required time
-----------------------------------------------------------------------------
                                 19.75   data required time
                                 -0.54   data arrival time
-----------------------------------------------------------------------------
                                 19.21   slack (MET)


Startpoint: _450_ (rising edge-triggered flip-flop clocked by clk)
Endpoint: sideband_out[6] (output port clocked by clk)
Path Group: clk
Path Type: max

Fanout     Cap    Slew   Delay    Time   Description
-----------------------------------------------------------------------------
                  0.15    0.00    0.00   clock clk (rise edge)
                          0.00    0.00   clock network delay (ideal)
                  0.15    0.00    0.00 ^ _450_/CLK (sky130_fd_sc_hd__dfrtp_2)
                  0.12    0.54    0.54 v _450_/Q (sky130_fd_sc_hd__dfrtp_2)
     2    0.04                           sideband_out[6] (net)
                  0.12    0.00    0.54 v sideband_out[6] (out)
                                  0.54   data arrival time

                  0.15   25.00   25.00   clock clk (rise edge)
                          0.00   25.00   clock network delay (ideal)
                         -0.25   24.75   clock uncertainty
                          0.00   24.75   clock reconvergence pessimism
                         -5.00   19.75   output external delay
                                 19.75   data required time
-----------------------------------------------------------------------------
                                 19.75   data required time
                                 -0.54   data arrival time
-----------------------------------------------------------------------------
                                 19.21   slack (MET)


Startpoint: _444_ (rising edge-triggered flip-flop clocked by clk)
Endpoint: sideband_out[0] (output port clocked by clk)
Path Group: clk
Path Type: max

Fanout     Cap    Slew   Delay    Time   Description
-----------------------------------------------------------------------------
                  0.15    0.00    0.00   clock clk (rise edge)
                          0.00    0.00   clock network delay (ideal)
                  0.15    0.00    0.00 ^ _444_/CLK (sky130_fd_sc_hd__dfrtp_2)
                  0.12    0.54    0.54 v _444_/Q (sky130_fd_sc_hd__dfrtp_2)
     2    0.04                           sideband_out[0] (net)
                  0.12    0.00    0.54 v sideband_out[0] (out)
                                  0.54   data arrival time

                  0.15   25.00   25.00   clock clk (rise edge)
                          0.00   25.00   clock network delay (ideal)
                         -0.25   24.75   clock uncertainty
                          0.00   24.75   clock reconvergence pessimism
                         -5.00   19.75   output external delay
                                 19.75   data required time
-----------------------------------------------------------------------------
                                 19.75   data required time
                                 -0.54   data arrival time
-----------------------------------------------------------------------------
                                 19.21   slack (MET)


Startpoint: _438_ (rising edge-triggered flip-flop clocked by clk)
Endpoint: is_outlier (output port clocked by clk)
Path Group: clk
Path Type: max

Fanout     Cap    Slew   Delay    Time   Description
-----------------------------------------------------------------------------
                  0.15    0.00    0.00   clock clk (rise edge)
                          0.00    0.00   clock network delay (ideal)
                  0.15    0.00    0.00 ^ _438_/CLK (sky130_fd_sc_hd__dfrtp_2)
                  0.12    0.54    0.54 v _438_/Q (sky130_fd_sc_hd__dfrtp_2)
     2    0.04                           is_outlier (net)
                  0.12    0.00    0.54 v is_outlier (out)
                                  0.54   data arrival time

                  0.15   25.00   25.00   clock clk (rise edge)
                          0.00   25.00   clock network delay (ideal)
                         -0.25   24.75   clock uncertainty
                          0.00   24.75   clock reconvergence pessimism
                         -5.00   19.75   output external delay
                                 19.75   data required time
-----------------------------------------------------------------------------
                                 19.75   data required time
                                 -0.54   data arrival time
-----------------------------------------------------------------------------
                                 19.21   slack (MET)


Startpoint: _440_ (rising edge-triggered flip-flop clocked by clk)
Endpoint: int4_out[0] (output port clocked by clk)
Path Group: clk
Path Type: max

Fanout     Cap    Slew   Delay    Time   Description
-----------------------------------------------------------------------------
                  0.15    0.00    0.00   clock clk (rise edge)
                          0.00    0.00   clock network delay (ideal)
                  0.15    0.00    0.00 ^ _440_/CLK (sky130_fd_sc_hd__dfrtp_2)
                  0.12    0.54    0.54 v _440_/Q (sky130_fd_sc_hd__dfrtp_2)
     2    0.04                           int4_out[0] (net)
                  0.12    0.00    0.54 v int4_out[0] (out)
                                  0.54   data arrival time

                  0.15   25.00   25.00   clock clk (rise edge)
                          0.00   25.00   clock network delay (ideal)
                         -0.25   24.75   clock uncertainty
                          0.00   24.75   clock reconvergence pessimism
                         -5.00   19.75   output external delay
                                 19.75   data required time
-----------------------------------------------------------------------------
                                 19.75   data required time
                                 -0.54   data arrival time
-----------------------------------------------------------------------------
                                 19.21   slack (MET)


Startpoint: _445_ (rising edge-triggered flip-flop clocked by clk)
Endpoint: sideband_out[1] (output port clocked by clk)
Path Group: clk
Path Type: max

Fanout     Cap    Slew   Delay    Time   Description
-----------------------------------------------------------------------------
                  0.15    0.00    0.00   clock clk (rise edge)
                          0.00    0.00   clock network delay (ideal)
                  0.15    0.00    0.00 ^ _445_/CLK (sky130_fd_sc_hd__dfrtp_2)
                  0.12    0.54    0.54 v _445_/Q (sky130_fd_sc_hd__dfrtp_2)
     2    0.04                           sideband_out[1] (net)
                  0.12    0.00    0.54 v sideband_out[1] (out)
                                  0.54   data arrival time

                  0.15   25.00   25.00   clock clk (rise edge)
                          0.00   25.00   clock network delay (ideal)
                         -0.25   24.75   clock uncertainty
                          0.00   24.75   clock reconvergence pessimism
                         -5.00   19.75   output external delay
                                 19.75   data required time
-----------------------------------------------------------------------------
                                 19.75   data required time
                                 -0.54   data arrival time
-----------------------------------------------------------------------------
                                 19.21   slack (MET)


Startpoint: _451_ (rising edge-triggered flip-flop clocked by clk)
Endpoint: sideband_out[7] (output port clocked by clk)
Path Group: clk
Path Type: max

Fanout     Cap    Slew   Delay    Time   Description
-----------------------------------------------------------------------------
                  0.15    0.00    0.00   clock clk (rise edge)
                          0.00    0.00   clock network delay (ideal)
                  0.15    0.00    0.00 ^ _451_/CLK (sky130_fd_sc_hd__dfrtp_2)
                  0.12    0.54    0.54 v _451_/Q (sky130_fd_sc_hd__dfrtp_2)
     2    0.04                           sideband_out[7] (net)
                  0.12    0.00    0.54 v sideband_out[7] (out)
                                  0.54   data arrival time

                  0.15   25.00   25.00   clock clk (rise edge)
                          0.00   25.00   clock network delay (ideal)
                         -0.25   24.75   clock uncertainty
                          0.00   24.75   clock reconvergence pessimism
                         -5.00   19.75   output external delay
                                 19.75   data required time
-----------------------------------------------------------------------------
                                 19.75   data required time
                                 -0.54   data arrival time
-----------------------------------------------------------------------------
                                 19.21   slack (MET)


Startpoint: _439_ (rising edge-triggered flip-flop clocked by clk)
Endpoint: valid_out (output port clocked by clk)
Path Group: clk
Path Type: max

Fanout     Cap    Slew   Delay    Time   Description
-----------------------------------------------------------------------------
                  0.15    0.00    0.00   clock clk (rise edge)
                          0.00    0.00   clock network delay (ideal)
                  0.15    0.00    0.00 ^ _439_/CLK (sky130_fd_sc_hd__dfrtp_2)
                  0.11    0.53    0.53 v _439_/Q (sky130_fd_sc_hd__dfrtp_2)
     1    0.03                           valid_out (net)
                  0.11    0.00    0.53 v valid_out (out)
                                  0.53   data arrival time

                  0.15   25.00   25.00   clock clk (rise edge)
                          0.00   25.00   clock network delay (ideal)
                         -0.25   24.75   clock uncertainty
                          0.00   24.75   clock reconvergence pessimism
                         -5.00   19.75   output external delay
                                 19.75   data required time
-----------------------------------------------------------------------------
                                 19.75   data required time
                                 -0.53   data arrival time
-----------------------------------------------------------------------------
                                 19.22   slack (MET)


Startpoint: valid_in (input port clocked by clk)
Endpoint: _439_ (rising edge-triggered flip-flop clocked by clk)
Path Group: clk
Path Type: max

Fanout     Cap    Slew   Delay    Time   Description
-----------------------------------------------------------------------------
                  0.15    0.00    0.00   clock clk (rise edge)
                          0.00    0.00   clock network delay (ideal)
                          5.00    5.00 v input external delay
                  0.03    0.02    5.02 v valid_in (in)
     2    0.01                           valid_in (net)
                  0.03    0.00    5.02 v _439_/D (sky130_fd_sc_hd__dfrtp_2)
                                  5.02   data arrival time

                  0.15   25.00   25.00   clock clk (rise edge)
                          0.00   25.00   clock network delay (ideal)
                         -0.25   24.75   clock uncertainty
                          0.00   24.75   clock reconvergence pessimism
                                 24.75 ^ _439_/CLK (sky130_fd_sc_hd__dfrtp_2)
                         -0.08   24.67   library setup time
                                 24.67   data required time
-----------------------------------------------------------------------------
                                 24.67   data required time
                                 -5.02   data arrival time
-----------------------------------------------------------------------------
                                 19.65   slack (MET)


Startpoint: rst_n (input port clocked by clk)
Endpoint: _444_ (recovery check against rising-edge clock clk)
Path Group: asynchronous
Path Type: max

Fanout     Cap    Slew   Delay    Time   Description
-----------------------------------------------------------------------------
                  0.15    0.00    0.00   clock clk (rise edge)
                          0.00    0.00   clock network delay (ideal)
                          5.00    5.00 ^ input external delay
                  0.29    0.21    5.21 ^ rst_n (in)
    14    0.06                           rst_n (net)
                  0.29    0.00    5.21 ^ _444_/RESET_B (sky130_fd_sc_hd__dfrtp_2)
                                  5.21   data arrival time

                  0.15   25.00   25.00   clock clk (rise edge)
                          0.00   25.00   clock network delay (ideal)
                         -0.25   24.75   clock uncertainty
                          0.00   24.75   clock reconvergence pessimism
                                 24.75 ^ _444_/CLK (sky130_fd_sc_hd__dfrtp_2)
                          0.18   24.93   library recovery time
                                 24.93   data required time
-----------------------------------------------------------------------------
                                 24.93   data required time
                                 -5.21   data arrival time
-----------------------------------------------------------------------------
                                 19.72   slack (MET)


Startpoint: rst_n (input port clocked by clk)
Endpoint: _450_ (recovery check against rising-edge clock clk)
Path Group: asynchronous
Path Type: max

Fanout     Cap    Slew   Delay    Time   Description
-----------------------------------------------------------------------------
                  0.15    0.00    0.00   clock clk (rise edge)
                          0.00    0.00   clock network delay (ideal)
                          5.00    5.00 ^ input external delay
                  0.29    0.21    5.21 ^ rst_n (in)
    14    0.06                           rst_n (net)
                  0.29    0.00    5.21 ^ _450_/RESET_B (sky130_fd_sc_hd__dfrtp_2)
                                  5.21   data arrival time

                  0.15   25.00   25.00   clock clk (rise edge)
                          0.00   25.00   clock network delay (ideal)
                         -0.25   24.75   clock uncertainty
                          0.00   24.75   clock reconvergence pessimism
                                 24.75 ^ _450_/CLK (sky130_fd_sc_hd__dfrtp_2)
                          0.18   24.93   library recovery time
                                 24.93   data required time
-----------------------------------------------------------------------------
                                 24.93   data required time
                                 -5.21   data arrival time
-----------------------------------------------------------------------------
                                 19.72   slack (MET)


Startpoint: rst_n (input port clocked by clk)
Endpoint: _451_ (recovery check against rising-edge clock clk)
Path Group: asynchronous
Path Type: max

Fanout     Cap    Slew   Delay    Time   Description
-----------------------------------------------------------------------------
                  0.15    0.00    0.00   clock clk (rise edge)
                          0.00    0.00   clock network delay (ideal)
                          5.00    5.00 ^ input external delay
                  0.29    0.21    5.21 ^ rst_n (in)
    14    0.06                           rst_n (net)
                  0.29    0.00    5.21 ^ _451_/RESET_B (sky130_fd_sc_hd__dfrtp_2)
                                  5.21   data arrival time

                  0.15   25.00   25.00   clock clk (rise edge)
                          0.00   25.00   clock network delay (ideal)
                         -0.25   24.75   clock uncertainty
                          0.00   24.75   clock reconvergence pessimism
                                 24.75 ^ _451_/CLK (sky130_fd_sc_hd__dfrtp_2)
                          0.18   24.93   library recovery time
                                 24.93   data required time
-----------------------------------------------------------------------------
                                 24.93   data required time
                                 -5.21   data arrival time
-----------------------------------------------------------------------------
                                 19.72   slack (MET)


Startpoint: rst_n (input port clocked by clk)
Endpoint: _449_ (recovery check against rising-edge clock clk)
Path Group: asynchronous
Path Type: max

Fanout     Cap    Slew   Delay    Time   Description
-----------------------------------------------------------------------------
                  0.15    0.00    0.00   clock clk (rise edge)
                          0.00    0.00   clock network delay (ideal)
                          5.00    5.00 ^ input external delay
                  0.29    0.21    5.21 ^ rst_n (in)
    14    0.06                           rst_n (net)
                  0.29    0.00    5.21 ^ _449_/RESET_B (sky130_fd_sc_hd__dfrtp_2)
                                  5.21   data arrival time

                  0.15   25.00   25.00   clock clk (rise edge)
                          0.00   25.00   clock network delay (ideal)
                         -0.25   24.75   clock uncertainty
                          0.00   24.75   clock reconvergence pessimism
                                 24.75 ^ _449_/CLK (sky130_fd_sc_hd__dfrtp_2)
                          0.18   24.93   library recovery time
                                 24.93   data required time
-----------------------------------------------------------------------------
                                 24.93   data required time
                                 -5.21   data arrival time
-----------------------------------------------------------------------------
                                 19.72   slack (MET)


Startpoint: rst_n (input port clocked by clk)
Endpoint: _443_ (recovery check against rising-edge clock clk)
Path Group: asynchronous
Path Type: max

Fanout     Cap    Slew   Delay    Time   Description
-----------------------------------------------------------------------------
                  0.15    0.00    0.00   clock clk (rise edge)
                          0.00    0.00   clock network delay (ideal)
                          5.00    5.00 ^ input external delay
                  0.29    0.21    5.21 ^ rst_n (in)
    14    0.06                           rst_n (net)
                  0.29    0.00    5.21 ^ _443_/RESET_B (sky130_fd_sc_hd__dfrtp_2)
                                  5.21   data arrival time

                  0.15   25.00   25.00   clock clk (rise edge)
                          0.00   25.00   clock network delay (ideal)
                         -0.25   24.75   clock uncertainty
                          0.00   24.75   clock reconvergence pessimism
                                 24.75 ^ _443_/CLK (sky130_fd_sc_hd__dfrtp_2)
                          0.18   24.93   library recovery time
                                 24.93   data required time
-----------------------------------------------------------------------------
                                 24.93   data required time
                                 -5.21   data arrival time
-----------------------------------------------------------------------------
                                 19.72   slack (MET)


Startpoint: rst_n (input port clocked by clk)
Endpoint: _438_ (recovery check against rising-edge clock clk)
Path Group: asynchronous
Path Type: max

Fanout     Cap    Slew   Delay    Time   Description
-----------------------------------------------------------------------------
                  0.15    0.00    0.00   clock clk (rise edge)
                          0.00    0.00   clock network delay (ideal)
                          5.00    5.00 ^ input external delay
                  0.29    0.21    5.21 ^ rst_n (in)
    14    0.06                           rst_n (net)
                  0.29    0.00    5.21 ^ _438_/RESET_B (sky130_fd_sc_hd__dfrtp_2)
                                  5.21   data arrival time

                  0.15   25.00   25.00   clock clk (rise edge)
                          0.00   25.00   clock network delay (ideal)
                         -0.25   24.75   clock uncertainty
                          0.00   24.75   clock reconvergence pessimism
                                 24.75 ^ _438_/CLK (sky130_fd_sc_hd__dfrtp_2)
                          0.18   24.93   library recovery time
                                 24.93   data required time
-----------------------------------------------------------------------------
                                 24.93   data required time
                                 -5.21   data arrival time
-----------------------------------------------------------------------------
                                 19.72   slack (MET)


Startpoint: rst_n (input port clocked by clk)
Endpoint: _440_ (recovery check against rising-edge clock clk)
Path Group: asynchronous
Path Type: max

Fanout     Cap    Slew   Delay    Time   Description
-----------------------------------------------------------------------------
                  0.15    0.00    0.00   clock clk (rise edge)
                          0.00    0.00   clock network delay (ideal)
                          5.00    5.00 ^ input external delay
                  0.29    0.21    5.21 ^ rst_n (in)
    14    0.06                           rst_n (net)
                  0.29    0.00    5.21 ^ _440_/RESET_B (sky130_fd_sc_hd__dfrtp_2)
                                  5.21   data arrival time

                  0.15   25.00   25.00   clock clk (rise edge)
                          0.00   25.00   clock network delay (ideal)
                         -0.25   24.75   clock uncertainty
                          0.00   24.75   clock reconvergence pessimism
                                 24.75 ^ _440_/CLK (sky130_fd_sc_hd__dfrtp_2)
                          0.18   24.93   library recovery time
                                 24.93   data required time
-----------------------------------------------------------------------------
                                 24.93   data required time
                                 -5.21   data arrival time
-----------------------------------------------------------------------------
                                 19.72   slack (MET)


Startpoint: rst_n (input port clocked by clk)
Endpoint: _442_ (recovery check against rising-edge clock clk)
Path Group: asynchronous
Path Type: max

Fanout     Cap    Slew   Delay    Time   Description
-----------------------------------------------------------------------------
                  0.15    0.00    0.00   clock clk (rise edge)
                          0.00    0.00   clock network delay (ideal)
                          5.00    5.00 ^ input external delay
                  0.29    0.21    5.21 ^ rst_n (in)
    14    0.06                           rst_n (net)
                  0.29    0.00    5.21 ^ _442_/RESET_B (sky130_fd_sc_hd__dfrtp_2)
                                  5.21   data arrival time

                  0.15   25.00   25.00   clock clk (rise edge)
                          0.00   25.00   clock network delay (ideal)
                         -0.25   24.75   clock uncertainty
                          0.00   24.75   clock reconvergence pessimism
                                 24.75 ^ _442_/CLK (sky130_fd_sc_hd__dfrtp_2)
                          0.18   24.93   library recovery time
                                 24.93   data required time
-----------------------------------------------------------------------------
                                 24.93   data required time
                                 -5.21   data arrival time
-----------------------------------------------------------------------------
                                 19.72   slack (MET)


Startpoint: rst_n (input port clocked by clk)
Endpoint: _441_ (recovery check against rising-edge clock clk)
Path Group: asynchronous
Path Type: max

Fanout     Cap    Slew   Delay    Time   Description
-----------------------------------------------------------------------------
                  0.15    0.00    0.00   clock clk (rise edge)
                          0.00    0.00   clock network delay (ideal)
                          5.00    5.00 ^ input external delay
                  0.29    0.21    5.21 ^ rst_n (in)
    14    0.06                           rst_n (net)
                  0.29    0.00    5.21 ^ _441_/RESET_B (sky130_fd_sc_hd__dfrtp_2)
                                  5.21   data arrival time

                  0.15   25.00   25.00   clock clk (rise edge)
                          0.00   25.00   clock network delay (ideal)
                         -0.25   24.75   clock uncertainty
                          0.00   24.75   clock reconvergence pessimism
                                 24.75 ^ _441_/CLK (sky130_fd_sc_hd__dfrtp_2)
                          0.18   24.93   library recovery time
                                 24.93   data required time
-----------------------------------------------------------------------------
                                 24.93   data required time
                                 -5.21   data arrival time
-----------------------------------------------------------------------------
                                 19.72   slack (MET)


Startpoint: rst_n (input port clocked by clk)
Endpoint: _448_ (recovery check against rising-edge clock clk)
Path Group: asynchronous
Path Type: max

Fanout     Cap    Slew   Delay    Time   Description
-----------------------------------------------------------------------------
                  0.15    0.00    0.00   clock clk (rise edge)
                          0.00    0.00   clock network delay (ideal)
                          5.00    5.00 ^ input external delay
                  0.29    0.21    5.21 ^ rst_n (in)
    14    0.06                           rst_n (net)
                  0.29    0.00    5.21 ^ _448_/RESET_B (sky130_fd_sc_hd__dfrtp_2)
                                  5.21   data arrival time

                  0.15   25.00   25.00   clock clk (rise edge)
                          0.00   25.00   clock network delay (ideal)
                         -0.25   24.75   clock uncertainty
                          0.00   24.75   clock reconvergence pessimism
                                 24.75 ^ _448_/CLK (sky130_fd_sc_hd__dfrtp_2)
                          0.18   24.93   library recovery time
                                 24.93   data required time
-----------------------------------------------------------------------------
                                 24.93   data required time
                                 -5.21   data arrival time
-----------------------------------------------------------------------------
                                 19.72   slack (MET)


Startpoint: rst_n (input port clocked by clk)
Endpoint: _445_ (recovery check against rising-edge clock clk)
Path Group: asynchronous
Path Type: max

Fanout     Cap    Slew   Delay    Time   Description
-----------------------------------------------------------------------------
                  0.15    0.00    0.00   clock clk (rise edge)
                          0.00    0.00   clock network delay (ideal)
                          5.00    5.00 ^ input external delay
                  0.29    0.21    5.21 ^ rst_n (in)
    14    0.06                           rst_n (net)
                  0.29    0.00    5.21 ^ _445_/RESET_B (sky130_fd_sc_hd__dfrtp_2)
                                  5.21   data arrival time

                  0.15   25.00   25.00   clock clk (rise edge)
                          0.00   25.00   clock network delay (ideal)
                         -0.25   24.75   clock uncertainty
                          0.00   24.75   clock reconvergence pessimism
                                 24.75 ^ _445_/CLK (sky130_fd_sc_hd__dfrtp_2)
                          0.18   24.93   library recovery time
                                 24.93   data required time
-----------------------------------------------------------------------------
                                 24.93   data required time
                                 -5.21   data arrival time
-----------------------------------------------------------------------------
                                 19.72   slack (MET)


Startpoint: rst_n (input port clocked by clk)
Endpoint: _446_ (recovery check against rising-edge clock clk)
Path Group: asynchronous
Path Type: max

Fanout     Cap    Slew   Delay    Time   Description
-----------------------------------------------------------------------------
                  0.15    0.00    0.00   clock clk (rise edge)
                          0.00    0.00   clock network delay (ideal)
                          5.00    5.00 ^ input external delay
                  0.29    0.21    5.21 ^ rst_n (in)
    14    0.06                           rst_n (net)
                  0.29    0.00    5.21 ^ _446_/RESET_B (sky130_fd_sc_hd__dfrtp_2)
                                  5.21   data arrival time

                  0.15   25.00   25.00   clock clk (rise edge)
                          0.00   25.00   clock network delay (ideal)
                         -0.25   24.75   clock uncertainty
                          0.00   24.75   clock reconvergence pessimism
                                 24.75 ^ _446_/CLK (sky130_fd_sc_hd__dfrtp_2)
                          0.18   24.93   library recovery time
                                 24.93   data required time
-----------------------------------------------------------------------------
                                 24.93   data required time
                                 -5.21   data arrival time
-----------------------------------------------------------------------------
                                 19.72   slack (MET)


Startpoint: rst_n (input port clocked by clk)
Endpoint: _439_ (recovery check against rising-edge clock clk)
Path Group: asynchronous
Path Type: max

Fanout     Cap    Slew   Delay    Time   Description
-----------------------------------------------------------------------------
                  0.15    0.00    0.00   clock clk (rise edge)
                          0.00    0.00   clock network delay (ideal)
                          5.00    5.00 ^ input external delay
                  0.29    0.21    5.21 ^ rst_n (in)
    14    0.06                           rst_n (net)
                  0.29    0.00    5.21 ^ _439_/RESET_B (sky130_fd_sc_hd__dfrtp_2)
                                  5.21   data arrival time

                  0.15   25.00   25.00   clock clk (rise edge)
                          0.00   25.00   clock network delay (ideal)
                         -0.25   24.75   clock uncertainty
                          0.00   24.75   clock reconvergence pessimism
                                 24.75 ^ _439_/CLK (sky130_fd_sc_hd__dfrtp_2)
                          0.18   24.93   library recovery time
                                 24.93   data required time
-----------------------------------------------------------------------------
                                 24.93   data required time
                                 -5.21   data arrival time
-----------------------------------------------------------------------------
                                 19.72   slack (MET)


Startpoint: rst_n (input port clocked by clk)
Endpoint: _447_ (recovery check against rising-edge clock clk)
Path Group: asynchronous
Path Type: max

Fanout     Cap    Slew   Delay    Time   Description
-----------------------------------------------------------------------------
                  0.15    0.00    0.00   clock clk (rise edge)
                          0.00    0.00   clock network delay (ideal)
                          5.00    5.00 ^ input external delay
                  0.29    0.21    5.21 ^ rst_n (in)
    14    0.06                           rst_n (net)
                  0.29    0.00    5.21 ^ _447_/RESET_B (sky130_fd_sc_hd__dfrtp_2)
                                  5.21   data arrival time

                  0.15   25.00   25.00   clock clk (rise edge)
                          0.00   25.00   clock network delay (ideal)
                         -0.25   24.75   clock uncertainty
                          0.00   24.75   clock reconvergence pessimism
                                 24.75 ^ _447_/CLK (sky130_fd_sc_hd__dfrtp_2)
                          0.18   24.93   library recovery time
                                 24.93   data required time
-----------------------------------------------------------------------------
                                 24.93   data required time
                                 -5.21   data arrival time
-----------------------------------------------------------------------------
                                 19.72   slack (MET)



