
===========================================================================
 report_power
============================================================================
======================= Fastest Corner ===================================

Group                  Internal  Switching    Leakage      Total
                          Power      Power      Power      Power (Watts)
----------------------------------------------------------------
Sequential             2.90e-05   1.75e-06   6.61e-08   3.08e-05  23.0%
Combinational          5.52e-05   4.80e-05   2.76e-09   1.03e-04  77.0%
Macro                  0.00e+00   0.00e+00   0.00e+00   0.00e+00   0.0%
Pad                    0.00e+00   0.00e+00   0.00e+00   0.00e+00   0.0%
----------------------------------------------------------------
Total                  8.42e-05   4.97e-05   6.89e-08   1.34e-04 100.0%
                          62.8%      37.1%       0.1%

======================= Slowest Corner ===================================

Group                  Internal  Switching    Leakage      Total
                          Power      Power      Power      Power (Watts)
----------------------------------------------------------------
Sequential             1.93e-05   1.13e-06   2.64e-07   2.07e-05  22.1%
Combinational          4.02e-05   3.16e-05   1.27e-06   7.30e-05  77.9%
Macro                  0.00e+00   0.00e+00   0.00e+00   0.00e+00   0.0%
Pad                    0.00e+00   0.00e+00   0.00e+00   0.00e+00   0.0%
----------------------------------------------------------------
Total                  5.95e-05   3.27e-05   1.53e-06   9.37e-05 100.0%
                          63.5%      34.9%       1.6%

======================= Typical Corner ===================================

Group                  Internal  Switching    Leakage      Total
                          Power      Power      Power      Power (Watts)
----------------------------------------------------------------
Sequential             2.49e-05   1.46e-06   6.61e-08   2.65e-05  22.8%
Combinational          4.93e-05   4.04e-05   1.62e-09   8.98e-05  77.2%
Macro                  0.00e+00   0.00e+00   0.00e+00   0.00e+00   0.0%
Pad                    0.00e+00   0.00e+00   0.00e+00   0.00e+00   0.0%
----------------------------------------------------------------
Total                  7.43e-05   4.19e-05   6.77e-08   1.16e-04 100.0%
                          63.9%      36.0%       0.1%

