
===========================================================================
report_checks -unconstrained
===========================================================================
======================= Fastest Corner ===================================

Startpoint: rst_n (input port clocked by clk)
Endpoint: _484_ (recovery check against rising-edge clock clk)
Path Group: asynchronous
Path Type: max
Corner: Fastest

Fanout     Cap    Slew   Delay    Time   Description
-----------------------------------------------------------------------------
                          0.00    0.00   clock clk (rise edge)
                          0.00    0.00   clock network delay (propagated)
                          5.00    5.00 ^ input external delay
                  0.01    0.01    5.01 ^ rst_n (in)
     1    0.00                           rst_n (net)
                  0.01    0.00    5.01 ^ input10/A (sky130_fd_sc_hd__clkbuf_2)
                  0.11    0.12    5.13 ^ input10/X (sky130_fd_sc_hd__clkbuf_2)
     5    0.03                           net10 (net)
                  0.11    0.00    5.13 ^ fanout39/A (sky130_fd_sc_hd__buf_4)
                  0.13    0.17    5.30 ^ fanout39/X (sky130_fd_sc_hd__buf_4)
    10    0.06                           net39 (net)
                  0.13    0.01    5.31 ^ _484_/RESET_B (sky130_fd_sc_hd__dfrtp_1)
                                  5.31   data arrival time

                         25.00   25.00   clock clk (rise edge)
                          0.00   25.00   clock source latency
                  0.05    0.03   25.03 ^ clk (in)
     1    0.01                           clk (net)
                  0.05    0.00   25.03 ^ clkbuf_0_clk/A (sky130_fd_sc_hd__clkbuf_16)
                  0.03    0.09   25.12 ^ clkbuf_0_clk/X (sky130_fd_sc_hd__clkbuf_16)
     2    0.02                           clknet_0_clk (net)
                  0.03    0.00   25.12 ^ clkbuf_1_0__f_clk/A (sky130_fd_sc_hd__clkbuf_16)
                  0.04    0.09   25.21 ^ clkbuf_1_0__f_clk/X (sky130_fd_sc_hd__clkbuf_16)
     7    0.03                           clknet_1_0__leaf_clk (net)
                  0.04    0.00   25.21 ^ _484_/CLK (sky130_fd_sc_hd__dfrtp_1)
                         -0.25   24.96   clock uncertainty
                          0.00   24.96   clock reconvergence pessimism
                          0.13   25.08   library recovery time
                                 25.08   data required time
-----------------------------------------------------------------------------
                                 25.08   data required time
                                 -5.31   data arrival time
-----------------------------------------------------------------------------
                                 19.78   slack (MET)


Startpoint: scale[3] (input port clocked by clk)
Endpoint: _480_ (rising edge-triggered flip-flop clocked by clk)
Path Group: clk
Path Type: max
Corner: Fastest

Fanout     Cap    Slew   Delay    Time   Description
-----------------------------------------------------------------------------
                          0.00    0.00   clock clk (rise edge)
                          0.00    0.00   clock network delay (propagated)
                          5.00    5.00 ^ input external delay
                  0.01    0.01    5.01 ^ scale[3] (in)
     1    0.00                           scale[3] (net)
                  0.01    0.00    5.01 ^ input14/A (sky130_fd_sc_hd__buf_2)
                  0.14    0.15    5.16 ^ input14/X (sky130_fd_sc_hd__buf_2)
     9    0.04                           net14 (net)
                  0.14    0.00    5.16 ^ _281_/A (sky130_fd_sc_hd__buf_2)
                  0.15    0.19    5.35 ^ _281_/X (sky130_fd_sc_hd__buf_2)
    10    0.04                           _230_ (net)
                  0.15    0.00    5.35 ^ _296_/A (sky130_fd_sc_hd__nand4_2)
                  0.08    0.08    5.43 v _296_/Y (sky130_fd_sc_hd__nand4_2)
     3    0.01                           _019_ (net)
                  0.08    0.00    5.43 v _331_/B1 (sky130_fd_sc_hd__a22o_1)
                  0.05    0.13    5.55 v _331_/X (sky130_fd_sc_hd__a22o_1)
     3    0.01                           _054_ (net)
                  0.05    0.00    5.56 v _333_/C (sky130_fd_sc_hd__and3_1)
                  0.04    0.14    5.69 v _333_/X (sky130_fd_sc_hd__and3_1)
     2    0.01                           _056_ (net)
                  0.04    0.00    5.69 v _335_/B (sky130_fd_sc_hd__or3b_2)
                  0.08    0.30    5.99 v _335_/X (sky130_fd_sc_hd__or3b_2)
     4    0.01                           _058_ (net)
                  0.08    0.00    5.99 v _354_/A (sky130_fd_sc_hd__and3_2)
                  0.05    0.16    6.15 v _354_/X (sky130_fd_sc_hd__and3_2)
     3    0.02                           _077_ (net)
                  0.05    0.00    6.15 v _410_/A (sky130_fd_sc_hd__nor2_2)
                  0.14    0.15    6.30 ^ _410_/Y (sky130_fd_sc_hd__nor2_2)
     3    0.02                           _133_ (net)
                  0.14    0.00    6.30 ^ _411_/B (sky130_fd_sc_hd__xor2_1)
                  0.05    0.05    6.35 v _411_/X (sky130_fd_sc_hd__xor2_1)
     1    0.00                           _134_ (net)
                  0.05    0.00    6.35 v _414_/A4 (sky130_fd_sc_hd__a41o_1)
                  0.05    0.20    6.55 v _414_/X (sky130_fd_sc_hd__a41o_1)
     3    0.01                           _137_ (net)
                  0.05    0.00    6.55 v _416_/A2 (sky130_fd_sc_hd__a21oi_1)
                  0.17    0.18    6.73 ^ _416_/Y (sky130_fd_sc_hd__a21oi_1)
     1    0.01                           _139_ (net)
                  0.17    0.00    6.73 ^ _417_/B (sky130_fd_sc_hd__xnor2_2)
                  0.19    0.11    6.84 ^ _417_/Y (sky130_fd_sc_hd__xnor2_2)
     4    0.02                           _140_ (net)
                  0.19    0.00    6.84 ^ _447_/C_N (sky130_fd_sc_hd__or3b_2)
                  0.07    0.29    7.13 v _447_/X (sky130_fd_sc_hd__or3b_2)
     1    0.01                           _170_ (net)
                  0.07    0.00    7.13 v _448_/A3 (sky130_fd_sc_hd__o311ai_4)
                  0.20    0.20    7.33 ^ _448_/Y (sky130_fd_sc_hd__o311ai_4)
     3    0.01                           _171_ (net)
                  0.20    0.00    7.33 ^ _451_/B1 (sky130_fd_sc_hd__a22o_1)
                  0.09    0.13    7.46 ^ _451_/X (sky130_fd_sc_hd__a22o_1)
     1    0.01                           _174_ (net)
                  0.09    0.00    7.46 ^ _452_/B2 (sky130_fd_sc_hd__a22o_1)
                  0.03    0.08    7.54 ^ _452_/X (sky130_fd_sc_hd__a22o_1)
     1    0.00                           _001_ (net)
                  0.03    0.00    7.54 ^ _480_/D (sky130_fd_sc_hd__dfrtp_1)
                                  7.54   data arrival time

                         25.00   25.00   clock clk (rise edge)
                          0.00   25.00   clock source latency
                  0.05    0.03   25.03 ^ clk (in)
     1    0.01                           clk (net)
                  0.05    0.00   25.03 ^ clkbuf_0_clk/A (sky130_fd_sc_hd__clkbuf_16)
                  0.03    0.09   25.12 ^ clkbuf_0_clk/X (sky130_fd_sc_hd__clkbuf_16)
     2    0.02                           clknet_0_clk (net)
                  0.03    0.00   25.12 ^ clkbuf_1_1__f_clk/A (sky130_fd_sc_hd__clkbuf_16)
                  0.04    0.09   25.21 ^ clkbuf_1_1__f_clk/X (sky130_fd_sc_hd__clkbuf_16)
     7    0.03                           clknet_1_1__leaf_clk (net)
                  0.04    0.00   25.21 ^ _480_/CLK (sky130_fd_sc_hd__dfrtp_1)
                         -0.25   24.96   clock uncertainty
                          0.00   24.96   clock reconvergence pessimism
                         -0.03   24.93   library setup time
                                 24.93   data required time
-----------------------------------------------------------------------------
                                 24.93   data required time
                                 -7.54   data arrival time
-----------------------------------------------------------------------------
                                 17.39   slack (MET)



======================= Slowest Corner ===================================

Startpoint: rst_n (input port clocked by clk)
Endpoint: _484_ (recovery check against rising-edge clock clk)
Path Group: asynchronous
Path Type: max
Corner: Slowest

Fanout     Cap    Slew   Delay    Time   Description
-----------------------------------------------------------------------------
                          0.00    0.00   clock clk (rise edge)
                          0.00    0.00   clock network delay (propagated)
                          5.00    5.00 ^ input external delay
                  0.03    0.02    5.02 ^ rst_n (in)
     1    0.00                           rst_n (net)
                  0.03    0.00    5.02 ^ input10/A (sky130_fd_sc_hd__clkbuf_2)
                  0.21    0.29    5.31 ^ input10/X (sky130_fd_sc_hd__clkbuf_2)
     5    0.02                           net10 (net)
                  0.21    0.00    5.31 ^ fanout39/A (sky130_fd_sc_hd__buf_4)
                  0.26    0.43    5.74 ^ fanout39/X (sky130_fd_sc_hd__buf_4)
    10    0.06                           net39 (net)
                  0.26    0.01    5.75 ^ _484_/RESET_B (sky130_fd_sc_hd__dfrtp_1)
                                  5.75   data arrival time

                         25.00   25.00   clock clk (rise edge)
                          0.00   25.00   clock source latency
                  0.11    0.07   25.07 ^ clk (in)
     1    0.01                           clk (net)
                  0.11    0.00   25.07 ^ clkbuf_0_clk/A (sky130_fd_sc_hd__clkbuf_16)
                  0.07    0.23   25.30 ^ clkbuf_0_clk/X (sky130_fd_sc_hd__clkbuf_16)
     2    0.02                           clknet_0_clk (net)
                  0.07    0.00   25.30 ^ clkbuf_1_0__f_clk/A (sky130_fd_sc_hd__clkbuf_16)
                  0.08    0.22   25.52 ^ clkbuf_1_0__f_clk/X (sky130_fd_sc_hd__clkbuf_16)
     7    0.03                           clknet_1_0__leaf_clk (net)
                  0.08    0.00   25.52 ^ _484_/CLK (sky130_fd_sc_hd__dfrtp_1)
                         -0.25   25.27   clock uncertainty
                          0.00   25.27   clock reconvergence pessimism
                          0.39   25.66   library recovery time
                                 25.66   data required time
-----------------------------------------------------------------------------
                                 25.66   data required time
                                 -5.75   data arrival time
-----------------------------------------------------------------------------
                                 19.91   slack (MET)


Startpoint: data_in[4] (input port clocked by clk)
Endpoint: _480_ (rising edge-triggered flip-flop clocked by clk)
Path Group: clk
Path Type: max
Corner: Slowest

Fanout     Cap    Slew   Delay    Time   Description
-----------------------------------------------------------------------------
                          0.00    0.00   clock clk (rise edge)
                          0.00    0.00   clock network delay (propagated)
                          5.00    5.00 ^ input external delay
                  0.04    0.02    5.02 ^ data_in[4] (in)
     1    0.00                           data_in[4] (net)
                  0.04    0.00    5.02 ^ input5/A (sky130_fd_sc_hd__buf_1)
                  0.31    0.32    5.34 ^ input5/X (sky130_fd_sc_hd__buf_1)
     2    0.02                           net5 (net)
                  0.31    0.00    5.34 ^ _244_/A (sky130_fd_sc_hd__clkbuf_4)
                  0.28    0.53    5.87 ^ _244_/X (sky130_fd_sc_hd__clkbuf_4)
    10    0.06                           _194_ (net)
                  0.28    0.00    5.87 ^ _296_/D (sky130_fd_sc_hd__nand4_2)
                  0.24    0.37    6.24 v _296_/Y (sky130_fd_sc_hd__nand4_2)
     3    0.01                           _019_ (net)
                  0.24    0.00    6.24 v _331_/B1 (sky130_fd_sc_hd__a22o_1)
                  0.12    0.47    6.72 v _331_/X (sky130_fd_sc_hd__a22o_1)
     3    0.01                           _054_ (net)
                  0.12    0.00    6.72 v _333_/C (sky130_fd_sc_hd__and3_1)
                  0.10    0.44    7.15 v _333_/X (sky130_fd_sc_hd__and3_1)
     2    0.01                           _056_ (net)
                  0.10    0.00    7.15 v _335_/B (sky130_fd_sc_hd__or3b_2)
                  0.22    1.20    8.36 v _335_/X (sky130_fd_sc_hd__or3b_2)
     4    0.01                           _058_ (net)
                  0.22    0.00    8.36 v _354_/A (sky130_fd_sc_hd__and3_2)
                  0.14    0.54    8.90 v _354_/X (sky130_fd_sc_hd__and3_2)
     3    0.02                           _077_ (net)
                  0.14    0.00    8.90 v _410_/A (sky130_fd_sc_hd__nor2_2)
                  0.32    0.37    9.27 ^ _410_/Y (sky130_fd_sc_hd__nor2_2)
     3    0.02                           _133_ (net)
                  0.32    0.00    9.27 ^ _411_/B (sky130_fd_sc_hd__xor2_1)
                  0.22    0.37    9.64 ^ _411_/X (sky130_fd_sc_hd__xor2_1)
     1    0.00                           _134_ (net)
                  0.22    0.00    9.64 ^ _414_/A4 (sky130_fd_sc_hd__a41o_1)
                  0.20    0.56   10.20 ^ _414_/X (sky130_fd_sc_hd__a41o_1)
     3    0.01                           _137_ (net)
                  0.20    0.00   10.20 ^ _416_/A2 (sky130_fd_sc_hd__a21oi_1)
                  0.19    0.27   10.47 v _416_/Y (sky130_fd_sc_hd__a21oi_1)
     1    0.01                           _139_ (net)
                  0.19    0.00   10.47 v _417_/B (sky130_fd_sc_hd__xnor2_2)
                  0.38    0.43   10.90 ^ _417_/Y (sky130_fd_sc_hd__xnor2_2)
     4    0.02                           _140_ (net)
                  0.38    0.00   10.90 ^ _447_/C_N (sky130_fd_sc_hd__or3b_2)
                  0.20    1.25   12.15 v _447_/X (sky130_fd_sc_hd__or3b_2)
     1    0.01                           _170_ (net)
                  0.20    0.00   12.15 v _448_/A3 (sky130_fd_sc_hd__o311ai_4)
                  0.41    0.48   12.63 ^ _448_/Y (sky130_fd_sc_hd__o311ai_4)
     3    0.01                           _171_ (net)
                  0.41    0.00   12.63 ^ _451_/B1 (sky130_fd_sc_hd__a22o_1)
                  0.19    0.48   13.11 ^ _451_/X (sky130_fd_sc_hd__a22o_1)
     1    0.01                           _174_ (net)
                  0.19    0.00   13.11 ^ _452_/B2 (sky130_fd_sc_hd__a22o_1)
                  0.09    0.30   13.41 ^ _452_/X (sky130_fd_sc_hd__a22o_1)
     1    0.00                           _001_ (net)
                  0.09    0.00   13.41 ^ _480_/D (sky130_fd_sc_hd__dfrtp_1)
                                 13.41   data arrival time

                         25.00   25.00   clock clk (rise edge)
                          0.00   25.00   clock source latency
                  0.11    0.07   25.07 ^ clk (in)
     1    0.01                           clk (net)
                  0.11    0.00   25.07 ^ clkbuf_0_clk/A (sky130_fd_sc_hd__clkbuf_16)
                  0.07    0.23   25.30 ^ clkbuf_0_clk/X (sky130_fd_sc_hd__clkbuf_16)
     2    0.02                           clknet_0_clk (net)
                  0.07    0.00   25.30 ^ clkbuf_1_1__f_clk/A (sky130_fd_sc_hd__clkbuf_16)
                  0.08    0.22   25.52 ^ clkbuf_1_1__f_clk/X (sky130_fd_sc_hd__clkbuf_16)
     7    0.03                           clknet_1_1__leaf_clk (net)
                  0.08    0.00   25.52 ^ _480_/CLK (sky130_fd_sc_hd__dfrtp_1)
                         -0.25   25.27   clock uncertainty
                          0.00   25.27   clock reconvergence pessimism
                         -0.14   25.14   library setup time
                                 25.14   data required time
-----------------------------------------------------------------------------
                                 25.14   data required time
                                -13.41   data arrival time
-----------------------------------------------------------------------------
                                 11.73   slack (MET)



======================= Typical Corner ===================================

Startpoint: rst_n (input port clocked by clk)
Endpoint: _484_ (recovery check against rising-edge clock clk)
Path Group: asynchronous
Path Type: max
Corner: Typical

Fanout     Cap    Slew   Delay    Time   Description
-----------------------------------------------------------------------------
                          0.00    0.00   clock clk (rise edge)
                          0.00    0.00   clock network delay (propagated)
                          5.00    5.00 ^ input external delay
                  0.02    0.01    5.01 ^ rst_n (in)
     1    0.00                           rst_n (net)
                  0.02    0.00    5.01 ^ input10/A (sky130_fd_sc_hd__clkbuf_2)
                  0.14    0.17    5.19 ^ input10/X (sky130_fd_sc_hd__clkbuf_2)
     5    0.03                           net10 (net)
                  0.14    0.00    5.19 ^ fanout39/A (sky130_fd_sc_hd__buf_4)
                  0.17    0.25    5.44 ^ fanout39/X (sky130_fd_sc_hd__buf_4)
    10    0.06                           net39 (net)
                  0.17    0.01    5.45 ^ _484_/RESET_B (sky130_fd_sc_hd__dfrtp_1)
                                  5.45   data arrival time

                         25.00   25.00   clock clk (rise edge)
                          0.00   25.00   clock source latency
                  0.07    0.05   25.05 ^ clk (in)
     1    0.01                           clk (net)
                  0.07    0.00   25.05 ^ clkbuf_0_clk/A (sky130_fd_sc_hd__clkbuf_16)
                  0.04    0.13   25.17 ^ clkbuf_0_clk/X (sky130_fd_sc_hd__clkbuf_16)
     2    0.02                           clknet_0_clk (net)
                  0.04    0.00   25.18 ^ clkbuf_1_0__f_clk/A (sky130_fd_sc_hd__clkbuf_16)
                  0.05    0.13   25.30 ^ clkbuf_1_0__f_clk/X (sky130_fd_sc_hd__clkbuf_16)
     7    0.03                           clknet_1_0__leaf_clk (net)
                  0.05    0.00   25.30 ^ _484_/CLK (sky130_fd_sc_hd__dfrtp_1)
                         -0.25   25.05   clock uncertainty
                          0.00   25.05   clock reconvergence pessimism
                          0.20   25.25   library recovery time
                                 25.25   data required time
-----------------------------------------------------------------------------
                                 25.25   data required time
                                 -5.45   data arrival time
-----------------------------------------------------------------------------
                                 19.80   slack (MET)


Startpoint: data_in[4] (input port clocked by clk)
Endpoint: _480_ (rising edge-triggered flip-flop clocked by clk)
Path Group: clk
Path Type: max
Corner: Typical

Fanout     Cap    Slew   Delay    Time   Description
-----------------------------------------------------------------------------
                          0.00    0.00   clock clk (rise edge)
                          0.00    0.00   clock network delay (propagated)
                          5.00    5.00 ^ input external delay
                  0.02    0.01    5.01 ^ data_in[4] (in)
     1    0.00                           data_in[4] (net)
                  0.02    0.00    5.01 ^ input5/A (sky130_fd_sc_hd__buf_1)
                  0.19    0.18    5.20 ^ input5/X (sky130_fd_sc_hd__buf_1)
     2    0.02                           net5 (net)
                  0.19    0.00    5.20 ^ _244_/A (sky130_fd_sc_hd__clkbuf_4)
                  0.17    0.29    5.49 ^ _244_/X (sky130_fd_sc_hd__clkbuf_4)
    10    0.06                           _194_ (net)
                  0.17    0.00    5.49 ^ _296_/D (sky130_fd_sc_hd__nand4_2)
                  0.12    0.16    5.65 v _296_/Y (sky130_fd_sc_hd__nand4_2)
     3    0.01                           _019_ (net)
                  0.12    0.00    5.65 v _331_/B1 (sky130_fd_sc_hd__a22o_1)
                  0.07    0.25    5.90 v _331_/X (sky130_fd_sc_hd__a22o_1)
     3    0.01                           _054_ (net)
                  0.07    0.00    5.90 v _333_/C (sky130_fd_sc_hd__and3_1)
                  0.05    0.21    6.11 v _333_/X (sky130_fd_sc_hd__and3_1)
     2    0.01                           _056_ (net)
                  0.05    0.00    6.11 v _335_/B (sky130_fd_sc_hd__or3b_2)
                  0.11    0.52    6.63 v _335_/X (sky130_fd_sc_hd__or3b_2)
     4    0.01                           _058_ (net)
                  0.11    0.00    6.63 v _354_/A (sky130_fd_sc_hd__and3_2)
                  0.07    0.25    6.88 v _354_/X (sky130_fd_sc_hd__and3_2)
     3    0.02                           _077_ (net)
                  0.07    0.00    6.88 v _410_/A (sky130_fd_sc_hd__nor2_2)
                  0.20    0.21    7.09 ^ _410_/Y (sky130_fd_sc_hd__nor2_2)
     3    0.02                           _133_ (net)
                  0.20    0.00    7.09 ^ _411_/B (sky130_fd_sc_hd__xor2_1)
                  0.07    0.10    7.20 v _411_/X (sky130_fd_sc_hd__xor2_1)
     1    0.00                           _134_ (net)
                  0.07    0.00    7.20 v _414_/A4 (sky130_fd_sc_hd__a41o_1)
                  0.07    0.30    7.49 v _414_/X (sky130_fd_sc_hd__a41o_1)
     3    0.01                           _137_ (net)
                  0.07    0.00    7.50 v _416_/A2 (sky130_fd_sc_hd__a21oi_1)
                  0.23    0.25    7.75 ^ _416_/Y (sky130_fd_sc_hd__a21oi_1)
     1    0.01                           _139_ (net)
                  0.23    0.00    7.75 ^ _417_/B (sky130_fd_sc_hd__xnor2_2)
                  0.25    0.19    7.94 ^ _417_/Y (sky130_fd_sc_hd__xnor2_2)
     4    0.02                           _140_ (net)
                  0.25    0.00    7.94 ^ _447_/C_N (sky130_fd_sc_hd__or3b_2)
                  0.10    0.53    8.47 v _447_/X (sky130_fd_sc_hd__or3b_2)
     1    0.01                           _170_ (net)
                  0.10    0.00    8.47 v _448_/A3 (sky130_fd_sc_hd__o311ai_4)
                  0.26    0.28    8.75 ^ _448_/Y (sky130_fd_sc_hd__o311ai_4)
     3    0.01                           _171_ (net)
                  0.26    0.00    8.75 ^ _451_/B1 (sky130_fd_sc_hd__a22o_1)
                  0.12    0.24    8.99 ^ _451_/X (sky130_fd_sc_hd__a22o_1)
     1    0.01                           _174_ (net)
                  0.12    0.00    8.99 ^ _452_/B2 (sky130_fd_sc_hd__a22o_1)
                  0.05    0.14    9.13 ^ _452_/X (sky130_fd_sc_hd__a22o_1)
     1    0.00                           _001_ (net)
                  0.05    0.00    9.14 ^ _480_/D (sky130_fd_sc_hd__dfrtp_1)
                                  9.14   data arrival time

                         25.00   25.00   clock clk (rise edge)
                          0.00   25.00   clock source latency
                  0.07    0.05   25.05 ^ clk (in)
     1    0.01                           clk (net)
                  0.07    0.00   25.05 ^ clkbuf_0_clk/A (sky130_fd_sc_hd__clkbuf_16)
                  0.04    0.13   25.17 ^ clkbuf_0_clk/X (sky130_fd_sc_hd__clkbuf_16)
     2    0.02                           clknet_0_clk (net)
                  0.04    0.00   25.18 ^ clkbuf_1_1__f_clk/A (sky130_fd_sc_hd__clkbuf_16)
                  0.05    0.13   25.30 ^ clkbuf_1_1__f_clk/X (sky130_fd_sc_hd__clkbuf_16)
     7    0.03                           clknet_1_1__leaf_clk (net)
                  0.05    0.00   25.30 ^ _480_/CLK (sky130_fd_sc_hd__dfrtp_1)
                         -0.25   25.05   clock uncertainty
                          0.00   25.05   clock reconvergence pessimism
                         -0.06   24.99   library setup time
                                 24.99   data required time
-----------------------------------------------------------------------------
                                 24.99   data required time
                                 -9.14   data arrival time
-----------------------------------------------------------------------------
                                 15.86   slack (MET)




===========================================================================
report_checks --slack_max -0.01
============================================================================
======================= Fastest Corner ===================================

No paths found.

======================= Slowest Corner ===================================

No paths found.

======================= Typical Corner ===================================

No paths found.


===========================================================================
 report_check_types -max_slew -max_cap -max_fanout -violators
============================================================================
======================= Fastest Corner ===================================


======================= Slowest Corner ===================================


======================= Typical Corner ===================================



===========================================================================
report_parasitic_annotation -report_unannotated
============================================================================
Found 0 unannotated drivers.
Found 0 partially unannotated drivers.

===========================================================================
max slew violation count 0
max fanout violation count 0
max cap violation count 0
============================================================================

===========================================================================
check_setup -verbose -unconstrained_endpoints -multiple_clock -no_clock -no_input_delay -loops -generated_clocks
===========================================================================
