
===========================================================================
 report_power
============================================================================
======================= Fastest Corner ===================================

Group                  Internal  Switching    Leakage      Total
                          Power      Power      Power      Power (Watts)
----------------------------------------------------------------
Sequential             2.95e-05   1.86e-06   6.61e-08   3.14e-05  19.7%
Combinational          6.36e-05   6.41e-05   2.96e-09   1.28e-04  80.3%
Macro                  0.00e+00   0.00e+00   0.00e+00   0.00e+00   0.0%
Pad                    0.00e+00   0.00e+00   0.00e+00   0.00e+00   0.0%
----------------------------------------------------------------
Total                  9.31e-05   6.60e-05   6.91e-08   1.59e-04 100.0%
                          58.5%      41.5%       0.0%

======================= Slowest Corner ===================================

Group                  Internal  Switching    Leakage      Total
                          Power      Power      Power      Power (Watts)
----------------------------------------------------------------
Sequential             1.96e-05   1.20e-06   2.64e-07   2.11e-05  18.9%
Combinational          4.64e-05   4.24e-05   1.35e-06   9.02e-05  81.1%
Macro                  0.00e+00   0.00e+00   0.00e+00   0.00e+00   0.0%
Pad                    0.00e+00   0.00e+00   0.00e+00   0.00e+00   0.0%
----------------------------------------------------------------
Total                  6.60e-05   4.36e-05   1.61e-06   1.11e-04 100.0%
                          59.3%      39.2%       1.5%

======================= Typical Corner ===================================

Group                  Internal  Switching    Leakage      Total
                          Power      Power      Power      Power (Watts)
----------------------------------------------------------------
Sequential             2.54e-05   1.55e-06   6.61e-08   2.70e-05  19.5%
Combinational          5.70e-05   5.42e-05   1.70e-09   1.11e-04  80.5%
Macro                  0.00e+00   0.00e+00   0.00e+00   0.00e+00   0.0%
Pad                    0.00e+00   0.00e+00   0.00e+00   0.00e+00   0.0%
----------------------------------------------------------------
Total                  8.23e-05   5.57e-05   6.78e-08   1.38e-04 100.0%
                          59.6%      40.3%       0.0%

